Mathlib 9a387323c3dc0909926e9b8e73e1a95905f6666e6a811a44a8fecd8c35f12230
Mathlib.Algebra.BigOperators.Ring.Finset 8b2b8dd1e995cefad5109c968b6c3a916117ba73afa4429758e1dfa307dfb923
Mathlib.Algebra.Star.BigOperators 27d4d737462b9de274a767a96efae9331a00543c3b4aac7a8c43cfe93e8637c8
Mathlib.Analysis.CStarAlgebra.Matrix 8cd7fb638513abc7d80229cadc4cd68dbb1224b41ec59f58b0e2a6bd1b5e69ac
Mathlib.Analysis.Complex.Basic 566a3783eaed05b0cbfec1340955ec723ff4aa621a25d09640ecd5b05d4809c0
Mathlib.Analysis.Matrix.MeasurableSpace 605f1fdaab87d2497520ce9e41c3d10809ef3dd4812e55267dfed233511928b8
Mathlib.Analysis.Matrix.Normed 19d9e02a27dfd377f291c3ffbdc53204f0f9d896d9b52e7b1ca42f554191d7e5
Mathlib.Analysis.SpecialFunctions.ContinuousFunctionalCalculus.Rpow.Measurable ffb48ee03a56dca40de835004847d425972862347ebf0893d273ebbe394a8c9f
Mathlib.Analysis.SpecialFunctions.Pow.Deriv 931aee07798b64113f8f76ceae46fc5b6b6e2665881f8103bbaca164bc2f4030
Mathlib.Analysis.SpecialFunctions.Pow.Real 12d5401b3b1c19abbf7df4c4f324ce4753fef8ad36d2bc682460e77a8e2715c8
Mathlib.Analysis.SpecialFunctions.Sqrt 50c4a6c09225ad82f13d9e708b0a9d50e8ce2ad33de0dfb3bf3d5f4fec5baeca
Mathlib.Basic.Complex.BigOperators e8f9d841fd401e350395500180985be9449e97ad42cfeaa52f9942d8b71ae781
Mathlib.Combinatorics.Enumerative.Partition.Basic 63dc6901b0aee6897e6fc9657a976e56788df52c53d7c5a01f9fe3ea1ca75f05
Mathlib.GroupTheory.Perm.Cycle.PossibleTypes 2822999ce1e53a8f86eb848cbad5c8d00da34fdeb3fcaded4a93bea81a6e8c98
Mathlib.LinearAlgebra.Matrix.Kronecker 5ac2864d8398a59f13211dcc313513aafb8277aa9c9e20bff1f8de8542a91218
Mathlib.LinearAlgebra.Multilinear.Basic 2b5a2736ada68a6f85d1e0ee060c6e6c11419ec6826ddf5ea0400d6dab96119b
Mathlib.MeasureTheory.Constructions.Pi 3b8ecd3b0e0c07ac49875b04e8ae2a422af1bf14d3decd76efd56ce965bfec45
Mathlib.MeasureTheory.Integral.Average 65c88424f295b7ee48a6fccfd0018803033f6bbdc7ebacfbe7e3657c9a9e5c0a
Mathlib.MeasureTheory.Integral.Bochner.ContinuousLinearMap 3ce3b4cb37e86e2ec23b4b633528713c24615fb5437def1495e19b4ed74c3419
Mathlib.MeasureTheory.Integral.Pi 5bc8d795d9271cbb51a496e834ce0c331e47d46272b22eda7e5ed06d4932dbbd
Mathlib.MeasureTheory.SpecificCodomains.Pi 25dcad203909c41d2ea2e9fd47a79afff3f027dcd029646945b4ea289b3f7f7e
Mathlib.Order.Interval.Finset.Fin 2dac32185cefb5593a3b937caf3f5405760e38b3b7aeaf8110190128809e9859
Mathlib.Probability.Distributions.Gaussian.Fernique fc0992575b438931eabc83ddbb3927fc04c296579c91b42852a219c491aa09bc
Mathlib.Probability.Distributions.Gaussian.Multivariate d5eae1333b5b4ebad7ac3af6e5cb51de463829af9718dbfe77ddcdbbeb3c6cd7
Mathlib.Probability.Moments.Variance ce68ce2b8f83769b14286e14fddb20291b3d7b839197fc46280ac899bb815797
Mathlib.Tactic cb56347eeef77d10d70dcdbe0115d97ed421ea4371bb6680b438e26be1685f51
Named pinned prebuilt guard passed: 26 modules
