✔ [3116/3169] Built QICLean.Analysis.HermitianUnitaryPath (3.3s)
✔ [3199/3205] Built QICLean.Analysis.SpectralFilter.Profile (5.5s)
✔ [3200/3205] Built QICLean.Analysis.SpectralFilter.Cutoff (2.7s)
✔ [3201/3205] Built QICLean.Analysis.SpectralFilter.Kernel (2.8s)
✔ [3202/3205] Built QICLean.Analysis.SpectralFilter.Decay (3.5s)
✔ [3203/3205] Built QICLean.Analysis.SpectralFilter.Inversion (2.3s)
✔ [3204/3205] Built QICLean.Analysis.SpectralFilter.MatrixFilter (2.9s)
✖ [3205/3205] Building QICLean.Analysis.GaussianFilter.MatrixIntegral (2.8s)
trace: .> LEAN_PATH=<dependency-source>/.lake/packages/Cli/.lake/build/lib/lean:<dependency-source>/.lake/packages/batteries/.lake/build/lib/lean:<dependency-source>/.lake/packages/Qq/.lake/build/lib/lean:<dependency-source>/.lake/packages/aesop/.lake/build/lib/lean:<dependency-source>/.lake/packages/proofwidgets/.lake/build/lib/lean:<dependency-source>/.lake/packages/importGraph/.lake/build/lib/lean:<dependency-source>/.lake/packages/LeanSearchClient/.lake/build/lib/lean:<dependency-source>/.lake/packages/plausible/.lake/build/lib/lean:<dependency-source>/.lake/packages/Gametheory/.lake/build/lib/lean:<dependency-source>/.lake/packages/mathlib/.lake/build/lib/lean:<dependency-source>/.lake/packages/checkdecls/.lake/build/lib/lean:<compiler-checkout>/.lake/build/lib/lean <lean-toolchains>/lean-4.35.0-rc3-linux/bin/lean <compiler-checkout>/QICLean/Analysis/GaussianFilter/MatrixIntegral.lean -o <compiler-checkout>/.lake/build/lib/lean/QICLean/Analysis/GaussianFilter/MatrixIntegral.olean -i <compiler-checkout>/.lake/build/lib/lean/QICLean/Analysis/GaussianFilter/MatrixIntegral.ilean -c <compiler-checkout>/.lake/build/ir/QICLean/Analysis/GaussianFilter/MatrixIntegral.c --setup <compiler-checkout>/.lake/build/ir/QICLean/Analysis/GaussianFilter/MatrixIntegral.setup.json --json
error: QICLean/Analysis/GaussianFilter/MatrixIntegral.lean:37:43: failed to synthesize instance of type class
  LE Type

Hint: Type class instance resolution failures can be inspected with the `set_option trace.Meta.synthInstance true` command.
error: QICLean/Analysis/GaussianFilter/MatrixIntegral.lean:37:45: failed to synthesize instance of type class
  OfNat Type 0
numerals are polymorphic in Lean, but the numeral `0` cannot be used in a context where the expected type is
  Type
due to the absence of the instance above

Hint: Type class instance resolution failures can be inspected with the `set_option trace.Meta.synthInstance true` command.
error: QICLean/Analysis/GaussianFilter/MatrixIntegral.lean:42:52: failed to synthesize instance of type class
  LE Type

Hint: Type class instance resolution failures can be inspected with the `set_option trace.Meta.synthInstance true` command.
error: QICLean/Analysis/GaussianFilter/MatrixIntegral.lean:42:54: failed to synthesize instance of type class
  OfNat Type 0
numerals are polymorphic in Lean, but the numeral `0` cannot be used in a context where the expected type is
  Type
due to the absence of the instance above

Hint: Type class instance resolution failures can be inspected with the `set_option trace.Meta.synthInstance true` command.
error: QICLean/Analysis/GaussianFilter/MatrixIntegral.lean:60:45: failed to synthesize instance of type class
  LE Type

Hint: Type class instance resolution failures can be inspected with the `set_option trace.Meta.synthInstance true` command.
error: QICLean/Analysis/GaussianFilter/MatrixIntegral.lean:60:47: failed to synthesize instance of type class
  OfNat Type 0
numerals are polymorphic in Lean, but the numeral `0` cannot be used in a context where the expected type is
  Type
due to the absence of the instance above

Hint: Type class instance resolution failures can be inspected with the `set_option trace.Meta.synthInstance true` command.
error: QICLean/Analysis/GaussianFilter/MatrixIntegral.lean:68:54: failed to synthesize instance of type class
  LE Type

Hint: Type class instance resolution failures can be inspected with the `set_option trace.Meta.synthInstance true` command.
error: QICLean/Analysis/GaussianFilter/MatrixIntegral.lean:68:56: failed to synthesize instance of type class
  OfNat Type 0
numerals are polymorphic in Lean, but the numeral `0` cannot be used in a context where the expected type is
  Type
due to the absence of the instance above

Hint: Type class instance resolution failures can be inspected with the `set_option trace.Meta.synthInstance true` command.
error: QICLean/Analysis/GaussianFilter/MatrixIntegral.lean:75:41: failed to synthesize instance of type class
  LE Type

Hint: Type class instance resolution failures can be inspected with the `set_option trace.Meta.synthInstance true` command.
error: QICLean/Analysis/GaussianFilter/MatrixIntegral.lean:75:43: failed to synthesize instance of type class
  OfNat Type 0
numerals are polymorphic in Lean, but the numeral `0` cannot be used in a context where the expected type is
  Type
due to the absence of the instance above

Hint: Type class instance resolution failures can be inspected with the `set_option trace.Meta.synthInstance true` command.
warning: QICLean/Analysis/GaussianFilter/MatrixIntegral.lean:78:9: declaration uses `sorry`
error: QICLean/Analysis/GaussianFilter/MatrixIntegral.lean:83:55: failed to synthesize instance of type class
  LE Type

Hint: Type class instance resolution failures can be inspected with the `set_option trace.Meta.synthInstance true` command.
error: QICLean/Analysis/GaussianFilter/MatrixIntegral.lean:83:57: failed to synthesize instance of type class
  OfNat Type 0
numerals are polymorphic in Lean, but the numeral `0` cannot be used in a context where the expected type is
  Type
due to the absence of the instance above

Hint: Type class instance resolution failures can be inspected with the `set_option trace.Meta.synthInstance true` command.
error: QICLean/Analysis/GaussianFilter/MatrixIntegral.lean:90:50: failed to synthesize instance of type class
  LE Type

Hint: Type class instance resolution failures can be inspected with the `set_option trace.Meta.synthInstance true` command.
error: QICLean/Analysis/GaussianFilter/MatrixIntegral.lean:90:52: failed to synthesize instance of type class
  OfNat Type 0
numerals are polymorphic in Lean, but the numeral `0` cannot be used in a context where the expected type is
  Type
due to the absence of the instance above

Hint: Type class instance resolution failures can be inspected with the `set_option trace.Meta.synthInstance true` command.
error: QICLean/Analysis/GaussianFilter/MatrixIntegral.lean:97:60: failed to synthesize instance of type class
  LE Type

Hint: Type class instance resolution failures can be inspected with the `set_option trace.Meta.synthInstance true` command.
error: QICLean/Analysis/GaussianFilter/MatrixIntegral.lean:97:62: failed to synthesize instance of type class
  OfNat Type 0
numerals are polymorphic in Lean, but the numeral `0` cannot be used in a context where the expected type is
  Type
due to the absence of the instance above

Hint: Type class instance resolution failures can be inspected with the `set_option trace.Meta.synthInstance true` command.
error: QICLean/Analysis/GaussianFilter/MatrixIntegral.lean:119:47: failed to synthesize instance of type class
  LE Type

Hint: Type class instance resolution failures can be inspected with the `set_option trace.Meta.synthInstance true` command.
error: QICLean/Analysis/GaussianFilter/MatrixIntegral.lean:119:49: failed to synthesize instance of type class
  OfNat Type 0
numerals are polymorphic in Lean, but the numeral `0` cannot be used in a context where the expected type is
  Type
due to the absence of the instance above

Hint: Type class instance resolution failures can be inspected with the `set_option trace.Meta.synthInstance true` command.
error: QICLean/Analysis/GaussianFilter/MatrixIntegral.lean:124:56: failed to synthesize instance of type class
  LE Type

Hint: Type class instance resolution failures can be inspected with the `set_option trace.Meta.synthInstance true` command.
error: QICLean/Analysis/GaussianFilter/MatrixIntegral.lean:124:58: failed to synthesize instance of type class
  OfNat Type 0
numerals are polymorphic in Lean, but the numeral `0` cannot be used in a context where the expected type is
  Type
due to the absence of the instance above

Hint: Type class instance resolution failures can be inspected with the `set_option trace.Meta.synthInstance true` command.
error: QICLean/Analysis/GaussianFilter/MatrixIntegral.lean:131:40: unsolved goals
n : Type u_1
inst✝¹ : Fintype n
inst✝ : DecidableEq n
H' H W : Matrix n n ℂ
⊢ ∫ (t : ℝ), H'.hermitianUnitaryPath t * W * H.hermitianUnitaryPath (-t) ∂gaussianReal 0 (sorry ()) = W
warning: QICLean/Analysis/GaussianFilter/MatrixIntegral.lean:132:8: declaration uses `sorry`
error: QICLean/Analysis/GaussianFilter/MatrixIntegral.lean:134:46: failed to synthesize instance of type class
  LE Type

Hint: Type class instance resolution failures can be inspected with the `set_option trace.Meta.synthInstance true` command.
error: QICLean/Analysis/GaussianFilter/MatrixIntegral.lean:134:48: failed to synthesize instance of type class
  OfNat Type 0
numerals are polymorphic in Lean, but the numeral `0` cannot be used in a context where the expected type is
  Type
due to the absence of the instance above

Hint: Type class instance resolution failures can be inspected with the `set_option trace.Meta.synthInstance true` command.
warning: QICLean/Analysis/GaussianFilter/MatrixIntegral.lean:136:8: declaration uses `sorry`
error: QICLean/Analysis/GaussianFilter/MatrixIntegral.lean:160:51: failed to synthesize instance of type class
  LE Type

Hint: Type class instance resolution failures can be inspected with the `set_option trace.Meta.synthInstance true` command.
error: QICLean/Analysis/GaussianFilter/MatrixIntegral.lean:160:53: failed to synthesize instance of type class
  OfNat Type 0
numerals are polymorphic in Lean, but the numeral `0` cannot be used in a context where the expected type is
  Type
due to the absence of the instance above

Hint: Type class instance resolution failures can be inspected with the `set_option trace.Meta.synthInstance true` command.
error: QICLean/Analysis/GaussianFilter/MatrixIntegral.lean:165:84: unsolved goals
n : Type u_1
inst✝¹ : Fintype n
inst✝ : DecidableEq n
h : sorry
H' H : Matrix n n ℂ
hH' : H'.IsHermitian
hH : H.IsHermitian
W : Matrix n n ℂ
v w : n → ℂ
E E' : ℝ
hv : H' *ᵥ v = ↑E • v
hw : H *ᵥ w = ↑E' • w
Lin : Matrix n n ℂ →ₗ[ℂ] ℂ := { toFun := fun M ↦ star v ⬝ᵥ M *ᵥ w, map_add' := ⋯, map_smul' := ⋯ }
L : Matrix n n ℂ →L[ℂ] ℂ := LinearMap.toContinuousLinearMap Lin
hL : ∀ (M : Matrix n n ℂ), L M = star v ⬝ᵥ M *ᵥ w
⊢ L (∫ (t : ℝ), H'.hermitianUnitaryPath t * W * H.hermitianUnitaryPath (-t) ∂gaussianReal 0 sorry) =
    cexp (-sorry * ↑(E - E') ^ 2 / 2) * star v ⬝ᵥ W *ᵥ w
warning: QICLean/Analysis/GaussianFilter/MatrixIntegral.lean:172:12: declaration uses `sorry`
error: QICLean/Analysis/GaussianFilter/MatrixIntegral.lean:186:39: failed to synthesize instance of type class
  LE Type

Hint: Type class instance resolution failures can be inspected with the `set_option trace.Meta.synthInstance true` command.
error: QICLean/Analysis/GaussianFilter/MatrixIntegral.lean:186:41: failed to synthesize instance of type class
  OfNat Type 0
numerals are polymorphic in Lean, but the numeral `0` cannot be used in a context where the expected type is
  Type
due to the absence of the instance above

Hint: Type class instance resolution failures can be inspected with the `set_option trace.Meta.synthInstance true` command.
warning: QICLean/Analysis/GaussianFilter/MatrixIntegral.lean:193:2: declaration uses `sorry`
Some required targets logged failures:
- QICLean.Analysis.GaussianFilter.MatrixIntegral
error: build failed
