QICLeanTest/GaussianMatrixIntegral.lean:28:8: error(lean.synthInstanceFailed): failed to synthesize instance of type class
  DistribMulAction ℂ ℕ

Hint: Type class instance resolution failures can be inspected with the `set_option trace.Meta.synthInstance true` command.
QICLeanTest/GaussianMatrixIntegral.lean:28:2: error: Type mismatch
  Pi.single_smul' i (↑(a i)) 1
has type
  Pi.single i (↑(a i) • 1) = ↑(a i) • Pi.single i 1
but is expected to have type
  Pi.single i ↑(a i) = ↑(a i) • Pi.single i 1
QICLeanTest/GaussianMatrixIntegral.lean:62:4: error: Type mismatch: After simplification, term
  congrArg im heq
 has type
  (cexp (-2⁻¹)).re = (cexp (-2)).re
but is expected to have type
  2⁻¹ = 2
QICLeanTest/GaussianMatrixIntegral.lean:95:38: error: This simp argument is unused:
  Set.Icc_eq_empty_of_lt

Hint: Omit it from the simp argument list.
  [apply] simp [gaussianIntertwinerTruncated]

Note: This linter can be disabled with `set_option linter.unusedSimpArgs false`
