⚠ [9117/9386] Replayed QICLean.Analysis.ConvexHullCompact
warning: QICLean/Analysis/ConvexHullCompact.lean:65:4: `stdSimplex` has been deprecated: Use `Convexity.StdSimplex` instead

Note: The updated constant has a different type:
  (R : Type u) → [LE R] → [AddCommMonoid R] → [One R] → Type v → Type (max u v)
instead of
  (𝕜 : Type u_2) → (ι : Type u_1) → [Semiring 𝕜] → [PartialOrder 𝕜] → [Fintype ι] → Set (ι → 𝕜)
warning: QICLean/Analysis/ConvexHullCompact.lean:70:12: `isCompact_stdSimplex` has been deprecated: Use `Convexity.StdSimplex.compactSpace` instead

Note: The updated constant has a different type:
  ∀ (R : Type u_1) (M : Type u_2) [inst : Ring R] [inst_1 : TopologicalSpace R] [IsTopologicalRing R]
    [inst_3 : PartialOrder R] [inst_4 : IsStrictOrderedRing R] [CompactIccSpace R] [OrderClosedTopology R] [Finite M],
    CompactSpace (Convexity.StdSimplex R M)
instead of
  ∀ (𝕜 : Type u_1) (ι : Type u_2) [inst : Fintype ι] [inst_1 : TopologicalSpace 𝕜] [inst_2 : Semiring 𝕜]
    [inst_3 : PartialOrder 𝕜] [OrderClosedTopology 𝕜] [ContinuousAdd 𝕜] [CompactIccSpace 𝕜] [IsOrderedAddMonoid 𝕜],
    IsCompact (stdSimplex 𝕜 ι)
warning: QICLean/Analysis/ConvexHullCompact.lean:99:23: `stdSimplex` has been deprecated: Use `Convexity.StdSimplex` instead

Note: The updated constant has a different type:
  (R : Type u) → [LE R] → [AddCommMonoid R] → [One R] → Type v → Type (max u v)
instead of
  (𝕜 : Type u_2) → (ι : Type u_1) → [Semiring 𝕜] → [PartialOrder 𝕜] → [Fintype ι] → Set (ι → 𝕜)
⚠ [9118/9386] Replayed QICLean.Analysis.CyclicReciprocal
warning: QICLean/Analysis/CyclicReciprocal.lean:103:44: `stdSimplex` has been deprecated: Use `Convexity.StdSimplex` instead

Note: The updated constant has a different type:
  (R : Type u) → [LE R] → [AddCommMonoid R] → [One R] → Type v → Type (max u v)
instead of
  (𝕜 : Type u_2) → (ι : Type u_1) → [Semiring 𝕜] → [PartialOrder 𝕜] → [Fintype ι] → Set (ι → 𝕜)
⚠ [9298/9386] Replayed QICLean.Channel.ChoiTypeMap.YamagamiPositivity
warning: QICLean/Channel/ChoiTypeMap/YamagamiPositivity.lean:166:25: `stdSimplex` has been deprecated: Use `Convexity.StdSimplex` instead

Note: The updated constant has a different type:
  (R : Type u) → [LE R] → [AddCommMonoid R] → [One R] → Type v → Type (max u v)
instead of
  (𝕜 : Type u_2) → (ι : Type u_1) → [Semiring 𝕜] → [PartialOrder 𝕜] → [Fintype ι] → Set (ι → 𝕜)
warning: QICLean/Channel/ChoiTypeMap/YamagamiPositivity.lean:175:13: `stdSimplex` has been deprecated: Use `Convexity.StdSimplex` instead

Note: The updated constant has a different type:
  (R : Type u) → [LE R] → [AddCommMonoid R] → [One R] → Type v → Type (max u v)
instead of
  (𝕜 : Type u_2) → (ι : Type u_1) → [Semiring 𝕜] → [PartialOrder 𝕜] → [Fintype ι] → Set (ι → 𝕜)
warning: QICLean/Channel/ChoiTypeMap/YamagamiPositivity.lean:181:23: `stdSimplex` has been deprecated: Use `Convexity.StdSimplex` instead

Note: The updated constant has a different type:
  (R : Type u) → [LE R] → [AddCommMonoid R] → [One R] → Type v → Type (max u v)
instead of
  (𝕜 : Type u_2) → (ι : Type u_1) → [Semiring 𝕜] → [PartialOrder 𝕜] → [Fintype ι] → Set (ι → 𝕜)
warning: QICLean/Channel/ChoiTypeMap/YamagamiPositivity.lean:182:45: `isClosed_stdSimplex` has been deprecated: Use `Convexity.StdSimplex.isClosedEmbedding_toFun_comp_weights` instead

Note: The updated constant has a different type:
  ∀ (R : Type u) [inst : PartialOrder R] [inst_1 : Ring R] [inst_2 : TopologicalSpace R]
    [inst_3 : IsStrictOrderedRing R] [IsTopologicalRing R] [OrderClosedTopology R] (M : Type u_1) [Finite M],
    Topology.IsClosedEmbedding fun t ↦ ⇑t.weights
instead of
  ∀ (𝕜 : Type u_1) (ι : Type u_2) [inst : Fintype ι] [inst_1 : TopologicalSpace 𝕜] [inst_2 : Semiring 𝕜]
    [inst_3 : PartialOrder 𝕜] [OrderClosedTopology 𝕜] [ContinuousAdd 𝕜], IsClosed (stdSimplex 𝕜 ι)
warning: QICLean/Channel/ChoiTypeMap/YamagamiPositivity.lean:184:5: `isCompact_stdSimplex` has been deprecated: Use `Convexity.StdSimplex.compactSpace` instead

Note: The updated constant has a different type:
  ∀ (R : Type u_1) (M : Type u_2) [inst : Ring R] [inst_1 : TopologicalSpace R] [IsTopologicalRing R]
    [inst_3 : PartialOrder R] [inst_4 : IsStrictOrderedRing R] [CompactIccSpace R] [OrderClosedTopology R] [Finite M],
    CompactSpace (Convexity.StdSimplex R M)
instead of
  ∀ (𝕜 : Type u_1) (ι : Type u_2) [inst : Fintype ι] [inst_1 : TopologicalSpace 𝕜] [inst_2 : Semiring 𝕜]
    [inst_3 : PartialOrder 𝕜] [OrderClosedTopology 𝕜] [ContinuousAdd 𝕜] [CompactIccSpace 𝕜] [IsOrderedAddMonoid 𝕜],
    IsCompact (stdSimplex 𝕜 ι)
warning: QICLean/Channel/ChoiTypeMap/YamagamiPositivity.lean:263:48: `stdSimplex` has been deprecated: Use `Convexity.StdSimplex` instead

Note: The updated constant has a different type:
  (R : Type u) → [LE R] → [AddCommMonoid R] → [One R] → Type v → Type (max u v)
instead of
  (𝕜 : Type u_2) → (ι : Type u_1) → [Semiring 𝕜] → [PartialOrder 𝕜] → [Fintype ι] → Set (ι → 𝕜)
ℹ [9417/9545] Replayed QICLean.Channel.LorentzNormalForm.SpinorExponential
info: QICLean/Channel/LorentzNormalForm/SpinorExponential.lean:452:47: Try this:
  [apply] ring_nf
  
  The `ring` tactic failed to close the goal. Use `ring_nf` to obtain a normal form.
    
  Note that `ring` works primarily in *commutative* rings. If you have a noncommutative ring, abelian group or module, consider using `noncomm_ring`, `abel` or `module` instead.
info: QICLean/Channel/LorentzNormalForm/SpinorExponential.lean:454:47: Try this:
  [apply] ring_nf
  
  The `ring` tactic failed to close the goal. Use `ring_nf` to obtain a normal form.
    
  Note that `ring` works primarily in *commutative* rings. If you have a noncommutative ring, abelian group or module, consider using `noncomm_ring`, `abel` or `module` instead.
info: QICLean/Channel/LorentzNormalForm/SpinorExponential.lean:484:46: Try this:
  [apply] ring_nf
  
  The `ring` tactic failed to close the goal. Use `ring_nf` to obtain a normal form.
    
  Note that `ring` works primarily in *commutative* rings. If you have a noncommutative ring, abelian group or module, consider using `noncomm_ring`, `abel` or `module` instead.
info: QICLean/Channel/LorentzNormalForm/SpinorExponential.lean:486:46: Try this:
  [apply] ring_nf
  
  The `ring` tactic failed to close the goal. Use `ring_nf` to obtain a normal form.
    
  Note that `ring` works primarily in *commutative* rings. If you have a noncommutative ring, abelian group or module, consider using `noncomm_ring`, `abel` or `module` instead.
ℹ [9505/9707] Replayed Gametheory.Scarf
info: Gametheory/Scarf.lean:241:33: Try this:
  [apply] rwa [h1.2] at hd

Note: This linter can be disabled with `set_option linter.tacticAnalysis.rwaSuggestion false`
info: Gametheory/Scarf.lean:246:33: Try this:
  [apply] rwa [h1.2] at hd

Note: This linter can be disabled with `set_option linter.tacticAnalysis.rwaSuggestion false`
⚠ [9506/9707] Replayed Gametheory.Brouwer
warning: Gametheory/Brouwer.lean:39:34: `stdSimplex` has been deprecated: Use `Convexity.StdSimplex` instead

Note: The updated constant has a different type:
  (R : Type u) → [LE R] → [AddCommMonoid R] → [One R] → Type v → Type (max u v)
instead of
  (𝕜 : Type u_2) → (ι : Type u_1) → [Semiring 𝕜] → [PartialOrder 𝕜] → [Fintype ι] → Set (ι → 𝕜)
warning: Gametheory/Brouwer.lean:49:45: `stdSimplex` has been deprecated: Use `Convexity.StdSimplex` instead

Note: The updated constant has a different type:
  (R : Type u) → [LE R] → [AddCommMonoid R] → [One R] → Type v → Type (max u v)
instead of
  (𝕜 : Type u_2) → (ι : Type u_1) → [Semiring 𝕜] → [PartialOrder 𝕜] → [Fintype ι] → Set (ι → 𝕜)
warning: Gametheory/Brouwer.lean:370:14: `stdSimplex` has been deprecated: Use `Convexity.StdSimplex` instead

Note: The updated constant has a different type:
  (R : Type u) → [LE R] → [AddCommMonoid R] → [One R] → Type v → Type (max u v)
instead of
  (𝕜 : Type u_2) → (ι : Type u_1) → [Semiring 𝕜] → [PartialOrder 𝕜] → [Fintype ι] → Set (ι → 𝕜)
warning: Gametheory/Brouwer.lean:370:37: `stdSimplex` has been deprecated: Use `Convexity.StdSimplex` instead

Note: The updated constant has a different type:
  (R : Type u) → [LE R] → [AddCommMonoid R] → [One R] → Type v → Type (max u v)
instead of
  (𝕜 : Type u_2) → (ι : Type u_1) → [Semiring 𝕜] → [PartialOrder 𝕜] → [Fintype ι] → Set (ι → 𝕜)
warning: Gametheory/Brouwer.lean:374:33: `stdSimplex` has been deprecated: Use `Convexity.StdSimplex` instead

Note: The updated constant has a different type:
  (R : Type u) → [LE R] → [AddCommMonoid R] → [One R] → Type v → Type (max u v)
instead of
  (𝕜 : Type u_2) → (ι : Type u_1) → [Semiring 𝕜] → [PartialOrder 𝕜] → [Fintype ι] → Set (ι → 𝕜)
warning: Gametheory/Brouwer.lean:374:33: `stdSimplex` has been deprecated: Use `Convexity.StdSimplex` instead

Note: The updated constant has a different type:
  (R : Type u) → [LE R] → [AddCommMonoid R] → [One R] → Type v → Type (max u v)
instead of
  (𝕜 : Type u_2) → (ι : Type u_1) → [Semiring 𝕜] → [PartialOrder 𝕜] → [Fintype ι] → Set (ι → 𝕜)
warning: Gametheory/Brouwer.lean:391:42: `stdSimplex` has been deprecated: Use `Convexity.StdSimplex` instead

Note: The updated constant has a different type:
  (R : Type u) → [LE R] → [AddCommMonoid R] → [One R] → Type v → Type (max u v)
instead of
  (𝕜 : Type u_2) → (ι : Type u_1) → [Semiring 𝕜] → [PartialOrder 𝕜] → [Fintype ι] → Set (ι → 𝕜)
warning: Gametheory/Brouwer.lean:391:42: `stdSimplex` has been deprecated: Use `Convexity.StdSimplex` instead

Note: The updated constant has a different type:
  (R : Type u) → [LE R] → [AddCommMonoid R] → [One R] → Type v → Type (max u v)
instead of
  (𝕜 : Type u_2) → (ι : Type u_1) → [Semiring 𝕜] → [PartialOrder 𝕜] → [Fintype ι] → Set (ι → 𝕜)
warning: Gametheory/Brouwer.lean:403:32: `stdSimplex` has been deprecated: Use `Convexity.StdSimplex` instead

Note: The updated constant has a different type:
  (R : Type u) → [LE R] → [AddCommMonoid R] → [One R] → Type v → Type (max u v)
instead of
  (𝕜 : Type u_2) → (ι : Type u_1) → [Semiring 𝕜] → [PartialOrder 𝕜] → [Fintype ι] → Set (ι → 𝕜)
warning: Gametheory/Brouwer.lean:506:40: `stdSimplex` has been deprecated: Use `Convexity.StdSimplex` instead

Note: The updated constant has a different type:
  (R : Type u) → [LE R] → [AddCommMonoid R] → [One R] → Type v → Type (max u v)
instead of
  (𝕜 : Type u_2) → (ι : Type u_1) → [Semiring 𝕜] → [PartialOrder 𝕜] → [Fintype ι] → Set (ι → 𝕜)
warning: Gametheory/Brouwer.lean:506:63: `stdSimplex` has been deprecated: Use `Convexity.StdSimplex` instead

Note: The updated constant has a different type:
  (R : Type u) → [LE R] → [AddCommMonoid R] → [One R] → Type v → Type (max u v)
instead of
  (𝕜 : Type u_2) → (ι : Type u_1) → [Semiring 𝕜] → [PartialOrder 𝕜] → [Fintype ι] → Set (ι → 𝕜)
warning: Gametheory/Brouwer.lean:507:65: `stdSimplex` has been deprecated: Use `Convexity.StdSimplex` instead

Note: The updated constant has a different type:
  (R : Type u) → [LE R] → [AddCommMonoid R] → [One R] → Type v → Type (max u v)
instead of
  (𝕜 : Type u_2) → (ι : Type u_1) → [Semiring 𝕜] → [PartialOrder 𝕜] → [Fintype ι] → Set (ι → 𝕜)
warning: Gametheory/Brouwer.lean:525:38: `stdSimplex` has been deprecated: Use `Convexity.StdSimplex` instead

Note: The updated constant has a different type:
  (R : Type u) → [LE R] → [AddCommMonoid R] → [One R] → Type v → Type (max u v)
instead of
  (𝕜 : Type u_2) → (ι : Type u_1) → [Semiring 𝕜] → [PartialOrder 𝕜] → [Fintype ι] → Set (ι → 𝕜)
warning: Gametheory/Brouwer.lean:548:23: `stdSimplex` has been deprecated: Use `Convexity.StdSimplex` instead

Note: The updated constant has a different type:
  (R : Type u) → [LE R] → [AddCommMonoid R] → [One R] → Type v → Type (max u v)
instead of
  (𝕜 : Type u_2) → (ι : Type u_1) → [Semiring 𝕜] → [PartialOrder 𝕜] → [Fintype ι] → Set (ι → 𝕜)
warning: Gametheory/Brouwer.lean:549:46: `stdSimplex` has been deprecated: Use `Convexity.StdSimplex` instead

Note: The updated constant has a different type:
  (R : Type u) → [LE R] → [AddCommMonoid R] → [One R] → Type v → Type (max u v)
instead of
  (𝕜 : Type u_2) → (ι : Type u_1) → [Semiring 𝕜] → [PartialOrder 𝕜] → [Fintype ι] → Set (ι → 𝕜)
warning: Gametheory/Brouwer.lean:551:55: `stdSimplex` has been deprecated: Use `Convexity.StdSimplex` instead

Note: The updated constant has a different type:
  (R : Type u) → [LE R] → [AddCommMonoid R] → [One R] → Type v → Type (max u v)
instead of
  (𝕜 : Type u_2) → (ι : Type u_1) → [Semiring 𝕜] → [PartialOrder 𝕜] → [Fintype ι] → Set (ι → 𝕜)
warning: Gametheory/Brouwer.lean:552:46: `stdSimplex` has been deprecated: Use `Convexity.StdSimplex` instead

Note: The updated constant has a different type:
  (R : Type u) → [LE R] → [AddCommMonoid R] → [One R] → Type v → Type (max u v)
instead of
  (𝕜 : Type u_2) → (ι : Type u_1) → [Semiring 𝕜] → [PartialOrder 𝕜] → [Fintype ι] → Set (ι → 𝕜)
warning: Gametheory/Brouwer.lean:566:34: `stdSimplex` has been deprecated: Use `Convexity.StdSimplex` instead

Note: The updated constant has a different type:
  (R : Type u) → [LE R] → [AddCommMonoid R] → [One R] → Type v → Type (max u v)
instead of
  (𝕜 : Type u_2) → (ι : Type u_1) → [Semiring 𝕜] → [PartialOrder 𝕜] → [Fintype ι] → Set (ι → 𝕜)
warning: Gametheory/Brouwer.lean:566:57: `stdSimplex` has been deprecated: Use `Convexity.StdSimplex` instead

Note: The updated constant has a different type:
  (R : Type u) → [LE R] → [AddCommMonoid R] → [One R] → Type v → Type (max u v)
instead of
  (𝕜 : Type u_2) → (ι : Type u_1) → [Semiring 𝕜] → [PartialOrder 𝕜] → [Fintype ι] → Set (ι → 𝕜)
warning: Gametheory/Brouwer.lean:626:34: `stdSimplex` has been deprecated: Use `Convexity.StdSimplex` instead

Note: The updated constant has a different type:
  (R : Type u) → [LE R] → [AddCommMonoid R] → [One R] → Type v → Type (max u v)
instead of
  (𝕜 : Type u_2) → (ι : Type u_1) → [Semiring 𝕜] → [PartialOrder 𝕜] → [Fintype ι] → Set (ι → 𝕜)
warning: Gametheory/Brouwer.lean:626:57: `stdSimplex` has been deprecated: Use `Convexity.StdSimplex` instead

Note: The updated constant has a different type:
  (R : Type u) → [LE R] → [AddCommMonoid R] → [One R] → Type v → Type (max u v)
instead of
  (𝕜 : Type u_2) → (ι : Type u_1) → [Semiring 𝕜] → [PartialOrder 𝕜] → [Fintype ι] → Set (ι → 𝕜)
warning: Gametheory/Brouwer.lean:631:87: `stdSimplex` has been deprecated: Use `Convexity.StdSimplex` instead

Note: The updated constant has a different type:
  (R : Type u) → [LE R] → [AddCommMonoid R] → [One R] → Type v → Type (max u v)
instead of
  (𝕜 : Type u_2) → (ι : Type u_1) → [Semiring 𝕜] → [PartialOrder 𝕜] → [Fintype ι] → Set (ι → 𝕜)
warning: Gametheory/Brouwer.lean:685:122: `stdSimplex` has been deprecated: Use `Convexity.StdSimplex` instead

Note: The updated constant has a different type:
  (R : Type u) → [LE R] → [AddCommMonoid R] → [One R] → Type v → Type (max u v)
instead of
  (𝕜 : Type u_2) → (ι : Type u_1) → [Semiring 𝕜] → [PartialOrder 𝕜] → [Fintype ι] → Set (ι → 𝕜)
warning: Gametheory/Brouwer.lean:686:83: `stdSimplex` has been deprecated: Use `Convexity.StdSimplex` instead

Note: The updated constant has a different type:
  (R : Type u) → [LE R] → [AddCommMonoid R] → [One R] → Type v → Type (max u v)
instead of
  (𝕜 : Type u_2) → (ι : Type u_1) → [Semiring 𝕜] → [PartialOrder 𝕜] → [Fintype ι] → Set (ι → 𝕜)
warning: Gametheory/Brouwer.lean:705:65: `stdSimplex` has been deprecated: Use `Convexity.StdSimplex` instead

Note: The updated constant has a different type:
  (R : Type u) → [LE R] → [AddCommMonoid R] → [One R] → Type v → Type (max u v)
instead of
  (𝕜 : Type u_2) → (ι : Type u_1) → [Semiring 𝕜] → [PartialOrder 𝕜] → [Fintype ι] → Set (ι → 𝕜)
warning: Gametheory/Brouwer.lean:706:53: `stdSimplex` has been deprecated: Use `Convexity.StdSimplex` instead

Note: The updated constant has a different type:
  (R : Type u) → [LE R] → [AddCommMonoid R] → [One R] → Type v → Type (max u v)
instead of
  (𝕜 : Type u_2) → (ι : Type u_1) → [Semiring 𝕜] → [PartialOrder 𝕜] → [Fintype ι] → Set (ι → 𝕜)
warning: Gametheory/Brouwer.lean:713:48: `stdSimplex` has been deprecated: Use `Convexity.StdSimplex` instead

Note: The updated constant has a different type:
  (R : Type u) → [LE R] → [AddCommMonoid R] → [One R] → Type v → Type (max u v)
instead of
  (𝕜 : Type u_2) → (ι : Type u_1) → [Semiring 𝕜] → [PartialOrder 𝕜] → [Fintype ι] → Set (ι → 𝕜)
warning: Gametheory/Brouwer.lean:717:48: `stdSimplex` has been deprecated: Use `Convexity.StdSimplex` instead

Note: The updated constant has a different type:
  (R : Type u) → [LE R] → [AddCommMonoid R] → [One R] → Type v → Type (max u v)
instead of
  (𝕜 : Type u_2) → (ι : Type u_1) → [Semiring 𝕜] → [PartialOrder 𝕜] → [Fintype ι] → Set (ι → 𝕜)
warning: Gametheory/Brouwer.lean:732:83: `stdSimplex` has been deprecated: Use `Convexity.StdSimplex` instead

Note: The updated constant has a different type:
  (R : Type u) → [LE R] → [AddCommMonoid R] → [One R] → Type v → Type (max u v)
instead of
  (𝕜 : Type u_2) → (ι : Type u_1) → [Semiring 𝕜] → [PartialOrder 𝕜] → [Fintype ι] → Set (ι → 𝕜)
warning: Gametheory/Brouwer.lean:740:81: `stdSimplex` has been deprecated: Use `Convexity.StdSimplex` instead

Note: The updated constant has a different type:
  (R : Type u) → [LE R] → [AddCommMonoid R] → [One R] → Type v → Type (max u v)
instead of
  (𝕜 : Type u_2) → (ι : Type u_1) → [Semiring 𝕜] → [PartialOrder 𝕜] → [Fintype ι] → Set (ι → 𝕜)
warning: Gametheory/Brouwer.lean:742:81: `stdSimplex` has been deprecated: Use `Convexity.StdSimplex` instead

Note: The updated constant has a different type:
  (R : Type u) → [LE R] → [AddCommMonoid R] → [One R] → Type v → Type (max u v)
instead of
  (𝕜 : Type u_2) → (ι : Type u_1) → [Semiring 𝕜] → [PartialOrder 𝕜] → [Fintype ι] → Set (ι → 𝕜)
warning: Gametheory/Brouwer.lean:743:46: `stdSimplex` has been deprecated: Use `Convexity.StdSimplex` instead

Note: The updated constant has a different type:
  (R : Type u) → [LE R] → [AddCommMonoid R] → [One R] → Type v → Type (max u v)
instead of
  (𝕜 : Type u_2) → (ι : Type u_1) → [Semiring 𝕜] → [PartialOrder 𝕜] → [Fintype ι] → Set (ι → 𝕜)
warning: Gametheory/Brouwer.lean:746:83: `stdSimplex` has been deprecated: Use `Convexity.StdSimplex` instead

Note: The updated constant has a different type:
  (R : Type u) → [LE R] → [AddCommMonoid R] → [One R] → Type v → Type (max u v)
instead of
  (𝕜 : Type u_2) → (ι : Type u_1) → [Semiring 𝕜] → [PartialOrder 𝕜] → [Fintype ι] → Set (ι → 𝕜)
⚠ [9507/9707] Replayed Gametheory.Brouwer_product
warning: Gametheory/Brouwer_product.lean:15:21: `stdSimplex` has been deprecated: Use `Convexity.StdSimplex` instead

Note: The updated constant has a different type:
  (R : Type u) → [LE R] → [AddCommMonoid R] → [One R] → Type v → Type (max u v)
instead of
  (𝕜 : Type u_2) → (ι : Type u_1) → [Semiring 𝕜] → [PartialOrder 𝕜] → [Fintype ι] → Set (ι → 𝕜)
warning: Gametheory/Brouwer_product.lean:18:37: `stdSimplex` has been deprecated: Use `Convexity.StdSimplex` instead

Note: The updated constant has a different type:
  (R : Type u) → [LE R] → [AddCommMonoid R] → [One R] → Type v → Type (max u v)
instead of
  (𝕜 : Type u_2) → (ι : Type u_1) → [Semiring 𝕜] → [PartialOrder 𝕜] → [Fintype ι] → Set (ι → 𝕜)
warning: Gametheory/Brouwer_product.lean:48:12: `WellFounded.min_le` has been deprecated: Use `WellFoundedLT.min_le` instead

Note: The updated constant is in a different namespace. Dot notation may need to be changed (e.g., from `x.min_le` to `WellFoundedLT.min_le x`).

Hint: Replace the deprecated name:
  WellFoundedL̲T̲.min_le
warning: Gametheory/Brouwer_product.lean:224:8: `stdSimplex` has been deprecated: Use `Convexity.StdSimplex` instead

Note: The updated constant has a different type:
  (R : Type u) → [LE R] → [AddCommMonoid R] → [One R] → Type v → Type (max u v)
instead of
  (𝕜 : Type u_2) → (ι : Type u_1) → [Semiring 𝕜] → [PartialOrder 𝕜] → [Fintype ι] → Set (ι → 𝕜)
warning: Gametheory/Brouwer_product.lean:220:17: `stdSimplex` has been deprecated: Use `Convexity.StdSimplex` instead

Note: The updated constant has a different type:
  (R : Type u) → [LE R] → [AddCommMonoid R] → [One R] → Type v → Type (max u v)
instead of
  (𝕜 : Type u_2) → (ι : Type u_1) → [Semiring 𝕜] → [PartialOrder 𝕜] → [Fintype ι] → Set (ι → 𝕜)
warning: Gametheory/Brouwer_product.lean:229:15: `stdSimplex` has been deprecated: Use `Convexity.StdSimplex` instead

Note: The updated constant has a different type:
  (R : Type u) → [LE R] → [AddCommMonoid R] → [One R] → Type v → Type (max u v)
instead of
  (𝕜 : Type u_2) → (ι : Type u_1) → [Semiring 𝕜] → [PartialOrder 𝕜] → [Fintype ι] → Set (ι → 𝕜)
warning: Gametheory/Brouwer_product.lean:253:15: `stdSimplex` has been deprecated: Use `Convexity.StdSimplex` instead

Note: The updated constant has a different type:
  (R : Type u) → [LE R] → [AddCommMonoid R] → [One R] → Type v → Type (max u v)
instead of
  (𝕜 : Type u_2) → (ι : Type u_1) → [Semiring 𝕜] → [PartialOrder 𝕜] → [Fintype ι] → Set (ι → 𝕜)
warning: Gametheory/Brouwer_product.lean:375:8: `stdSimplex` has been deprecated: Use `Convexity.StdSimplex` instead

Note: The updated constant has a different type:
  (R : Type u) → [LE R] → [AddCommMonoid R] → [One R] → Type v → Type (max u v)
instead of
  (𝕜 : Type u_2) → (ι : Type u_1) → [Semiring 𝕜] → [PartialOrder 𝕜] → [Fintype ι] → Set (ι → 𝕜)
warning: Gametheory/Brouwer_product.lean:362:17: `stdSimplex` has been deprecated: Use `Convexity.StdSimplex` instead

Note: The updated constant has a different type:
  (R : Type u) → [LE R] → [AddCommMonoid R] → [One R] → Type v → Type (max u v)
instead of
  (𝕜 : Type u_2) → (ι : Type u_1) → [Semiring 𝕜] → [PartialOrder 𝕜] → [Fintype ι] → Set (ι → 𝕜)
warning: Gametheory/Brouwer_product.lean:382:15: `stdSimplex` has been deprecated: Use `Convexity.StdSimplex` instead

Note: The updated constant has a different type:
  (R : Type u) → [LE R] → [AddCommMonoid R] → [One R] → Type v → Type (max u v)
instead of
  (𝕜 : Type u_2) → (ι : Type u_1) → [Semiring 𝕜] → [PartialOrder 𝕜] → [Fintype ι] → Set (ι → 𝕜)
⚠ [9508/9707] Replayed QICLean.Topology.BrouwerProduct
warning: QICLean/Topology/BrouwerProduct.lean:33:36: `stdSimplexHomeomorphUnitInterval` has been deprecated: Use `Convexity.StdSimplex.homeomorphI` instead

Note: The updated constant has a different type:
  Convexity.StdSimplex ℝ (Fin 2) ≃ₜ ↑unitInterval
instead of
  ↑(stdSimplex ℝ (Fin 2)) ≃ₜ ↑unitInterval
✔ [9523/9707] Built QICLean.Kraus.WordSpan (18s)
✔ [9524/9707] Built QICLean.Kraus.MultiBlockWord (17s)
✔ [9525/9707] Built QICLean.Channel.FixedPoint.CanonicalGauge (18s)
✔ [9526/9707] Built QICLean.Analysis.TypicalSet (18s)
✔ [9527/9707] Built QICLean.Channel.Peripheral.PeriodicityRemoval (18s)
✔ [9528/9707] Built QICLean.Channel.Schwarz.UnitaryComparison (18s)
✔ [9529/9707] Built QICLean.Kraus.Transfer (18s)
✔ [9530/9707] Built QICLean.Channel.FixedPoint.StationarySpan (19s)
✔ [9531/9707] Built QICLean.Kraus.MapIterate (19s)
✔ [9532/9707] Built QICLean.Analysis.SpectralFilter.Cutoff (19s)
✔ [9533/9707] Built QICLean.Entropy.ModularExpectation (20s)
✔ [9534/9707] Built QICLean.Analysis.SinhRatioFourier (22s)
✔ [9535/9707] Built QICLean.Channel.Schwarz.OperatorJensenAux (23s)
✔ [9536/9707] Built QICLean.Channel.Schwarz.PositiveOnAbelian.Characterization (23s)
✔ [9537/9707] Built QICLean.Channel.Schwarz.PositiveOnAbelian.Consequences (25s)
✔ [9538/9707] Built QICLean.Channel.SchmidtDecomposition (26s)
✔ [9539/9707] Built QICLean.Kraus.Wielandt.RankOne.BoundedWord (12s)
✔ [9540/9707] Built QICLean.Kraus.Wielandt.SpanGrowth.CumulativeSpan (12s)
✔ [9541/9707] Built QICLean.Analysis.RootChannel (34s)
✔ [9542/9707] Built QICLean.Kraus.Injectivity (17s)
✔ [9543/9707] Built QICLean.Kraus.Wielandt.RankOne.Element (17s)
✔ [9544/9707] Built QICLean.Kraus.Wielandt.RankOne.Extraction (17s)
✔ [9545/9707] Built QICLean.Channel.Peripheral.CyclicDecomposition.Basic (17s)
✔ [9546/9707] Built QICLean.Channel.Peripheral.AsymptoticImage (18s)
✔ [9547/9707] Built QICLean.Analysis.SpectralFilter.Kernel (19s)
✔ [9548/9707] Built QICLean.Kraus.TracePairing (20s)
✔ [9549/9707] Built QICLean.Kraus.MixedMap.GaugeRigidity (21s)
✔ [9550/9707] Built QICLean.Entropy.SchmidtTilt (19s)
✔ [9551/9707] Built QICLean.Analysis.SinhRatioShift (21s)
✔ [9552/9707] Built QICLean.Channel.Schwarz.PositiveOnAbelian.CompletePositivity (21s)
✔ [9553/9707] Built QICLean.Channel.Schwarz.PositiveOnAbelian (20s)
✔ [9554/9707] Built QICLean.Channel.Schwarz.SchwarzNormal (20s)
✔ [9555/9707] Built QICLean.Kraus.Wielandt.SpanGrowth.EigenvectorSpreading (15s)
✔ [9556/9707] Built QICLean.Kraus.Wielandt.SpanGrowth.AlgebraSpan (15s)
✔ [9557/9707] Built QICLean.Analysis.LiebConcavity (26s)
✔ [9558/9707] Built QICLean.Kraus.Wielandt.SpanGrowth.CumulativeToWordSpan (19s)
✔ [9559/9707] Built QICLean.Kraus.Blocking (20s)
✔ [9560/9707] Built QICLean.Kraus.NormalCommutant (20s)
✔ [9561/9707] Built QICLean.Kraus.Wielandt.SpanGrowth.InvertibleWordSpan (21s)
✔ [9562/9707] Built QICLean.Kraus.CPPrimitive (22s)
✔ [9563/9707] Built QICLean.Channel.Peripheral.CyclicDecomposition.LetterShift (22s)
✔ [9564/9707] Built QICLean.Channel.Peripheral.CyclicDecomposition.CyclicProjections (23s)
✔ [9565/9707] Built QICLean.Channel.Peripheral.CyclicDecomposition.PeripheralUnitary (24s)
✔ [9566/9707] Built QICLean.Channel.Peripheral.CyclicDecomposition.Primitivity (23s)
✔ [9567/9707] Built QICLean.Entropy.FilterConjugation (23s)
✔ [9568/9707] Built QICLean.Analysis.SpectralFilter.Decay (24s)
✔ [9569/9707] Built QICLean.Kraus.Wielandt.SpanGrowth.VectorToMatrixSpan (19s)
✔ [9570/9707] Built QICLean.Entropy.GapSurprisal (24s)
✔ [9571/9707] Built QICLean.Kraus.Wielandt.Primitivity.EasyDirections (22s)
✔ [9572/9707] Built QICLean.Kraus.Wielandt.Primitivity.VectorSpreadPositivity (24s)
✔ [9573/9707] Built QICLean.Channel.Peripheral.RecurrentInverse (32s)
✔ [9574/9707] Built QICLean.Channel.Schwarz.SchwarzSubnormal (26s)
✔ [9575/9707] Built QICLean.Channel.Schwarz.OperatorConvexity (24s)
✔ [9576/9707] Built QICLean.Analysis.LiebSubBoundary (28s)
✔ [9577/9707] Built QICLean.Kraus.Wielandt.SpanGrowth.NonzeroTraceProduct (29s)
✔ [9578/9707] Built QICLean.QPF.PosDef (28s)
✔ [9579/9707] Built QICLean.Channel.Schwarz.AndoLieb (31s)
✔ [9580/9707] Built QICLean.QPF.Primitive (30s)
✔ [9581/9707] Built QICLean.Kraus.Wielandt.RankOne.Construction (23s)
✔ [9582/9707] Built QICLean.Kraus.Wielandt.Inequality.EigenvectorSpreading (28s)
✔ [9583/9707] Built QICLean.Kraus.Wielandt.RectangularSpan.Basic (29s)
✔ [9584/9707] Built QICLean.Channel.Peripheral.CyclicDecomposition.Decomposition (34s)
✔ [9585/9707] Built QICLean.Channel.Peripheral.Cycles (34s)
✔ [9586/9707] Built QICLean.Analysis.SpectralFilter.Inversion (36s)
✔ [9587/9707] Built QICLean.Channel.KrausIterateChoi (33s)
✔ [9588/9707] Built QICLean.Entropy.MarginalTails (36s)
✔ [9589/9707] Built QICLean.Channel.Peripheral.DensityBlockDynamics (32s)
✔ [9590/9707] Built QICLean.Kraus.Wielandt.RankOne.Products (27s)
✔ [9591/9707] Built QICLean.Kraus.Wielandt.SpanGrowth (27s)
✔ [9592/9707] Built QICLean.QPF.Uniqueness (25s)
✔ [9593/9707] Built QICLean.Kraus.Wielandt.Inequality (20s)
✔ [9594/9707] Built QICLean.Kraus.Wielandt.RankOne.ExtractionFull (25s)
✔ [9595/9707] Built QICLean.Channel.FixedPoint (96s)
✔ [9596/9707] Built QICLean.Channel.Peripheral.CyclicDecomposition (20s)
✔ [9597/9707] Built QICLean.Kraus.PrimitiveFixedPoint.FromPeripheral (58s)
✔ [9598/9707] Built QICLean.Channel.Schwarz.RelativeEntropyConvexity (29s)
✔ [9599/9707] Built QICLean.Kraus.Wielandt.RectangularSpan.Growth (21s)
✔ [9600/9707] Built QICLean.Channel.Peripheral.MultiCycleDecomposition (20s)
✔ [9601/9707] Built QICLean.Channel.Peripheral.GroupStructure (21s)
✔ [9602/9707] Built QICLean.Analysis.SpectralFilter.MatrixFilter (18s)
✔ [9603/9707] Built QICLean.Channel.Peripheral.DensityBlockFacePermutation (15s)
✔ [9604/9707] Built QICLean.Entropy.FilterEnergy (16s)
✔ [9605/9707] Built QICLean.Kraus.Wielandt.Primitivity.VectorSpreadToPrimitive (50s)
✔ [9606/9707] Built QICLean.Entropy.SupportedMarginalTails (17s)
✔ [9607/9707] Built QICLean.Entropy.FilterMoment (17s)
✔ [9608/9707] Built QICLean.QPF.Assembly (10s)
✔ [9609/9707] Built QICLean.Channel.Peripheral.SpectralRadius (50s)
✔ [9610/9707] Built QICLean.Kraus.Wielandt.RankOne (9.4s)
✔ [9611/9707] Built QICLean.Kraus.Wielandt.RectangularSpan.UniversalityAux.Quantitative (9.7s)
✔ [9612/9707] Built QICLean.Kraus.Wielandt.RectangularSpan.UniversalityAux.Basic (9.8s)
✔ [9613/9707] Built QICLean.Channel.Schwarz.RelativeEntropyDataProcessing (10s)
✔ [9614/9707] Built QICLean.Analysis.SpectralFilter.PositiveReplacement (12s)
✔ [9615/9707] Built QICLean.Channel.Peripheral.DensityBlockSchwarz (13s)
✔ [9616/9707] Built QICLean.QPF (12s)
✔ [9617/9707] Built QICLean.Entropy.LocalLift (14s)
✔ [9618/9707] Built QICLean.Channel.Schwarz.PetzRecoverySupport (15s)
✔ [9619/9707] Built QICLean.Kraus.Wielandt.RectangularSpan.UniversalityAux.Sharp (16s)
✔ [9620/9707] Built QICLean.Channel.Schwarz.StrongSubadditivityPosDef (17s)
✔ [9621/9707] Built QICLean.Channel.Peripheral.StructureOfCycles (12s)
✔ [9622/9707] Built QICLean.Analysis.SpectralFilter.FilterLocality (15s)
✔ [9623/9707] Built QICLean.Channel.Peripheral.UnitalKraus (26s)
✔ [9624/9707] Built QICLean.Entropy.FilterStationarity (13s)
✔ [9625/9707] Built QICLean.Kraus.MixedMap.SpectralRadius (26s)
✔ [9626/9707] Built QICLean.Channel.Irreducible.SpectralRadius (28s)
✔ [9627/9707] Built QICLean.Kraus.Wielandt.RectangularSpan.UniversalityAux.NilpIndex (9.9s)
✔ [9628/9707] Built QICLean.Entropy.StrongSubadditivity (13s)
✔ [9629/9707] Built QICLean.Channel.Schwarz.SSAEqualityDPI (13s)
✔ [9630/9707] Built QICLean.Entropy.UnnormalizedStrongSubadditivity (14s)
✔ [9631/9707] Built QICLean.Channel.TripartiteDecorrelation (15s)
✔ [9632/9707] Built QICLean.Analysis.SpectralFilter (17s)
✔ [9633/9707] Built QICLean.Entropy.FilterClipping (19s)
✔ [9634/9707] Built QICLean.Kraus.Wielandt.RectangularSpan.UniversalityAux (18s)
✔ [9635/9707] Built QICLean.Entropy.Bipartite (17s)
✔ [9636/9707] Built QICLean.Entropy.MutualInformation (17s)
✔ [9637/9707] Built QICLean.Entropy.ConditionalEntropy (17s)
✔ [9638/9707] Built QICLean.Channel.Schwarz.PetzEqualityPrerequisites (19s)
✔ [9639/9707] Built QICLean.Channel.Peripheral (31s)
✔ [9640/9707] Built QICLean.Entropy.FilterOptimizer (11s)
✔ [9641/9707] Built QICLean.Kraus.Wielandt.RectangularSpan.Universality (10s)
✔ [9642/9707] Built QICLean.Channel.Irreducible.KrausGauge (31s)
✔ [9643/9707] Built QICLean.Kraus.MixedMap.Gap (34s)
✔ [9644/9707] Built QICLean.Entropy.FiniteProduct (9.3s)
✔ [9645/9707] Built QICLean.Channel.WeightedHilbertSchmidt (36s)
✔ [9646/9707] Built QICLean.Entropy.MutualInformationDataProcessing (9.9s)
✔ [9647/9707] Built QICLean.Channel.Irreducible.FromSpectral (34s)
✔ [9648/9707] Built QICLean.Channel.Schwarz.WeylSupportRelativeEntropyEquality (9.2s)
✔ [9649/9707] Built QICLean.Entropy.ControlledContinuity (10s)
✔ [9650/9707] Built QICLean.Channel.Schwarz.WeylRelativeEntropyIntegral (11s)
✔ [9651/9707] Built QICLean.Entropy.FilterChain (9.9s)
✔ [9652/9707] Built QICLean.Kraus.Wielandt.RectangularSpan.EventualFullness (10s)
✔ [9653/9707] Built QICLean.Entropy.TwoFamilies (12s)
✔ [9654/9707] Built QICLean.Entropy.FiniteProductConditional (12s)
✔ [9655/9707] Built QICLean.Channel.Schwarz.WeylSupportPetzRecovery (12s)
✔ [9656/9707] Built QICLean.Entropy.FilterMaximizer (14s)
✔ [9657/9707] Built QICLean.Kraus.Wielandt.RectangularSpan (14s)
✔ [9658/9707] Built QICLean.Channel.Schwarz.SSAEqualityPetzRecovery (19s)
✔ [9659/9707] Built QICLean.Entropy.ConditionalTwoFamilies (21s)
✔ [9660/9707] Built QICLean.Spectral.TransferOperatorGapRectNormalized (35s)
✔ [9661/9707] Built QICLean.Kraus.PrimitiveFixedPoint.Irreducible (33s)
✔ [9662/9707] Built QICLean.Spectral.GaugeConstruction (36s)
✔ [9663/9707] Built QICLean.Channel.Semigroup.Primitivity.Basic (34s)
✔ [9664/9707] Built QICLean.Channel.WhitenedChoi (35s)
✔ [9665/9707] Built QICLean.Channel.Irreducible.PositiveMapSpectralCharacterization (35s)
✔ [9666/9707] Built QICLean.Channel.Schwarz (4.8s)
✔ [9667/9707] Built QICLean.Channel.KoashiImoto.InvariantConditionalFamily (5.0s)
✔ [9668/9707] Built QICLean.Channel.KoashiImoto.InvariantConditionalBlockForm (10s)
✔ [9669/9707] Built QICLean.Kraus.PrimitiveFixedPoint (17s)
✔ [9670/9707] Built QICLean.Spectral.TransferOperatorGapNormalized (18s)
✔ [9671/9707] Built QICLean.Channel.Irreducible (17s)
✔ [9672/9707] Built QICLean.Channel.FaithfulMarginalWhitenedChoi (19s)
✔ [9673/9707] Built QICLean.Channel.Semigroup.Primitivity.Helpers (19s)
✔ [9674/9707] Built QICLean.Channel.KoashiImoto.MarkovBipartiteBlockForm (6.5s)
✔ [9675/9707] Built QICLean.Spectral (7.7s)
✔ [9676/9707] Built QICLean.Channel.KoashiImoto.AmbientMarkovBipartiteBlockForm (7.9s)
✔ [9677/9707] Built QICLean.Channel.MarginalSupportWhitenedChoi (11s)
✔ [9678/9707] Built QICLean.Channel.Semigroup.Primitivity.SpectralMapping (11s)
✔ [9679/9707] Built QICLean.Channel.KoashiImoto.MarkovDilation.Basic (4.4s)
✔ [9680/9707] Built QICLean.Entropy.MutualInformationOperatorSchmidt (8.4s)
✔ [9681/9707] Built QICLean.Channel.KoashiImoto.MarkovDilation.SectorAction (6.4s)
✔ [9682/9707] Built QICLean.Channel.Semigroup.Primitivity.IrreducibleAnalysis (10s)
✔ [9683/9707] Built QICLean.Channel.KoashiImoto.MarkovDilation.AmbientBlockAction (8.7s)
✔ [9684/9707] Built QICLean.Channel.KoashiImoto.MarkovDilation (4.1s)
✔ [9685/9707] Built QICLean.Channel.KoashiImoto.MarkovDilationBlockForm (5.8s)
✔ [9686/9707] Built QICLean.Channel.Semigroup.Primitivity.MainTheorem (8.7s)
✔ [9687/9707] Built QICLean.Channel.KoashiImoto.MarkovTripartiteBlockForm (3.7s)
✔ [9688/9707] Built QICLean.Kraus.Wielandt.Primitivity.StronglyIrreducibleToFullWordSpan (9.6s)
✔ [9689/9707] Built QICLean.Channel.KoashiImoto (5.5s)
✔ [9690/9707] Built QICLean.Analysis.EntropyMarkovForward (6.3s)
✔ [9691/9707] Built QICLean.Channel.Semigroup.Primitivity (10s)
✔ [9692/9707] Built QICLean.Channel.Semigroup.RelaxationCorollary (10s)
✔ [9693/9707] Built QICLean.Entropy.SSAEqualityCharacterization (4.6s)
✔ [9694/9707] Built QICLean.Kraus.Wielandt.Primitivity (10s)
✔ [9695/9707] Built QICLean.Channel.WolfTheorem68 (11s)
✔ [9696/9707] Built QICLean.Analysis (7.8s)
✔ [9697/9707] Built QICLean.Entropy.MarkovChain (5.4s)
✔ [9698/9707] Built QICLean.Channel.Semigroup (11s)
✔ [9699/9707] Built QICLean.Kraus.Wielandt (12s)
✔ [9700/9707] Built QICLean.Channel.WielandtLowDim (12s)
✔ [9701/9707] Built QICLean.Entropy.PositiveOverlappingProduct (7.5s)
✔ [9702/9707] Built QICLean.Channel.QuantumWielandt (12s)
✔ [9703/9707] Built QICLean.Kraus (8.3s)
✔ [9704/9707] Built QICLean.Entropy (8.1s)
✔ [9705/9707] Built QICLean.Channel (8.5s)
✔ [9706/9707] Built QICLean (6.3s)
Build completed successfully (9707 jobs).
