 (loading package /Users/siruilu/.local/share/uv/tools/texra-
   blueprint/lib/python3.14/site-packages/plasTeX/Packages/report.py
 )..
 (loading package /Users/siruilu/.local/share/uv/tools/texra-
   blueprint/lib/python3.14/site-packages/plasTeX/Packages/xcolor.py
 )
 (loading package /Users/siruilu/.local/share/uv/tools/texra-
   blueprint/lib/python3.14/site-packages/plasTeX/Packages/amssymb.py
 )
 (loading package /Users/siruilu/.local/share/uv/tools/texra-
   blueprint/lib/python3.14/site-packages/plasTeX/Packages/amsthm.py
 )
 (loading package /Users/siruilu/.local/share/uv/tools/texra-
   blueprint/lib/python3.14/site-packages/plasTeX/Packages/amsmath.py
 )
 (loading package /Users/siruilu/.local/share/uv/tools/texra-
   blueprint/lib/python3.14/site-packages/plasTeX/Packages/natbib.py
 )
 (loading package /Users/siruilu/.local/share/uv/tools/texra-
   blueprint/lib/python3.14/site-packages/plasTeX/Packages/hyperref.py
 )
 (loading package /Users/siruilu/.local/share/uv/tools/texra-
   blueprint/lib/python3.14/site-packages/leanblueprint/Packages/blueprint.py
 (loading package /Users/siruilu/.local/share/uv/tools/texra-
   blueprint/lib/python3.14/site-packages/plastexdepgraph/Packages/depgraph.py
 )
 (loading package /Users/siruilu/.local/share/uv/tools/texra-
   blueprint/lib/python3.14/site-packages/plastexshowmore/Packages/showmore.py
 ) )
 (loading package /Users/siruilu/.local/share/uv/tools/texra-
   blueprint/lib/python3.14/site-
   packages/texra_blueprint/Packages/texra_patches.py
 )
 (loading package /Users/siruilu/.local/share/uv/tools/texra-
   blueprint/lib/python3.14/site-
   packages/texra_blueprint/Packages/texra_graphs.py
 )
 (loading package
   /Users/siruilu/Local/agentFormalization/QICLean/worktrees/area-law-grouped-
   label-entropy/blueprint/src/Packages/tenkz_pic.py
 ).... ( ./macros/common.tex )................ ( ./macros/web.tex )........
 ( ./content.tex ). ( ./chapter/ch01_deconstructing_quantum.tex )....
 ( ./chapter/ch01_states.tex ).............................................
........ ( ./chapter/ch01_shifted_density_powers.tex ).....................
. ( ./chapter/ch01_shifted_density_truncation.tex )........................
.......................... ( ./chapter/ch01_shifted_power_derivative.tex ).
............. ( ./chapter/ch01_patch_regulator.tex )........
 ( ./chapter/ch01_positive_maps.tex )......................................
...........................................................................
...........................................................................
...............................................
 ( ./chapter/ch01_spectrum_and_wigner.tex )................................
......................................................
 ( ./chapter/ch01_cyclic_trace_power.tex )......
 ( ./chapter/ch01_coherent_frames.tex )............
 ( ./chapter/ch02_channels.tex )....
 ( ./chapter/ch02_channels_positive_map_and_channel_foundations.tex )......
..........................................................
 ( ./chapter/ch02_channels_rectangular_kraus_maps.tex )....................
..........................................................................
 ( ./chapter/ch02_channels_tensor_maps_and_controlled_trace.tex )..........
....... ( ./chapter/ch02_channels_transfer_map_foundations.tex )...........
.............................................
 ( ./chapter/ch02_channels_peripheral_spectrum_and_primitivity.tex ).......
...........................................................................
...............................................
 ( ./chapter/ch03_channel_representations.tex )....
 ( ./chapter/ch03_channel_representations_choi_foundations.tex )...........
...................................
 ( ./chapter/ch03_channel_representations_rectangular_choi_bounds.tex )....
..............
 ( ./chapter/ch03_channel_representations_no_information_without_disturbanc
   e.tex
 )......................
 ( ./chapter/ch03_channel_representations_choi_and_kraus.tex ).............
...........................................................................
..........................................................................
 ( ./chapter/ch03_channel_representations_kraus_iterate_choi.tex ).........
...................
 ( ./chapter/ch03_channel_representations_ensemble_equivalence.tex ).......
....................
 ( ./chapter/ch03_channel_representations_hermitian_intertwiners.tex ).....
... ( ./chapter/ch03_channel_representations_dilations_and_ordered_cp.tex )
...........................................................................
...........................................................................
...........................................................................
..............
 ( ./chapter/ch03_channel_representations_normal_forms_and_determinant.tex
 ).........................................................................
...........................................................................
.................................................................
 ( ./chapter/ch03_channel_representations_determinant_choi_bound.tex ).....
............. ( ./chapter/ch03_channel_representations_self_dual.tex ).....
..................................................
 ( ./chapter/ch03_channel_representations_transfer_matrix_identities.tex ).
............ ( ./chapter/ch03_channel_representations_sic_povms.tex )......
..............................................................
 ( ./chapter/ch04_positive_not_cp.tex )....
 ( ./chapter/ch04_positive_not_cp_trace_normalization_and_lorentz_cone.tex
 ).............
 ( ./chapter/ch04_positive_not_cp_two_positive_schmidt_and_choi.tex )......
...........................................................................
............................................................
 ( ./chapter/ch04_positive_not_cp_npositivity_infimum.tex )................
........
 ( ./chapter/ch04_positive_not_cp_positivity_reduction_and_breuer_hall.tex
 ).........................................................................
....................................................................
 ( ./chapter/ch04_positive_not_cp_choi_and_decomposable_maps.tex ).........
...........................................................................
...........................................................................
...........................................................................
.. ( ./chapter/ch04_positive_not_cp_ppt_and_separable_states.tex ).........
.......................................................................
 ( ./chapter/ch04_positive_not_cp_schmidt_number_and_entanglement.tex )....
..............................................
 ( ./chapter/ch04_positive_not_cp_kramers_degeneracy.tex ).................
............. ( ./chapter/ch04_positive_not_cp_supporting_results.tex )....
...........................................................................
...........................................................................
...........................................................
 ( ./chapter/ch04_convex_structure.tex )...................................
. ( ./chapter/ch05_schwarz.tex ).... ( ./chapter/ch05_schwarz_ft_core.tex )
....................................................
 ( ./chapter/ch05_schwarz_retractions_and_peripheral_equality.tex )........
...................... ( ./chapter/ch05_schwarz_douglas.tex )............
 ( ./chapter/ch05_schwarz_schur_complement.tex )..........
 ( ./chapter/ch05_schwarz_abstract_domains_and_order.tex ).................
...........................................................................
...............................
 ( ./chapter/ch05_schwarz_supporting_results.tex ).........................
......................................
 ( ./chapter/ch06_operator_convexity.tex )....
 ( ./chapter/ch06_operator_convexity_schwarz_and_jensen.tex )..............
...........................................................................
.................................
 ( ./chapter/ch06_operator_convexity_lieb_and_resolvent.tex )..............
................................................................
 ( ./chapter/ch06_operator_convexity_matrix_means.tex )....................
............................................ ( ./chapter/ch07_qpf.tex )....
 ( ./chapter/ch07_qpf_cesaro_fixed_points.tex )............................
..............................................
 ( ./chapter/ch07_qpf_weighted_cesaro.tex )................................
...........................................................................
...........................................................................
....................................................
 ( ./chapter/ch07_qpf_irreducibility_and_ergodicity.tex )..................
.....................................
 ( ./chapter/ch07_qpf_supporting_results.tex ).............................
........................................................
 ( ./chapter/ch08_spectral.tex )......
 ( ./chapter/ch08_spectral_ft_peripheral_cyclic.tex )......................
............. ( ./chapter/ch08_spectral_supporting_results.tex )...........
...........................................................................
.................................. ( ./chapter/ch09_channel_asymptotics.tex
 )...... ( ./chapter/ch09_channel_asymptotics_jordan_block_power.tex ).....
. ( ./chapter/ch09_channel_asymptotics_upper_triangular_power.tex )........
...........................................
 ( ./chapter/ch09_channel_asymptotics_detailed_balance.tex )...............
..... ( ./chapter/ch09_channel_asymptotics_mean_ergodic.tex )..............
......................
 ( ./chapter/ch09_channel_asymptotics_fixed_point_algebras.tex )...........
................................
 ( ./chapter/ch09_channel_asymptotics_fixed_points_and_wedderburn_i.tex )..
...........................................................................
...........................................................................
........................................
 ( ./chapter/ch09_channel_asymptotics_wedderburn_ii.tex )..................
...........................................................................
............................................
 ( ./chapter/ch09_channel_asymptotics_corner_and_overlap_decompositions.tex
 )..........................
 ( ./chapter/ch09_channel_asymptotics_direct_sum_schwarz_maps.tex )........
...........................................................................
..........
 ( ./chapter/ch09_channel_asymptotics_direct_sum_corners_and_maximal_suppor
   t.tex
 )............................................................
 ( ./chapter/ch09_channel_asymptotics_fixed_point_structure_and_cycles.tex
 ).........................................................................
...............................................................
 ( ./chapter/ch09_channel_asymptotics_supporting_results.tex ).............
.........................................................
 ( ./chapter/ch10_wielandt.tex )....
 ( ./chapter/ch10_wielandt_cumulative_bound.tex )..........................
...........................................................................
.............................
 ( ./chapter/ch10_wielandt_supporting_results.tex )........................
................ ( ./chapter/ch11_semigroup.tex )........
 ( ./chapter/ch11_semigroup_hermitian_paths.tex )................
 ( ./chapter/ch11_semigroup_dynamics_and_gksl.tex )........................
...........................................................................
...........................................................................
........................................................
 ( ./chapter/ch11_semigroup_dissipation_and_primitivity.tex )..............
...........................................................................
.........................................
 ( ./chapter/ch11_semigroup_adjoint_kernel_and_reducibility.tex )..........
...........................................................................
...............................................................
 ( ./chapter/ch12_entropy.tex )......
 ( ./chapter/ch12_entropy_trace_norm.tex ).................................
...........................................................................
...................... ( ./chapter/ch12_polar_unitary_correction.tex ).....
.... ( ./chapter/ch12_rectangular_windows.tex ).....................
 ( ./chapter/ch12_entropy_majorization.tex )........
 ( ./chapter/ch12_entropy_von_neumann_and_relative_i.tex ).................
...........................................................................
.............................................
 ( ./chapter/ch12_entropy_von_neumann_and_relative_ii.tex )................
...........................................................................
...........................................................................
...................... ( ./chapter/ch12_entropy_tripartite_and_ssa_i.tex ).
...........................................................................
....................................
 ( ./chapter/ch12_entropy_tripartite_and_ssa_ii.tex )......................
...........................................................................
...........................................................................
.................................................
 ( ./chapter/ch12_entropy_mutual_information.tex ).........................
................ ( ./chapter/ch12_entropy_data_processing.tex )............
 ( ./chapter/ch12_entropy_conditional_continuity.tex ).....................
.............
 ( ./chapter/ch12_entropy_classical_operator_schmidt_and_renyi.tex ).......
...........................................................................
..........................................................................
 ( ./chapter/ch12_entropy_finite_product.tex )....................
 ( ./chapter/ch12_entropy_finite_product_splitting.tex )..........
 ( ./chapter/ch12_entropy_finite_product_information.tex )........
 ( ./chapter/ch12_entropy_conditional_two_families.tex )......
 ( ./chapter/ch12_entropy_typical_spectrum.tex )..........
 ( ./chapter/ch12_entropy_typical_density.tex )........
 ( ./chapter/ch12_entropy_typical_pure_state.tex )..........
 ( ./chapter/ch12_entropy_regional_typical_state.tex )......
 ( ./chapter/ch12_entropy_typical_tail.tex )......
 ( ./fragment/typical_pure_compression.tex )..........
 ( ./chapter/ch12_density_simplex.tex )......
 ( ./chapter/ch12_shifted_density_commutation.tex )..
 ( ./fragment/spectral_cutoff_mass.tex )......
 ( ./fragment/replica_defect.tex )..............
 ( ./fragment/replica_excitation_decomposition.tex )............
 ( ./fragment/replica_excitation_symmetry.tex )..........
 ( ./chapter/ch12_entropy_physical_buffer_overlap.tex )..................
 ( ./chapter/ch12_entropy_doubled_system_gap.tex )................
 ( ./fragment/replica_permutation_covariance.tex )..............
 ( ./chapter/ch12_entropy_corollaries.tex )......................
 ( ./chapter/ch13_buffered_filters.tex )..........
 ( ./chapter/ch13_spectral_filter.tex )....................................
.................................. ( ./chapter/ch13_marginal_tails.tex )...
.........................................................
 ( ./chapter/ch13_schur_labels.tex ).......................................
................................. ( ./fragment/grouped_label_entropy.tex ).
..... ( ./fragment/bad_copy_label_dimension.tex )......
 ( ./fragment/good_auxiliary_label_entropy.tex )......
 ( ./fragment/good_auxiliary_label_compression.tex )......
 ( ./fragment/replica_good_auxiliary_label_bound.tex ).....................
...........................................................................
.......................
INFO: Directing output files to directory: ../web/.
INFO: Importing templates from /Users/siruilu/.local/share/uv/tools/texra-
   blueprint/lib/python3.14/site-packages/plasTeX/Renderers/PageTemplate
INFO: Importing templates from /Users/siruilu/.local/share/uv/tools/texra-
   blueprint/lib/python3.14/site-packages/plasTeX/Renderers/HTML5
INFO: Importing templates from
   /Users/siruilu/Local/agentFormalization/QICLean/worktrees/area-law-grouped-
   label-entropy/blueprint/src/plastex_templates
INFO: Using theme /Users/siruilu/.local/share/uv/tools/texra-
   blueprint/lib/python3.14/site-
   packages/plasTeX/Renderers/HTML5/Themes/default
INFO: Using the imager "gspdfpng".
INFO: Using the vector imager "dvisvgm".
 [ index.html [ ch-deconstructing_quantum.html ] [ ch-channels.html ]
 [ ch-channel_representations.html ] [ ch-positive_not_cp.html ]
 [ ch-convex_structure.html ] [ ch-schwarz.html ]
 [ ch-operator_convexity.html ] [ ch-qpf.html ] [ ch-spectral.html ]
 [ ch-channel_asymptotics.html ] [ ch-wielandt.html ] [ ch-semigroup.html ]
 [ ch-entropy.html ] [ ch-buffered_filters.html ] [ ch-spectral_filter.html
 ] [ ch-marginal_tails.html ] [ ch-schur_labels.html ] [ sect0001.html ] ]plasTeX version 3.1

