'Matrix.leftFilteredVector' depends on axioms: [propext, Classical.choice, Quot.sound]
'Matrix.leftFilteredVector_eq_kronecker' depends on axioms: [propext, Classical.choice, Quot.sound]
'Matrix.partialTraceLeft_projection_split' depends on axioms: [propext, Classical.choice, Quot.sound]
'Matrix.typicalPureState' depends on axioms: [propext, Classical.choice, Quot.sound]
'Matrix.partialTraceRight_typicalPureState' depends on axioms: [propext, Classical.choice, Quot.sound]
'Matrix.norm_typicalPureState' depends on axioms: [propext, Classical.choice, Quot.sound]
'Matrix.inner_typicalPureState' depends on axioms: [propext, Classical.choice, Quot.sound]
'Matrix.norm_sub_typicalPureState_sq' depends on axioms: [propext, Classical.choice, Quot.sound]
'Matrix.norm_sub_typicalPureState_sq_le' depends on axioms: [propext, Classical.choice, Quot.sound]
'Matrix.partialTraceLeft_typicalPureState' depends on axioms: [propext, Classical.choice, Quot.sound]
'Matrix.partialTraceLeft_typicalPureState_decomposition' depends on axioms: [propext, Classical.choice, Quot.sound]
'Matrix.partialTraceLeft_typicalPureState_le' depends on axioms: [propext, Classical.choice, Quot.sound]
'Matrix.entropy_partialTraceLeft_typicalPureState_le' depends on axioms: [propext, Classical.choice, Quot.sound]
'Matrix.partialTraceRight_partialTraceLeft_typicalPureState_decomposition' depends on axioms: [propext,
 Classical.choice,
 Quot.sound]
'Matrix.partialTraceRight_partialTraceLeft_typicalPureState_le' depends on axioms: [propext,
 Classical.choice,
 Quot.sound]
'Matrix.entropy_partialTraceRight_partialTraceLeft_typicalPureState_le' depends on axioms: [propext,
 Classical.choice,
 Quot.sound]
