✖ [3169/3171] Building QICLean.Analysis.CompressedPartialSwap (3.4s)
trace: .> LEAN_PATH=<DEPENDENCY_WORKTREE>/.lake/packages/Cli/.lake/build/lib/lean:<DEPENDENCY_WORKTREE>/.lake/packages/batteries/.lake/build/lib/lean:<DEPENDENCY_WORKTREE>/.lake/packages/Qq/.lake/build/lib/lean:<DEPENDENCY_WORKTREE>/.lake/packages/aesop/.lake/build/lib/lean:<DEPENDENCY_WORKTREE>/.lake/packages/proofwidgets/.lake/build/lib/lean:<DEPENDENCY_WORKTREE>/.lake/packages/importGraph/.lake/build/lib/lean:<DEPENDENCY_WORKTREE>/.lake/packages/LeanSearchClient/.lake/build/lib/lean:<DEPENDENCY_WORKTREE>/.lake/packages/plausible/.lake/build/lib/lean:<DEPENDENCY_WORKTREE>/.lake/packages/Gametheory/.lake/build/lib/lean:<DEPENDENCY_WORKTREE>/.lake/packages/mathlib/.lake/build/lib/lean:<DEPENDENCY_WORKTREE>/.lake/packages/checkdecls/.lake/build/lib/lean:<VALIDATION_WORKTREE>/.lake/build/lib/lean <LEAN_TOOLCHAIN>/bin/lean <VALIDATION_WORKTREE>/QICLean/Analysis/CompressedPartialSwap.lean -o <VALIDATION_WORKTREE>/.lake/build/lib/lean/QICLean/Analysis/CompressedPartialSwap.olean -i <VALIDATION_WORKTREE>/.lake/build/lib/lean/QICLean/Analysis/CompressedPartialSwap.ilean -c <VALIDATION_WORKTREE>/.lake/build/ir/QICLean/Analysis/CompressedPartialSwap.c --setup <VALIDATION_WORKTREE>/.lake/build/ir/QICLean/Analysis/CompressedPartialSwap.setup.json --json
warning: QICLean/Analysis/CompressedPartialSwap.lean:103:36: `if_pos` has been deprecated: Use `ite_eq_left` instead

Hint: Replace the deprecated name:
  i̵f̵_̵p̵o̵s̵i̲t̲e̲_̲e̲q̲_̲l̲e̲f̲t̲
error: QICLean/Analysis/CompressedPartialSwap.lean:103:4: unsolved goals
A : Type u_1
B : Type u_2
inst✝⁷ : Fintype A
inst✝⁶ : Fintype B
inst✝⁵ : DecidableEq A
inst✝⁴ : DecidableEq B
X : Type u_3
Y : Type u_4
inst✝³ : Fintype X
inst✝² : Fintype Y
inst✝¹ : DecidableEq X
inst✝ : DecidableEq Y
x : ((A × B) × A × B) × (X × Y) × X × Y → ℂ
p : ((A × B) × A × B) × (X × Y) × X × Y
⊢ ((if True then 1 else 0) * if True then 1 else 0) * x ((Equiv.partialSwap A B) p.1, (Equiv.partialSwap X Y) p.2) =
    x ((Equiv.partialSwap A B) p.1, (Equiv.partialSwap X Y) p.2)
warning: QICLean/Analysis/CompressedPartialSwap.lean:105:36: `if_neg` has been deprecated: Use `ite_eq_right` instead

Hint: Replace the deprecated name:
  i̵f̵_̵n̵e̵g̵i̲t̲e̲_̲e̲q̲_̲r̲i̲g̲h̲t̲
warning: QICLean/Analysis/CompressedPartialSwap.lean:108:34: `if_neg` has been deprecated: Use `ite_eq_right` instead

Hint: Replace the deprecated name:
  i̵f̵_̵n̵e̵g̵i̲t̲e̲_̲e̲q̲_̲r̲i̲g̲h̲t̲
warning: QICLean/Analysis/CompressedPartialSwap.lean:103:36: This simp argument is unused:
  if_pos rfl

Hint: Omit it from the simp argument list.
  [apply] simp only [partialSwap_apply, one_mul]

Note: This linter can be disabled with `set_option linter.unusedSimpArgs false`
warning: QICLean/Analysis/CompressedPartialSwap.lean:103:48: This simp argument is unused:
  one_mul

Hint: Omit it from the simp argument list.
  [apply] simp only [partialSwap_apply, if_pos rfl]

Note: This linter can be disabled with `set_option linter.unusedSimpArgs false`
warning: QICLean/Analysis/CompressedPartialSwap.lean:120:54: `if_pos` has been deprecated: Use `ite_eq_left` instead

Hint: Replace the deprecated name:
  i̵f̵_̵p̵o̵s̵i̲t̲e̲_̲e̲q̲_̲l̲e̲f̲t̲
error: QICLean/Analysis/CompressedPartialSwap.lean:120:4: unsolved goals
A : Type u_1
B : Type u_2
inst✝⁵ : Fintype A
inst✝⁴ : Fintype B
inst✝³ : DecidableEq A
inst✝² : DecidableEq B
Q : Type u_3
inst✝¹ : Fintype Q
inst✝ : DecidableEq Q
x : ((A × B) × A × B) × Q → ℂ
p : ((A × B) × A × B) × Q
⊢ ((if True then 1 else 0) * if True then 1 else 0) * x ((Equiv.partialSwap A B) p.1, p.2) =
    x ((Equiv.partialSwap A B) p.1, p.2)
warning: QICLean/Analysis/CompressedPartialSwap.lean:122:35: `if_neg` has been deprecated: Use `ite_eq_right` instead

Hint: Replace the deprecated name:
  i̵f̵_̵n̵e̵g̵i̲t̲e̲_̲e̲q̲_̲r̲i̲g̲h̲t̲
warning: QICLean/Analysis/CompressedPartialSwap.lean:125:34: `if_neg` has been deprecated: Use `ite_eq_right` instead

Hint: Replace the deprecated name:
  i̵f̵_̵n̵e̵g̵i̲t̲e̲_̲e̲q̲_̲r̲i̲g̲h̲t̲
warning: QICLean/Analysis/CompressedPartialSwap.lean:120:54: This simp argument is unused:
  if_pos rfl

Hint: Omit it from the simp argument list.
  [apply] simp only [partialSwap_apply, Matrix.one_apply, one_mul]

Note: This linter can be disabled with `set_option linter.unusedSimpArgs false`
warning: QICLean/Analysis/CompressedPartialSwap.lean:120:66: This simp argument is unused:
  one_mul

Hint: Omit it from the simp argument list.
  [apply] simp only [partialSwap_apply, Matrix.one_apply, if_pos rfl]

Note: This linter can be disabled with `set_option linter.unusedSimpArgs false`
Some required targets logged failures:
- QICLean.Analysis.CompressedPartialSwap
error: build failed
