✔ [3170/3171] Built QICLean.Entropy.ProductOverlapPurity (2.8s)
✖ [3171/3171] Building QICLean.Entropy.PhysicalBufferOverlap (3.4s)
trace: .> LEAN_PATH=<DEPENDENCY_WORKTREE>/.lake/packages/Cli/.lake/build/lib/lean:<DEPENDENCY_WORKTREE>/.lake/packages/batteries/.lake/build/lib/lean:<DEPENDENCY_WORKTREE>/.lake/packages/Qq/.lake/build/lib/lean:<DEPENDENCY_WORKTREE>/.lake/packages/aesop/.lake/build/lib/lean:<DEPENDENCY_WORKTREE>/.lake/packages/proofwidgets/.lake/build/lib/lean:<DEPENDENCY_WORKTREE>/.lake/packages/importGraph/.lake/build/lib/lean:<DEPENDENCY_WORKTREE>/.lake/packages/LeanSearchClient/.lake/build/lib/lean:<DEPENDENCY_WORKTREE>/.lake/packages/plausible/.lake/build/lib/lean:<DEPENDENCY_WORKTREE>/.lake/packages/Gametheory/.lake/build/lib/lean:<DEPENDENCY_WORKTREE>/.lake/packages/mathlib/.lake/build/lib/lean:<DEPENDENCY_WORKTREE>/.lake/packages/checkdecls/.lake/build/lib/lean:<VALIDATION_WORKTREE>/.lake/build/lib/lean <LEAN_TOOLCHAIN>/bin/lean <VALIDATION_WORKTREE>/QICLean/Entropy/PhysicalBufferOverlap.lean -o <VALIDATION_WORKTREE>/.lake/build/lib/lean/QICLean/Entropy/PhysicalBufferOverlap.olean -i <VALIDATION_WORKTREE>/.lake/build/lib/lean/QICLean/Entropy/PhysicalBufferOverlap.ilean -c <VALIDATION_WORKTREE>/.lake/build/ir/QICLean/Entropy/PhysicalBufferOverlap.c --setup <VALIDATION_WORKTREE>/.lake/build/ir/QICLean/Entropy/PhysicalBufferOverlap.setup.json --json
info: QICLean/Entropy/PhysicalBufferOverlap.lean:156:4: Try this:
  [apply] ring_nf

  The `ring` tactic failed to close the goal. Use `ring_nf` to obtain a normal form.

  Note that `ring` works primarily in *commutative* rings. If you have a noncommutative ring, abelian group or module, consider using `noncomm_ring`, `abel` or `module` instead.
error: QICLean/Entropy/PhysicalBufferOverlap.lean:152:36: unsolved goals
ι : Type u_7
inst✝ : Fintype ι
χ φ : ι → ℂ
hχ : star χ ⬝ᵥ χ = 1
hφ : star φ ⬝ᵥ φ = 1
b : ℝ
hb : 0 ≤ b
hclose : ‖WithLp.toLp 2 (χ - φ)‖ ≤ √(2 * (1 - Real.exp (-(b / 2))))
hexp : Real.exp (-(b / 2)) ≤ 1
hnonneg : 0 ≤ 2 * (1 - Real.exp (-(b / 2)))
⊢ 2 - RCLike.re (star φ ⬝ᵥ χ) * 2 = 2 - (star φ ⬝ᵥ χ).re * 2
warning: QICLean/Entropy/PhysicalBufferOverlap.lean:201:0: `physicalLeftSwap_compressedPartialSwap_overlap_eq_purity` does not use the following hypothesis in its type:
  • [DecidableEq Q] (#11)

Consider removing this hypothesis and using `classical` in the proof instead. For terms, consider using `open scoped Classical in` at the term level (not the command level).

Note: This linter can be disabled with `set_option linter.unusedDecidableInType false`
Some required targets logged failures:
- QICLean.Entropy.PhysicalBufferOverlap
error: build failed
