import took 1.7s
typeclass inference of Nonempty took 109ms
typeclass inference of Nonempty took 106ms
elaboration took 110ms
cumulative profiling times:
	attribute application 2.36ms
	blocked (unaccounted) 9.79ms
	compilation (IR) 0.367ms
	compilation (LCNF base) 3.43ms
	compilation (LCNF impure) 1.8ms
	compilation (LCNF mono) 3.47ms
	congr simp thm 8.59ms
	elaboration 266ms
	fix level params 2.27ms
	import 1.7s
	initialization 30.6ms
	instantiate metavars 1.89ms
	interpretation 713ms
	let-to-have transformation 0.794ms
	linting 30.1ms
	module linting 0.00136ms
	norm_num 0.714ms
	overlappingInstancesLinter 15.9ms
	parsing 16.7ms
	process pre-definitions 27.5ms
	share common exprs 6.59ms
	simp 245ms
	tactic execution 188ms
	tacticAnalysis 46.8ms
	type checking 81.4ms
	typeclass inference 1.54s
