import took 1.81s
cumulative profiling times:
	attribute application 0.0594ms
	congr simp thm 2.73ms
	elaboration 41.9ms
	fix level params 1.5ms
	import 1.81s
	initialization 33.2ms
	instantiate metavars 1.24ms
	interpretation 643ms
	let-to-have transformation 0.128ms
	linting 18.6ms
	module linting 0.00191ms
	norm_num 3.01ms
	overlappingInstancesLinter 4.71ms
	parsing 6.82ms
	process pre-definitions 8ms
	ring 34ms
	share common exprs 6.57ms
	simp 121ms
	tactic execution 158ms
	tacticAnalysis 23.6ms
	type checking 71.1ms
	typeclass inference 330ms
