# Repeated tactic patterns (>= 3 occurrences)
# Ranked by lines x occurrences; showing top 4

## 3 occurrences x 8 lines (weight 24)
    apply continuousOn_finsetSum Finset.univ
    intro i _
    apply continuousOn_finsetSum Finset.univ
    intro j _ t ht
    have ht0 : 0 < t := ht
    have hα : 0 < α i := hA.eigenvalues_pos i
    have hβ : 0 < β j := hB.eigenvalues_pos j
    have hden : α i + t * β j ≠ 0 := by positivity
  at: Analysis/RelativeEntropyResolventIntegral.lean:661, Analysis/RelativeEntropyResolventIntegral.lean:690, Analysis/RelativeEntropyResolventIntegral.lean:919

## 4 occurrences x 6 lines (weight 24)
    have hDαY : Dα * Y = fun i j => (α i : ℂ) * Y i j := by
    ext i j
    simp only [Dα, Matrix.diagonal_mul]
    have hYDβ : Y * Dβ = fun i j => Y i j * (β j : ℂ) := by
    ext i j
    simp only [Dβ, Matrix.mul_diagonal]
  at: Analysis/RelativeEntropyResolventIntegral.lean:235, Analysis/RelativeEntropyResolventIntegral.lean:405, Analysis/RelativeEntropySupportLeftRightQuadratic.lean:181 (+1 more)

## 3 occurrences x 6 lines (weight 18)
    have hdet : M.det.re = ∏ i, hM.1.eigenvalues i := by
    simp only [hM.1.det_eq_prod_eigenvalues, ← RCLike.ofReal_prod]
    exact RCLike.ofReal_re (K := ℂ) _
    have htr : M.trace.re = ∑ i, hM.1.eigenvalues i := by
    simp only [hM.1.trace_eq_sum_eigenvalues, ← RCLike.ofReal_sum]
    exact RCLike.ofReal_re (K := ℂ) _
  at: Analysis/DeterminantTraceBound.lean:68, Analysis/MatrixTraceInequalities.lean:242, Analysis/MatrixTraceInequalities.lean:269

## 3 occurrences x 6 lines (weight 18)
    rcases h₁ : decompB b₁ with ⟨j₁, l₁, r₁⟩
    rcases h₂ : decompB b₂ with ⟨j₂, l₂, r₂⟩
    simp only [blockState_apply]
    by_cases hj : j₁ = j₂
    · subst hj
    simp only [dite_eq_left, cast_eq]
  at: Analysis/EntropyMarkovReverse.lean:222, Analysis/EntropyMarkovReverse.lean:467, Analysis/EntropyMarkovReverse.lean:507

