Rc files read:
  /etc/LatexMk
Latexmk: This is Latexmk, John Collins, 11 Dec. 2024. Version 4.86.
Latexmk: applying rule 'xelatex'...
Rule 'xelatex':  Reasons for rerun
Changed files or newly in use/created:
  print.aux
  print.tex
Category 'changed_user':
  print.tex

------------
Run number 1 of rule 'xelatex'
------------
------------
Running 'xelatex -no-pdf -interaction=nonstopmode -halt-on-error -recorder  "print.tex"'
------------
This is XeTeX, Version 3.141592653-2.6-0.999996 (TeX Live 2025/dev/Debian) (preloaded format=xelatex)
 restricted \write18 enabled.
entering extended mode
(./print.tex
LaTeX2e <2024-11-01> patch level 2
L3 programming layer <2025-01-18>

! LaTeX Error: File `report.cls' not found.

Type X to quit or <RETURN> to proceed,
or enter new name. (Default extension: cls)

Enter file name:
! Emergency stop.
<read *>

l.2 ^^M

No pages of output.
Transcript written on print.log.
Latexmk: Getting log file 'print.log'
Latexmk: Examining 'print.fls'
Latexmk: Examining 'print.log'
Latexmk: Missing input file 'report.cls' (or dependence on it) from following:
  ! LaTeX Error: File `report.cls' not found.
Latexmk: Log file says no output from latex
Latexmk: For rule 'xelatex', no output was made
Latexmk: Errors, so I did not complete making targets
Collected error summary (may duplicate other messages):
  xelatex: Command for 'xelatex' gave return code 1
      Refer to 'print.log' and/or above output for details

Latexmk: Sometimes, the -f option can be used to get latexmk
  to try to force complete processing.
  But normally, you will need to correct the file(s) that caused the
  error, and then rerun latexmk.
  In some cases, it is best to clean out generated files before rerunning
  latexmk after you've corrected the files.
