'Entropy.normalizedRestriction' depends on axioms: [propext, Classical.choice, Quot.sound]
'Entropy.sum_normalizedRestriction' depends on axioms: [propext, Classical.choice, Quot.sound]
'Entropy.normalizedRestriction_pos' depends on axioms: [propext, Classical.choice, Quot.sound]
'Entropy.log_card_typical_centered' depends on axioms: [propext, Classical.choice, Quot.sound]
'Entropy.entropy_normalizedRestriction_typical_centered' depends on axioms: [propext, Classical.choice, Quot.sound]
'Entropy.typicalSpectrum_entropy_bounds' depends on axioms: [propext, Classical.choice, Quot.sound]
'Matrix.IsHermitian.spectralSelection' depends on axioms: [propext, Classical.choice, Quot.sound]
'Matrix.IsHermitian.spectralRestrictionMass' depends on axioms: [propext, Classical.choice, Quot.sound]
'Matrix.IsHermitian.normalizedSpectralRestriction' depends on axioms: [propext, Classical.choice, Quot.sound]
'Matrix.IsHermitian.isStarProjection_spectralSelection' depends on axioms: [propext, Classical.choice, Quot.sound]
'Matrix.IsHermitian.commute_spectralSelection' depends on axioms: [propext, Classical.choice, Quot.sound]
'Matrix.PosSemidef.normalizedSpectralRestriction_posSemidef' depends on axioms: [propext, Classical.choice, Quot.sound]
'Matrix.IsHermitian.trace_normalizedSpectralRestriction' depends on axioms: [propext, Classical.choice, Quot.sound]
'Matrix.IsHermitian.normalizedSpectralRestriction_eq' depends on axioms: [propext, Classical.choice, Quot.sound]
'Matrix.PosSemidef.spectralRestrictionMass_le_one' depends on axioms: [propext, Classical.choice, Quot.sound]
'Matrix.IsHermitian.rank_normalizedSpectralRestriction' depends on axioms: [propext, Classical.choice, Quot.sound]
'Matrix.PosSemidef.entropy_normalizedSpectralRestriction' depends on axioms: [propext, Classical.choice, Quot.sound]
'Matrix.PosSemidef.typicalSpectralRestriction_entropy_bounds' depends on axioms: [propext, Classical.choice, Quot.sound]
'FiniteProduct.splitTwoRegionsEquiv' depends on axioms: [propext, Classical.choice, Quot.sound]
'FiniteProduct.splitTwoRegionsState' depends on axioms: [propext, Classical.choice, Quot.sound]
'FiniteProduct.partialTraceRight_splitTwoRegionsState' depends on axioms: [propext, Classical.choice, Quot.sound]
'FiniteProduct.splitTwoRegionsState_unit' depends on axioms: [propext, Classical.choice, Quot.sound]
'FiniteProduct.exists_isIsometry_splitTwoRegionsState_norm_sub_le' depends on axioms: [propext,
 Classical.choice,
 Quot.sound]
'FiniteProduct.exists_isIsometry_splitTwoRegionsState_norm_sub_le_zpow' depends on axioms: [propext,
 Classical.choice,
 Quot.sound]
'FiniteProduct.conditionalMutualInformation_nonneg' depends on axioms: [propext, Classical.choice, Quot.sound]
'FiniteProduct.entropy_submodular' depends on axioms: [propext, Classical.choice, Quot.sound]
'FiniteProduct.mutualInformation_mono_left' depends on axioms: [propext, Classical.choice, Quot.sound]
'Matrix.trace_le_smul_rank_add_complement_of_le' depends on axioms: [propext, Classical.choice, Quot.sound]
'Matrix.PosSemidef.shiftedRegulator_bounds' depends on axioms: [propext, Classical.choice, Quot.sound]
'Matrix.PosSemidef.trace_shiftedRegulator_le_quarter' depends on axioms: [propext, Classical.choice, Quot.sound]
'Entropy.simplex_ratio_conditions_of_isMinOn' depends on axioms: [propext, Classical.choice, Quot.sound]
'Entropy.simplexFilterObjective' depends on axioms: [propext, Classical.choice, Quot.sound]
'Entropy.normalizedFilterWeights' depends on axioms: [propext, Classical.choice, Quot.sound]
'Entropy.hasFDerivAt_simplexFilterObjective' depends on axioms: [propext, Classical.choice, Quot.sound]
'Entropy.simplexFilterObjective_pos' depends on axioms: [propext, Classical.choice, Quot.sound]
'Entropy.normalizedFilterWeights_nonneg' depends on axioms: [propext, Classical.choice, Quot.sound]
'Entropy.sum_normalizedFilterWeights' depends on axioms: [propext, Classical.choice, Quot.sound]
'Entropy.normalizedFilterWeights_clipped_of_isMinOn' depends on axioms: [propext, Classical.choice, Quot.sound]
'Matrix.leftFilteredVector' depends on axioms: [propext, Classical.choice, Quot.sound]
'Matrix.leftFilteredVector_eq_kronecker' depends on axioms: [propext, Classical.choice, Quot.sound]
'Matrix.partialTraceLeft_projection_split' depends on axioms: [propext, Classical.choice, Quot.sound]
'Matrix.typicalPureState' depends on axioms: [propext, Classical.choice, Quot.sound]
'Matrix.partialTraceRight_typicalPureState' depends on axioms: [propext, Classical.choice, Quot.sound]
'Matrix.norm_typicalPureState' depends on axioms: [propext, Classical.choice, Quot.sound]
'Matrix.inner_typicalPureState' depends on axioms: [propext, Classical.choice, Quot.sound]
'Matrix.norm_sub_typicalPureState_sq' depends on axioms: [propext, Classical.choice, Quot.sound]
'Matrix.norm_sub_typicalPureState_sq_le' depends on axioms: [propext, Classical.choice, Quot.sound]
'Matrix.partialTraceLeft_typicalPureState' depends on axioms: [propext, Classical.choice, Quot.sound]
'Matrix.partialTraceLeft_typicalPureState_decomposition' depends on axioms: [propext, Classical.choice, Quot.sound]
'Matrix.partialTraceLeft_typicalPureState_le' depends on axioms: [propext, Classical.choice, Quot.sound]
'Matrix.entropy_partialTraceLeft_typicalPureState_le' depends on axioms: [propext, Classical.choice, Quot.sound]
'Matrix.partialTraceRight_partialTraceLeft_typicalPureState_decomposition' depends on axioms: [propext,
 Classical.choice,
 Quot.sound]
'Matrix.partialTraceRight_partialTraceLeft_typicalPureState_le' depends on axioms: [propext,
 Classical.choice,
 Quot.sound]
'Matrix.entropy_partialTraceRight_partialTraceLeft_typicalPureState_le' depends on axioms: [propext,
 Classical.choice,
 Quot.sound]
'Matrix.IsHermitian.spectralSelectionEmbedding' depends on axioms: [propext, Classical.choice, Quot.sound]
'Matrix.IsHermitian.isIsometry_spectralSelectionEmbedding' depends on axioms: [propext, Classical.choice, Quot.sound]
'Matrix.IsHermitian.spectralSelectionEmbedding_mul_conjTranspose' depends on axioms: [propext,
 Classical.choice,
 Quot.sound]
'Matrix.compressedTypicalPureState' depends on axioms: [propext, Classical.choice, Quot.sound]
'Matrix.kronecker_mulVec_compressedTypicalPureState' depends on axioms: [propext, Classical.choice, Quot.sound]
'Matrix.partialTraceRight_compressedTypicalPureState' depends on axioms: [propext, Classical.choice, Quot.sound]
'Matrix.partialTraceLeft_compressedTypicalPureState' depends on axioms: [propext, Classical.choice, Quot.sound]
'Matrix.norm_compressedTypicalPureState' depends on axioms: [propext, Classical.choice, Quot.sound]
'FiniteProduct.typicalPureState' depends on axioms: [propext, Classical.choice, Quot.sound]
'FiniteProduct.split_typicalPureState' depends on axioms: [propext, Classical.choice, Quot.sound]
'FiniteProduct.norm_typicalPureState' depends on axioms: [propext, Classical.choice, Quot.sound]
'FiniteProduct.reducedPure_typicalPureState' depends on axioms: [propext, Classical.choice, Quot.sound]
'FiniteProduct.entropy_typicalPureState_le' depends on axioms: [propext, Classical.choice, Quot.sound]
'FiniteProduct.reducedPure_typicalPureState_le' depends on axioms: [propext, Classical.choice, Quot.sound]
'Matrix.PosDef.commute_rpow_iff' depends on axioms: [propext, Classical.choice, Quot.sound]
'Matrix.PosSemidef.commute_add_smul_one_rpow_iff' depends on axioms: [propext, Classical.choice, Quot.sound]
'Matrix.PosSemidef.commute_of_commute_shifted_inverse_power' depends on axioms: [propext, Classical.choice, Quot.sound]
'Matrix.PosSemidef.typicalSet_normalizedSpectralRestriction_bounds' depends on axioms: [propext,
 Classical.choice,
 Quot.sound]
'Matrix.typicalPureState_typicalSet_bounds' depends on axioms: [propext, Classical.choice, Quot.sound]
'Matrix.PosSemidef.smul_one_sub_spectralCutoff_le' depends on axioms: [propext, Classical.choice, Quot.sound]
'Matrix.PosSemidef.spectralCutoff_mass_ge' depends on axioms: [propext, Classical.choice, Quot.sound]
'Matrix.replicaHamiltonian' depends on axioms: [propext, Classical.choice, Quot.sound]
'Matrix.replicaDefectCount' depends on axioms: [propext, Classical.choice, Quot.sound]
'Matrix.replicaHamiltonian_mulVec_prod' depends on axioms: [propext, Classical.choice, Quot.sound]
'Matrix.replicaMeanHamiltonian_kronecker_mulVec_prod' depends on axioms: [propext, Classical.choice, Quot.sound]
'Matrix.PosSemidef.replica_gap' depends on axioms: [propext, Classical.choice, Quot.sound]
'Matrix.posSemidef_replicaDefectCount' depends on axioms: [propext, Classical.choice, Quot.sound]
'Matrix.spectralCutoff_replica_gap_mass_ge' depends on axioms: [propext, Classical.choice, Quot.sound]
'Matrix.replicaExcitationProjection' depends on axioms: [propext, Classical.choice, Quot.sound]
'Matrix.isStarProjection_replicaExcitationProjection' depends on axioms: [propext, Classical.choice, Quot.sound]
'Matrix.sum_replicaExcitationProjection' depends on axioms: [propext, Classical.choice, Quot.sound]
'Matrix.replicaDefectCount_mul_replicaExcitationProjection' depends on axioms: [propext, Classical.choice, Quot.sound]
'Matrix.cfc_replicaDefectCount_eq_sum_replicaExcitationProjection' depends on axioms: [propext,
 Classical.choice,
 Quot.sound]
'Matrix.replicaExcitationProjection_mul_of_ne' depends on axioms: [propext, Classical.choice, Quot.sound]
'Matrix.replicaDefectCutoff_decomposition' depends on axioms: [propext, Classical.choice, Quot.sound]
