This is BibTeX, Version 0.99e (TeX Live 2026/Homebrew)
Capacity: max_strings=200000, hash_size=200000, hash_prime=170003
The top-level auxiliary file: print.aux
The style file: alpha.bst
Database file #1: references.bib
You've used 56 entries,
            2543 wiz_defined-function locations,
            904 strings with 15337 characters,
and the built_in function-call counts, 19186 in all, are:
= -- 1993
> -- 784
< -- 55
+ -- 271
- -- 246
* -- 1321
:= -- 3269
add.period$ -- 188
call.type$ -- 56
change.case$ -- 316
chr.to.int$ -- 38
cite$ -- 56
duplicate$ -- 755
empty$ -- 1350
format.name$ -- 335
if$ -- 3802
int.to.chr$ -- 19
int.to.str$ -- 0
missing$ -- 31
newline$ -- 303
num.names$ -- 168
pop$ -- 210
preamble$ -- 1
purify$ -- 374
quote$ -- 0
skip$ -- 603
stack$ -- 0
substring$ -- 1044
swap$ -- 61
text.length$ -- 55
text.prefix$ -- 34
top$ -- 0
type$ -- 440
warning$ -- 0
while$ -- 184
width$ -- 60
write$ -- 764
