✔ [3121/3172] Built QICLean.Algebra.MatrixFamilyAction (18s)
✔ [3125/3172] Built QICLean.Algebra.ConstantPowerSums (17s)
✔ [3126/3172] Built QICLean.Algebra.FiniteCauchySchwarz (17s)
✔ [3128/3172] Built QICLean.Algebra.HermitianPartSum (18s)
✔ [3129/3175] Built QICLean.Algebra.BlockPermutation (19s)
✔ [3130/3175] Built QICLean.Algebra.DependentBlockDiagonal (19s)
✔ [3133/3176] Built QICLean.Algebra.EqualRangeRightFactor (19s)
✔ [3135/3176] Built QICLean.Algebra.MatrixAlgHomCentralizer (19s)
✔ [3136/3178] Built QICLean.Algebra.SkolemNoether (19s)
✔ [3137/3178] Built QICLean.Algebra.MatrixTracePowerContinuity (19s)
✔ [3140/3195] Built QICLean.Algebra.EigenspaceMap (20s)
✔ [3146/3195] Built QICLean.Algebra.NewtonGirard (20s)
✔ [3147/3195] Built QICLean.Algebra.HermitianUnitaryConjugacy (21s)
✔ [3148/3195] Built QICLean.Algebra.HermitianTracePower (21s)
✔ [3150/3195] Built QICLean.Algebra.StarSubalgebraSpatial (21s)
✔ [3151/3195] Built QICLean.Algebra.FrameOperator (21s)
✔ [3152/3195] Built QICLean.Algebra.HermitianSpectrumPerturbation (21s)
✔ [3154/3199] Built QICLean.Algebra.KramersDegeneracy (21s)
✔ [3156/3200] Built QICLean.Algebra.KroneckerFactorPositivity (22s)
✔ [3158/3200] Built QICLean.Algebra.StarSubalgebraSemisimple (22s)
✔ [3161/3200] Built QICLean.Algebra.MatrixCongruence (9.4s)
✔ [3162/3200] Built QICLean.Algebra.L2OpNormReindex (9.7s)
✔ [3166/3200] Built QICLean.Algebra.FrobeniusHilbert (9.0s)
✔ [3167/3215] Built QICLean.Algebra.GramMatrixLI (10s)
✔ [3174/3215] Built QICLean.Algebra.BurnsideTheorem (13s)
✔ [3175/3215] Built QICLean.Algebra.MatrixDependentEntries (13s)
✔ [3176/3219] Built QICLean.Algebra.MatrixAlgEquiv (14s)
✔ [3182/3220] Built QICLean.Algebra.CompactSVD (16s)
✔ [3185/3226] Built QICLean.Algebra.EigenvectorProjection (17s)
✔ [3212/3258] Built QICLean.Algebra.SkolemNoetherUnitary (18s)
✔ [3213/3266] Built QICLean.Algebra.MatrixMulRange (18s)
✔ [3219/3266] Built QICLean.Algebra.CornerCompression (20s)
✔ [3220/3266] Built QICLean.Algebra.MatrixFamilySupport (19s)
✔ [3221/3266] Built QICLean.Algebra.MatrixGramConjugation (19s)
✔ [3222/3266] Built QICLean.Algebra.MatrixKernelRigidity (19s)
✔ [3225/3277] Built QICLean.Algebra.MatrixPosDefTransport (19s)
✔ [3226/3277] Built QICLean.Algebra.MatrixRankClosed (19s)
✔ [3227/3281] Built QICLean.Algebra.StarSubalgebraIrreducibleDecomp (19s)
✔ [3229/3281] Built QICLean.Algebra.HermitianSpectrumMultiplicity (20s)
✔ [3230/3281] Built QICLean.Algebra.MatrixOperatorSpace (21s)
✔ [3231/3281] Built QICLean.Algebra.MatrixRankBaseChange (14s)
✔ [3232/3281] Built QICLean.Algebra.ComplexPhasePositivity (15s)
✔ [3233/3283] Built QICLean.Algebra.MatrixTracePairing (12s)
✔ [3234/3283] Built QICLean.Algebra.MatrixUnitConjugator (10s)
✔ [3235/3283] Built QICLean.Algebra.PerronFrobenius.RankOne (17s)
✔ [3236/3283] Built QICLean.Algebra.MatrixRankKronecker (9.8s)
✔ [3237/3283] Built QICLean.Algebra.MatrixSpectralDecomp (15s)
✔ [3241/3283] Built QICLean.Algebra.PerronFrobenius.PrimitiveAperiodic (7.0s)
✔ [3242/3283] Built QICLean.Algebra.NilpotentSubspaceTwo (8.7s)
✔ [3243/3283] Built QICLean.Algebra.MinkowskiCanonicalPair (12s)
✔ [3245/3283] Built QICLean.Algebra.PerronFrobenius.SupportStabilization (8.7s)
✔ [3246/3283] Built QICLean.Algebra.PiProductTrace (9.4s)
✔ [3247/3283] Built QICLean.Algebra.RectangularChoi (12s)
✔ [3248/3287] Built QICLean.Algebra.RankOneSandwich (12s)
✔ [3253/3306] Built QICLean.Algebra.PerronFrobenius.Substochastic (16s)
✔ [3254/3306] Built QICLean.Algebra.PositiveSemidefiniteNormalization (17s)
✔ [3258/3306] Built QICLean.Algebra.NilMatrixSubalgebra (16s)
✔ [3259/3313] Built QICLean.Algebra.ScalarCommutant (16s)
✔ [3260/3313] Built QICLean.Algebra.ScalarPowerSumIdentity (16s)
✔ [3262/3316] Built QICLean.Algebra.TracePowerCharPoly (16s)
✔ [3266/3319] Built QICLean.Algebra.SkewSymmetricMatrix (15s)
✔ [3276/3319] Built QICLean.Algebra.TracePurity (18s)
✔ [3278/3319] Built QICLean.Algebra.CornerSkolemNoether (20s)
✔ [3279/3321] Built QICLean.Algebra.PerronFrobenius.Idempotent (19s)
✔ [3281/3327] Built QICLean.Algebra.StarSubalgebraSchur (20s)
✔ [3283/3327] Built QICLean.Algebra.HermitianSpectrumPreserver (20s)
✔ [3284/3332] Built QICLean.Algebra.StarSubalgebraSimpleModule (21s)
✔ [3294/3332] Built QICLean.Algebra.NilpotentSubspaceThree (16s)
✔ [3295/3335] Built QICLean.Algebra.MatrixStabilization (19s)
✔ [3298/3356] Built QICLean.Algebra.MatrixCyclicTracePower (19s)
✔ [3315/3375] Built QICLean.Channel.TensorMap (12s)
✔ [3316/3375] Built QICLean.Algebra.SpinCover.Basic (18s)
✔ [3317/3378] Built QICLean.Algebra.OperatorNormFrobenius (17s)
✔ [3318/3378] Built QICLean.Channel.Schwarz.PositiveMapProperties (18s)
✔ [3321/3385] Built QICLean.Algebra.ZModCyclicSums (10s)
✔ [3325/3385] Built QICLean.Algebra.TraceFormDuality (11s)
✔ [3329/3385] Built QICLean.Algebra.UnitModulusPowerSum (11s)
✔ [3330/3385] Built QICLean.Analysis.AdjointEigenvalues (13s)
✔ [3345/3391] Built QICLean.Algebra.ShiftedTracePowerSpectrum (15s)
✔ [3346/3396] Built QICLean.Analysis.TraceNormFrobenius (14s)
✔ [3445/3498] Built QICLean.Analysis.TraceNormContractivity (16s)
✔ [3663/3722] Built QICLean.Algebra.StarSubalgebraFactor (20s)
✔ [3775/3844] Built QICLean.Algebra.PerronFrobenius.PerronVector (15s)
✔ [3922/3995] Built QICLean.Analysis.OperatorNormConvergence (15s)
✔ [4197/4274] Built QICLean.Analysis.Dirichlet (15s)
✔ [4482/4553] Built QICLean.Algebra.StarSubalgebraIsotypic (17s)
✔ [4483/4553] Built QICLean.Analysis.SubperipheralSpectrum (14s)
✔ [4643/4735] Built QICLean.Analysis.MeanErgodic (16s)
✔ [5252/5349] Built QICLean.Channel.Schwarz.Basic (16s)
✔ [5429/5560] Built QICLean.Analysis.SpectralRadiusPowerDecay (17s)
✔ [5798/5887] Built QICLean.Channel.MaximallyEntangled (15s)
✔ [5850/5939] Built QICLean.Analysis.UnitarySchurTriangularization (17s)
✔ [5905/6012] Built QICLean.Algebra.PositiveSkolemNoether (15s)
✔ [6048/6174] Built QICLean.Channel.Determinant.Basic (14s)
✔ [6804/6908] Built QICLean.Channel.DensityRetract (15s)
✔ [6938/7054] Built QICLean.Algebra.ShiftedZeroTraceNilpotent (10s)
✔ [7966/8074] Built QICLean.Algebra.PerronFrobenius (7.2s)
✔ [8172/8302] Built QICLean.Analysis.TraceNormContractionCoefficient (10s)
✔ [9083/9682] Built QICLean.Channel.Semigroup.Basic (16s)
✔ [9084/9682] Built QICLean.Algebra.StarSubalgebraIsotypicDecomp (7.6s)
✔ [9085/9682] Built QICLean.Algebra.SpinCover.EulerAngles (21s)
✔ [9086/9682] Built QICLean.Algebra.StarSubalgebraIntertwinerIsometry (8.9s)
✔ [9087/9682] Built QICLean.Analysis.UpperTriangularBound (9.1s)
✔ [9089/9682] Built QICLean.Algebra.SwapTrace (6.9s)
✔ [9095/9682] Built QICLean.Algebra.SICPOVMBound (29s)
✔ [9096/9682] Built QICLean.Channel.Determinant.Bound (7.6s)
✔ [9097/9682] Built QICLean.Channel.ChoiRectangular (8.5s)
✔ [9098/9682] Built QICLean.Channel.Primitive (9.1s)
⚠ [9099/9682] Built QICLean.Analysis.ConvexHullCompact (17s)
warning: QICLean/Analysis/ConvexHullCompact.lean:65:4: `stdSimplex` has been deprecated: Use `Convexity.StdSimplex` instead

Note: The updated constant has a different type:
  (R : Type u) → [LE R] → [AddCommMonoid R] → [One R] → Type v → Type (max u v)
instead of
  (𝕜 : Type u_2) → (ι : Type u_1) → [Semiring 𝕜] → [PartialOrder 𝕜] → [Fintype ι] → Set (ι → 𝕜)
warning: QICLean/Analysis/ConvexHullCompact.lean:70:12: `isCompact_stdSimplex` has been deprecated: Use `Convexity.StdSimplex.compactSpace` instead

Note: The updated constant has a different type:
  ∀ (R : Type u_1) (M : Type u_2) [inst : Ring R] [inst_1 : TopologicalSpace R] [IsTopologicalRing R]
    [inst_3 : PartialOrder R] [inst_4 : IsStrictOrderedRing R] [CompactIccSpace R] [OrderClosedTopology R] [Finite M],
    CompactSpace (Convexity.StdSimplex R M)
instead of
  ∀ (𝕜 : Type u_1) (ι : Type u_2) [inst : Fintype ι] [inst_1 : TopologicalSpace 𝕜] [inst_2 : Semiring 𝕜]
    [inst_3 : PartialOrder 𝕜] [OrderClosedTopology 𝕜] [ContinuousAdd 𝕜] [CompactIccSpace 𝕜] [IsOrderedAddMonoid 𝕜],
    IsCompact (stdSimplex 𝕜 ι)
warning: QICLean/Analysis/ConvexHullCompact.lean:99:23: `stdSimplex` has been deprecated: Use `Convexity.StdSimplex` instead

Note: The updated constant has a different type:
  (R : Type u) → [LE R] → [AddCommMonoid R] → [One R] → Type v → Type (max u v)
instead of
  (𝕜 : Type u_2) → (ι : Type u_1) → [Semiring 𝕜] → [PartialOrder 𝕜] → [Fintype ι] → Set (ι → 𝕜)
✔ [9100/9682] Built QICLean.Analysis.DensitySimplex (18s)
✔ [9101/9682] Built QICLean.Analysis.Birkhoff (19s)
✔ [9102/9682] Built QICLean.Analysis.CStarCompletion (19s)
✔ [9103/9682] Built QICLean.Analysis.IdempotentEndomorphism (16s)
✔ [9104/9682] Built QICLean.Analysis.CStarMatrixKronecker (20s)
✔ [9105/9682] Built QICLean.Analysis.DifferentiableInnerAction (20s)
✔ [9106/9682] Built QICLean.Channel.FixedPoint.StationaryProjection (20s)
✔ [9107/9682] Built QICLean.Channel.MaximallyMixed (19s)
✔ [9108/9682] Built QICLean.Channel.Schwarz.KadisonSchwarz (20s)
✔ [9109/9682] Built QICLean.Analysis.MatrixTraceInequalities (22s)
✔ [9111/9682] Built QICLean.Channel.TransferMatrix (23s)
✔ [9112/9682] Built QICLean.Channel.KrausRepresentation (21s)
✔ [9113/9682] Built QICLean.Channel.Schwarz.AbstractMultiplicativeDomain (23s)
✔ [9114/9682] Built QICLean.Channel.Schwarz.SupportResolvent (20s)
✔ [9115/9682] Built QICLean.Analysis.FittingDecomposition (20s)
✔ [9116/9682] Built QICLean.Analysis.PhaseError (6.6s)
✔ [9117/9682] Built QICLean.Analysis.FiniteCoordinateNowosad.Recursion (20s)
✔ [9118/9682] Built QICLean.Analysis.ResolventFunctionalCalculus (22s)
⚠ [9120/9682] Built QICLean.Analysis.CyclicReciprocal (25s)
warning: QICLean/Analysis/CyclicReciprocal.lean:103:44: `stdSimplex` has been deprecated: Use `Convexity.StdSimplex` instead

Note: The updated constant has a different type:
  (R : Type u) → [LE R] → [AddCommMonoid R] → [One R] → Type v → Type (max u v)
instead of
  (𝕜 : Type u_2) → (ι : Type u_1) → [Semiring 𝕜] → [PartialOrder 𝕜] → [Fintype ι] → Set (ι → 𝕜)
✔ [9121/9682] Built QICLean.Analysis.GeometricDecay (5.0s)
✔ [9122/9682] Built QICLean.Analysis.HarmonicWeights (6.0s)
✔ [9123/9682] Built QICLean.Analysis.TraceDistance (7.4s)
✔ [9124/9682] Built QICLean.Analysis.ConicProgram (26s)
✔ [9125/9682] Built QICLean.Analysis.HermitianIntertwiner (6.8s)
✔ [9126/9682] Built QICLean.Analysis.NeumannInverse (5.8s)
✔ [9127/9682] Built QICLean.Analysis.HermitianUnitaryPath (6.8s)
✔ [9128/9682] Built QICLean.Analysis.HermitianMatrixCone (11s)
✔ [9129/9682] Built QICLean.Analysis.IsometricCompression (10s)
✔ [9130/9682] Built QICLean.Analysis.JordanBlockPower (10s)
✔ [9131/9682] Built QICLean.Analysis.MatrixFamilySupport (14s)
✔ [9132/9682] Built QICLean.Analysis.MatrixFramePerturbation (16s)
✔ [9133/9682] Built QICLean.Analysis.TwoProjectionReducedProjection (18s)
✔ [9135/9682] Built QICLean.Analysis.MatrixNonzeroTraceEigenvalue (19s)
✔ [9136/9682] Built QICLean.Analysis.PosSemidefCommute (18s)
✔ [9137/9682] Built QICLean.Analysis.PositiveGapTransfer (19s)
✔ [9138/9682] Built QICLean.Analysis.ScaleRecurrence (19s)
✔ [9139/9682] Built QICLean.Analysis.RectangleSimplePoles (21s)
✔ [9140/9682] Built QICLean.Analysis.SqrtHolder (21s)
✔ [9142/9682] Built QICLean.Analysis.SpectralRadius (20s)
✔ [9143/9682] Built QICLean.Analysis.SemidefiniteProgram (21s)
✔ [9144/9682] Built QICLean.Analysis.WeightedCesaroMean (15s)
✔ [9145/9682] Built QICLean.Analysis.SurprisalMoment (21s)
✔ [9146/9682] Built QICLean.Analysis.SinhRatioDensity (22s)
✔ [9147/9682] Built QICLean.Analysis.TraceHolder (21s)
✔ [9148/9682] Built QICLean.Analysis.StripQuadratic (21s)
✔ [9149/9682] Built QICLean.Analysis.SpectralFilter.Profile (23s)
✔ [9150/9682] Built QICLean.Analysis.RpowConvexity (26s)
✔ [9151/9682] Built QICLean.Analysis.WeylMonotonicity (13s)
✔ [9152/9682] Built QICLean.Channel.PartialTranspose (11s)
✔ [9153/9682] Built QICLean.Analysis.WeightedSupertrace (19s)
✔ [9154/9682] Built QICLean.Channel.DeferredEnvironmentTrace (10s)
✔ [9156/9682] Built QICLean.Channel.CompletelyPositiveBridge (11s)
✔ [9158/9682] Built QICLean.Channel.PSDConeAutomorphism.FaceDimension (10s)
✔ [9163/9682] Built QICLean.Channel.Wigner.Upstream.Unitary (9.8s)
✔ [9167/9682] Built QICLean.Channel.Schwarz.PositiveOnAbelian.Basic (12s)
✔ [9168/9682] Built QICLean.Channel.Irreducible.Basic (9.7s)
✔ [9169/9682] Built QICLean.Channel.FixedPoint.CornerAlgebra (10s)
✔ [9170/9682] Built QICLean.Kraus.Word (9.4s)
✔ [9171/9682] Built QICLean.Channel.GaugeConjugation (10s)
✔ [9176/9682] Built QICLean.Analysis.TwoProjectionCompression (26s)
✔ [9178/9682] Built QICLean.Channel.FixedPoint.Cesaro (12s)
✔ [9179/9682] Built QICLean.Kraus.Tactic.Attr (7.0s)
✔ [9180/9682] Built QICLean.Channel.LorentzNormalForm.QubitNormalForm (13s)
✔ [9181/9682] Built QICLean.Channel.Irreducible.Growth.Preservation (14s)
✔ [9182/9682] Built QICLean.Channel.Semigroup.GeneratorDefs (14s)
✔ [9183/9682] Built QICLean.Channel.Semigroup.WeightedLoweringContractivity (11s)
✔ [9184/9682] Built QICLean.Channel.MaximalWeightConvexDecomposition (15s)
✔ [9185/9682] Built QICLean.Entropy.OrderedEntropyAlgebra (11s)
✔ [9186/9682] Built QICLean.Channel.OperatorSystem (15s)
✔ [9187/9682] Built QICLean.Channel.Peripheral.PureStateFace (15s)
✔ [9188/9682] Built QICLean.Channel.Schwarz.Douglas (17s)
✔ [9189/9682] Built QICLean.Entropy.ClassicalMutualInformation (16s)
✔ [9190/9682] Built QICLean.Entropy.MutualInformationBasic (18s)
✔ [9191/9682] Built QICLean.Analysis.HayashiMarkovStructure (18s)
✔ [9192/9682] Built QICLean.Channel.Semigroup.Kernel (19s)
✔ [9193/9682] Built QICLean.Channel.Semigroup.Perturbation (20s)
✔ [9194/9682] Built QICLean.Algebra.SpinCover (18s)
✔ [9195/9682] Built QICLean.Analysis.SupportLogJensen (18s)
✔ [9196/9682] Built QICLean.Algebra.StarSubalgebraUnitaryIntertwiner (18s)
✔ [9197/9682] Built QICLean.Channel.Semigroup.ProductFormula (21s)
✔ [9198/9682] Built QICLean.Channel.Determinant.Composition (17s)
✔ [9199/9682] Built QICLean.Channel.Determinant.HilbertSchmidt (18s)
✔ [9200/9682] Built QICLean.Channel.CPDecomposition (18s)
✔ [9201/9682] Built QICLean.Channel.ChoiJamiolkowski (19s)
✔ [9202/9682] Built QICLean.Channel.KrausRank (19s)
✔ [9203/9682] Built QICLean.Kraus.PrimitiveFixedPoint.Basic (19s)
✔ [9204/9682] Built QICLean.Channel.FixedPoint.LimitingGramMetric (18s)
✔ [9205/9682] Built QICLean.Analysis.TwoProjectionAngleBlock (18s)
✔ [9206/9682] Built QICLean.Channel.Peripheral.Spectrum (18s)
✔ [9207/9682] Built QICLean.Channel.Schwarz.MultiplicativeDomain (15s)
✔ [9208/9682] Built QICLean.Analysis.ProjectionGeometry (17s)
✔ [9209/9682] Built QICLean.Channel.FixedPoint.SupportInvariance (17s)
✔ [9210/9682] Built QICLean.Channel.LorentzNormalForm.Infimum (18s)
✔ [9211/9682] Built QICLean.Analysis.DeterminantTraceBound (17s)
✔ [9212/9682] Built QICLean.Channel.ChoiTypeMap (19s)
✔ [9213/9682] Built QICLean.Analysis.ShiftedDensityPowers (18s)
✔ [9215/9682] Built QICLean.Channel.NormalForm (19s)
✔ [9216/9682] Built QICLean.Channel.KrausMap (18s)
✔ [9217/9682] Built QICLean.Channel.Stinespring (18s)
✔ [9218/9682] Built QICLean.Channel.SelfDual (19s)
✔ [9219/9682] Built QICLean.Channel.Schwarz.TracePreserving (18s)
✔ [9220/9682] Built QICLean.Channel.KrausCPTP (20s)
✔ [9221/9682] Built QICLean.Channel.Schwarz.Closure (19s)
✔ [9222/9682] Built QICLean.Analysis.FiniteCoordinateNowosad (18s)
✔ [9223/9682] Built QICLean.Channel.FixedPoint.AbstractAlgebra (19s)
ℹ [9224/9682] Replayed Gametheory.Scarf
info: Gametheory/Scarf.lean:241:33: Try this:
  [apply] rwa [h1.2] at hd

Note: This linter can be disabled with `set_option linter.tacticAnalysis.rwaSuggestion false`
info: Gametheory/Scarf.lean:246:33: Try this:
  [apply] rwa [h1.2] at hd

Note: This linter can be disabled with `set_option linter.tacticAnalysis.rwaSuggestion false`
✔ [9225/9682] Built QICLean.Analysis.GlobalGap (19s)
✔ [9226/9682] Built QICLean.Analysis.MatrixFittingRange (20s)
✔ [9230/9682] Built QICLean.Analysis.KroneckerExponential (16s)
✔ [9232/9682] Built QICLean.Analysis.YamagamiRegularBoundary (20s)
✔ [9234/9682] Built QICLean.Analysis.PureStateTraceDistance (19s)
✔ [9235/9682] Built QICLean.Analysis.YamagamiBoundary (20s)
✔ [9236/9682] Built QICLean.Analysis.JordanSimilarity (14s)
✔ [9237/9682] Built QICLean.Analysis.JordanBlockAsymptotics (14s)
✔ [9238/9682] Built QICLean.Analysis.InjectiveRangeProjector (23s)
✔ [9239/9682] Built QICLean.Analysis.MatrixReducedProjection (15s)
✔ [9240/9682] Built QICLean.Analysis.WeightedPositiveKernel (15s)
✔ [9241/9682] Built QICLean.Analysis.TypicalSet (13s)
✔ [9242/9682] Built QICLean.Analysis.OperatorMean.MatrixPowers (16s)
✔ [9243/9682] Built QICLean.Channel.SchmidtDecomposition (21s)
✔ [9246/9682] Built QICLean.Channel.Schwarz.UnitaryComparison (15s)
✔ [9247/9682] Built QICLean.Analysis.SinhRatioFourier (18s)
✔ [9248/9682] Built QICLean.Channel.Wigner.Upstream.TransitionProbability (15s)
✔ [9249/9682] Built QICLean.Analysis.SemidefiniteDuality (21s)
✔ [9250/9682] Built QICLean.Analysis.SpectralFilter.Cutoff (16s)
✔ [9251/9682] Built QICLean.Channel.Irreducible.Scaling (13s)
✔ [9252/9682] Built QICLean.Kraus.MultiBlockWord (10s)
✔ [9253/9682] Built QICLean.Entropy.ModularExpectation (18s)
✔ [9254/9682] Built QICLean.Kraus.WordSpan (8.2s)
✔ [9255/9682] Built QICLean.Analysis.CoisometricCompression (15s)
✔ [9256/9682] Built QICLean.Analysis.RelativeEntropyResolventIntegral (17s)
✔ [9257/9682] Built QICLean.Kraus.Tactic (2.4s)
✔ [9258/9682] Built QICLean.Channel.PerronFrobenius.Normalization (14s)
✔ [9259/9682] Built QICLean.Kraus.MapIterate (9.5s)
✔ [9260/9682] Built QICLean.Kraus.MixedMap (11s)
✔ [9261/9682] Built QICLean.Channel.FixedPoint.CanonicalGauge (5.8s)
✔ [9262/9682] Built QICLean.Kraus.ProjectionTriangularTrace (14s)
✔ [9263/9682] Built QICLean.Channel.KrausGauge (9.8s)
✔ [9264/9682] Built QICLean.Channel.FixedPoint.StationarySpan (6.8s)
✔ [9265/9682] Built QICLean.Channel.Schwarz.PositiveOnAbelian.Characterization (20s)
✔ [9266/9682] Built QICLean.Kraus.Transfer (7.8s)
✔ [9267/9682] Built QICLean.Channel.Schwarz.PositiveOnAbelian.Consequences (21s)
✔ [9268/9682] Built QICLean.Analysis.RootChannel (31s)
✔ [9269/9682] Built QICLean.Channel.Semigroup.LindbladForm.Basic (12s)
✔ [9270/9682] Built QICLean.Channel.Schwarz.SchurComplement (14s)
✔ [9271/9682] Built QICLean.Channel.OperatorSystemExtension (14s)
✔ [9272/9682] Built QICLean.Analysis.EntropyMarkovReverse (14s)
✔ [9273/9682] Built QICLean.Algebra.StarSubalgebraIsotypicFactorization (16s)
✔ [9274/9682] Built QICLean.Analysis.SandwichedRenyiTwo (16s)
✔ [9275/9682] Built QICLean.Channel.LorentzNormalForm.Basic (16s)
✔ [9276/9682] Built QICLean.Channel.Determinant.KrausRankTwo (17s)
✔ [9277/9682] Built QICLean.Analysis.TwoProjectionCompressionSpectrum (17s)
✔ [9279/9682] Built QICLean.Channel.KrausRectangular (18s)
✔ [9280/9682] Built QICLean.Channel.Peripheral.PeriodicityRemoval (17s)
✔ [9281/9682] Built QICLean.Channel.PositiveExamples (18s)
✔ [9282/9682] Built QICLean.Channel.Peripheral.TransferMatrix (18s)
✔ [9283/9682] Built QICLean.Channel.Peripheral.Powers (15s)
✔ [9284/9682] Built QICLean.Channel.Semigroup.CPClosure (19s)
✔ [9285/9682] Built QICLean.Channel.Schwarz.SchwarzNotCP (19s)
✔ [9286/9682] Built QICLean.Channel.Peripheral.AdjointSpectrum (16s)
✔ [9287/9682] Built QICLean.Channel.Peripheral.Conjugation (15s)
✔ [9288/9682] Built QICLean.Channel.Peripheral.AntilinearConjugation (15s)
✔ [9289/9682] Built QICLean.Channel.Schwarz.MultiplicativeDomainPowers (10s)
✔ [9290/9682] Built QICLean.Channel.Determinant.HeisenbergDual (13s)
✔ [9291/9682] Built QICLean.Kraus.InvariantProjection (9.5s)
✔ [9292/9682] Built QICLean.Channel.Irreducible.FixedPoint (8.0s)
✔ [9293/9682] Built QICLean.Analysis.FiniteRangeKnabe (11s)
⚠ [9294/9682] Replayed Gametheory.Brouwer
warning: Gametheory/Brouwer.lean:39:34: `stdSimplex` has been deprecated: Use `Convexity.StdSimplex` instead

Note: The updated constant has a different type:
  (R : Type u) → [LE R] → [AddCommMonoid R] → [One R] → Type v → Type (max u v)
instead of
  (𝕜 : Type u_2) → (ι : Type u_1) → [Semiring 𝕜] → [PartialOrder 𝕜] → [Fintype ι] → Set (ι → 𝕜)
warning: Gametheory/Brouwer.lean:49:45: `stdSimplex` has been deprecated: Use `Convexity.StdSimplex` instead

Note: The updated constant has a different type:
  (R : Type u) → [LE R] → [AddCommMonoid R] → [One R] → Type v → Type (max u v)
instead of
  (𝕜 : Type u_2) → (ι : Type u_1) → [Semiring 𝕜] → [PartialOrder 𝕜] → [Fintype ι] → Set (ι → 𝕜)
warning: Gametheory/Brouwer.lean:370:14: `stdSimplex` has been deprecated: Use `Convexity.StdSimplex` instead

Note: The updated constant has a different type:
  (R : Type u) → [LE R] → [AddCommMonoid R] → [One R] → Type v → Type (max u v)
instead of
  (𝕜 : Type u_2) → (ι : Type u_1) → [Semiring 𝕜] → [PartialOrder 𝕜] → [Fintype ι] → Set (ι → 𝕜)
warning: Gametheory/Brouwer.lean:370:37: `stdSimplex` has been deprecated: Use `Convexity.StdSimplex` instead

Note: The updated constant has a different type:
  (R : Type u) → [LE R] → [AddCommMonoid R] → [One R] → Type v → Type (max u v)
instead of
  (𝕜 : Type u_2) → (ι : Type u_1) → [Semiring 𝕜] → [PartialOrder 𝕜] → [Fintype ι] → Set (ι → 𝕜)
warning: Gametheory/Brouwer.lean:374:33: `stdSimplex` has been deprecated: Use `Convexity.StdSimplex` instead

Note: The updated constant has a different type:
  (R : Type u) → [LE R] → [AddCommMonoid R] → [One R] → Type v → Type (max u v)
instead of
  (𝕜 : Type u_2) → (ι : Type u_1) → [Semiring 𝕜] → [PartialOrder 𝕜] → [Fintype ι] → Set (ι → 𝕜)
warning: Gametheory/Brouwer.lean:374:33: `stdSimplex` has been deprecated: Use `Convexity.StdSimplex` instead

Note: The updated constant has a different type:
  (R : Type u) → [LE R] → [AddCommMonoid R] → [One R] → Type v → Type (max u v)
instead of
  (𝕜 : Type u_2) → (ι : Type u_1) → [Semiring 𝕜] → [PartialOrder 𝕜] → [Fintype ι] → Set (ι → 𝕜)
warning: Gametheory/Brouwer.lean:391:42: `stdSimplex` has been deprecated: Use `Convexity.StdSimplex` instead

Note: The updated constant has a different type:
  (R : Type u) → [LE R] → [AddCommMonoid R] → [One R] → Type v → Type (max u v)
instead of
  (𝕜 : Type u_2) → (ι : Type u_1) → [Semiring 𝕜] → [PartialOrder 𝕜] → [Fintype ι] → Set (ι → 𝕜)
warning: Gametheory/Brouwer.lean:391:42: `stdSimplex` has been deprecated: Use `Convexity.StdSimplex` instead

Note: The updated constant has a different type:
  (R : Type u) → [LE R] → [AddCommMonoid R] → [One R] → Type v → Type (max u v)
instead of
  (𝕜 : Type u_2) → (ι : Type u_1) → [Semiring 𝕜] → [PartialOrder 𝕜] → [Fintype ι] → Set (ι → 𝕜)
warning: Gametheory/Brouwer.lean:403:32: `stdSimplex` has been deprecated: Use `Convexity.StdSimplex` instead

Note: The updated constant has a different type:
  (R : Type u) → [LE R] → [AddCommMonoid R] → [One R] → Type v → Type (max u v)
instead of
  (𝕜 : Type u_2) → (ι : Type u_1) → [Semiring 𝕜] → [PartialOrder 𝕜] → [Fintype ι] → Set (ι → 𝕜)
warning: Gametheory/Brouwer.lean:506:40: `stdSimplex` has been deprecated: Use `Convexity.StdSimplex` instead

Note: The updated constant has a different type:
  (R : Type u) → [LE R] → [AddCommMonoid R] → [One R] → Type v → Type (max u v)
instead of
  (𝕜 : Type u_2) → (ι : Type u_1) → [Semiring 𝕜] → [PartialOrder 𝕜] → [Fintype ι] → Set (ι → 𝕜)
warning: Gametheory/Brouwer.lean:506:63: `stdSimplex` has been deprecated: Use `Convexity.StdSimplex` instead

Note: The updated constant has a different type:
  (R : Type u) → [LE R] → [AddCommMonoid R] → [One R] → Type v → Type (max u v)
instead of
  (𝕜 : Type u_2) → (ι : Type u_1) → [Semiring 𝕜] → [PartialOrder 𝕜] → [Fintype ι] → Set (ι → 𝕜)
warning: Gametheory/Brouwer.lean:507:65: `stdSimplex` has been deprecated: Use `Convexity.StdSimplex` instead

Note: The updated constant has a different type:
  (R : Type u) → [LE R] → [AddCommMonoid R] → [One R] → Type v → Type (max u v)
instead of
  (𝕜 : Type u_2) → (ι : Type u_1) → [Semiring 𝕜] → [PartialOrder 𝕜] → [Fintype ι] → Set (ι → 𝕜)
warning: Gametheory/Brouwer.lean:525:38: `stdSimplex` has been deprecated: Use `Convexity.StdSimplex` instead

Note: The updated constant has a different type:
  (R : Type u) → [LE R] → [AddCommMonoid R] → [One R] → Type v → Type (max u v)
instead of
  (𝕜 : Type u_2) → (ι : Type u_1) → [Semiring 𝕜] → [PartialOrder 𝕜] → [Fintype ι] → Set (ι → 𝕜)
warning: Gametheory/Brouwer.lean:548:23: `stdSimplex` has been deprecated: Use `Convexity.StdSimplex` instead

Note: The updated constant has a different type:
  (R : Type u) → [LE R] → [AddCommMonoid R] → [One R] → Type v → Type (max u v)
instead of
  (𝕜 : Type u_2) → (ι : Type u_1) → [Semiring 𝕜] → [PartialOrder 𝕜] → [Fintype ι] → Set (ι → 𝕜)
warning: Gametheory/Brouwer.lean:549:46: `stdSimplex` has been deprecated: Use `Convexity.StdSimplex` instead

Note: The updated constant has a different type:
  (R : Type u) → [LE R] → [AddCommMonoid R] → [One R] → Type v → Type (max u v)
instead of
  (𝕜 : Type u_2) → (ι : Type u_1) → [Semiring 𝕜] → [PartialOrder 𝕜] → [Fintype ι] → Set (ι → 𝕜)
warning: Gametheory/Brouwer.lean:551:55: `stdSimplex` has been deprecated: Use `Convexity.StdSimplex` instead

Note: The updated constant has a different type:
  (R : Type u) → [LE R] → [AddCommMonoid R] → [One R] → Type v → Type (max u v)
instead of
  (𝕜 : Type u_2) → (ι : Type u_1) → [Semiring 𝕜] → [PartialOrder 𝕜] → [Fintype ι] → Set (ι → 𝕜)
warning: Gametheory/Brouwer.lean:552:46: `stdSimplex` has been deprecated: Use `Convexity.StdSimplex` instead

Note: The updated constant has a different type:
  (R : Type u) → [LE R] → [AddCommMonoid R] → [One R] → Type v → Type (max u v)
instead of
  (𝕜 : Type u_2) → (ι : Type u_1) → [Semiring 𝕜] → [PartialOrder 𝕜] → [Fintype ι] → Set (ι → 𝕜)
warning: Gametheory/Brouwer.lean:566:34: `stdSimplex` has been deprecated: Use `Convexity.StdSimplex` instead

Note: The updated constant has a different type:
  (R : Type u) → [LE R] → [AddCommMonoid R] → [One R] → Type v → Type (max u v)
instead of
  (𝕜 : Type u_2) → (ι : Type u_1) → [Semiring 𝕜] → [PartialOrder 𝕜] → [Fintype ι] → Set (ι → 𝕜)
warning: Gametheory/Brouwer.lean:566:57: `stdSimplex` has been deprecated: Use `Convexity.StdSimplex` instead

Note: The updated constant has a different type:
  (R : Type u) → [LE R] → [AddCommMonoid R] → [One R] → Type v → Type (max u v)
instead of
  (𝕜 : Type u_2) → (ι : Type u_1) → [Semiring 𝕜] → [PartialOrder 𝕜] → [Fintype ι] → Set (ι → 𝕜)
warning: Gametheory/Brouwer.lean:626:34: `stdSimplex` has been deprecated: Use `Convexity.StdSimplex` instead

Note: The updated constant has a different type:
  (R : Type u) → [LE R] → [AddCommMonoid R] → [One R] → Type v → Type (max u v)
instead of
  (𝕜 : Type u_2) → (ι : Type u_1) → [Semiring 𝕜] → [PartialOrder 𝕜] → [Fintype ι] → Set (ι → 𝕜)
warning: Gametheory/Brouwer.lean:626:57: `stdSimplex` has been deprecated: Use `Convexity.StdSimplex` instead

Note: The updated constant has a different type:
  (R : Type u) → [LE R] → [AddCommMonoid R] → [One R] → Type v → Type (max u v)
instead of
  (𝕜 : Type u_2) → (ι : Type u_1) → [Semiring 𝕜] → [PartialOrder 𝕜] → [Fintype ι] → Set (ι → 𝕜)
warning: Gametheory/Brouwer.lean:631:87: `stdSimplex` has been deprecated: Use `Convexity.StdSimplex` instead

Note: The updated constant has a different type:
  (R : Type u) → [LE R] → [AddCommMonoid R] → [One R] → Type v → Type (max u v)
instead of
  (𝕜 : Type u_2) → (ι : Type u_1) → [Semiring 𝕜] → [PartialOrder 𝕜] → [Fintype ι] → Set (ι → 𝕜)
warning: Gametheory/Brouwer.lean:685:122: `stdSimplex` has been deprecated: Use `Convexity.StdSimplex` instead

Note: The updated constant has a different type:
  (R : Type u) → [LE R] → [AddCommMonoid R] → [One R] → Type v → Type (max u v)
instead of
  (𝕜 : Type u_2) → (ι : Type u_1) → [Semiring 𝕜] → [PartialOrder 𝕜] → [Fintype ι] → Set (ι → 𝕜)
warning: Gametheory/Brouwer.lean:686:83: `stdSimplex` has been deprecated: Use `Convexity.StdSimplex` instead

Note: The updated constant has a different type:
  (R : Type u) → [LE R] → [AddCommMonoid R] → [One R] → Type v → Type (max u v)
instead of
  (𝕜 : Type u_2) → (ι : Type u_1) → [Semiring 𝕜] → [PartialOrder 𝕜] → [Fintype ι] → Set (ι → 𝕜)
warning: Gametheory/Brouwer.lean:705:65: `stdSimplex` has been deprecated: Use `Convexity.StdSimplex` instead

Note: The updated constant has a different type:
  (R : Type u) → [LE R] → [AddCommMonoid R] → [One R] → Type v → Type (max u v)
instead of
  (𝕜 : Type u_2) → (ι : Type u_1) → [Semiring 𝕜] → [PartialOrder 𝕜] → [Fintype ι] → Set (ι → 𝕜)
warning: Gametheory/Brouwer.lean:706:53: `stdSimplex` has been deprecated: Use `Convexity.StdSimplex` instead

Note: The updated constant has a different type:
  (R : Type u) → [LE R] → [AddCommMonoid R] → [One R] → Type v → Type (max u v)
instead of
  (𝕜 : Type u_2) → (ι : Type u_1) → [Semiring 𝕜] → [PartialOrder 𝕜] → [Fintype ι] → Set (ι → 𝕜)
warning: Gametheory/Brouwer.lean:713:48: `stdSimplex` has been deprecated: Use `Convexity.StdSimplex` instead

Note: The updated constant has a different type:
  (R : Type u) → [LE R] → [AddCommMonoid R] → [One R] → Type v → Type (max u v)
instead of
  (𝕜 : Type u_2) → (ι : Type u_1) → [Semiring 𝕜] → [PartialOrder 𝕜] → [Fintype ι] → Set (ι → 𝕜)
warning: Gametheory/Brouwer.lean:717:48: `stdSimplex` has been deprecated: Use `Convexity.StdSimplex` instead

Note: The updated constant has a different type:
  (R : Type u) → [LE R] → [AddCommMonoid R] → [One R] → Type v → Type (max u v)
instead of
  (𝕜 : Type u_2) → (ι : Type u_1) → [Semiring 𝕜] → [PartialOrder 𝕜] → [Fintype ι] → Set (ι → 𝕜)
warning: Gametheory/Brouwer.lean:732:83: `stdSimplex` has been deprecated: Use `Convexity.StdSimplex` instead

Note: The updated constant has a different type:
  (R : Type u) → [LE R] → [AddCommMonoid R] → [One R] → Type v → Type (max u v)
instead of
  (𝕜 : Type u_2) → (ι : Type u_1) → [Semiring 𝕜] → [PartialOrder 𝕜] → [Fintype ι] → Set (ι → 𝕜)
warning: Gametheory/Brouwer.lean:740:81: `stdSimplex` has been deprecated: Use `Convexity.StdSimplex` instead

Note: The updated constant has a different type:
  (R : Type u) → [LE R] → [AddCommMonoid R] → [One R] → Type v → Type (max u v)
instead of
  (𝕜 : Type u_2) → (ι : Type u_1) → [Semiring 𝕜] → [PartialOrder 𝕜] → [Fintype ι] → Set (ι → 𝕜)
warning: Gametheory/Brouwer.lean:742:81: `stdSimplex` has been deprecated: Use `Convexity.StdSimplex` instead

Note: The updated constant has a different type:
  (R : Type u) → [LE R] → [AddCommMonoid R] → [One R] → Type v → Type (max u v)
instead of
  (𝕜 : Type u_2) → (ι : Type u_1) → [Semiring 𝕜] → [PartialOrder 𝕜] → [Fintype ι] → Set (ι → 𝕜)
warning: Gametheory/Brouwer.lean:743:46: `stdSimplex` has been deprecated: Use `Convexity.StdSimplex` instead

Note: The updated constant has a different type:
  (R : Type u) → [LE R] → [AddCommMonoid R] → [One R] → Type v → Type (max u v)
instead of
  (𝕜 : Type u_2) → (ι : Type u_1) → [Semiring 𝕜] → [PartialOrder 𝕜] → [Fintype ι] → Set (ι → 𝕜)
warning: Gametheory/Brouwer.lean:746:83: `stdSimplex` has been deprecated: Use `Convexity.StdSimplex` instead

Note: The updated constant has a different type:
  (R : Type u) → [LE R] → [AddCommMonoid R] → [One R] → Type v → Type (max u v)
instead of
  (𝕜 : Type u_2) → (ι : Type u_1) → [Semiring 𝕜] → [PartialOrder 𝕜] → [Fintype ι] → Set (ι → 𝕜)
✔ [9295/9682] Built QICLean.Channel.Determinant.ChoiBound (9.1s)
✔ [9296/9682] Built QICLean.Channel.ChoiTypeMap.Positivity (10s)
✔ [9298/9682] Built QICLean.Analysis.PatchRegulator (13s)
✔ [9300/9682] Built QICLean.Channel.NPositivitySpectralCriterion (15s)
✔ [9301/9682] Built QICLean.Kraus.PrimitiveFixedPoint.Peripheral (16s)
✔ [9302/9682] Built QICLean.Analysis.ShiftedDensityTruncation (17s)
✔ [9303/9682] Built QICLean.Channel.KrausCornerCompression (21s)
✔ [9304/9682] Built QICLean.Channel.DetailedBalance (22s)
✔ [9305/9682] Built QICLean.Channel.KrausFreedom (22s)
✔ [9306/9682] Built QICLean.Channel.SingleKrausPositivity (22s)
✔ [9307/9682] Built QICLean.Channel.ProjectiveResolution (22s)
✔ [9308/9682] Built QICLean.Channel.SingleKraus (22s)
✔ [9309/9682] Built QICLean.Channel.OrderedRectangular (22s)
✔ [9310/9682] Built QICLean.Channel.EnvironmentEmbedding (21s)
✔ [9311/9682] Built QICLean.Channel.SupportCompletion (22s)
✔ [9312/9682] Built QICLean.Channel.SupportedMarginalChannel (22s)
✔ [9313/9682] Built QICLean.Channel.LocalizedKrausCPTP (22s)
✔ [9314/9682] Built QICLean.Channel.Schwarz.TwoPositive (24s)
✔ [9315/9682] Built QICLean.Analysis.FiniteCoordinateNowosad.Yamagami (21s)
✔ [9316/9682] Built QICLean.Channel.OrderedCP (27s)
✔ [9317/9682] Built QICLean.Channel.PetzRecovery (22s)
✔ [9318/9682] Built QICLean.Analysis.SpectralFilter.Kernel (11s)
✔ [9319/9682] Built QICLean.Analysis.OperatorMean.WeightedGeometricMean (16s)
✔ [9320/9682] Built QICLean.Channel.Wigner.Upstream.FrameReduction (12s)
✔ [9321/9682] Built QICLean.Analysis.SinhRatioShift (14s)
✔ [9322/9682] Built QICLean.Kraus.Wielandt.RankOne.BoundedWord (5.8s)
✔ [9323/9682] Built QICLean.Analysis.GapPerturbation (22s)
✔ [9324/9682] Built QICLean.Entropy.SchmidtTilt (8.0s)
✔ [9325/9682] Built QICLean.Channel.Irreducible.Similarity (9.0s)
✔ [9326/9682] Built QICLean.Kraus.Wielandt.SpanGrowth.CumulativeSpan (7.0s)
✔ [9327/9682] Built QICLean.Kraus.Wielandt.RankOne.Extraction (8.0s)
✔ [9328/9682] Built QICLean.Kraus.Wielandt.RankOne.Element (8.2s)
✔ [9329/9682] Built QICLean.Kraus.Injectivity (10s)
✔ [9330/9682] Built QICLean.Kraus.TracePairing (14s)
✔ [9331/9682] Built QICLean.Channel.Schwarz.PositiveOnAbelian (14s)
✔ [9332/9682] Built QICLean.Analysis.RelativeEntropySupportIntegral (15s)
✔ [9333/9682] Built QICLean.Channel.Schwarz.SchwarzNormal (15s)
✔ [9334/9682] Built QICLean.Kraus.MixedMap.GaugeRigidity (16s)
✔ [9335/9682] Built QICLean.Channel.Semigroup.LiouvillianKernel (18s)
⚠ [9336/9682] Replayed Gametheory.Brouwer_product
warning: Gametheory/Brouwer_product.lean:15:21: `stdSimplex` has been deprecated: Use `Convexity.StdSimplex` instead

Note: The updated constant has a different type:
  (R : Type u) → [LE R] → [AddCommMonoid R] → [One R] → Type v → Type (max u v)
instead of
  (𝕜 : Type u_2) → (ι : Type u_1) → [Semiring 𝕜] → [PartialOrder 𝕜] → [Fintype ι] → Set (ι → 𝕜)
warning: Gametheory/Brouwer_product.lean:18:37: `stdSimplex` has been deprecated: Use `Convexity.StdSimplex` instead

Note: The updated constant has a different type:
  (R : Type u) → [LE R] → [AddCommMonoid R] → [One R] → Type v → Type (max u v)
instead of
  (𝕜 : Type u_2) → (ι : Type u_1) → [Semiring 𝕜] → [PartialOrder 𝕜] → [Fintype ι] → Set (ι → 𝕜)
warning: Gametheory/Brouwer_product.lean:48:12: `WellFounded.min_le` has been deprecated: Use `WellFoundedLT.min_le` instead

Note: The updated constant is in a different namespace. Dot notation may need to be changed (e.g., from `x.min_le` to `WellFoundedLT.min_le x`).

Hint: Replace the deprecated name:
  WellFoundedL̲T̲.min_le
warning: Gametheory/Brouwer_product.lean:224:8: `stdSimplex` has been deprecated: Use `Convexity.StdSimplex` instead

Note: The updated constant has a different type:
  (R : Type u) → [LE R] → [AddCommMonoid R] → [One R] → Type v → Type (max u v)
instead of
  (𝕜 : Type u_2) → (ι : Type u_1) → [Semiring 𝕜] → [PartialOrder 𝕜] → [Fintype ι] → Set (ι → 𝕜)
warning: Gametheory/Brouwer_product.lean:220:17: `stdSimplex` has been deprecated: Use `Convexity.StdSimplex` instead

Note: The updated constant has a different type:
  (R : Type u) → [LE R] → [AddCommMonoid R] → [One R] → Type v → Type (max u v)
instead of
  (𝕜 : Type u_2) → (ι : Type u_1) → [Semiring 𝕜] → [PartialOrder 𝕜] → [Fintype ι] → Set (ι → 𝕜)
warning: Gametheory/Brouwer_product.lean:229:15: `stdSimplex` has been deprecated: Use `Convexity.StdSimplex` instead

Note: The updated constant has a different type:
  (R : Type u) → [LE R] → [AddCommMonoid R] → [One R] → Type v → Type (max u v)
instead of
  (𝕜 : Type u_2) → (ι : Type u_1) → [Semiring 𝕜] → [PartialOrder 𝕜] → [Fintype ι] → Set (ι → 𝕜)
warning: Gametheory/Brouwer_product.lean:253:15: `stdSimplex` has been deprecated: Use `Convexity.StdSimplex` instead

Note: The updated constant has a different type:
  (R : Type u) → [LE R] → [AddCommMonoid R] → [One R] → Type v → Type (max u v)
instead of
  (𝕜 : Type u_2) → (ι : Type u_1) → [Semiring 𝕜] → [PartialOrder 𝕜] → [Fintype ι] → Set (ι → 𝕜)
warning: Gametheory/Brouwer_product.lean:375:8: `stdSimplex` has been deprecated: Use `Convexity.StdSimplex` instead

Note: The updated constant has a different type:
  (R : Type u) → [LE R] → [AddCommMonoid R] → [One R] → Type v → Type (max u v)
instead of
  (𝕜 : Type u_2) → (ι : Type u_1) → [Semiring 𝕜] → [PartialOrder 𝕜] → [Fintype ι] → Set (ι → 𝕜)
warning: Gametheory/Brouwer_product.lean:362:17: `stdSimplex` has been deprecated: Use `Convexity.StdSimplex` instead

Note: The updated constant has a different type:
  (R : Type u) → [LE R] → [AddCommMonoid R] → [One R] → Type v → Type (max u v)
instead of
  (𝕜 : Type u_2) → (ι : Type u_1) → [Semiring 𝕜] → [PartialOrder 𝕜] → [Fintype ι] → Set (ι → 𝕜)
warning: Gametheory/Brouwer_product.lean:382:15: `stdSimplex` has been deprecated: Use `Convexity.StdSimplex` instead

Note: The updated constant has a different type:
  (R : Type u) → [LE R] → [AddCommMonoid R] → [One R] → Type v → Type (max u v)
instead of
  (𝕜 : Type u_2) → (ι : Type u_1) → [Semiring 𝕜] → [PartialOrder 𝕜] → [Fintype ι] → Set (ι → 𝕜)
✔ [9337/9682] Built QICLean.Channel.Semigroup.LindbladForm.TraceBridge (22s)
✔ [9339/9682] Built QICLean.Analysis.SupportCompressedEntropy (22s)
✔ [9340/9682] Built QICLean.Algebra.StarSubalgebraBlockDiagonal (22s)
✔ [9342/9682] Built QICLean.Analysis.SandwichedRenyi (22s)
✔ [9343/9682] Built QICLean.Analysis.TwoProjectionAngleOrthogonality (21s)
✔ [9344/9682] Built QICLean.Channel.LorentzNormalForm.NormalForm (22s)
✔ [9345/9682] Built QICLean.Channel.Semigroup.PauliDissipation (24s)
✔ [9346/9682] Built QICLean.Channel.Peripheral.CyclicDecomposition.Basic (21s)
✔ [9347/9682] Built QICLean.Channel.StinespringRectangular (22s)
✔ [9348/9682] Built QICLean.Channel.LorentzNormalForm.PauliBlockTruncation (21s)
✔ [9349/9682] Built QICLean.Channel.Semigroup.LindbladForm.ChoiCCP (22s)
✔ [9350/9682] Built QICLean.Channel.POVM (20s)
✔ [9351/9682] Built QICLean.Channel.BreuerHallMap (24s)
✔ [9352/9682] Built QICLean.Channel.LorentzNormalForm.SpinorAction (26s)
✔ [9353/9682] Built QICLean.Channel.FixedPoint.MeanErgodicProjection (16s)
✔ [9354/9682] Built QICLean.Channel.Irreducible.FixedPointUniqueness (15s)
✔ [9355/9682] Built QICLean.Channel.Schwarz.MultiplicativeDomainFull (16s)
✔ [9356/9682] Built QICLean.Channel.Determinant.UnitaryCharacterization (16s)
✔ [9357/9682] Built QICLean.Channel.Peripheral.ClosureFixedPointKraus (12s)
✔ [9358/9682] Built QICLean.Kraus.IrreducibleAction (17s)
✔ [9359/9682] Built QICLean.Channel.Schwarz.OperatorConvexity (14s)
✔ [9360/9682] Built QICLean.Analysis.ShiftedPowerDerivative (17s)
✔ [9361/9682] Built QICLean.Channel.KrausUnitaryFreedom (17s)
✔ [9362/9682] Built QICLean.Analysis.LiebSubBoundary (18s)
✔ [9363/9682] Built QICLean.Channel.WolfProps (19s)
✔ [9364/9682] Built QICLean.Kraus.RectangularChain (18s)
✔ [9365/9682] Built QICLean.Channel.LorentzNormalForm.InvertibleFilter (18s)
✔ [9366/9682] Built QICLean.Channel.ChoiDoeblin (18s)
✔ [9367/9682] Built QICLean.Channel.FixedPoint.DirectSumExtension (19s)
✔ [9368/9682] Built QICLean.Channel.Schwarz.ChoiCompression (20s)
✔ [9369/9682] Built QICLean.Channel.DecomposablePPT (19s)
✔ [9370/9682] Built QICLean.Channel.Schwarz.TwoVariable (20s)
✔ [9371/9682] Built QICLean.Channel.NPositiveIntegral (20s)
✔ [9373/9682] Built QICLean.Analysis.FiniteCoordinateNowosad.Yamagami.TwoMaxima (19s)
✔ [9374/9682] Built QICLean.Channel.PositiveFunctional (19s)
✔ [9375/9682] Built QICLean.Analysis.SpectralFilter.Decay (20s)
✔ [9376/9682] Built QICLean.Analysis.OperatorMean.FiniteTree (20s)
✔ [9377/9682] Built QICLean.Channel.Wigner.Upstream.PhaseNormalization (15s)
✔ [9378/9682] Built QICLean.Kraus.Wielandt.SpanGrowth.AlgebraSpan (10s)
✔ [9379/9682] Built QICLean.Kraus.Wielandt.SpanGrowth.EigenvectorSpreading (10s)
✔ [9380/9682] Built QICLean.Analysis.YamagamiCyclicMatrix (24s)
✔ [9381/9682] Built QICLean.Channel.RadonNikodym (24s)
✔ [9382/9682] Built QICLean.Kraus.Wielandt.SpanGrowth.CumulativeToWordSpan (12s)
✔ [9383/9682] Built QICLean.Channel.PetzProductReference (25s)
✔ [9384/9682] Built QICLean.Kraus.Blocking (11s)
✔ [9385/9682] Built QICLean.Kraus.NormalCommutant (10s)
✔ [9386/9682] Built QICLean.Kraus.CPPrimitive (11s)
✔ [9387/9682] Built QICLean.Kraus.Wielandt.SpanGrowth.InvertibleWordSpan (10s)
✔ [9388/9682] Built QICLean.Entropy.GapSurprisal (15s)
✔ [9389/9682] Built QICLean.Analysis.RelativeEntropySupportLeftRightQuadratic (10s)
✔ [9390/9682] Built QICLean.Analysis.TwoProjectionDefectBlockSum (9.3s)
✔ [9391/9682] Built QICLean.Channel.Schwarz.SchwarzSubnormal (11s)
✔ [9392/9682] Built QICLean.Channel.Peripheral.CyclicDecomposition.Primitivity (9.6s)
✔ [9393/9682] Built QICLean.Algebra.StarSubalgebraBlockForm (11s)
✔ [9394/9682] Built QICLean.Channel.Peripheral.CyclicDecomposition.LetterShift (9.3s)
✔ [9395/9682] Built QICLean.Channel.EnvironmentDilation (11s)
✔ [9396/9682] Built QICLean.Channel.Peripheral.CyclicDecomposition.CyclicProjections (11s)
✔ [9397/9682] Built QICLean.Channel.OpenSystemRectangular (12s)
✔ [9398/9682] Built QICLean.Channel.QuantumSteering (17s)
✔ [9399/9682] Built QICLean.Channel.POVM.SIC (17s)
✔ [9400/9682] Built QICLean.Channel.NoInformationWithoutDisturbance (17s)
✔ [9401/9682] Built QICLean.Channel.POVM.Uniqueness (17s)
✔ [9402/9682] Built QICLean.Channel.POVM.RankOneNaimark (18s)
✔ [9403/9682] Built QICLean.Channel.FixedPoint.MeanErgodicAdjoint (18s)
✔ [9404/9682] Built QICLean.Channel.Semigroup.LindbladForm.EulerStep (21s)
✔ [9405/9682] Built QICLean.Channel.LorentzNormalForm.SpinorCover (20s)
✔ [9407/9682] Built QICLean.Channel.FixedPoint.MaximalSupportBasic (19s)
✔ [9408/9682] Built QICLean.Channel.Peripheral.CyclicGroupKraus (18s)
✔ [9409/9682] Built QICLean.Channel.EnsembleEquivalence (16s)
✔ [9410/9682] Built QICLean.Channel.Semigroup.LindbladForm.Uniqueness (17s)
✔ [9411/9682] Built QICLean.Channel.Peripheral.JordanBlocks (20s)
✔ [9412/9682] Built QICLean.Channel.Peripheral.CyclicDecomposition.PeripheralUnitary (19s)
✔ [9413/9682] Built QICLean.Channel.FixedPoint.Algebra (19s)
✔ [9414/9682] Built QICLean.Channel.ChoiResidual (13s)
✔ [9415/9682] Built QICLean.Channel.Wigner.ProjectivePureState (15s)
✔ [9416/9682] Built QICLean.Channel.InformationallyCompleteEffects (15s)
✔ [9417/9682] Built QICLean.Channel.OperatorSystemExtensionDirectSum (9.9s)
✔ [9418/9682] Built QICLean.Channel.FixedPoint.DirectSumKraus (9.1s)
✔ [9419/9682] Built QICLean.Channel.Schwarz.PositiveOnAbelian.CompletePositivity (8.6s)
✔ [9420/9682] Built QICLean.Channel.FixedPoint.ExtremeDensityStates (10s)
✔ [9421/9682] Built QICLean.Channel.NPositivityChainStrict (10s)
✔ [9422/9682] Built QICLean.Channel.Schwarz.TwoVariableUnconditional (9.9s)
✔ [9423/9682] Built QICLean.Channel.BreuerHallIndecomposable (10s)
✔ [9424/9682] Built QICLean.Channel.LorentzNormalForm.CanonicalQubitChannels (32s)
✔ [9425/9682] Built QICLean.Analysis.OperatorMean.PowerDerivative (11s)
✔ [9426/9682] Built QICLean.Kraus.Wielandt.SpanGrowth.VectorToMatrixSpan (10s)
✔ [9427/9682] Built QICLean.Channel.PositiveConditionalExpectation (12s)
✔ [9429/9682] Built QICLean.Kraus.Wielandt.Primitivity.EasyDirections (12s)
✔ [9430/9682] Built QICLean.Analysis.SpectralFilter.Inversion (13s)
✔ [9431/9682] Built QICLean.Kraus.Wielandt.Primitivity.VectorSpreadPositivity (13s)
✔ [9432/9682] Built QICLean.Channel.OpenSystem (14s)
✔ [9433/9682] Built QICLean.Channel.Wigner.Upstream.CocycleConsistency (15s)
⚠ [9434/9682] Built QICLean.Channel.ChoiTypeMap.YamagamiPositivity (15s)
warning: QICLean/Channel/ChoiTypeMap/YamagamiPositivity.lean:166:25: `stdSimplex` has been deprecated: Use `Convexity.StdSimplex` instead

Note: The updated constant has a different type:
  (R : Type u) → [LE R] → [AddCommMonoid R] → [One R] → Type v → Type (max u v)
instead of
  (𝕜 : Type u_2) → (ι : Type u_1) → [Semiring 𝕜] → [PartialOrder 𝕜] → [Fintype ι] → Set (ι → 𝕜)
warning: QICLean/Channel/ChoiTypeMap/YamagamiPositivity.lean:175:13: `stdSimplex` has been deprecated: Use `Convexity.StdSimplex` instead

Note: The updated constant has a different type:
  (R : Type u) → [LE R] → [AddCommMonoid R] → [One R] → Type v → Type (max u v)
instead of
  (𝕜 : Type u_2) → (ι : Type u_1) → [Semiring 𝕜] → [PartialOrder 𝕜] → [Fintype ι] → Set (ι → 𝕜)
warning: QICLean/Channel/ChoiTypeMap/YamagamiPositivity.lean:181:23: `stdSimplex` has been deprecated: Use `Convexity.StdSimplex` instead

Note: The updated constant has a different type:
  (R : Type u) → [LE R] → [AddCommMonoid R] → [One R] → Type v → Type (max u v)
instead of
  (𝕜 : Type u_2) → (ι : Type u_1) → [Semiring 𝕜] → [PartialOrder 𝕜] → [Fintype ι] → Set (ι → 𝕜)
warning: QICLean/Channel/ChoiTypeMap/YamagamiPositivity.lean:182:45: `isClosed_stdSimplex` has been deprecated: Use `Convexity.StdSimplex.isClosedEmbedding_toFun_comp_weights` instead

Note: The updated constant has a different type:
  ∀ (R : Type u) [inst : PartialOrder R] [inst_1 : Ring R] [inst_2 : TopologicalSpace R]
    [inst_3 : IsStrictOrderedRing R] [IsTopologicalRing R] [OrderClosedTopology R] (M : Type u_1) [Finite M],
    Topology.IsClosedEmbedding fun t ↦ ⇑t.weights
instead of
  ∀ (𝕜 : Type u_1) (ι : Type u_2) [inst : Fintype ι] [inst_1 : TopologicalSpace 𝕜] [inst_2 : Semiring 𝕜]
    [inst_3 : PartialOrder 𝕜] [OrderClosedTopology 𝕜] [ContinuousAdd 𝕜], IsClosed (stdSimplex 𝕜 ι)
warning: QICLean/Channel/ChoiTypeMap/YamagamiPositivity.lean:184:5: `isCompact_stdSimplex` has been deprecated: Use `Convexity.StdSimplex.compactSpace` instead

Note: The updated constant has a different type:
  ∀ (R : Type u_1) (M : Type u_2) [inst : Ring R] [inst_1 : TopologicalSpace R] [IsTopologicalRing R]
    [inst_3 : PartialOrder R] [inst_4 : IsStrictOrderedRing R] [CompactIccSpace R] [OrderClosedTopology R] [Finite M],
    CompactSpace (Convexity.StdSimplex R M)
instead of
  ∀ (𝕜 : Type u_1) (ι : Type u_2) [inst : Fintype ι] [inst_1 : TopologicalSpace 𝕜] [inst_2 : Semiring 𝕜]
    [inst_3 : PartialOrder 𝕜] [OrderClosedTopology 𝕜] [ContinuousAdd 𝕜] [CompactIccSpace 𝕜] [IsOrderedAddMonoid 𝕜],
    IsCompact (stdSimplex 𝕜 ι)
warning: QICLean/Channel/ChoiTypeMap/YamagamiPositivity.lean:263:48: `stdSimplex` has been deprecated: Use `Convexity.StdSimplex` instead

Note: The updated constant has a different type:
  (R : Type u) → [LE R] → [AddCommMonoid R] → [One R] → Type v → Type (max u v)
instead of
  (𝕜 : Type u_2) → (ι : Type u_1) → [Semiring 𝕜] → [PartialOrder 𝕜] → [Fintype ι] → Set (ι → 𝕜)
✔ [9435/9682] Built QICLean.QPF.Primitive (14s)
✔ [9436/9682] Built QICLean.Kraus.Wielandt.SpanGrowth.NonzeroTraceProduct (15s)
✔ [9437/9682] Built QICLean.QPF.PosDef (13s)
✔ [9438/9682] Built QICLean.Channel.Peripheral.Cycles (13s)
✔ [9439/9682] Built QICLean.Entropy.MarginalTails (15s)
✔ [9440/9682] Built QICLean.Channel.Schwarz.SupportRelativeModular (14s)
⚠ [9441/9682] Built QICLean.Topology.BrouwerProduct (50s)
warning: QICLean/Topology/BrouwerProduct.lean:33:36: `stdSimplexHomeomorphUnitInterval` has been deprecated: Use `Convexity.StdSimplex.homeomorphI` instead

Note: The updated constant has a different type:
  Convexity.StdSimplex ℝ (Fin 2) ≃ₜ ↑unitInterval
instead of
  ↑(stdSimplex ℝ (Fin 2)) ≃ₜ ↑unitInterval
✔ [9442/9682] Built QICLean.Algebra.CommutingOverlappingDecomp (15s)
✔ [9443/9682] Built QICLean.Channel.EnvironmentInducedInstrument (13s)
✔ [9444/9682] Built QICLean.Channel.FixedPoint.AbstractMaximalRank (13s)
✔ [9445/9682] Built QICLean.Channel.Semigroup.LindbladForm.GKSLTheorem (14s)
✔ [9446/9682] Built QICLean.Channel.Peripheral.CyclicDecomposition.Decomposition (12s)
✔ [9447/9682] Built QICLean.Channel.Schwarz.PetzRecoverySupport (13s)
✔ [9448/9682] Built QICLean.Channel.Peripheral.SpectralProjection (13s)
✔ [9449/9682] Built QICLean.Channel.FixedPoint.StationarySupportRestriction (15s)
✔ [9450/9682] Built QICLean.Channel.FixedPoint.ConditionalExpectation (13s)
✔ [9453/9682] Built QICLean.Channel.FixedPoint.BlockForm (12s)
✔ [9454/9682] Built QICLean.Channel.FixedPoint.ChoiEffros (12s)
✔ [9455/9682] Built QICLean.Channel.KoashiImoto.CommonInvariantAlgebra (12s)
✔ [9456/9682] Built QICLean.Channel.FixedPoint.CornerFixedPoints (13s)
✔ [9457/9682] Built QICLean.Channel.FixedPoint.Corollaries (14s)
✔ [9458/9682] Built QICLean.Channel.Wigner.PureStateCharpoly (12s)
✔ [9459/9682] Built QICLean.Channel.WindowMinorization (13s)
✔ [9460/9682] Built QICLean.Channel.FixedPoint.WedderburnDecomp (16s)
✔ [9461/9682] Built QICLean.Channel.Wigner.TwoPureStateCharpoly (13s)
✔ [9462/9682] Built QICLean.Channel.ReductionCriterion (11s)
✔ [9463/9682] Built QICLean.Kraus.Wielandt.RankOne.Construction (7.8s)
✔ [9464/9682] Built QICLean.Kraus.Wielandt.Inequality.EigenvectorSpreading (9.5s)
✔ [9465/9682] Built QICLean.Channel.Schwarz.TwoVariableEquality (12s)
✔ [9466/9682] Built QICLean.Kraus.Wielandt.RectangularSpan.Basic (9.6s)
✔ [9467/9682] Built QICLean.Analysis.OperatorMean.MeanDerivative (12s)
✔ [9468/9682] Built QICLean.Channel.KrausIterateChoi (9.1s)
✔ [9469/9682] Built QICLean.Channel.PositiveConditionalExpectationDirectSum (10s)
✔ [9470/9682] Built QICLean.Channel.Schwarz.SSAEqualityDPI (9.0s)
✔ [9471/9682] Built QICLean.Channel.TripartiteDecorrelation (11s)
✔ [9472/9682] Built QICLean.Analysis.SpectralFilter.MatrixFilter (9.3s)
✔ [9474/9682] Built QICLean.Channel.Wigner.Upstream.ComplexReconstruction (10s)
✔ [9476/9682] Built QICLean.Kraus.Wielandt.RankOne.Products (8.0s)
✔ [9477/9682] Built QICLean.Kraus.Wielandt.SpanGrowth (9.1s)
✔ [9478/9682] Built QICLean.QPF.Uniqueness (10s)
✔ [9479/9682] Built QICLean.Channel.Peripheral.MultiCycleDecomposition (11s)
✔ [9480/9682] Built QICLean.Channel.Schwarz.SupportSourceDefect (13s)
✔ [9481/9682] Built QICLean.Entropy.SupportedMarginalTails (14s)
✔ [9482/9682] Built QICLean.Entropy.FilterMoment (14s)
✔ [9483/9682] Built QICLean.Channel.Semigroup.LindbladForm (13s)
✔ [9484/9682] Built QICLean.Channel.Schwarz.SupportLeftRightRelativeModular (14s)
✔ [9485/9682] Built QICLean.Channel.Peripheral.CyclicDecomposition (14s)
✔ [9486/9682] Built QICLean.Algebra.OverlappingLiftAlgebra (14s)
✔ [9487/9682] Built QICLean.Channel.Peripheral.GroupStructure (15s)
✔ [9488/9682] Built QICLean.Channel.Irreducible.Growth.OneStep (15s)
✔ [9489/9682] Built QICLean.Channel.Peripheral.CesaroRecurrence (16s)
✔ [9492/9682] Built QICLean.Channel.Irreducible.AdjointFamily (16s)
✔ [9493/9682] Built QICLean.Channel.RightFactorConditionalExpectation (16s)
ℹ [9494/9682] Built QICLean.Channel.LorentzNormalForm.SpinorExponential (45s)
info: QICLean/Channel/LorentzNormalForm/SpinorExponential.lean:452:47: Try this:
  [apply] ring_nf
  
  The `ring` tactic failed to close the goal. Use `ring_nf` to obtain a normal form.
    
  Note that `ring` works primarily in *commutative* rings. If you have a noncommutative ring, abelian group or module, consider using `noncomm_ring`, `abel` or `module` instead.
info: QICLean/Channel/LorentzNormalForm/SpinorExponential.lean:454:47: Try this:
  [apply] ring_nf
  
  The `ring` tactic failed to close the goal. Use `ring_nf` to obtain a normal form.
    
  Note that `ring` works primarily in *commutative* rings. If you have a noncommutative ring, abelian group or module, consider using `noncomm_ring`, `abel` or `module` instead.
info: QICLean/Channel/LorentzNormalForm/SpinorExponential.lean:484:46: Try this:
  [apply] ring_nf
  
  The `ring` tactic failed to close the goal. Use `ring_nf` to obtain a normal form.
    
  Note that `ring` works primarily in *commutative* rings. If you have a noncommutative ring, abelian group or module, consider using `noncomm_ring`, `abel` or `module` instead.
info: QICLean/Channel/LorentzNormalForm/SpinorExponential.lean:486:46: Try this:
  [apply] ring_nf
  
  The `ring` tactic failed to close the goal. Use `ring_nf` to obtain a normal form.
    
  Note that `ring` works primarily in *commutative* rings. If you have a noncommutative ring, abelian group or module, consider using `noncomm_ring`, `abel` or `module` instead.
✔ [9495/9682] Built QICLean.Entropy.MutualInformation (16s)
✔ [9496/9682] Built QICLean.Channel.KoashiImoto.FiniteRealization (16s)
✔ [9497/9682] Built QICLean.Channel.KoashiImoto.PooledKrausFamily (16s)
✔ [9498/9682] Built QICLean.Channel.FixedPoint.CornerBlockForm (17s)
✔ [9499/9682] Built QICLean.Channel.Separable (14s)
✔ [9501/9682] Built QICLean.Kraus.Wielandt.Inequality (13s)
✔ [9502/9682] Built QICLean.Kraus.Wielandt.RankOne.ExtractionFull (14s)
✔ [9503/9682] Built QICLean.Channel.FixedPoint.WeightedCornerFixedPoints (18s)
✔ [9504/9682] Built QICLean.Kraus.Wielandt.RectangularSpan.Growth (14s)
✔ [9505/9682] Built QICLean.Channel.FixedPoint.FullSupportBlockRetraction (14s)
✔ [9506/9682] Built QICLean.Analysis.OperatorMean.TreeDerivative (15s)
✔ [9507/9682] Built QICLean.Topology.CompactRetractFixedPoint (29s)
✔ [9508/9682] Built QICLean.Entropy.ControlledContinuity (15s)
✔ [9509/9682] Built QICLean.Channel.Schwarz.PetzEqualityPrerequisites (17s)
✔ [9510/9682] Built QICLean.QPF.Assembly (12s)
✔ [9511/9682] Built QICLean.Channel.Wigner.Upstream.WignerRigidity (13s)
✔ [9512/9682] Built QICLean.Analysis.SpectralFilter.PositiveReplacement (16s)
✔ [9513/9682] Built QICLean.Channel.Schwarz.SupportRelativeEntropyGap (12s)
✔ [9514/9682] Built QICLean.Channel.Semigroup.ReducibleQDS.Defs (12s)
✔ [9515/9682] Built QICLean.Algebra (11s)
✔ [9516/9682] Built QICLean.Channel.Peripheral.AsymptoticImage (11s)
✔ [9517/9682] Built QICLean.Channel.Irreducible.Growth.KernelDescent (12s)
✔ [9518/9682] Built QICLean.Channel.Peripheral.WeightedCesaro (11s)
✔ [9519/9682] Built QICLean.Entropy.FiniteProductSplitting (11s)
✔ [9520/9682] Built QICLean.Entropy.TwoFamilies (10s)
✔ [9521/9682] Built QICLean.Entropy.FiniteProductConditional (10s)
✔ [9522/9682] Built QICLean.Channel.Semigroup.KossakowskiForm (16s)
✔ [9523/9682] Built QICLean.Channel.LorentzNormalForm (10s)
✔ [9524/9682] Built QICLean.Channel.DirectSumConditionalExpectation (11s)
✔ [9525/9682] Built QICLean.Entropy.MutualInformationDataProcessing (11s)
✔ [9526/9682] Built QICLean.Channel.KoashiImoto.SingleWitness (12s)
✔ [9527/9682] Built QICLean.Channel.SchmidtNumber (12s)
✔ [9528/9682] Built QICLean.Kraus.Wielandt.RankOne (12s)
✔ [9529/9682] Built QICLean.Channel.FixedPoint.MaximalSupport (17s)
✔ [9530/9682] Built QICLean.Kraus.Wielandt.RectangularSpan.UniversalityAux.Quantitative (17s)
✔ [9531/9682] Built QICLean.Kraus.Wielandt.RectangularSpan.UniversalityAux.Basic (17s)
✔ [9532/9682] Built QICLean.Channel.FixedPoint.TraceAdjointDensityBlocks (20s)
✔ [9533/9682] Built QICLean.Analysis.OperatorMean.LeafStates (20s)
✔ [9534/9682] Built QICLean.Channel.Wigner.Upstream (20s)
✔ [9535/9682] Built QICLean.QPF (21s)
✔ [9536/9682] Built QICLean.Analysis.OperatorMean.BlockDiagonal (24s)
✔ [9537/9682] Built QICLean.Channel.Schwarz.WeylRelativeEntropyIntegral (25s)
✔ [9538/9682] Built QICLean.Channel.Wigner.ProjectiveCarrierBridge (23s)
✔ [9539/9682] Built QICLean.Channel.Schwarz.SupportRelativeEntropyEquality (23s)
✔ [9540/9682] Built QICLean.Channel.Semigroup.ReducibleQDS.FixedDensity (22s)
✔ [9541/9682] Built QICLean.Channel.Semigroup.ReducibleQDS.GeneratorCompression (23s)
✔ [9542/9682] Built QICLean.Channel.Irreducible.Growth.OrthogonalTrace (20s)
✔ [9543/9682] Built QICLean.Analysis.SpectralFilter.FilterLocality (25s)
✔ [9544/9682] Built QICLean.Entropy.ConditionalTwoFamilies (20s)
✔ [9545/9682] Built QICLean.Entropy.FiniteProductInformation (22s)
✔ [9546/9682] Built QICLean.Channel.StarSubalgebraConditionalExpectation (16s)
✔ [9547/9682] Built QICLean.Channel.KoashiImoto.MeanErgodicProjection (16s)
✔ [9548/9682] Built QICLean.Channel.Semigroup.KossakowskiRank (17s)
✔ [9549/9682] Built QICLean.Channel.SchmidtNumberFactors (14s)
✔ [9550/9682] Built QICLean.Channel.ChoiTypeMap.HaTwoSimpleWitness (15s)
✔ [9551/9682] Built QICLean.Kraus.Wielandt.RectangularSpan.UniversalityAux.Sharp (11s)
✔ [9552/9682] Built QICLean.Channel.SchmidtNumberCompact (12s)
✔ [9553/9682] Built QICLean.Channel.FixedPoint.SupportCompressedDensityBlocks (12s)
✔ [9554/9682] Built QICLean.Topology.CompactConvexFixedPoint (36s)
✔ [9555/9682] Built QICLean.Channel.FixedPoint.BrouwerDensityMatrices (35s)
✔ [9556/9682] Built QICLean.Analysis.OperatorMean (10s)
✔ [9557/9682] Built QICLean.Channel.Peripheral.RecurrentInverse (29s)
✔ [9558/9682] Built QICLean.Channel.Wigner.Rigidity (10s)
✔ [9559/9682] Built QICLean.Channel.FixedPoint.DirectSumBlockRetraction (11s)
✔ [9560/9682] Built QICLean.Channel.Schwarz.WeylSupportRelativeEntropyEquality (10s)
✔ [9561/9682] Built QICLean.Analysis.SpectralFilter (8.6s)
✔ [9562/9682] Built QICLean.Channel.Semigroup.ReducibleQDS.Equivalence (9.2s)
✔ [9563/9682] Built QICLean.Channel.Irreducible.Growth.Exponential (9.8s)
✔ [9564/9682] Built QICLean.Channel.KoashiImoto.FamilyFixedPointBlockForm (7.5s)
✔ [9565/9682] Built QICLean.Channel.OperatorSystemExtensionStarSubalgebra (7.7s)
✔ [9566/9682] Built QICLean.Channel.ChoiTypeMap.HaBlockTranspose (13s)
✔ [9567/9682] Built QICLean.Kraus.Wielandt.RectangularSpan.UniversalityAux.NilpIndex (14s)
✔ [9568/9682] Built QICLean.Channel.DecomposableWitness (15s)
✔ [9569/9682] Built QICLean.Channel.EntanglementWitness (15s)
✔ [9570/9682] Built QICLean.Channel.FixedPoint.WolfTheorem614 (19s)
✔ [9571/9682] Built QICLean.Channel.FixedPoint.AbstractCornerFixedPoints (19s)
✔ [9572/9682] Built QICLean.Channel.Semigroup.ReducibleQDS (19s)
✔ [9573/9682] Built QICLean.Channel.Wigner.SpectrumPreserver (20s)
✔ [9574/9682] Built QICLean.Channel.Irreducible.Growth (19s)
✔ [9575/9682] Built QICLean.Channel.FixedPoint.TraceNonincreasingProductSpan (20s)
✔ [9576/9682] Built QICLean.Channel.Schwarz.WeylSupportPetzRecovery (20s)
✔ [9577/9682] Built QICLean.Channel.KoashiImoto.NormalizedFamilyBlockForm (19s)
✔ [9578/9682] Built QICLean.Kraus.Wielandt.RectangularSpan.UniversalityAux (10s)
✔ [9579/9682] Built QICLean.Channel.PositiveMapDetection (9.7s)
✔ [9580/9682] Built QICLean.Channel.Semigroup.RelaxationConditions (23s)
✔ [9581/9682] Built QICLean.Channel.ChoiTypeMap.HaNegativePairing (13s)
✔ [9582/9682] Built QICLean.Channel.Peripheral.DensityBlockCoordinates (9.5s)
✔ [9583/9682] Built QICLean.Topology (28s)
✔ [9584/9682] Built QICLean.Channel.FixedPoint.StationaryStates (28s)
✔ [9585/9682] Built QICLean.Channel.PerronFrobenius.Existence (28s)
✔ [9586/9682] Built QICLean.Channel.FixedPoint.AbstractWeightedFixedPoints (12s)
✔ [9587/9682] Built QICLean.Channel.Wigner (11s)
✔ [9588/9682] Built QICLean.Channel.PSDConeAutomorphism.RankPreserver (11s)
✔ [9589/9682] Built QICLean.Channel.Schwarz.SSAEqualityPetzRecovery (11s)
✔ [9590/9682] Built QICLean.Channel.FixedPoint.TraceNonincreasingDirectSum (12s)
✔ [9591/9682] Built QICLean.Channel.KoashiImoto.PreservingBlockAction (12s)
✔ [9592/9682] Built QICLean.Channel.Irreducible.CollatzWielandt (13s)
✔ [9593/9682] Built QICLean.Channel.ChoiTypeMap.Indecomposable (10s)
✔ [9594/9682] Built QICLean.Channel.Semigroup.HamiltonianIndependentContractivity (10s)
✔ [9595/9682] Built QICLean.Channel.PPTIndecomposable (11s)
✔ [9596/9682] Built QICLean.Kraus.Wielandt.RectangularSpan.Universality (12s)
✔ [9597/9682] Built QICLean.Channel.FixedPoint.MaximalRank (14s)
✔ [9598/9682] Built QICLean.Channel.PSDConeAutomorphism.RankPreservation (20s)
✔ [9599/9682] Built QICLean.Channel.Schwarz (19s)
✔ [9600/9682] Built QICLean.Channel.Peripheral.DensityBlockDynamics (20s)
✔ [9601/9682] Built QICLean.Channel.KoashiImoto.InvariantConditionalFamily (20s)
✔ [9602/9682] Built QICLean.Channel.FixedPoint.DirectSumTraceAdjoint (20s)
✔ [9603/9682] Built QICLean.Channel.Peripheral.DirectSumFacePermutation (20s)
✔ [9604/9682] Built QICLean.Kraus.Wielandt.RectangularSpan.EventualFullness (19s)
✔ [9605/9682] Built QICLean.Channel.KoashiImoto.JointSupport (21s)
✔ [9606/9682] Built QICLean.Channel.PerronFrobenius (28s)
✔ [9607/9682] Built QICLean.Channel.Irreducible.KrausSetup (28s)
✔ [9608/9682] Built QICLean.Channel.Peripheral.SchurAsymptoticConvergence (29s)
✔ [9609/9682] Built QICLean.Channel.PSDConeAutomorphism (5.2s)
✔ [9610/9682] Built QICLean.Channel.Peripheral.SpectralRadius (29s)
✔ [9611/9682] Built QICLean.Channel.Determinant.PositiveExtremality (6.3s)
✔ [9612/9682] Built QICLean.Channel.Peripheral.DensityBlockFacePermutation (9.8s)
✔ [9613/9682] Built QICLean.Channel.Peripheral.MatchedBlockEndomorphism (9.0s)
✔ [9614/9682] Built QICLean.Channel.FixedPoint.DirectSumInverseKraus (10s)
✔ [9615/9682] Built QICLean.Kraus.Wielandt.RectangularSpan (9.0s)
✔ [9616/9682] Built QICLean.Channel.KoashiImoto.InvariantConditionalBlockForm (11s)
✔ [9617/9682] Built QICLean.Channel.Determinant.PositiveInverse (10s)
✔ [9618/9682] Built QICLean.Channel.Peripheral.DensityBlockSchwarz (13s)
✔ [9619/9682] Built QICLean.Channel.FixedPoint.DirectSumBlockPermutation (13s)
✔ [9620/9682] Built QICLean.Channel.Determinant (10s)
✔ [9621/9682] Built QICLean.Channel.Peripheral.UnitalKraus (22s)
✔ [9622/9682] Built QICLean.Channel.KoashiImoto.MarkovBipartiteBlockForm (14s)
✔ [9623/9682] Built QICLean.Channel.Irreducible.PerronFrobenius (24s)
✔ [9624/9682] Built QICLean.Analysis.AsymptoticStateConvergence (23s)
✔ [9625/9682] Built QICLean.Kraus.MixedMap.SpectralRadius (23s)
✔ [9626/9682] Built QICLean.Channel.Peripheral.StructureOfCycles (4.6s)
✔ [9627/9682] Built QICLean.Channel.Irreducible.SpectralRadius (24s)
✔ [9628/9682] Built QICLean.Channel.KoashiImoto.AmbientMarkovBipartiteBlockForm (7.7s)
✔ [9629/9682] Built QICLean.Channel.Irreducible.Ergodicity (13s)
✔ [9630/9682] Built QICLean.Channel.Peripheral.IrreducibleChannel (13s)
✔ [9631/9682] Built QICLean.Channel.KoashiImoto.MarkovDilation.Basic (6.8s)
✔ [9632/9682] Built QICLean.Channel.Irreducible.KrausGauge (13s)
✔ [9633/9682] Built QICLean.Kraus.MixedMap.Gap (16s)
✔ [9634/9682] Built QICLean.Channel.WeightedHilbertSchmidt (18s)
✔ [9635/9682] Built QICLean.Channel.KoashiImoto.MarkovDilation.SectorAction (13s)
✔ [9636/9682] Built QICLean.Channel.KoashiImoto.MarkovDilation.AmbientBlockAction (16s)
✔ [9637/9682] Built QICLean.Channel.Peripheral (22s)
✔ [9638/9682] Built QICLean.Kraus.PrimitiveFixedPoint.FromPeripheral (22s)
✔ [9639/9682] Built QICLean.Channel.FixedPoint.StationarySupport (23s)
✔ [9640/9682] Built QICLean.Kraus.Wielandt.Primitivity.VectorSpreadToPrimitive (22s)
✔ [9641/9682] Built QICLean.Channel.KoashiImoto.MarkovDilation (6.6s)
✔ [9642/9682] Built QICLean.Spectral.TransferOperatorGapRectNormalized (22s)
✔ [9643/9682] Built QICLean.Channel.KoashiImoto.MarkovDilationBlockForm (8.3s)
✔ [9644/9682] Built QICLean.Channel.WhitenedChoi (21s)
✔ [9645/9682] Built QICLean.Channel.Irreducible.FromSpectral (25s)
✔ [9646/9682] Built QICLean.Spectral.GaugeConstruction (23s)
✔ [9647/9682] Built QICLean.Channel.FixedPoint (8.7s)
✔ [9648/9682] Built QICLean.Channel.KoashiImoto.MarkovTripartiteBlockForm (6.3s)
✔ [9649/9682] Built QICLean.Channel.KoashiImoto (7.0s)
✔ [9650/9682] Built QICLean.Analysis.EntropyMarkovForward (7.0s)
✔ [9651/9682] Built QICLean.Spectral.TransferOperatorGapNormalized (14s)
✔ [9652/9682] Built QICLean.Kraus.PrimitiveFixedPoint.Irreducible (13s)
✔ [9653/9682] Built QICLean.Channel.Semigroup.Primitivity.Basic (14s)
✔ [9654/9682] Built QICLean.Channel.FaithfulMarginalWhitenedChoi (15s)
✔ [9655/9682] Built QICLean.Channel.Irreducible.PositiveMapSpectralCharacterization (15s)
✔ [9656/9682] Built QICLean.Entropy.SSAEqualityCharacterization (5.4s)
✔ [9657/9682] Built QICLean.Spectral (15s)
✔ [9658/9682] Built QICLean.Kraus.PrimitiveFixedPoint (15s)
✔ [9659/9682] Built QICLean.Analysis (15s)
✔ [9660/9682] Built QICLean.Entropy.MarkovChain (10s)
✔ [9661/9682] Built QICLean.Channel.MarginalSupportWhitenedChoi (15s)
✔ [9662/9682] Built QICLean.Channel.Irreducible (14s)
✔ [9663/9682] Built QICLean.Channel.Semigroup.Primitivity.Helpers (17s)
✔ [9664/9682] Built QICLean.Entropy.PositiveOverlappingProduct (5.1s)
✔ [9665/9682] Built QICLean.Entropy.MutualInformationOperatorSchmidt (7.4s)
✔ [9666/9682] Built QICLean.Channel.Semigroup.Primitivity.SpectralMapping (8.1s)
✔ [9667/9682] Built QICLean.Entropy (6.6s)
✔ [9668/9682] Built QICLean.Channel.Semigroup.Primitivity.IrreducibleAnalysis (7.9s)
✔ [9669/9682] Built QICLean.Channel.Semigroup.Primitivity.MainTheorem (16s)
✔ [9670/9682] Built QICLean.Kraus.Wielandt.Primitivity.StronglyIrreducibleToFullWordSpan (16s)
✔ [9671/9682] Built QICLean.Kraus.Wielandt.Primitivity (21s)
✔ [9672/9682] Built QICLean.Channel.Semigroup.Primitivity (22s)
✔ [9673/9682] Built QICLean.Channel.WolfTheorem68 (21s)
✔ [9674/9682] Built QICLean.Channel.Semigroup.RelaxationCorollary (22s)
✔ [9675/9682] Built QICLean.Kraus.Wielandt (9.3s)
✔ [9676/9682] Built QICLean.Channel.Semigroup (8.0s)
✔ [9677/9682] Built QICLean.Channel.WielandtLowDim (9.4s)
✔ [9678/9682] Built QICLean.Channel.QuantumWielandt (9.5s)
✔ [9679/9682] Built QICLean.Kraus (7.8s)
✔ [9680/9682] Built QICLean.Channel (8.6s)
✔ [9681/9682] Built QICLean (14s)
Build completed successfully (9682 jobs).
