'Matrix.spectralProjectionGE' depends on axioms: [propext, Classical.choice, Quot.sound]
'Matrix.shiftedPowerHead' depends on axioms: [propext, Classical.choice, Quot.sound]
'Matrix.shiftedPowerTail' depends on axioms: [propext, Classical.choice, Quot.sound]
'Matrix.IsHermitian.spectralProjectionGE_eq_cfc' depends on axioms: [propext, Classical.choice, Quot.sound]
'Matrix.IsHermitian.isStarProjection_spectralProjectionGE' depends on axioms: [propext, Classical.choice, Quot.sound]
'Matrix.IsHermitian.commute_spectralProjectionGE' depends on axioms: [propext, Classical.choice, Quot.sound]
'Matrix.PosSemidef.add_smul_one_rpow_eq_cfc' depends on axioms: [propext, Classical.choice, Quot.sound]
'Matrix.PosSemidef.commute_add_smul_one_rpow_spectralProjectionGE' depends on axioms: [propext,
 Classical.choice,
 Quot.sound]
'Matrix.shiftedPowerHead_add_shiftedPowerTail' depends on axioms: [propext, Classical.choice, Quot.sound]
'Matrix.PosSemidef.shiftedPowerHead_eq_cfc' depends on axioms: [propext, Classical.choice, Quot.sound]
'Matrix.PosSemidef.shiftedPowerTail_eq_cfc' depends on axioms: [propext, Classical.choice, Quot.sound]
'Matrix.PosSemidef.shiftedPowerHead_posSemidef' depends on axioms: [propext, Classical.choice, Quot.sound]
'Matrix.PosSemidef.shiftedPowerTail_posSemidef' depends on axioms: [propext, Classical.choice, Quot.sound]
'Matrix.PosSemidef.shiftedPowerHead_mul_shiftedPowerTail' depends on axioms: [propext, Classical.choice, Quot.sound]
'Matrix.PosSemidef.shiftedPowerTail_mul_shiftedPowerHead' depends on axioms: [propext, Classical.choice, Quot.sound]
'Matrix.PosSemidef.add_smul_one_rpow_mul_neg' depends on axioms: [propext, Classical.choice, Quot.sound]
'Matrix.PosSemidef.range_shiftedPowerHead' depends on axioms: [propext, Classical.choice, Quot.sound]
'Matrix.PosSemidef.rank_shiftedPowerHead' depends on axioms: [propext, Classical.choice, Quot.sound]
'Matrix.PosSemidef.mul_rank_spectralProjectionGE_le_trace' depends on axioms: [propext, Classical.choice, Quot.sound]
'Matrix.PosSemidef.rank_shiftedPowerHead_le' depends on axioms: [propext, Classical.choice, Quot.sound]
'Matrix.PosSemidef.l2_opNorm_shiftedPowerTail_le' depends on axioms: [propext, Classical.choice, Quot.sound]
