{
  "native_list": "docs/provenance/evidence/replicaGoodConfigurationDensityIntegration8750/NativeDeclarations.txt",
  "native_list_sha256": "1da29f6582ea9ffd711f150d60442d0999902a9311cb528e9d3ccf84ec6ad9fa",
  "native_declarations": 3366,
  "active_fragments": {
    "blueprint/src/fragment/bad_copy_label_dimension.tex": [
      "TensorPower.groupHom\u2082_labelProj_dim_le"
    ],
    "blueprint/src/fragment/good_auxiliary_label_compression.tex": [
      "TensorPower.copyPerm_groupedGood_labelEntropy_compression"
    ],
    "blueprint/src/fragment/good_auxiliary_label_entropy.tex": [
      "TensorPower.copyPerm_groupedCopies_labelEntropy_bounds"
    ],
    "blueprint/src/fragment/grouped_label_entropy.tex": [
      "TensorPower.groupedCopies_labelEntropy_bounds"
    ],
    "blueprint/src/fragment/replica_defect.tex": [
      "Matrix.PosSemidef.replica_gap",
      "Matrix.posSemidef_replicaDefectCount",
      "Matrix.replicaDefectCount",
      "Matrix.replicaHamiltonian",
      "Matrix.replicaHamiltonian_mulVec_prod",
      "Matrix.replicaMeanHamiltonian_kronecker_mulVec_prod",
      "Matrix.spectralCutoff_replica_gap_mass_ge"
    ],
    "blueprint/src/fragment/replica_excitation_decomposition.tex": [
      "Matrix.cfc_replicaDefectCount_eq_sum_replicaExcitationProjection",
      "Matrix.isStarProjection_replicaExcitationProjection",
      "Matrix.replicaDefectCount_mul_replicaExcitationProjection",
      "Matrix.replicaDefectCutoff_decomposition",
      "Matrix.replicaExcitationProjection",
      "Matrix.replicaExcitationProjection_mul_of_ne",
      "Matrix.sum_replicaExcitationProjection"
    ],
    "blueprint/src/fragment/replica_excitation_symmetry.tex": [
      "Matrix.commute_replicaExcitationProjection_kronecker_of_image_eq",
      "Matrix.permOp_mul_replicaExcitationProjection",
      "Matrix.replicaExcitationProjection_kronecker_mulVec_preserves_fixed"
    ],
    "blueprint/src/fragment/replica_good_auxiliary_label_bound.tex": [
      "Matrix.replicaExcitationComponent_goodAuxiliary_labelEntropy_lower"
    ],
    "blueprint/src/fragment/replica_good_auxiliary_marginal.tex": [
      "Matrix.commute_replicaGoodAuxiliaryMarginal_copyPerm",
      "Matrix.replicaGoodAuxiliaryMarginal",
      "TensorPower.goodBadCopiesEquiv"
    ],
    "blueprint/src/fragment/replica_good_configuration_density.tex": [
      "Matrix.replicaGoodConfigurationMarginal",
      "Matrix.symProj_mul_replicaGoodConfigurationMarginal",
      "TensorPower.fiveFactorCopiesEquiv"
    ],
    "blueprint/src/fragment/replica_good_copy_density.tex": [
      "Matrix.partialTraceLeft_replicaExcitationComponent_eq_remainder",
      "Matrix.partialTraceRight_replicaExcitationComponent_goodAuxiliary_density"
    ],
    "blueprint/src/fragment/replica_good_copy_factorization.tex": [
      "Matrix.norm_replicaGoodCopyRemainder_of_fixed",
      "Matrix.replicaExcitationProjection_mulVec_factorization",
      "Matrix.replicaGoodCopyRemainder",
      "Matrix.replicaGoodCopy_factorization_of_fixed"
    ],
    "blueprint/src/fragment/replica_good_pair_marginal.tex": [
      "Matrix.partialTraceLeft_replicaGoodPairMarginal",
      "Matrix.partialTraceRight_replicaGoodPairMarginal",
      "Matrix.replicaGoodPairMarginal",
      "Matrix.trace_replicaGoodPairMarginal"
    ],
    "blueprint/src/fragment/replica_good_physical_support.tex": [
      "Matrix.symProj_mul_replicaExcitationComponent_goodAuxiliary_density"
    ],
    "blueprint/src/fragment/replica_joint_density.tex": [
      "Matrix.replicaGoodRegionalAuxiliaryMarginal",
      "Matrix.replicaGoodRegionalAuxiliaryMarginal_eq"
    ],
    "blueprint/src/fragment/replica_marginal_symmetry.tex": [
      "Matrix.commute_partialTraceLeft_replicaExcitationComponent",
      "PermutationRepresentation.commute_partialTraceLeft_vecMulVec_of_fixed_kronecker_permOp"
    ],
    "blueprint/src/fragment/replica_permutation_covariance.tex": [
      "Matrix.cfc_replicaDefectCount_kronecker_mulVec_preserves_fixed",
      "Matrix.commute_cfc_replicaDefectCount_kronecker",
      "Matrix.commute_cfc_replicaDefectCount_permOp",
      "Matrix.commute_finKronecker_const_permOp",
      "Matrix.commute_replicaHamiltonian_permOp"
    ],
    "blueprint/src/fragment/replica_regional_density.tex": [
      "Matrix.partialTraceRight_replicaExcitationComponent_goodRegional_density"
    ],
    "blueprint/src/fragment/spectral_cutoff_mass.tex": [
      "Matrix.PosSemidef.smul_one_sub_spectralCutoff_le",
      "Matrix.PosSemidef.spectralCutoff_mass_ge"
    ],
    "blueprint/src/fragment/typical_pure_compression.tex": [
      "Matrix.IsHermitian.isIsometry_spectralSelectionEmbedding",
      "Matrix.IsHermitian.spectralSelectionEmbedding",
      "Matrix.IsHermitian.spectralSelectionEmbedding_mul_conjTranspose",
      "Matrix.compressedTypicalPureState",
      "Matrix.kronecker_mulVec_compressedTypicalPureState",
      "Matrix.norm_compressedTypicalPureState",
      "Matrix.partialTraceLeft_compressedTypicalPureState",
      "Matrix.partialTraceRight_compressedTypicalPureState"
    ]
  },
  "fragment_declarations": 59,
  "owned_declarations": [
    "Matrix.replicaGoodConfigurationMarginal",
    "Matrix.symProj_mul_replicaGoodConfigurationMarginal",
    "TensorPower.fiveFactorCopiesEquiv"
  ],
  "contains_all_active_fragment_targets": true,
  "contains_the_owned": true,
  "missing": [],
  "link_scope": "content pages; dependency graph repeats excluded",
  "rendered_doc_links": {
    "Matrix.commute_partialTraceLeft_replicaExcitationComponent": [
      {
        "document": "blueprint/web/ch-entropy.html",
        "href": "../docs/find/#doc/Matrix.commute_partialTraceLeft_replicaExcitationComponent"
      }
    ],
    "Matrix.replicaGoodRegionalAuxiliaryMarginal_eq": [
      {
        "document": "blueprint/web/ch-entropy.html",
        "href": "../docs/find/#doc/Matrix.replicaGoodRegionalAuxiliaryMarginal_eq"
      }
    ],
    "Matrix.IsHermitian.spectralSelectionEmbedding": [
      {
        "document": "blueprint/web/ch-entropy.html",
        "href": "../docs/find/#doc/Matrix.IsHermitian.spectralSelectionEmbedding"
      }
    ],
    "Matrix.commute_replicaHamiltonian_permOp": [
      {
        "document": "blueprint/web/ch-entropy.html",
        "href": "../docs/find/#doc/Matrix.commute_replicaHamiltonian_permOp"
      }
    ],
    "Matrix.replicaGoodRegionalAuxiliaryMarginal": [
      {
        "document": "blueprint/web/ch-entropy.html",
        "href": "../docs/find/#doc/Matrix.replicaGoodRegionalAuxiliaryMarginal"
      }
    ],
    "Matrix.partialTraceLeft_replicaGoodPairMarginal": [
      {
        "document": "blueprint/web/ch-entropy.html",
        "href": "../docs/find/#doc/Matrix.partialTraceLeft_replicaGoodPairMarginal"
      }
    ],
    "Matrix.replicaExcitationComponent_goodAuxiliary_labelEntropy_lower": [
      {
        "document": "blueprint/web/ch-schur_labels.html",
        "href": "../docs/find/#doc/Matrix.replicaExcitationComponent_goodAuxiliary_labelEntropy_lower"
      }
    ],
    "TensorPower.fiveFactorCopiesEquiv": [
      {
        "document": "blueprint/web/ch-entropy.html",
        "href": "../docs/find/#doc/TensorPower.fiveFactorCopiesEquiv"
      }
    ],
    "Matrix.cfc_replicaDefectCount_kronecker_mulVec_preserves_fixed": [
      {
        "document": "blueprint/web/ch-entropy.html",
        "href": "../docs/find/#doc/Matrix.cfc_replicaDefectCount_kronecker_mulVec_preserves_fixed"
      }
    ],
    "Matrix.replicaHamiltonian": [
      {
        "document": "blueprint/web/ch-entropy.html",
        "href": "../docs/find/#doc/Matrix.replicaHamiltonian"
      }
    ],
    "Matrix.replicaDefectCount": [
      {
        "document": "blueprint/web/ch-entropy.html",
        "href": "../docs/find/#doc/Matrix.replicaDefectCount"
      }
    ],
    "Matrix.partialTraceLeft_compressedTypicalPureState": [
      {
        "document": "blueprint/web/ch-entropy.html",
        "href": "../docs/find/#doc/Matrix.partialTraceLeft_compressedTypicalPureState"
      }
    ],
    "TensorPower.copyPerm_groupedGood_labelEntropy_compression": [
      {
        "document": "blueprint/web/ch-schur_labels.html",
        "href": "../docs/find/#doc/TensorPower.copyPerm_groupedGood_labelEntropy_compression"
      }
    ],
    "Matrix.permOp_mul_replicaExcitationProjection": [
      {
        "document": "blueprint/web/ch-entropy.html",
        "href": "../docs/find/#doc/Matrix.permOp_mul_replicaExcitationProjection"
      }
    ],
    "Matrix.trace_replicaGoodPairMarginal": [
      {
        "document": "blueprint/web/ch-entropy.html",
        "href": "../docs/find/#doc/Matrix.trace_replicaGoodPairMarginal"
      }
    ],
    "Matrix.replicaDefectCount_mul_replicaExcitationProjection": [
      {
        "document": "blueprint/web/ch-entropy.html",
        "href": "../docs/find/#doc/Matrix.replicaDefectCount_mul_replicaExcitationProjection"
      }
    ],
    "Matrix.partialTraceRight_compressedTypicalPureState": [
      {
        "document": "blueprint/web/ch-entropy.html",
        "href": "../docs/find/#doc/Matrix.partialTraceRight_compressedTypicalPureState"
      }
    ],
    "Matrix.partialTraceRight_replicaExcitationComponent_goodRegional_density": [
      {
        "document": "blueprint/web/ch-entropy.html",
        "href": "../docs/find/#doc/Matrix.partialTraceRight_replicaExcitationComponent_goodRegional_density"
      }
    ],
    "Matrix.partialTraceRight_replicaGoodPairMarginal": [
      {
        "document": "blueprint/web/ch-entropy.html",
        "href": "../docs/find/#doc/Matrix.partialTraceRight_replicaGoodPairMarginal"
      }
    ],
    "Matrix.isStarProjection_replicaExcitationProjection": [
      {
        "document": "blueprint/web/ch-entropy.html",
        "href": "../docs/find/#doc/Matrix.isStarProjection_replicaExcitationProjection"
      }
    ],
    "Matrix.replicaExcitationProjection_kronecker_mulVec_preserves_fixed": [
      {
        "document": "blueprint/web/ch-entropy.html",
        "href": "../docs/find/#doc/Matrix.replicaExcitationProjection_kronecker_mulVec_preserves_fixed"
      }
    ],
    "Matrix.replicaMeanHamiltonian_kronecker_mulVec_prod": [
      {
        "document": "blueprint/web/ch-entropy.html",
        "href": "../docs/find/#doc/Matrix.replicaMeanHamiltonian_kronecker_mulVec_prod"
      }
    ],
    "Matrix.replicaDefectCutoff_decomposition": [
      {
        "document": "blueprint/web/ch-entropy.html",
        "href": "../docs/find/#doc/Matrix.replicaDefectCutoff_decomposition"
      }
    ],
    "Matrix.replicaGoodPairMarginal": [
      {
        "document": "blueprint/web/ch-entropy.html",
        "href": "../docs/find/#doc/Matrix.replicaGoodPairMarginal"
      }
    ],
    "Matrix.commute_replicaGoodAuxiliaryMarginal_copyPerm": [
      {
        "document": "blueprint/web/ch-entropy.html",
        "href": "../docs/find/#doc/Matrix.commute_replicaGoodAuxiliaryMarginal_copyPerm"
      }
    ],
    "Matrix.posSemidef_replicaDefectCount": [
      {
        "document": "blueprint/web/ch-entropy.html",
        "href": "../docs/find/#doc/Matrix.posSemidef_replicaDefectCount"
      }
    ],
    "Matrix.norm_replicaGoodCopyRemainder_of_fixed": [
      {
        "document": "blueprint/web/ch-entropy.html",
        "href": "../docs/find/#doc/Matrix.norm_replicaGoodCopyRemainder_of_fixed"
      }
    ],
    "Matrix.commute_cfc_replicaDefectCount_permOp": [
      {
        "document": "blueprint/web/ch-entropy.html",
        "href": "../docs/find/#doc/Matrix.commute_cfc_replicaDefectCount_permOp"
      }
    ],
    "Matrix.PosSemidef.spectralCutoff_mass_ge": [
      {
        "document": "blueprint/web/ch-entropy.html",
        "href": "../docs/find/#doc/Matrix.PosSemidef.spectralCutoff_mass_ge"
      }
    ],
    "Matrix.norm_compressedTypicalPureState": [
      {
        "document": "blueprint/web/ch-entropy.html",
        "href": "../docs/find/#doc/Matrix.norm_compressedTypicalPureState"
      }
    ],
    "Matrix.symProj_mul_replicaGoodConfigurationMarginal": [
      {
        "document": "blueprint/web/ch-entropy.html",
        "href": "../docs/find/#doc/Matrix.symProj_mul_replicaGoodConfigurationMarginal"
      }
    ],
    "TensorPower.groupHom\u2082_labelProj_dim_le": [
      {
        "document": "blueprint/web/ch-schur_labels.html",
        "href": "../docs/find/#doc/TensorPower.groupHom\u2082_labelProj_dim_le"
      }
    ],
    "Matrix.partialTraceRight_replicaExcitationComponent_goodAuxiliary_density": [
      {
        "document": "blueprint/web/ch-entropy.html",
        "href": "../docs/find/#doc/Matrix.partialTraceRight_replicaExcitationComponent_goodAuxiliary_density"
      }
    ],
    "Matrix.IsHermitian.isIsometry_spectralSelectionEmbedding": [
      {
        "document": "blueprint/web/ch-entropy.html",
        "href": "../docs/find/#doc/Matrix.IsHermitian.isIsometry_spectralSelectionEmbedding"
      }
    ],
    "Matrix.compressedTypicalPureState": [
      {
        "document": "blueprint/web/ch-entropy.html",
        "href": "../docs/find/#doc/Matrix.compressedTypicalPureState"
      }
    ],
    "Matrix.spectralCutoff_replica_gap_mass_ge": [
      {
        "document": "blueprint/web/ch-entropy.html",
        "href": "../docs/find/#doc/Matrix.spectralCutoff_replica_gap_mass_ge"
      }
    ],
    "Matrix.replicaExcitationProjection": [
      {
        "document": "blueprint/web/ch-entropy.html",
        "href": "../docs/find/#doc/Matrix.replicaExcitationProjection"
      }
    ],
    "TensorPower.copyPerm_groupedCopies_labelEntropy_bounds": [
      {
        "document": "blueprint/web/ch-schur_labels.html",
        "href": "../docs/find/#doc/TensorPower.copyPerm_groupedCopies_labelEntropy_bounds"
      }
    ],
    "Matrix.PosSemidef.replica_gap": [
      {
        "document": "blueprint/web/ch-entropy.html",
        "href": "../docs/find/#doc/Matrix.PosSemidef.replica_gap"
      }
    ],
    "Matrix.replicaGoodAuxiliaryMarginal": [
      {
        "document": "blueprint/web/ch-entropy.html",
        "href": "../docs/find/#doc/Matrix.replicaGoodAuxiliaryMarginal"
      }
    ],
    "Matrix.replicaExcitationProjection_mulVec_factorization": [
      {
        "document": "blueprint/web/ch-entropy.html",
        "href": "../docs/find/#doc/Matrix.replicaExcitationProjection_mulVec_factorization"
      }
    ],
    "Matrix.replicaHamiltonian_mulVec_prod": [
      {
        "document": "blueprint/web/ch-entropy.html",
        "href": "../docs/find/#doc/Matrix.replicaHamiltonian_mulVec_prod"
      }
    ],
    "Matrix.PosSemidef.smul_one_sub_spectralCutoff_le": [
      {
        "document": "blueprint/web/ch-entropy.html",
        "href": "../docs/find/#doc/Matrix.PosSemidef.smul_one_sub_spectralCutoff_le"
      }
    ],
    "Matrix.replicaGoodCopy_factorization_of_fixed": [
      {
        "document": "blueprint/web/ch-entropy.html",
        "href": "../docs/find/#doc/Matrix.replicaGoodCopy_factorization_of_fixed"
      }
    ],
    "Matrix.commute_finKronecker_const_permOp": [
      {
        "document": "blueprint/web/ch-entropy.html",
        "href": "../docs/find/#doc/Matrix.commute_finKronecker_const_permOp"
      }
    ],
    "Matrix.commute_replicaExcitationProjection_kronecker_of_image_eq": [
      {
        "document": "blueprint/web/ch-entropy.html",
        "href": "../docs/find/#doc/Matrix.commute_replicaExcitationProjection_kronecker_of_image_eq"
      }
    ],
    "TensorPower.groupedCopies_labelEntropy_bounds": [
      {
        "document": "blueprint/web/ch-schur_labels.html",
        "href": "../docs/find/#doc/TensorPower.groupedCopies_labelEntropy_bounds"
      }
    ],
    "Matrix.partialTraceLeft_replicaExcitationComponent_eq_remainder": [
      {
        "document": "blueprint/web/ch-entropy.html",
        "href": "../docs/find/#doc/Matrix.partialTraceLeft_replicaExcitationComponent_eq_remainder"
      }
    ],
    "Matrix.cfc_replicaDefectCount_eq_sum_replicaExcitationProjection": [
      {
        "document": "blueprint/web/ch-entropy.html",
        "href": "../docs/find/#doc/Matrix.cfc_replicaDefectCount_eq_sum_replicaExcitationProjection"
      }
    ],
    "Matrix.replicaGoodCopyRemainder": [
      {
        "document": "blueprint/web/ch-entropy.html",
        "href": "../docs/find/#doc/Matrix.replicaGoodCopyRemainder"
      }
    ],
    "Matrix.sum_replicaExcitationProjection": [
      {
        "document": "blueprint/web/ch-entropy.html",
        "href": "../docs/find/#doc/Matrix.sum_replicaExcitationProjection"
      }
    ],
    "Matrix.kronecker_mulVec_compressedTypicalPureState": [
      {
        "document": "blueprint/web/ch-entropy.html",
        "href": "../docs/find/#doc/Matrix.kronecker_mulVec_compressedTypicalPureState"
      }
    ],
    "Matrix.IsHermitian.spectralSelectionEmbedding_mul_conjTranspose": [
      {
        "document": "blueprint/web/ch-entropy.html",
        "href": "../docs/find/#doc/Matrix.IsHermitian.spectralSelectionEmbedding_mul_conjTranspose"
      }
    ],
    "PermutationRepresentation.commute_partialTraceLeft_vecMulVec_of_fixed_kronecker_permOp": [
      {
        "document": "blueprint/web/ch-entropy.html",
        "href": "../docs/find/#doc/PermutationRepresentation.commute_partialTraceLeft_vecMulVec_of_fixed_kronecker_permOp"
      }
    ],
    "Matrix.replicaExcitationProjection_mul_of_ne": [
      {
        "document": "blueprint/web/ch-entropy.html",
        "href": "../docs/find/#doc/Matrix.replicaExcitationProjection_mul_of_ne"
      }
    ],
    "Matrix.replicaGoodConfigurationMarginal": [
      {
        "document": "blueprint/web/ch-entropy.html",
        "href": "../docs/find/#doc/Matrix.replicaGoodConfigurationMarginal"
      }
    ],
    "Matrix.symProj_mul_replicaExcitationComponent_goodAuxiliary_density": [
      {
        "document": "blueprint/web/ch-entropy.html",
        "href": "../docs/find/#doc/Matrix.symProj_mul_replicaExcitationComponent_goodAuxiliary_density"
      }
    ],
    "TensorPower.goodBadCopiesEquiv": [
      {
        "document": "blueprint/web/ch-entropy.html",
        "href": "../docs/find/#doc/TensorPower.goodBadCopiesEquiv"
      }
    ],
    "Matrix.commute_cfc_replicaDefectCount_kronecker": [
      {
        "document": "blueprint/web/ch-entropy.html",
        "href": "../docs/find/#doc/Matrix.commute_cfc_replicaDefectCount_kronecker"
      }
    ]
  },
  "result": "passed"
}
