qic-import-tests.log
Raw SHA256: 542478c5e228cffe15731b293460e1c4bc97eab58d811a31f3775a96f09a3ee3
.........
----------------------------------------------------------------------
Ran 9 tests in 0.018s

OK

qic-file-policy-tests.log
Raw SHA256: 939511b7f418fa5f1b9a295b88af21dc4d2adbc20bbe7fced7ab3e48b5a030a1
test_archive_and_untracked_files_are_out_of_scope (__main__.NumberedLeanFilePolicyTests.test_archive_and_untracked_files_are_out_of_scope) ... ok
test_base_debt_ratchet_rejects_pr_and_multicommit_push_additions (__main__.NumberedLeanFilePolicyTests.test_base_debt_ratchet_rejects_pr_and_multicommit_push_additions) ... ok
test_documented_semantic_exception_is_allowed (__main__.NumberedLeanFilePolicyTests.test_documented_semantic_exception_is_allowed) ... ok
test_empty_semantic_explanation_fails (__main__.NumberedLeanFilePolicyTests.test_empty_semantic_explanation_fails) ... ok
test_existing_debt_is_allowed (__main__.NumberedLeanFilePolicyTests.test_existing_debt_is_allowed) ... ok
test_new_debt_allowlist_entry_fails_against_base (__main__.NumberedLeanFilePolicyTests.test_new_debt_allowlist_entry_fails_against_base) ... ok
test_new_numbered_production_file_fails_with_guidance (__main__.NumberedLeanFilePolicyTests.test_new_numbered_production_file_fails_with_guidance) ... ok
test_removing_debt_allowlist_entry_is_allowed (__main__.NumberedLeanFilePolicyTests.test_removing_debt_allowlist_entry_is_allowed) ... ok
test_stale_debt_entry_fails_so_allowlist_shrinks (__main__.NumberedLeanFilePolicyTests.test_stale_debt_entry_fails_so_allowlist_shrinks) ... ok
test_aggregator_with_declaration_is_rejected_even_below_limit (__main__.OversizedLeanFilePolicyTests.test_aggregator_with_declaration_is_rejected_even_below_limit) ... ok
test_aggregator_with_invalid_module_segment_is_rejected (__main__.OversizedLeanFilePolicyTests.test_aggregator_with_invalid_module_segment_is_rejected) ... ok
test_exact_import_only_aggregator_is_exempt (__main__.OversizedLeanFilePolicyTests.test_exact_import_only_aggregator_is_exempt) ... ok
test_import_only_file_is_not_exempt_without_exact_registration (__main__.OversizedLeanFilePolicyTests.test_import_only_file_is_not_exempt_without_exact_registration) ... ok
test_missing_aggregator_exemption_is_rejected (__main__.OversizedLeanFilePolicyTests.test_missing_aggregator_exemption_is_rejected) ... ok
test_oversized_module_fails_with_actionable_split_guidance (__main__.OversizedLeanFilePolicyTests.test_oversized_module_fails_with_actionable_split_guidance) ... ok
test_unterminated_comment_rejects_aggregator (__main__.OversizedLeanFilePolicyTests.test_unterminated_comment_rejects_aggregator) ... ok

----------------------------------------------------------------------
Ran 16 tests in 0.088s

OK

qic-hotspot-tests.log
Raw SHA256: 74c03fc16fde9a2dfeff03db0ec8f472a5a8dfed04e9e982a912b4b7f64faee3
.......
----------------------------------------------------------------------
Ran 7 tests in 0.002s

OK

imports.log
Raw SHA256: 608dca91d1e775a8041c0975755c4800dd0c51884aa55f59acc811b48449c05c
Import aggregators are current: 31 generated files cover 629 production modules.

source-sync.log
Raw SHA256: 2b44028719702e6583a577d4093be2ce7d7f0150cdf664d610f5e64e7b1d5145
Scanning Lean source tree …
  Found 7163 declarations in Lean source
Scanning blueprint .tex files …
  Found 2809 unique \lean{} references in blueprint
  Found 2835 theorem-like blueprint entries

======================================================================
  BLUEPRINT ↔ LEAN SYNC REPORT
======================================================================

Per-chapter formalization progress:
  Chapter                                             Done / Total       %
  --------------------------------------------------------------------
  ch01_coherent_frames.tex                               4 /     4  100.0%
  ch01_cyclic_trace_power.tex                            1 /     1  100.0%
  ch01_positive_maps.tex                                85 /    85  100.0%
  ch01_shifted_density_powers.tex                        7 /     7  100.0%
  ch01_spectrum_and_wigner.tex                          39 /    39  100.0%
  ch01_states.tex                                       12 /    12  100.0%
  ch02_channels_peripheral_spectrum_and_primitivity.tex    37 /    37  100.0%
  ch02_channels_positive_map_and_channel_foundations.tex    26 /    26  100.0%
  ch02_channels_rectangular_kraus_maps.tex              61 /    61  100.0%
  ch02_channels_tensor_maps_and_controlled_trace.tex     8 /     8  100.0%
  ch02_channels_transfer_map_foundations.tex            16 /    16  100.0%
  ch03_channel_representations_choi_and_kraus.tex       71 /    71  100.0%
  ch03_channel_representations_choi_foundations.tex     13 /    13  100.0%
  ch03_channel_representations_determinant_choi_bound.tex    10 /    10  100.0%
  ch03_channel_representations_dilations_and_ordered_cp.tex   111 /   111  100.0%
  ch03_channel_representations_ensemble_equivalence.tex     9 /     9  100.0%
  ch03_channel_representations_hermitian_intertwiners.tex     7 /     7  100.0%
  ch03_channel_representations_kraus_iterate_choi.tex     8 /     8  100.0%
  ch03_channel_representations_no_information_without_disturbance.tex     5 /     5  100.0%
  ch03_channel_representations_normal_forms_and_determinant.tex   255 /   255  100.0%
  ch03_channel_representations_rectangular_choi_bounds.tex     6 /     6  100.0%
  ch03_channel_representations_self_dual.tex            24 /    24  100.0%
  ch03_channel_representations_sic_povms.tex            19 /    19  100.0%
  ch03_channel_representations_transfer_matrix_identities.tex     5 /     5  100.0%
  ch04_convex_structure.tex                             71 /    71  100.0%
  ch04_positive_not_cp_choi_and_decomposable_maps.tex   200 /   200  100.0%
  ch04_positive_not_cp_kramers_degeneracy.tex           10 /    10  100.0%
  ch04_positive_not_cp_npositivity_infimum.tex          10 /    10  100.0%
  ch04_positive_not_cp_positivity_reduction_and_breuer_hall.tex    38 /    38  100.0%
  ch04_positive_not_cp_ppt_and_separable_states.tex     21 /    21  100.0%
  ch04_positive_not_cp_schmidt_number_and_entanglement.tex    12 /    12  100.0%
  ch04_positive_not_cp_supporting_results.tex           53 /    53  100.0%
  ch04_positive_not_cp_trace_normalization_and_lorentz_cone.tex     3 /     3  100.0%
  ch04_positive_not_cp_two_positive_schmidt_and_choi.tex    50 /    50  100.0%
  ch05_schwarz_abstract_domains_and_order.tex           41 /    41  100.0%
  ch05_schwarz_douglas.tex                               6 /     6  100.0%
  ch05_schwarz_ft_core.tex                              15 /    15  100.0%
  ch05_schwarz_retractions_and_peripheral_equality.tex     5 /     5  100.0%
  ch05_schwarz_schur_complement.tex                      6 /     6  100.0%
  ch05_schwarz_supporting_results.tex                   13 /    13  100.0%
  ch06_operator_convexity_lieb_and_resolvent.tex        18 /    18  100.0%
  ch06_operator_convexity_schwarz_and_jensen.tex        33 /    33  100.0%
  ch07_qpf.tex                                          92 /    92  100.0%
  ch07_qpf_cesaro_fixed_points.tex                      46 /    46  100.0%
  ch07_qpf_irreducibility_and_ergodicity.tex            18 /    18  100.0%
  ch07_qpf_supporting_results.tex                       24 /    24  100.0%
  ch07_qpf_weighted_cesaro.tex                          13 /    13  100.0%
  ch08_spectral_ft_peripheral_cyclic.tex                 6 /     6  100.0%
  ch08_spectral_supporting_results.tex                  27 /    27  100.0%
  ch09_channel_asymptotics_corner_and_overlap_decompositions.tex    24 /    24  100.0%
  ch09_channel_asymptotics_detailed_balance.tex          5 /     5  100.0%
  ch09_channel_asymptotics_direct_sum_corners_and_maximal_support.tex    13 /    13  100.0%
  ch09_channel_asymptotics_direct_sum_schwarz_maps.tex    62 /    62  100.0%
  ch09_channel_asymptotics_fixed_point_algebras.tex     14 /    14  100.0%
  ch09_channel_asymptotics_fixed_point_structure_and_cycles.tex   128 /   128  100.0%
  ch09_channel_asymptotics_fixed_points_and_wedderburn_i.tex    53 /    53  100.0%
  ch09_channel_asymptotics_jordan_block_power.tex       10 /    10  100.0%
  ch09_channel_asymptotics_mean_ergodic.tex             20 /    20  100.0%
  ch09_channel_asymptotics_supporting_results.tex       13 /    13  100.0%
  ch09_channel_asymptotics_upper_triangular_power.tex    23 /    23  100.0%
  ch09_channel_asymptotics_wedderburn_ii.tex            48 /    48  100.0%
  ch10_wielandt_cumulative_bound.tex                    40 /    40  100.0%
  ch10_wielandt_supporting_results.tex                   9 /     9  100.0%
  ch11_semigroup_adjoint_kernel_and_reducibility.tex    53 /    53  100.0%
  ch11_semigroup_dissipation_and_primitivity.tex        68 /    68  100.0%
  ch11_semigroup_dynamics_and_gksl.tex                  82 /    82  100.0%
  ch11_semigroup_hermitian_paths.tex                    16 /    16  100.0%
  ch12_entropy_classical_operator_schmidt_and_renyi.tex    64 /    64  100.0%
  ch12_entropy_conditional_two_families.tex              4 /     4  100.0%
  ch12_entropy_corollaries.tex                           4 /     4  100.0%
  ch12_entropy_data_processing.tex                       3 /     3  100.0%
  ch12_entropy_finite_product.tex                       12 /    12  100.0%
  ch12_entropy_majorization.tex                          2 /     2  100.0%
  ch12_entropy_mutual_information.tex                   11 /    11  100.0%
  ch12_entropy_trace_norm.tex                           60 /    60  100.0%
  ch12_entropy_tripartite_and_ssa_i.tex                 58 /    58  100.0%
  ch12_entropy_tripartite_and_ssa_ii.tex               117 /   117  100.0%
  ch12_entropy_von_neumann_and_relative_i.tex           38 /    38  100.0%
  ch12_entropy_von_neumann_and_relative_ii.tex          80 /    80  100.0%
  ch12_rectangular_windows.tex                          31 /    31  100.0%
  --------------------------------------------------------------------
  TOTAL                                               2835 /  2835  100.0%

✓ Blueprint and Lean code are in sync.

JSON report written to regularized-patch-validation/docs/source-sync.json

prose-changed.log
Raw SHA256: ff9e0cfd130ad88c616ae89b8ea59a4895e0044f5c1e90a352bc8e31dbd5ee2d
PASS: all lines in four changed reader-facing files, including untracked sources and final production notices.

indent.log
Raw SHA256: 064432cc953de30367de08b2e19c1ded40c6aa8b0adeffb3d43b8de48365dc54
INFO:  latexindent-linux version 3.24.7, 2025-08-15, a script to indent .tex files
       latexindent-linux lives here: /workspace/scratch/7637e06d0fc2/setup-downloads/tool-cache/tnlean/latexindent/3.24.7/
       Wed Oct  7 03:54:13 2026
       Filename: /workspace/scratch/7637e06d0fc2/QICLean-regularized-density-powers/blueprint/src/chapter/ch01_shifted_density_powers.tex
INFO:  Processing switches:
       -s|--silent: Silent mode active (you have used either -s or --silent)
       -l|--localSettings: Read localSettings YAML file
       -o|--outputfile: output to file
       -c|--cruft: cruft directory
INFO:  Directory for backup files and log file /workspace/scratch/7637e06d0fc2/regularized-patch-validation/docs/indent.log:
       /workspace/scratch/7637e06d0fc2/regularized-patch-validation/docs
INFO:  YAML settings read: defaultSettings.yaml
       Reading defaultSettings.yaml from /workspace/scratch/7637e06d0fc2/setup-downloads/tool-cache/tnlean/latexindent/3.24.7/defaultSettings.yaml
       Reading defaultSettings.yaml (2nd attempt) from /workspace/scratch/7637e06d0fc2/setup-downloads/tool-cache/tnlean/latexindent/3.24.7/../../texmf-dist/scripts/latexindent/defaultSettings.yaml
       and then, if necessary, /workspace/scratch/7637e06d0fc2/setup-downloads/tool-cache/tnlean/latexindent/3.24.7/LatexIndent/defaultSettings.yaml
INFO:  YAML reading settings
       Home directory is /home/agent
       latexindent.pl didn't find indentconfig.yaml or .indentconfig.yaml
       see all possible locations: https://latexindentpl.readthedocs.io/en/latest/sec-appendices.html#indentconfig-options)
INFO:  YAML settings read: -l switch
       Adding /workspace/scratch/7637e06d0fc2/QICLean-regularized-density-powers/blueprint/latexindent.yaml to YAML read paths
INFO:  YAML settings, reading from the following files:
       Reading USER settings from /workspace/scratch/7637e06d0fc2/QICLean-regularized-density-powers/blueprint/latexindent.yaml
       ---
       defaultIndent: '    '
       removeTrailingWhitespace:
         afterProcessing: '1'
         beforeProcessing: '0'

INFO:  -o switch active: output file check
INFO:  Phase 1: searching for objects
INFO:  Phase 2: finding surrounding indentation
INFO:  Phase 3: indenting objects
INFO:  Phase 4: final indentation check
INFO:  Output routine:
       Outputting to file /workspace/scratch/7637e06d0fc2/regularized-patch-validation/docs/ch01_shifted_density_powers.tex
       --------------
INFO:  Please direct all communication/issues to:
        https://github.com/cmhughes/latexindent.pl

TNLean-provenance-minimal.log
Raw SHA256: c2fd1fb3bd79bd8487b07ca8756984f459b034a7ab2e26525220cc52b9cfcbc4
PASS: 7 planned/original rows, pinned paper labels, current declaration names and exact matching source notices; no Lean build performed.

TNLean-provenance-pr8784-review.log
Raw SHA256: c2fd1fb3bd79bd8487b07ca8756984f459b034a7ab2e26525220cc52b9cfcbc4
PASS: 7 planned/original rows, pinned paper labels, current declaration names and exact matching source notices; no Lean build performed.
