'Entropy.normalizedRestriction' depends on axioms: [propext, Classical.choice, Quot.sound]
'Entropy.sum_normalizedRestriction' depends on axioms: [propext, Classical.choice, Quot.sound]
'Entropy.normalizedRestriction_pos' depends on axioms: [propext, Classical.choice, Quot.sound]
'Entropy.log_card_typical_centered' depends on axioms: [propext, Classical.choice, Quot.sound]
'Entropy.entropy_normalizedRestriction_typical_centered' depends on axioms: [propext, Classical.choice, Quot.sound]
'Entropy.typicalSpectrum_entropy_bounds' depends on axioms: [propext, Classical.choice, Quot.sound]
'Matrix.IsHermitian.spectralSelection' depends on axioms: [propext, Classical.choice, Quot.sound]
'Matrix.IsHermitian.spectralRestrictionMass' depends on axioms: [propext, Classical.choice, Quot.sound]
'Matrix.IsHermitian.normalizedSpectralRestriction' depends on axioms: [propext, Classical.choice, Quot.sound]
'Matrix.IsHermitian.isStarProjection_spectralSelection' depends on axioms: [propext, Classical.choice, Quot.sound]
'Matrix.IsHermitian.commute_spectralSelection' depends on axioms: [propext, Classical.choice, Quot.sound]
'Matrix.PosSemidef.normalizedSpectralRestriction_posSemidef' depends on axioms: [propext, Classical.choice, Quot.sound]
'Matrix.IsHermitian.trace_normalizedSpectralRestriction' depends on axioms: [propext, Classical.choice, Quot.sound]
'Matrix.IsHermitian.normalizedSpectralRestriction_eq' depends on axioms: [propext, Classical.choice, Quot.sound]
'Matrix.PosSemidef.spectralRestrictionMass_le_one' depends on axioms: [propext, Classical.choice, Quot.sound]
'Matrix.IsHermitian.rank_normalizedSpectralRestriction' depends on axioms: [propext, Classical.choice, Quot.sound]
'Matrix.PosSemidef.entropy_normalizedSpectralRestriction' depends on axioms: [propext, Classical.choice, Quot.sound]
'Matrix.PosSemidef.typicalSpectralRestriction_entropy_bounds' depends on axioms: [propext, Classical.choice, Quot.sound]
'FiniteProduct.splitTwoRegionsEquiv' depends on axioms: [propext, Classical.choice, Quot.sound]
'FiniteProduct.splitTwoRegionsState' depends on axioms: [propext, Classical.choice, Quot.sound]
'FiniteProduct.partialTraceRight_splitTwoRegionsState' depends on axioms: [propext, Classical.choice, Quot.sound]
'FiniteProduct.splitTwoRegionsState_unit' depends on axioms: [propext, Classical.choice, Quot.sound]
'FiniteProduct.exists_isIsometry_splitTwoRegionsState_norm_sub_le' depends on axioms: [propext,
 Classical.choice,
 Quot.sound]
'FiniteProduct.exists_isIsometry_splitTwoRegionsState_norm_sub_le_zpow' depends on axioms: [propext,
 Classical.choice,
 Quot.sound]
'FiniteProduct.conditionalMutualInformation_nonneg' depends on axioms: [propext, Classical.choice, Quot.sound]
'FiniteProduct.entropy_submodular' depends on axioms: [propext, Classical.choice, Quot.sound]
'FiniteProduct.mutualInformation_mono_left' depends on axioms: [propext, Classical.choice, Quot.sound]
