⚠ [2784/2841] Replayed QICLean.Analysis.SpectralKronecker
warning: QICLean/Analysis/SpectralKronecker.lean:115:0: `ext_star_dotProduct_mulVec` does not use the following hypotheses in its type:
  • [DecidableEq n] (#4)
  • [DecidableEq m] (#6)

Consider removing these hypotheses and using `classical` in the proof instead. For terms, consider using `open scoped Classical in` at the term level (not the command level).

Note: This linter can be disabled with `set_option linter.unusedDecidableInType false`
warning: QICLean/Analysis/SpectralKronecker.lean:122:0: `ext_star_vec_dotProduct_mulVec_vec` does not use the following hypotheses in its type:
  • [DecidableEq l] (#4)
  • [DecidableEq k] (#6)

Consider removing these hypotheses and using `classical` in the proof instead. For terms, consider using `open scoped Classical in` at the term level (not the command level).

Note: This linter can be disabled with `set_option linter.unusedDecidableInType false`
⚠ [3438/3587] Replayed QICLean.Entropy.MarginalPhaseFaithful
warning: QICLean/Entropy/MarginalPhaseFaithful.lean:50:0: `posDef_marginalUF` does not use the following hypotheses in its type:
  • [Fintype U] (#5)
  • [Fintype F] (#6)

Consider replacing these hypotheses with the corresponding instances of `Finite` and using `Fintype.ofFinite` in the proof, or removing them entirely.

Note: This linter can be disabled with `set_option linter.unusedFintypeInType false`
warning: QICLean/Entropy/MarginalPhaseFaithful.lean:54:0: `posDef_marginalXU` does not use the following hypotheses in its type:
  • [Fintype X] (#4)
  • [Fintype U] (#5)

Consider replacing these hypotheses with the corresponding instances of `Finite` and using `Fintype.ofFinite` in the proof, or removing them entirely.

Note: This linter can be disabled with `set_option linter.unusedFintypeInType false`
warning: QICLean/Entropy/MarginalPhaseFaithful.lean:58:0: automatically included section variable(s) unused in theorem `Entropy.MarginalPhase.posDef_marginalU`:
  [DecidableEq X]
  [DecidableEq U]
  [DecidableEq F]
consider restructuring your `variable` declarations so that the variables are not in scope or explicitly omit them:
  omit [DecidableEq X] [DecidableEq U] [DecidableEq F] in theorem ...

Note: This linter can be disabled with `set_option linter.unusedSectionVars false`
warning: QICLean/Entropy/MarginalPhaseFaithful.lean:58:0: `posDef_marginalU` does not use the following hypotheses in its type:
  • [DecidableEq X] (#5)
  • [DecidableEq U] (#7)
  • [DecidableEq F] (#9)

Consider removing these hypotheses and using `classical` in the proof instead. For terms, consider using `open scoped Classical in` at the term level (not the command level).

Note: This linter can be disabled with `set_option linter.unusedDecidableInType false`
warning: QICLean/Entropy/MarginalPhaseFaithful.lean:58:0: `posDef_marginalU` does not use the following hypothesis in its type:
  • [Fintype U] (#6)

Consider replacing this hypothesis with the corresponding instance of `Finite` and using `Fintype.ofFinite` in the proof, or removing it entirely.

Note: This linter can be disabled with `set_option linter.unusedFintypeInType false`
warning: QICLean/Entropy/MarginalPhaseFaithful.lean:147:4: Overlapping instance parameters in `isoMap`:

⚠️ There are 2 `[Nonempty X]` instances; one is sufficient.
⚠️ There are 2 `[Nonempty F]` instances; one is sufficient.

Note: This linter can be disabled with `set_option linter.overlappingInstances false`
⚠ [3441/3587] Replayed QICLean.Algebra.PartialTraceDomination
warning: QICLean/Algebra/PartialTraceDomination.lean:63:0: `PosSemidef.le_card_smul_one_kronecker_partialTraceLeft` does not use the following hypothesis in its type:
  • [DecidableEq Y] (#6)

Consider removing this hypothesis and using `classical` in the proof instead. For terms, consider using `open scoped Classical in` at the term level (not the command level).

Note: This linter can be disabled with `set_option linter.unusedDecidableInType false`
warning: QICLean/Algebra/PartialTraceDomination.lean:63:0: `PosSemidef.le_card_smul_one_kronecker_partialTraceLeft` does not use the following hypothesis in its type:
  • [Fintype Y] (#5)

Consider replacing this hypothesis with the corresponding instance of `Finite` and using `Fintype.ofFinite` in the proof, or removing it entirely.

Note: This linter can be disabled with `set_option linter.unusedFintypeInType false`
⚠ [3447/3587] Replayed QICLean.Entropy.MarginalPhaseQuantities
warning: QICLean/Entropy/MarginalPhaseQuantities.lean:58:0: automatically included section variable(s) unused in theorem `Entropy.MarginalPhase.trace_marginalU`:
  [DecidableEq X]
  [DecidableEq U]
  [DecidableEq F]
consider restructuring your `variable` declarations so that the variables are not in scope or explicitly omit them:
  omit [DecidableEq X] [DecidableEq U] [DecidableEq F] in theorem ...

Note: This linter can be disabled with `set_option linter.unusedSectionVars false`
warning: QICLean/Entropy/MarginalPhaseQuantities.lean:58:0: `trace_marginalU` does not use the following hypotheses in its type:
  • [DecidableEq X] (#5)
  • [DecidableEq U] (#7)
  • [DecidableEq F] (#9)

Consider removing these hypotheses and using `classical` in the proof instead. For terms, consider using `open scoped Classical in` at the term level (not the command level).

Note: This linter can be disabled with `set_option linter.unusedDecidableInType false`
warning: QICLean/Entropy/MarginalPhaseQuantities.lean:62:0: `trace_sigmaS` does not use the following hypotheses in its type:
  • [DecidableEq U] (#7)
  • [DecidableEq F] (#9)

Consider removing these hypotheses and using `classical` in the proof instead. For terms, consider using `open scoped Classical in` at the term level (not the command level).

Note: This linter can be disabled with `set_option linter.unusedDecidableInType false`
warning: QICLean/Entropy/MarginalPhaseQuantities.lean:100:29: This simp argument is unused:
  Complex.zero_re

Hint: Omit it from the simp argument list.
  [apply] simp only [Complex.sub_re] at this

Note: This linter can be disabled with `set_option linter.unusedSimpArgs false`
warning: QICLean/Entropy/MarginalPhaseQuantities.lean:92:0: `re_trace_mul_mul_mono` does not use the following hypothesis in its type:
  • [DecidableEq n] (#3)

Consider removing this hypothesis and using `classical` in the proof instead. For terms, consider using `open scoped Classical in` at the term level (not the command level).

Note: This linter can be disabled with `set_option linter.unusedDecidableInType false`
warning: QICLean/Entropy/MarginalPhaseQuantities.lean:112:0: `posDef_sigmaF` does not use the following hypotheses in its type:
  • [Fintype U] (#6)
  • [Fintype F] (#7)

Consider replacing these hypotheses with the corresponding instances of `Finite` and using `Fintype.ofFinite` in the proof, or removing them entirely.

Note: This linter can be disabled with `set_option linter.unusedFintypeInType false`
⚠ [3449/3587] Replayed QICLean.Entropy.MarginalPhaseSupport
warning: QICLean/Entropy/MarginalPhaseSupport.lean:133:0: `posSemidef_marginalXU` does not use the following hypotheses in its type:
  • [Fintype X] (#4)
  • [Fintype U] (#5)

Consider replacing these hypotheses with the corresponding instances of `Finite` and using `Fintype.ofFinite` in the proof, or removing them entirely.

Note: This linter can be disabled with `set_option linter.unusedFintypeInType false`
warning: QICLean/Entropy/MarginalPhaseSupport.lean:138:0: `posSemidef_marginalU` does not use the following hypothesis in its type:
  • [Fintype U] (#5)

Consider replacing this hypothesis with the corresponding instance of `Finite` and using `Fintype.ofFinite` in the proof, or removing it entirely.

Note: This linter can be disabled with `set_option linter.unusedFintypeInType false`
warning: QICLean/Entropy/MarginalPhaseSupport.lean:143:0: `posSemidef_marginalUF` does not use the following hypotheses in its type:
  • [Fintype U] (#5)
  • [Fintype F] (#6)

Consider replacing these hypotheses with the corresponding instances of `Finite` and using `Fintype.ofFinite` in the proof, or removing them entirely.

Note: This linter can be disabled with `set_option linter.unusedFintypeInType false`
⚠ [3566/3587] Replayed QICLean.Entropy.MarginalPhaseSingular
warning: QICLean/Entropy/MarginalPhaseSingular.lean:130:0: automatically included section variable(s) unused in theorem `Entropy.MarginalPhase.tendsto_cpow_affF`:
  [DecidableEq X]
  [DecidableEq U]
  [DecidableEq F]
consider restructuring your `variable` declarations so that the variables are not in scope or explicitly omit them:
  omit [DecidableEq X] [DecidableEq U] [DecidableEq F] in theorem ...

Note: This linter can be disabled with `set_option linter.unusedSectionVars false`
warning: QICLean/Entropy/MarginalPhaseSingular.lean:130:0: `tendsto_cpow_affF` does not use the following hypotheses in its type:
  • [DecidableEq X] (#5)
  • [DecidableEq U] (#7)
  • [DecidableEq F] (#9)

Consider removing these hypotheses and using `classical` in the proof instead. For terms, consider using `open scoped Classical in` at the term level (not the command level).

Note: This linter can be disabled with `set_option linter.unusedDecidableInType false`
warning: QICLean/Entropy/MarginalPhaseSingular.lean:134:0: automatically included section variable(s) unused in theorem `Entropy.MarginalPhase.tendsto_rpow_affF`:
  [DecidableEq X]
  [DecidableEq U]
  [DecidableEq F]
consider restructuring your `variable` declarations so that the variables are not in scope or explicitly omit them:
  omit [DecidableEq X] [DecidableEq U] [DecidableEq F] in theorem ...

Note: This linter can be disabled with `set_option linter.unusedSectionVars false`
warning: QICLean/Entropy/MarginalPhaseSingular.lean:134:0: `tendsto_rpow_affF` does not use the following hypotheses in its type:
  • [DecidableEq X] (#5)
  • [DecidableEq U] (#7)
  • [DecidableEq F] (#9)

Consider removing these hypotheses and using `classical` in the proof instead. For terms, consider using `open scoped Classical in` at the term level (not the command level).

Note: This linter can be disabled with `set_option linter.unusedDecidableInType false`
warning: QICLean/Entropy/MarginalPhaseSingular.lean:165:0: `tendsto_phaseFam_mul` does not use the following hypotheses in its type:
  • [DecidableEq X] (#5)
  • [DecidableEq U] (#7)
  • [DecidableEq F] (#9)
  • [DecidableEq m] (#18)

Consider removing these hypotheses and using `classical` in the proof instead. For terms, consider using `open scoped Classical in` at the term level (not the command level).

Note: This linter can be disabled with `set_option linter.unusedDecidableInType false`
⚠ [3583/3587] Replayed QICLean.Entropy.ConditionalMovement.LogCompression
warning: QICLean/Entropy/ConditionalMovement/LogCompression.lean:95:0: `compression_mono` does not use the following hypothesis in its type:
  • [Fintype n] (#4)

Consider replacing this hypothesis with the corresponding instance of `Finite` and using `Fintype.ofFinite` in the proof, or removing it entirely.

Note: This linter can be disabled with `set_option linter.unusedFintypeInType false`
warning: QICLean/Entropy/ConditionalMovement/LogCompression.lean:281:0: `sqrt_posDef` does not use the following hypothesis in its type outside of proofs:
  • [DecidableEq m] (#3) (used in type, but only in a proof)

Consider removing this hypothesis and using `classical` in the proof instead. For terms, consider using `open scoped Classical in` at the term level (not the command level).

Note: This linter can be disabled with `set_option linter.unusedDecidableInType false`
warning: QICLean/Entropy/ConditionalMovement/LogCompression.lean:284:0: `sqrt_square` does not use the following hypothesis in its type outside of proofs:
  • [DecidableEq m] (#3) (used in type, but only in a proof)

Consider removing this hypothesis and using `classical` in the proof instead. For terms, consider using `open scoped Classical in` at the term level (not the command level).

Note: This linter can be disabled with `set_option linter.unusedDecidableInType false`
warning: QICLean/Entropy/ConditionalMovement/LogCompression.lean:296:0: `eq_of_vec_pairing` does not use the following hypothesis in its type:
  • [DecidableEq m] (#3)

Consider removing this hypothesis and using `classical` in the proof instead. For terms, consider using `open scoped Classical in` at the term level (not the command level).

Note: This linter can be disabled with `set_option linter.unusedDecidableInType false`
⚠ [3585/3587] Replayed QICLean.Entropy.ConditionalSkewSetup
warning: QICLean/Entropy/ConditionalSkewSetup.lean:59:0: `posSemidef_margP` does not use the following hypotheses in its type:
  • [Fintype P₀] (#6)
  • [Fintype P₁] (#7)

Consider replacing these hypotheses with the corresponding instances of `Finite` and using `Fintype.ofFinite` in the proof, or removing them entirely.

Note: This linter can be disabled with `set_option linter.unusedFintypeInType false`
warning: QICLean/Entropy/ConditionalSkewSetup.lean:63:0: `posSemidef_margW` does not use the following hypotheses in its type:
  • [Fintype X] (#8)
  • [Fintype U] (#9)
  • [Fintype F] (#10)

Consider replacing these hypotheses with the corresponding instances of `Finite` and using `Fintype.ofFinite` in the proof, or removing them entirely.

Note: This linter can be disabled with `set_option linter.unusedFintypeInType false`
warning: QICLean/Entropy/ConditionalSkewSetup.lean:67:0: `posSemidef_margY` does not use the following hypotheses in its type:
  • [Fintype X] (#8)
  • [Fintype U] (#9)

Consider replacing these hypotheses with the corresponding instances of `Finite` and using `Fintype.ofFinite` in the proof, or removing them entirely.

Note: This linter can be disabled with `set_option linter.unusedFintypeInType false`
warning: QICLean/Entropy/ConditionalSkewSetup.lean:327:0: `posSemidef_liftH` does not use the following hypotheses in its type:
  • [Fintype P₀] (#6)
  • [Fintype P₁] (#7)
  • [Fintype X] (#9)
  • [Fintype U] (#10)
  • [Fintype F] (#12)

Consider replacing these hypotheses with the corresponding instances of `Finite` and using `Fintype.ofFinite` in the proof, or removing them entirely.

Note: This linter can be disabled with `set_option linter.unusedFintypeInType false`
⚠ [3586/3587] Replayed QICLean.Entropy.ConditionalSkewStrip
warning: QICLean/Entropy/ConditionalSkewStrip.lean:71:0: `norm_apply_le_one_of_nonneg_le_one` does not use the following hypothesis in its type:
  • [Fintype n] (#2)

Consider replacing this hypothesis with the corresponding instance of `Finite` and using `Fintype.ofFinite` in the proof, or removing it entirely.

Note: This linter can be disabled with `set_option linter.unusedFintypeInType false`
warning: QICLean/Entropy/ConditionalSkewStrip.lean:120:0: `kronecker_one_le_one` does not use the following hypotheses in its type:
  • [Fintype n] (#3)
  • [Fintype m] (#5)

Consider replacing these hypotheses with the corresponding instances of `Finite` and using `Fintype.ofFinite` in the proof, or removing them entirely.

Note: This linter can be disabled with `set_option linter.unusedFintypeInType false`
info: QICLean/Entropy/ConditionalSkewStrip.lean:153:13: Try this:
  [apply] ring_nf
  
  The `ring` tactic failed to close the goal. Use `ring_nf` to obtain a normal form.
    
  Note that `ring` works primarily in *commutative* rings. If you have a noncommutative ring, abelian group or module, consider using `noncomm_ring`, `abel` or `module` instead.
⚠ [3587/3587] Replayed QICLean.Entropy.ConditionalSkewPhase
warning: QICLean/Entropy/ConditionalSkewPhase.lean:371:0: `posSemidef_rhoW` does not use the following hypotheses in its type:
  • [Fintype X] (#8)
  • [Fintype U] (#9)
  • [Fintype F] (#10)

Consider replacing these hypotheses with the corresponding instances of `Finite` and using `Fintype.ofFinite` in the proof, or removing them entirely.

Note: This linter can be disabled with `set_option linter.unusedFintypeInType false`
Build completed successfully (3587 jobs).
