✔ [3106/3172] Built QICLean.Algebra.BlockPermutation (15s)
✔ [3107/3172] Built QICLean.Algebra.OperatorBlock (14s)
✔ [3126/3195] Built QICLean.Algebra.MatrixFamilyAction (17s)
✔ [3132/3195] Built QICLean.Algebra.ConstantPowerSums (18s)
✔ [3134/3195] Built QICLean.Algebra.FinSum (18s)
✔ [3135/3195] Built QICLean.Algebra.HermitianPartSum (18s)
✔ [3136/3195] Built QICLean.Algebra.DependentBlockDiagonal (19s)
✔ [3137/3195] Built QICLean.Algebra.EqualRangeRightFactor (19s)
✔ [3138/3195] Built QICLean.Algebra.SkolemNoether (20s)
✔ [3139/3195] Built QICLean.Algebra.EigenspaceMap (20s)
✔ [3140/3195] Built QICLean.Algebra.MatrixAlgHomCentralizer (20s)
✔ [3141/3195] Built QICLean.Algebra.MatrixTracePowerContinuity (20s)
✔ [3142/3195] Built QICLean.Algebra.StarSubalgebraSpatial (21s)
✔ [3143/3195] Built QICLean.Algebra.NewtonGirard (21s)
✔ [3145/3195] Built QICLean.Algebra.HermitianTracePower (21s)
✔ [3146/3195] Built QICLean.Algebra.HermitianUnitaryConjugacy (21s)
✔ [3147/3200] Built QICLean.Algebra.HermitianSpectrumPerturbation (21s)
✔ [3151/3200] Built QICLean.Algebra.KramersDegeneracy (22s)
✔ [3152/3200] Built QICLean.Algebra.FiniteCauchySchwarz (9.6s)
✔ [3153/3200] Built QICLean.Algebra.StarSubalgebraSemisimple (22s)
✔ [3154/3200] Built QICLean.Algebra.MatrixGramUnitary (25s)
✔ [3156/3200] Built QICLean.Algebra.FrameOperator (13s)
✔ [3159/3200] Built QICLean.Algebra.BurnsideTheorem (16s)
✔ [3160/3200] Built QICLean.Algebra.MatrixCongruence (14s)
✔ [3161/3200] Built QICLean.Algebra.L2OpNormReindex (14s)
✔ [3162/3200] Built QICLean.Algebra.HermitianHelpers (16s)
✔ [3165/3200] Built QICLean.Algebra.MatrixDependentEntries (15s)
✔ [3166/3206] Built QICLean.Algebra.FrobeniusHilbert (18s)
✔ [3167/3215] Built QICLean.Algebra.ComplexPhasePositivity (18s)
✔ [3171/3215] Built QICLean.Algebra.MatrixUnitaryBetween (19s)
✔ [3172/3215] Built QICLean.Algebra.MatrixMulRange (19s)
✔ [3174/3219] Built QICLean.Algebra.GramMatrixLI (23s)
✔ [3175/3219] Built QICLean.Algebra.MatrixAlgEquiv (22s)
✔ [3182/3223] Built QICLean.Algebra.MatrixKernelRigidity (23s)
✔ [3187/3228] Built QICLean.Algebra.CompactSVD (26s)
✔ [3212/3258] Built QICLean.Algebra.MatrixPosDefTransport (27s)
✔ [3213/3266] Built QICLean.Algebra.MatrixOperatorSpace (27s)
✔ [3219/3266] Built QICLean.Algebra.StarSubalgebraIrreducibleDecomp (27s)
✔ [3220/3266] Built QICLean.Algebra.HermitianSpectrumMultiplicity (31s)
✔ [3221/3266] Built QICLean.Algebra.MatrixRankClosed (28s)
✔ [3222/3266] Built QICLean.Algebra.CornerCompression (34s)
✔ [3223/3281] Built QICLean.Algebra.MatrixGramConjugation (29s)
✔ [3224/3281] Built QICLean.Algebra.MatrixRankBaseChange (26s)
✔ [3226/3281] Built QICLean.Algebra.MatrixFamilySupport (33s)
✔ [3227/3281] Built QICLean.Algebra.EigenvectorProjection (31s)
✔ [3228/3281] Built QICLean.Algebra.MatrixReindexUnitary (23s)
✔ [3230/3281] Built QICLean.Algebra.SkolemNoetherUnitary (31s)
✔ [3231/3281] Built QICLean.Algebra.MatrixTracePairing (26s)
✔ [3232/3281] Built QICLean.Algebra.MatrixIsometryKronecker (21s)
✔ [3233/3281] Built QICLean.Algebra.MatrixUnitConjugator (25s)
✔ [3234/3283] Built QICLean.Algebra.MatrixRankKronecker (20s)
✔ [3235/3283] Built QICLean.Algebra.PerronFrobenius.PrimitiveAperiodic (16s)
✔ [3237/3283] Built QICLean.Algebra.MatrixSpectralDecomp (28s)
✔ [3239/3283] Built QICLean.Algebra.PerronFrobenius.RankOne (30s)
✔ [3242/3283] Built QICLean.Algebra.PerronFrobenius.SupportStabilization (16s)
✔ [3243/3283] Built QICLean.Algebra.NilpotentSubspaceTwo (20s)
✔ [3244/3283] Built QICLean.Algebra.PiProductTrace (14s)
✔ [3245/3283] Built QICLean.Algebra.MinkowskiCanonicalPair (26s)
✔ [3246/3283] Built QICLean.Algebra.RectangularChoi (24s)
✔ [3247/3283] Built QICLean.Algebra.OperatorSchmidt (18s)
✔ [3248/3287] Built QICLean.Algebra.PositiveSemidefiniteNormalization (21s)
✔ [3253/3306] Built QICLean.Algebra.RankOneSandwich (14s)
✔ [3254/3306] Built QICLean.Algebra.PerronFrobenius.Substochastic (20s)
✔ [3255/3306] Built QICLean.Algebra.ScalarCommutant (19s)
✔ [3258/3306] Built QICLean.Algebra.StarSubalgebraSchur (22s)
✔ [3259/3306] Built QICLean.Algebra.ScalarPowerSumIdentity (19s)
✔ [3261/3313] Built QICLean.Algebra.SkewSymmetricMatrix (18s)
✔ [3262/3313] Built QICLean.Algebra.StarSubalgebraSimpleModule (23s)
✔ [3263/3316] Built QICLean.Algebra.TracePowerCharPoly (20s)
✔ [3268/3316] Built QICLean.Algebra.HermitianSpectrumPreserver (22s)
✔ [3272/3327] Built QICLean.Algebra.NilMatrixSubalgebra (20s)
✔ [3278/3327] Built QICLean.Algebra.TracePurity (23s)
✔ [3281/3331] Built QICLean.Algebra.PerronFrobenius.Idempotent (21s)
✔ [3284/3332] Built QICLean.Algebra.MatrixCyclicTracePower (20s)
✔ [3289/3334] Built QICLean.Algebra.MatrixStabilization (21s)
✔ [3292/3335] Built QICLean.Algebra.NilpotentSubspaceThree (15s)
✔ [3293/3335] Built QICLean.Channel.TensorMap (13s)
✔ [3305/3375] Built QICLean.Algebra.SpinCover.Basic (21s)
✔ [3313/3375] Built QICLean.Algebra.CornerSkolemNoether (24s)
✔ [3314/3375] Built QICLean.Algebra.TraceReindex (7.0s)
✔ [3315/3377] Built QICLean.Algebra.TraceFormDuality (12s)
✔ [3317/3378] Built QICLean.Channel.Schwarz.PositiveMapProperties (19s)
✔ [3322/3385] Built QICLean.Algebra.OperatorNormFrobenius (16s)
✔ [3326/3385] Built QICLean.Algebra.ZModCyclicSums (8.1s)
✔ [3327/3385] Built QICLean.Algebra.UnitModulusPowerSum (9.4s)
✔ [3337/3393] Built QICLean.Analysis.AdjointEigenvalues (12s)
✔ [3617/3676] Built QICLean.Algebra.StarSubalgebraIsotypic (15s)
✔ [3623/3676] Built QICLean.Algebra.ShiftedTracePowerSpectrum (15s)
✔ [3625/3678] Built QICLean.Analysis.OperatorNormConvergence (15s)
✔ [3685/3740] Built QICLean.Analysis.SchattenNorm (16s)
✔ [3734/3789] Built QICLean.Algebra.StarSubalgebraFactor (19s)
✔ [3985/4056] Built QICLean.Algebra.PerronFrobenius.PerronVector (17s)
✔ [4274/4356] Built QICLean.Analysis.Dirichlet (18s)
✔ [4597/4698] Built QICLean.Analysis.SubperipheralSpectrum (17s)
✔ [4650/4759] Built QICLean.Analysis.MeanErgodic (18s)
✔ [4922/4993] Built QICLean.Channel.MaximallyEntangled (19s)
✔ [5140/5210] Built QICLean.Channel.Schwarz.Basic (19s)
✔ [5283/5363] Built QICLean.Analysis.SpectralRadiusPowerDecay (20s)
✔ [5475/5573] Built QICLean.Algebra.PositiveSkolemNoether (18s)
✔ [5476/5573] Built QICLean.Channel.Determinant.Basic (17s)
✔ [5907/5999] Built QICLean.Analysis.UnitarySchurTriangularization (20s)
✔ [6148/6247] Built QICLean.Channel.DensityRetract (18s)
✔ [7348/7463] Built QICLean.Algebra.StarSubalgebraIsotypicDecomp (11s)
✔ [7429/7547] Built QICLean.Algebra.ShiftedZeroTraceNilpotent (11s)
✔ [8066/8163] Built QICLean.Algebra.StarSubalgebraIntertwinerIsometry (12s)
✔ [8321/8417] Built QICLean.Algebra.PerronFrobenius (8.6s)
✔ [8781/8873] Built QICLean.Analysis.TraceNormAbs (11s)
✔ [8843/8932] Built QICLean.Channel.Semigroup.Basic (20s)
✔ [9080/9695] Built QICLean.Algebra.SwapTrace (7.7s)
✔ [9081/9695] Built QICLean.Algebra.SpinCover.EulerAngles (25s)
✔ [9082/9695] Built QICLean.Analysis.UpperTriangularBound (9.0s)
✔ [9083/9695] Built QICLean.Channel.ChoiRectangular (9.9s)
✔ [9084/9695] Built QICLean.Channel.Determinant.Bound (9.3s)
✔ [9085/9695] Built QICLean.Channel.Primitive (10s)
✔ [9086/9695] Built QICLean.Algebra.SICPOVMBound (33s)
✔ [9087/9695] Built QICLean.Algebra.StarSubalgebraUnitaryIntertwiner (14s)
⚠ [9088/9695] Built QICLean.Analysis.ConvexHullCompact (19s)
warning: QICLean/Analysis/ConvexHullCompact.lean:65:4: `stdSimplex` has been deprecated: Use `Convexity.StdSimplex` instead

Note: The updated constant has a different type:
  (R : Type u) → [LE R] → [AddCommMonoid R] → [One R] → Type v → Type (max u v)
instead of
  (𝕜 : Type u_2) → (ι : Type u_1) → [Semiring 𝕜] → [PartialOrder 𝕜] → [Fintype ι] → Set (ι → 𝕜)
warning: QICLean/Analysis/ConvexHullCompact.lean:70:12: `isCompact_stdSimplex` has been deprecated: Use `Convexity.StdSimplex.compactSpace` instead

Note: The updated constant has a different type:
  ∀ (R : Type u_1) (M : Type u_2) [inst : Ring R] [inst_1 : TopologicalSpace R] [IsTopologicalRing R]
    [inst_3 : PartialOrder R] [inst_4 : IsStrictOrderedRing R] [CompactIccSpace R] [OrderClosedTopology R] [Finite M],
    CompactSpace (Convexity.StdSimplex R M)
instead of
  ∀ (𝕜 : Type u_1) (ι : Type u_2) [inst : Fintype ι] [inst_1 : TopologicalSpace 𝕜] [inst_2 : Semiring 𝕜]
    [inst_3 : PartialOrder 𝕜] [OrderClosedTopology 𝕜] [ContinuousAdd 𝕜] [CompactIccSpace 𝕜] [IsOrderedAddMonoid 𝕜],
    IsCompact (stdSimplex 𝕜 ι)
warning: QICLean/Analysis/ConvexHullCompact.lean:99:23: `stdSimplex` has been deprecated: Use `Convexity.StdSimplex` instead

Note: The updated constant has a different type:
  (R : Type u) → [LE R] → [AddCommMonoid R] → [One R] → Type v → Type (max u v)
instead of
  (𝕜 : Type u_2) → (ι : Type u_1) → [Semiring 𝕜] → [PartialOrder 𝕜] → [Fintype ι] → Set (ι → 𝕜)
✔ [9089/9695] Built QICLean.Analysis.MatrixFramePerturbation (20s)
✔ [9090/9695] Built QICLean.Analysis.CfcLogAdditive (20s)
✔ [9091/9695] Built QICLean.Analysis.TraceNormVariational (22s)
✔ [9092/9695] Built QICLean.Analysis.TraceNormContractivity (22s)
✔ [9093/9695] Built QICLean.Analysis.Birkhoff (22s)
✔ [9094/9695] Built QICLean.Analysis.CStarMatrixKronecker (22s)
✔ [9095/9695] Built QICLean.Analysis.CStarCompletion (22s)
✔ [9096/9695] Built QICLean.Channel.TransferMatrix (23s)
✔ [9097/9695] Built QICLean.Analysis.DifferentiableInnerAction (22s)
✔ [9098/9695] Built QICLean.Channel.FixedPoint.StationaryProjection (21s)
✔ [9099/9695] Built QICLean.Analysis.HayashiMarkovStructure (22s)
✔ [9100/9695] Built QICLean.Channel.Schwarz.KadisonSchwarz (19s)
✔ [9101/9695] Built QICLean.Analysis.MatrixTraceInequalities (24s)
✔ [9102/9695] Built QICLean.Channel.KrausRepresentation (21s)
✔ [9103/9695] Built QICLean.Channel.MaximallyMixed (13s)
✔ [9104/9695] Built QICLean.Channel.Schwarz.AbstractMultiplicativeDomain (22s)
⚠ [9105/9695] Built QICLean.Analysis.CyclicReciprocal (26s)
warning: QICLean/Analysis/CyclicReciprocal.lean:103:44: `stdSimplex` has been deprecated: Use `Convexity.StdSimplex` instead

Note: The updated constant has a different type:
  (R : Type u) → [LE R] → [AddCommMonoid R] → [One R] → Type v → Type (max u v)
instead of
  (𝕜 : Type u_2) → (ι : Type u_1) → [Semiring 𝕜] → [PartialOrder 𝕜] → [Fintype ι] → Set (ι → 𝕜)
✔ [9106/9695] Built QICLean.Analysis.MatrixSqrt (27s)
✔ [9107/9695] Built QICLean.Analysis.ConicProgram (28s)
✔ [9108/9695] Built QICLean.Analysis.EntropyReindex (9.7s)
✔ [9109/9695] Built QICLean.Channel.WeylTwirl (9.2s)
✔ [9110/9695] Built QICLean.Analysis.SuperoperatorResolvent (12s)
✔ [9111/9695] Built QICLean.Analysis.IdempotentEndomorphism (10s)
✔ [9112/9695] Built QICLean.Analysis.KleinInequality (14s)
✔ [9113/9695] Built QICLean.Analysis.SpectralQuadraticForm (14s)
✔ [9114/9695] Built QICLean.Entropy.TripartiteTrace (14s)
✔ [9115/9695] Built QICLean.Analysis.LiebScalarIntegral (15s)
✔ [9116/9695] Built QICLean.Analysis.FiniteCoordinateNowosad.Recursion (15s)
✔ [9117/9695] Built QICLean.Analysis.PhaseError (14s)
✔ [9118/9695] Built QICLean.Analysis.GeometricDecay (15s)
✔ [9119/9695] Built QICLean.Analysis.HarmonicWeights (15s)
✔ [9120/9695] Built QICLean.Analysis.NeumannInverse (14s)
✔ [9121/9695] Built QICLean.Analysis.FittingDecomposition (17s)
✔ [9122/9695] Built QICLean.Analysis.HermitianUnitaryPath (16s)
✔ [9124/9695] Built QICLean.Analysis.JordanBlockPower (16s)
✔ [9125/9695] Built QICLean.Analysis.IsometricCompression (17s)
✔ [9126/9695] Built QICLean.Analysis.MatrixNonzeroTraceEigenvalue (15s)
✔ [9127/9695] Built QICLean.Analysis.KyFanNorm (16s)
✔ [9128/9695] Built QICLean.Channel.Schwarz.OperatorJensenIntegrands (24s)
✔ [9129/9695] Built QICLean.Analysis.LogClipping (17s)
✔ [9130/9695] Built QICLean.Analysis.TwoProjectionReducedProjection (13s)
✔ [9131/9695] Built QICLean.Analysis.PosSemidefCommute (13s)
✔ [9132/9695] Built QICLean.Analysis.HermitianMatrixCone (22s)
✔ [9133/9695] Built QICLean.Analysis.OrthogonalResolution (13s)
✔ [9134/9695] Built QICLean.Analysis.PositiveGapTransfer (13s)
✔ [9135/9695] Built QICLean.Analysis.RectangleSimplePoles (13s)
✔ [9136/9695] Built QICLean.Analysis.ScaleRecurrence (11s)
✔ [9137/9695] Built QICLean.Analysis.SqrtHolder (13s)
✔ [9138/9695] Built QICLean.Analysis.SpectralRadius (12s)
✔ [9139/9695] Built QICLean.Analysis.SinhRatioDensity (13s)
✔ [9140/9695] Built QICLean.Analysis.TraceHolder (12s)
✔ [9141/9695] Built QICLean.Analysis.StripQuadratic (13s)
✔ [9142/9695] Built QICLean.Analysis.WeightedCesaroMean (10s)
✔ [9143/9695] Built QICLean.Analysis.SpectralFilter.Profile (15s)
✔ [9144/9695] Built QICLean.Channel.PartialTranspose (11s)
✔ [9145/9695] Built QICLean.Analysis.RpowConvexity (18s)
✔ [9146/9695] Built QICLean.Analysis.WeylMonotonicity (12s)
✔ [9147/9695] Built QICLean.Channel.SchmidtRank (12s)
✔ [9148/9695] Built QICLean.Channel.DeferredEnvironmentTrace (11s)
✔ [9149/9695] Built QICLean.Channel.Schwarz.PositiveOnAbelian.Basic (13s)
✔ [9150/9695] Built QICLean.Channel.Wigner.Upstream.Unitary (11s)
✔ [9151/9695] Built QICLean.Channel.CompletelyPositiveBridge (12s)
✔ [9152/9695] Built QICLean.Channel.Irreducible.Basic (11s)
✔ [9154/9695] Built QICLean.Channel.FiniteProduct (11s)
✔ [9155/9695] Built QICLean.Channel.GaugeConjugation (10s)
✔ [9156/9695] Built QICLean.Channel.FixedPoint.CornerAlgebra (11s)
✔ [9157/9695] Built QICLean.Channel.FixedPoint.Cesaro (12s)
✔ [9158/9695] Built QICLean.Analysis.TwoProjectionCompression (22s)
✔ [9159/9695] Built QICLean.Kraus.Word (10s)
✔ [9160/9695] Built QICLean.Channel.Irreducible.Growth.Preservation (12s)
✔ [9161/9695] Built QICLean.Channel.Semigroup.GeneratorDefs (12s)
✔ [9162/9695] Built QICLean.Kraus.Tactic.Attr (6.1s)
✔ [9163/9695] Built QICLean.Channel.Semigroup.WeightedLoweringContractivity (9.8s)
✔ [9164/9695] Built QICLean.Channel.Semigroup.Kernel (13s)
✔ [9165/9695] Built QICLean.Channel.LorentzNormalForm.QubitNormalForm (13s)
✔ [9166/9695] Built QICLean.Entropy.OrderedEntropyAlgebra (10s)
✔ [9167/9695] Built QICLean.Channel.Semigroup.ProductFormula (15s)
✔ [9168/9695] Built QICLean.Channel.OperatorSystem (14s)
✔ [9169/9695] Built QICLean.Entropy.VonNeumann (14s)
✔ [9170/9695] Built QICLean.Channel.Semigroup.Perturbation (15s)
✔ [9171/9695] Built QICLean.Entropy.ClassicalMutualInformation (14s)
✔ [9172/9695] Built QICLean.Representation.PermutationRepresentation (14s)
✔ [9173/9695] Built QICLean.Entropy.MutualInformationBasic (15s)
✔ [9174/9695] Built QICLean.Algebra.SpinCover (15s)
✔ [9175/9695] Built QICLean.Channel.CPDecomposition (17s)
✔ [9176/9695] Built QICLean.Channel.KrausRank (17s)
✔ [9177/9695] Built QICLean.Channel.ChoiJamiolkowski (18s)
✔ [9178/9695] Built QICLean.Channel.Determinant.Composition (18s)
✔ [9179/9695] Built QICLean.Channel.Determinant.HilbertSchmidt (19s)
✔ [9180/9695] Built QICLean.Kraus.PrimitiveFixedPoint.Basic (20s)
✔ [9181/9695] Built QICLean.Channel.FixedPoint.LimitingGramMetric (21s)
✔ [9182/9695] Built QICLean.Channel.Peripheral.Spectrum (23s)
✔ [9183/9695] Built QICLean.Analysis.CompressedPartialSwap (22s)
✔ [9184/9695] Built QICLean.Algebra.StarSubalgebraIsotypicFactorization (24s)
✔ [9185/9695] Built QICLean.Analysis.TraceNormFrobenius (24s)
✔ [9186/9695] Built QICLean.Channel.Schwarz.RelativeEntropyAncillaAdditivity (25s)
✔ [9187/9695] Built QICLean.Analysis.RootFidelity (25s)
✔ [9188/9695] Built QICLean.Analysis.TraceDistance (26s)
✔ [9189/9695] Built QICLean.Channel.NormalForm (26s)
✔ [9190/9695] Built QICLean.Analysis.TraceNormContractionCoefficient (26s)
✔ [9191/9695] Built QICLean.Channel.Schwarz.MultiplicativeDomain (24s)
✔ [9192/9695] Built QICLean.Analysis.DeterminantTraceBound (21s)
✔ [9193/9695] Built QICLean.Channel.FixedPoint.SupportInvariance (27s)
✔ [9194/9695] Built QICLean.Analysis.ShiftedDensityPowers (24s)
✔ [9195/9695] Built QICLean.Channel.SelfDual (23s)
✔ [9196/9695] Built QICLean.Channel.KrausMap (21s)
✔ [9197/9695] Built QICLean.Channel.ChoiTypeMap (29s)
✔ [9198/9695] Built QICLean.Channel.Schwarz.TracePreserving (20s)
✔ [9199/9695] Built QICLean.Channel.Stinespring (21s)
✔ [9200/9695] Built QICLean.Channel.Schwarz.Closure (19s)
✔ [9201/9695] Built QICLean.Channel.FixedPoint.AbstractAlgebra (19s)
✔ [9202/9695] Built QICLean.Channel.LorentzNormalForm.Infimum (17s)
✔ [9203/9695] Built QICLean.Channel.PSDConeAutomorphism.FaceDimension (15s)
✔ [9204/9695] Built QICLean.Analysis.YamagamiRegularBoundary (21s)
✔ [9205/9695] Built QICLean.Channel.MaximalWeightConvexDecomposition (15s)
✔ [9206/9695] Built QICLean.Analysis.YamagamiBoundary (19s)
✔ [9207/9695] Built QICLean.Channel.Schwarz.Douglas (16s)
✔ [9208/9695] Built QICLean.Analysis.MatrixFamilySupport (15s)
✔ [9209/9695] Built QICLean.Analysis.SemidefiniteProgram (15s)
✔ [9210/9695] Built QICLean.Analysis.PolarUnitaryCorrection (16s)
✔ [9211/9695] Built QICLean.Analysis.WeightedSupertrace (19s)
✔ [9212/9695] Built QICLean.Analysis.HermitianIntertwiner (16s)
✔ [9213/9695] Built QICLean.Channel.Schwarz.SupportResolvent (16s)
✔ [9215/9695] Built QICLean.Analysis.ResolventFunctionalCalculus (17s)
✔ [9216/9695] Built QICLean.Channel.ComplementaryWeylTwirl (16s)
✔ [9217/9695] Built QICLean.Analysis.MarginalSupport (16s)
✔ [9218/9695] Built QICLean.Analysis.SupportCompression (18s)
✔ [9219/9695] Built QICLean.Analysis.TwoProjectionAngleBlock (16s)
✔ [9220/9695] Built QICLean.Analysis.EntropyDecomposition (18s)
✔ [9221/9695] Built QICLean.Channel.KrausCPTP (19s)
✔ [9222/9695] Built QICLean.Analysis.ProjectionGeometry (17s)
✔ [9223/9695] Built QICLean.Analysis.SupportLogJensen (13s)
✔ [9224/9695] Built QICLean.Analysis.LiebIntegrandConcave (16s)
✔ [9225/9695] Built QICLean.Channel.Schwarz.DiagonalJensen (13s)
✔ [9226/9695] Built QICLean.Channel.Schwarz.RelativeEntropyUnitaryInvariance (15s)
✔ [9227/9695] Built QICLean.Analysis.FiniteCoordinateNowosad (11s)
✔ [9228/9695] Built QICLean.Analysis.RelativeEntropyResolventIntegral (16s)
✔ [9229/9695] Built QICLean.Analysis.GlobalGap (13s)
✔ [9230/9695] Built QICLean.Analysis.TypicalSet (10s)
✔ [9231/9695] Built QICLean.Analysis.KroneckerExponential (11s)
✔ [9232/9695] Built QICLean.Analysis.LiebOperatorIntegral (17s)
ℹ [9233/9695] Replayed Gametheory.Scarf
info: Gametheory/Scarf.lean:241:33: Try this:
  [apply] rwa [h1.2] at hd

Note: This linter can be disabled with `set_option linter.tacticAnalysis.rwaSuggestion false`
info: Gametheory/Scarf.lean:246:33: Try this:
  [apply] rwa [h1.2] at hd

Note: This linter can be disabled with `set_option linter.tacticAnalysis.rwaSuggestion false`
✔ [9234/9695] Built QICLean.Analysis.JordanSimilarity (10s)
✔ [9235/9695] Built QICLean.Analysis.MatrixFittingRange (13s)
✔ [9236/9695] Built QICLean.Analysis.JordanBlockAsymptotics (10s)
✔ [9237/9695] Built QICLean.Analysis.InjectiveRangeProjector (17s)
✔ [9238/9695] Built QICLean.Analysis.MatrixReducedProjection (11s)
✔ [9239/9695] Built QICLean.Analysis.OperatorMean.MatrixPowers (11s)
✔ [9240/9695] Built QICLean.Analysis.WeightedPositiveKernel (11s)
✔ [9241/9695] Built QICLean.Channel.Schwarz.OperatorJensenAux (14s)
✔ [9242/9695] Built QICLean.Channel.Schwarz.UnitaryComparison (12s)
✔ [9243/9695] Built QICLean.Analysis.SpectralFilter.Cutoff (13s)
✔ [9244/9695] Built QICLean.Analysis.SinhRatioFourier (15s)
✔ [9245/9695] Built QICLean.Entropy.ModularExpectation (14s)
✔ [9246/9695] Built QICLean.Channel.MaximalOverlap (14s)
✔ [9247/9695] Built QICLean.Channel.Irreducible.Scaling (13s)
✔ [9248/9695] Built QICLean.Kraus.Tactic (2.7s)
✔ [9249/9695] Built QICLean.Channel.Wigner.Upstream.TransitionProbability (14s)
✔ [9250/9695] Built QICLean.Channel.FixedPoint.CanonicalGauge (12s)
✔ [9251/9695] Built QICLean.Kraus.MultiBlockWord (8.9s)
✔ [9252/9695] Built QICLean.Kraus.WordSpan (8.8s)
✔ [9253/9695] Built QICLean.Channel.PerronFrobenius.Normalization (14s)
✔ [9254/9695] Built QICLean.Channel.KrausGauge (15s)
✔ [9255/9695] Built QICLean.Channel.FixedPoint.StationarySpan (12s)
✔ [9256/9695] Built QICLean.Kraus.MixedMap (11s)
✔ [9257/9695] Built QICLean.Kraus.ProjectionTriangularTrace (13s)
✔ [9258/9695] Built QICLean.Kraus.MapIterate (10s)
✔ [9259/9695] Built QICLean.Kraus.Transfer (9.1s)
✔ [9260/9695] Built QICLean.Channel.Schwarz.PositiveOnAbelian.Characterization (20s)
✔ [9261/9695] Built QICLean.Channel.SchmidtDecomposition (21s)
✔ [9262/9695] Built QICLean.Channel.Semigroup.LindbladForm.Basic (10s)
✔ [9263/9695] Built QICLean.Channel.Schwarz.PositiveOnAbelian.Consequences (21s)
✔ [9264/9695] Built QICLean.Representation.IrrepLabels (11s)
✔ [9265/9695] Built QICLean.Channel.OperatorSystemExtension (12s)
✔ [9266/9695] Built QICLean.Analysis.RootChannel (30s)
✔ [9267/9695] Built QICLean.Channel.Determinant.KrausRankTwo (12s)
✔ [9268/9695] Built QICLean.Channel.KrausRectangular (13s)
✔ [9269/9695] Built QICLean.Channel.PositiveExamples (13s)
✔ [9270/9695] Built QICLean.Channel.Semigroup.CPClosure (13s)
✔ [9271/9695] Built QICLean.Channel.Schwarz.SchwarzNotCP (13s)
✔ [9272/9695] Built QICLean.Channel.Peripheral.PeriodicityRemoval (13s)
✔ [9273/9695] Built QICLean.Channel.Peripheral.TransferMatrix (14s)
✔ [9274/9695] Built QICLean.Channel.Peripheral.Powers (13s)
✔ [9275/9695] Built QICLean.Channel.Peripheral.Conjugation (14s)
✔ [9276/9695] Built QICLean.Channel.Peripheral.AdjointSpectrum (15s)
✔ [9277/9695] Built QICLean.Analysis.DoubledSystemGap (15s)
✔ [9278/9695] Built QICLean.Channel.Peripheral.AntilinearConjugation (17s)
✔ [9279/9695] Built QICLean.Analysis.PureStateTraceDistance (16s)
✔ [9280/9695] Built QICLean.Algebra.StarSubalgebraBlockDiagonal (18s)
✔ [9281/9695] Built QICLean.Channel.Peripheral.PureStateFace (18s)
✔ [9282/9695] Built QICLean.Analysis.RootFidelityRelativeEntropy (20s)
✔ [9283/9695] Built QICLean.Channel.Determinant.HeisenbergDual (18s)
✔ [9284/9695] Built QICLean.Channel.Schwarz.MultiplicativeDomainPowers (18s)
✔ [9285/9695] Built QICLean.Channel.Determinant.ChoiBound (20s)
✔ [9286/9695] Built QICLean.Kraus.InvariantProjection (20s)
✔ [9287/9695] Built QICLean.Channel.Irreducible.FixedPoint (20s)
✔ [9288/9695] Built QICLean.Kraus.PrimitiveFixedPoint.Peripheral (19s)
✔ [9289/9695] Built QICLean.Analysis.ShiftedDensityTruncation (21s)
✔ [9290/9695] Built QICLean.Channel.DetailedBalance (21s)
✔ [9291/9695] Built QICLean.Channel.KrausCornerCompression (20s)
✔ [9292/9695] Built QICLean.Channel.KrausFreedom (21s)
✔ [9293/9695] Built QICLean.Channel.Schwarz.SchurComplement (20s)
✔ [9294/9695] Built QICLean.Channel.ChoiTypeMap.Positivity (23s)
✔ [9295/9695] Built QICLean.Channel.LorentzNormalForm.Basic (18s)
✔ [9296/9695] Built QICLean.Analysis.CoisometricCompression (18s)
✔ [9297/9695] Built QICLean.Analysis.TwoProjectionCompressionSpectrum (17s)
✔ [9298/9695] Built QICLean.Channel.OrderedCP (25s)
✔ [9299/9695] Built QICLean.Channel.MarginalSupportAbsorption (18s)
✔ [9300/9695] Built QICLean.Analysis.EntropySubadditivity (16s)
⚠ [9301/9695] Replayed Gametheory.Brouwer
warning: Gametheory/Brouwer.lean:39:34: `stdSimplex` has been deprecated: Use `Convexity.StdSimplex` instead

Note: The updated constant has a different type:
  (R : Type u) → [LE R] → [AddCommMonoid R] → [One R] → Type v → Type (max u v)
instead of
  (𝕜 : Type u_2) → (ι : Type u_1) → [Semiring 𝕜] → [PartialOrder 𝕜] → [Fintype ι] → Set (ι → 𝕜)
warning: Gametheory/Brouwer.lean:49:45: `stdSimplex` has been deprecated: Use `Convexity.StdSimplex` instead

Note: The updated constant has a different type:
  (R : Type u) → [LE R] → [AddCommMonoid R] → [One R] → Type v → Type (max u v)
instead of
  (𝕜 : Type u_2) → (ι : Type u_1) → [Semiring 𝕜] → [PartialOrder 𝕜] → [Fintype ι] → Set (ι → 𝕜)
warning: Gametheory/Brouwer.lean:370:14: `stdSimplex` has been deprecated: Use `Convexity.StdSimplex` instead

Note: The updated constant has a different type:
  (R : Type u) → [LE R] → [AddCommMonoid R] → [One R] → Type v → Type (max u v)
instead of
  (𝕜 : Type u_2) → (ι : Type u_1) → [Semiring 𝕜] → [PartialOrder 𝕜] → [Fintype ι] → Set (ι → 𝕜)
warning: Gametheory/Brouwer.lean:370:37: `stdSimplex` has been deprecated: Use `Convexity.StdSimplex` instead

Note: The updated constant has a different type:
  (R : Type u) → [LE R] → [AddCommMonoid R] → [One R] → Type v → Type (max u v)
instead of
  (𝕜 : Type u_2) → (ι : Type u_1) → [Semiring 𝕜] → [PartialOrder 𝕜] → [Fintype ι] → Set (ι → 𝕜)
warning: Gametheory/Brouwer.lean:374:33: `stdSimplex` has been deprecated: Use `Convexity.StdSimplex` instead

Note: The updated constant has a different type:
  (R : Type u) → [LE R] → [AddCommMonoid R] → [One R] → Type v → Type (max u v)
instead of
  (𝕜 : Type u_2) → (ι : Type u_1) → [Semiring 𝕜] → [PartialOrder 𝕜] → [Fintype ι] → Set (ι → 𝕜)
warning: Gametheory/Brouwer.lean:374:33: `stdSimplex` has been deprecated: Use `Convexity.StdSimplex` instead

Note: The updated constant has a different type:
  (R : Type u) → [LE R] → [AddCommMonoid R] → [One R] → Type v → Type (max u v)
instead of
  (𝕜 : Type u_2) → (ι : Type u_1) → [Semiring 𝕜] → [PartialOrder 𝕜] → [Fintype ι] → Set (ι → 𝕜)
warning: Gametheory/Brouwer.lean:391:42: `stdSimplex` has been deprecated: Use `Convexity.StdSimplex` instead

Note: The updated constant has a different type:
  (R : Type u) → [LE R] → [AddCommMonoid R] → [One R] → Type v → Type (max u v)
instead of
  (𝕜 : Type u_2) → (ι : Type u_1) → [Semiring 𝕜] → [PartialOrder 𝕜] → [Fintype ι] → Set (ι → 𝕜)
warning: Gametheory/Brouwer.lean:391:42: `stdSimplex` has been deprecated: Use `Convexity.StdSimplex` instead

Note: The updated constant has a different type:
  (R : Type u) → [LE R] → [AddCommMonoid R] → [One R] → Type v → Type (max u v)
instead of
  (𝕜 : Type u_2) → (ι : Type u_1) → [Semiring 𝕜] → [PartialOrder 𝕜] → [Fintype ι] → Set (ι → 𝕜)
warning: Gametheory/Brouwer.lean:403:32: `stdSimplex` has been deprecated: Use `Convexity.StdSimplex` instead

Note: The updated constant has a different type:
  (R : Type u) → [LE R] → [AddCommMonoid R] → [One R] → Type v → Type (max u v)
instead of
  (𝕜 : Type u_2) → (ι : Type u_1) → [Semiring 𝕜] → [PartialOrder 𝕜] → [Fintype ι] → Set (ι → 𝕜)
warning: Gametheory/Brouwer.lean:506:40: `stdSimplex` has been deprecated: Use `Convexity.StdSimplex` instead

Note: The updated constant has a different type:
  (R : Type u) → [LE R] → [AddCommMonoid R] → [One R] → Type v → Type (max u v)
instead of
  (𝕜 : Type u_2) → (ι : Type u_1) → [Semiring 𝕜] → [PartialOrder 𝕜] → [Fintype ι] → Set (ι → 𝕜)
warning: Gametheory/Brouwer.lean:506:63: `stdSimplex` has been deprecated: Use `Convexity.StdSimplex` instead

Note: The updated constant has a different type:
  (R : Type u) → [LE R] → [AddCommMonoid R] → [One R] → Type v → Type (max u v)
instead of
  (𝕜 : Type u_2) → (ι : Type u_1) → [Semiring 𝕜] → [PartialOrder 𝕜] → [Fintype ι] → Set (ι → 𝕜)
warning: Gametheory/Brouwer.lean:507:65: `stdSimplex` has been deprecated: Use `Convexity.StdSimplex` instead

Note: The updated constant has a different type:
  (R : Type u) → [LE R] → [AddCommMonoid R] → [One R] → Type v → Type (max u v)
instead of
  (𝕜 : Type u_2) → (ι : Type u_1) → [Semiring 𝕜] → [PartialOrder 𝕜] → [Fintype ι] → Set (ι → 𝕜)
warning: Gametheory/Brouwer.lean:525:38: `stdSimplex` has been deprecated: Use `Convexity.StdSimplex` instead

Note: The updated constant has a different type:
  (R : Type u) → [LE R] → [AddCommMonoid R] → [One R] → Type v → Type (max u v)
instead of
  (𝕜 : Type u_2) → (ι : Type u_1) → [Semiring 𝕜] → [PartialOrder 𝕜] → [Fintype ι] → Set (ι → 𝕜)
warning: Gametheory/Brouwer.lean:548:23: `stdSimplex` has been deprecated: Use `Convexity.StdSimplex` instead

Note: The updated constant has a different type:
  (R : Type u) → [LE R] → [AddCommMonoid R] → [One R] → Type v → Type (max u v)
instead of
  (𝕜 : Type u_2) → (ι : Type u_1) → [Semiring 𝕜] → [PartialOrder 𝕜] → [Fintype ι] → Set (ι → 𝕜)
warning: Gametheory/Brouwer.lean:549:46: `stdSimplex` has been deprecated: Use `Convexity.StdSimplex` instead

Note: The updated constant has a different type:
  (R : Type u) → [LE R] → [AddCommMonoid R] → [One R] → Type v → Type (max u v)
instead of
  (𝕜 : Type u_2) → (ι : Type u_1) → [Semiring 𝕜] → [PartialOrder 𝕜] → [Fintype ι] → Set (ι → 𝕜)
warning: Gametheory/Brouwer.lean:551:55: `stdSimplex` has been deprecated: Use `Convexity.StdSimplex` instead

Note: The updated constant has a different type:
  (R : Type u) → [LE R] → [AddCommMonoid R] → [One R] → Type v → Type (max u v)
instead of
  (𝕜 : Type u_2) → (ι : Type u_1) → [Semiring 𝕜] → [PartialOrder 𝕜] → [Fintype ι] → Set (ι → 𝕜)
warning: Gametheory/Brouwer.lean:552:46: `stdSimplex` has been deprecated: Use `Convexity.StdSimplex` instead

Note: The updated constant has a different type:
  (R : Type u) → [LE R] → [AddCommMonoid R] → [One R] → Type v → Type (max u v)
instead of
  (𝕜 : Type u_2) → (ι : Type u_1) → [Semiring 𝕜] → [PartialOrder 𝕜] → [Fintype ι] → Set (ι → 𝕜)
warning: Gametheory/Brouwer.lean:566:34: `stdSimplex` has been deprecated: Use `Convexity.StdSimplex` instead

Note: The updated constant has a different type:
  (R : Type u) → [LE R] → [AddCommMonoid R] → [One R] → Type v → Type (max u v)
instead of
  (𝕜 : Type u_2) → (ι : Type u_1) → [Semiring 𝕜] → [PartialOrder 𝕜] → [Fintype ι] → Set (ι → 𝕜)
warning: Gametheory/Brouwer.lean:566:57: `stdSimplex` has been deprecated: Use `Convexity.StdSimplex` instead

Note: The updated constant has a different type:
  (R : Type u) → [LE R] → [AddCommMonoid R] → [One R] → Type v → Type (max u v)
instead of
  (𝕜 : Type u_2) → (ι : Type u_1) → [Semiring 𝕜] → [PartialOrder 𝕜] → [Fintype ι] → Set (ι → 𝕜)
warning: Gametheory/Brouwer.lean:626:34: `stdSimplex` has been deprecated: Use `Convexity.StdSimplex` instead

Note: The updated constant has a different type:
  (R : Type u) → [LE R] → [AddCommMonoid R] → [One R] → Type v → Type (max u v)
instead of
  (𝕜 : Type u_2) → (ι : Type u_1) → [Semiring 𝕜] → [PartialOrder 𝕜] → [Fintype ι] → Set (ι → 𝕜)
warning: Gametheory/Brouwer.lean:626:57: `stdSimplex` has been deprecated: Use `Convexity.StdSimplex` instead

Note: The updated constant has a different type:
  (R : Type u) → [LE R] → [AddCommMonoid R] → [One R] → Type v → Type (max u v)
instead of
  (𝕜 : Type u_2) → (ι : Type u_1) → [Semiring 𝕜] → [PartialOrder 𝕜] → [Fintype ι] → Set (ι → 𝕜)
warning: Gametheory/Brouwer.lean:631:87: `stdSimplex` has been deprecated: Use `Convexity.StdSimplex` instead

Note: The updated constant has a different type:
  (R : Type u) → [LE R] → [AddCommMonoid R] → [One R] → Type v → Type (max u v)
instead of
  (𝕜 : Type u_2) → (ι : Type u_1) → [Semiring 𝕜] → [PartialOrder 𝕜] → [Fintype ι] → Set (ι → 𝕜)
warning: Gametheory/Brouwer.lean:685:122: `stdSimplex` has been deprecated: Use `Convexity.StdSimplex` instead

Note: The updated constant has a different type:
  (R : Type u) → [LE R] → [AddCommMonoid R] → [One R] → Type v → Type (max u v)
instead of
  (𝕜 : Type u_2) → (ι : Type u_1) → [Semiring 𝕜] → [PartialOrder 𝕜] → [Fintype ι] → Set (ι → 𝕜)
warning: Gametheory/Brouwer.lean:686:83: `stdSimplex` has been deprecated: Use `Convexity.StdSimplex` instead

Note: The updated constant has a different type:
  (R : Type u) → [LE R] → [AddCommMonoid R] → [One R] → Type v → Type (max u v)
instead of
  (𝕜 : Type u_2) → (ι : Type u_1) → [Semiring 𝕜] → [PartialOrder 𝕜] → [Fintype ι] → Set (ι → 𝕜)
warning: Gametheory/Brouwer.lean:705:65: `stdSimplex` has been deprecated: Use `Convexity.StdSimplex` instead

Note: The updated constant has a different type:
  (R : Type u) → [LE R] → [AddCommMonoid R] → [One R] → Type v → Type (max u v)
instead of
  (𝕜 : Type u_2) → (ι : Type u_1) → [Semiring 𝕜] → [PartialOrder 𝕜] → [Fintype ι] → Set (ι → 𝕜)
warning: Gametheory/Brouwer.lean:706:53: `stdSimplex` has been deprecated: Use `Convexity.StdSimplex` instead

Note: The updated constant has a different type:
  (R : Type u) → [LE R] → [AddCommMonoid R] → [One R] → Type v → Type (max u v)
instead of
  (𝕜 : Type u_2) → (ι : Type u_1) → [Semiring 𝕜] → [PartialOrder 𝕜] → [Fintype ι] → Set (ι → 𝕜)
warning: Gametheory/Brouwer.lean:713:48: `stdSimplex` has been deprecated: Use `Convexity.StdSimplex` instead

Note: The updated constant has a different type:
  (R : Type u) → [LE R] → [AddCommMonoid R] → [One R] → Type v → Type (max u v)
instead of
  (𝕜 : Type u_2) → (ι : Type u_1) → [Semiring 𝕜] → [PartialOrder 𝕜] → [Fintype ι] → Set (ι → 𝕜)
warning: Gametheory/Brouwer.lean:717:48: `stdSimplex` has been deprecated: Use `Convexity.StdSimplex` instead

Note: The updated constant has a different type:
  (R : Type u) → [LE R] → [AddCommMonoid R] → [One R] → Type v → Type (max u v)
instead of
  (𝕜 : Type u_2) → (ι : Type u_1) → [Semiring 𝕜] → [PartialOrder 𝕜] → [Fintype ι] → Set (ι → 𝕜)
warning: Gametheory/Brouwer.lean:732:83: `stdSimplex` has been deprecated: Use `Convexity.StdSimplex` instead

Note: The updated constant has a different type:
  (R : Type u) → [LE R] → [AddCommMonoid R] → [One R] → Type v → Type (max u v)
instead of
  (𝕜 : Type u_2) → (ι : Type u_1) → [Semiring 𝕜] → [PartialOrder 𝕜] → [Fintype ι] → Set (ι → 𝕜)
warning: Gametheory/Brouwer.lean:740:81: `stdSimplex` has been deprecated: Use `Convexity.StdSimplex` instead

Note: The updated constant has a different type:
  (R : Type u) → [LE R] → [AddCommMonoid R] → [One R] → Type v → Type (max u v)
instead of
  (𝕜 : Type u_2) → (ι : Type u_1) → [Semiring 𝕜] → [PartialOrder 𝕜] → [Fintype ι] → Set (ι → 𝕜)
warning: Gametheory/Brouwer.lean:742:81: `stdSimplex` has been deprecated: Use `Convexity.StdSimplex` instead

Note: The updated constant has a different type:
  (R : Type u) → [LE R] → [AddCommMonoid R] → [One R] → Type v → Type (max u v)
instead of
  (𝕜 : Type u_2) → (ι : Type u_1) → [Semiring 𝕜] → [PartialOrder 𝕜] → [Fintype ι] → Set (ι → 𝕜)
warning: Gametheory/Brouwer.lean:743:46: `stdSimplex` has been deprecated: Use `Convexity.StdSimplex` instead

Note: The updated constant has a different type:
  (R : Type u) → [LE R] → [AddCommMonoid R] → [One R] → Type v → Type (max u v)
instead of
  (𝕜 : Type u_2) → (ι : Type u_1) → [Semiring 𝕜] → [PartialOrder 𝕜] → [Fintype ι] → Set (ι → 𝕜)
warning: Gametheory/Brouwer.lean:746:83: `stdSimplex` has been deprecated: Use `Convexity.StdSimplex` instead

Note: The updated constant has a different type:
  (R : Type u) → [LE R] → [AddCommMonoid R] → [One R] → Type v → Type (max u v)
instead of
  (𝕜 : Type u_2) → (ι : Type u_1) → [Semiring 𝕜] → [PartialOrder 𝕜] → [Fintype ι] → Set (ι → 𝕜)
✔ [9302/9695] Built QICLean.Analysis.SemidefiniteDuality (24s)
✔ [9303/9695] Built QICLean.Analysis.PolarUnitaryCorrectionKronecker (22s)
✔ [9304/9695] Built QICLean.Channel.SingleKrausPositivity (12s)
✔ [9305/9695] Built QICLean.Analysis.EntropyMarkovReverse (17s)
✔ [9306/9695] Built QICLean.Channel.ProjectiveResolution (12s)
✔ [9307/9695] Built QICLean.Channel.Schwarz.TwoPositive (16s)
✔ [9308/9695] Built QICLean.Channel.OrderedRectangular (11s)
✔ [9309/9695] Built QICLean.Channel.SingleKraus (10s)
✔ [9310/9695] Built QICLean.Channel.LocalizedKrausCPTP (10s)
✔ [9311/9695] Built QICLean.Channel.SupportedMarginalChannel (11s)
✔ [9312/9695] Built QICLean.Channel.SupportCompletion (10s)
✔ [9313/9695] Built QICLean.Channel.EnvironmentEmbedding (9.6s)
✔ [9314/9695] Built QICLean.Analysis.FiniteRangeKnabe (11s)
✔ [9315/9695] Built QICLean.Analysis.SandwichedRenyiTwo (11s)
✔ [9316/9695] Built QICLean.Analysis.OperatorConvexity (16s)
✔ [9317/9695] Built QICLean.Analysis.FiniteCoordinateNowosad.Yamagami (15s)
✔ [9318/9695] Built QICLean.Analysis.PositiveGapUniqueness (15s)
✔ [9319/9695] Built QICLean.Analysis.RelativeEntropySupportIntegral (17s)
✔ [9320/9695] Built QICLean.Kraus.Wielandt.RankOne.BoundedWord (16s)
✔ [9321/9695] Built QICLean.Analysis.LiebOperatorConcave (20s)
✔ [9322/9695] Built QICLean.Analysis.SinhRatioShift (20s)
✔ [9323/9695] Built QICLean.Analysis.SpectralFilter.Kernel (20s)
✔ [9324/9695] Built QICLean.Analysis.OperatorMean.WeightedGeometricMean (21s)
✔ [9325/9695] Built QICLean.Kraus.Wielandt.SpanGrowth.CumulativeSpan (17s)
✔ [9326/9695] Built QICLean.Entropy.ProductOverlapPurity (20s)
✔ [9327/9695] Built QICLean.Kraus.Wielandt.RankOne.Extraction (19s)
✔ [9328/9695] Built QICLean.Kraus.Wielandt.RankOne.Element (19s)
✔ [9329/9695] Built QICLean.Entropy.SchmidtTilt (21s)
✔ [9330/9695] Built QICLean.Channel.NPositivitySpectralCriterion (20s)
✔ [9331/9695] Built QICLean.Channel.UhlmannIsometry (21s)
✔ [9332/9695] Built QICLean.Kraus.Injectivity (17s)
✔ [9333/9695] Built QICLean.Channel.Wigner.Upstream.FrameReduction (21s)
✔ [9334/9695] Built QICLean.Channel.Irreducible.Similarity (22s)
✔ [9335/9695] Built QICLean.Channel.Semigroup.LiouvillianKernel (12s)
✔ [9336/9695] Built QICLean.Kraus.TracePairing (12s)
✔ [9337/9695] Built QICLean.Channel.Semigroup.LindbladForm.TraceBridge (10s)
✔ [9338/9695] Built QICLean.Kraus.MixedMap.GaugeRigidity (20s)
✔ [9339/9695] Built QICLean.Channel.Semigroup.PauliDissipation (13s)
✔ [9340/9695] Built QICLean.Channel.Schwarz.PositiveOnAbelian (9.5s)
✔ [9341/9695] Built QICLean.Channel.Schwarz.SchwarzNormal (9.3s)
✔ [9342/9695] Built QICLean.Representation.LabelProjectors (14s)
✔ [9343/9695] Built QICLean.Channel.StinespringRectangular (16s)
✔ [9344/9695] Built QICLean.Channel.LorentzNormalForm.PauliBlockTruncation (21s)
✔ [9345/9695] Built QICLean.Channel.Peripheral.CyclicDecomposition.Basic (21s)
✔ [9346/9695] Built QICLean.Channel.FixedPoint.MeanErgodicProjection (21s)
⚠ [9347/9695] Replayed Gametheory.Brouwer_product
warning: Gametheory/Brouwer_product.lean:15:21: `stdSimplex` has been deprecated: Use `Convexity.StdSimplex` instead

Note: The updated constant has a different type:
  (R : Type u) → [LE R] → [AddCommMonoid R] → [One R] → Type v → Type (max u v)
instead of
  (𝕜 : Type u_2) → (ι : Type u_1) → [Semiring 𝕜] → [PartialOrder 𝕜] → [Fintype ι] → Set (ι → 𝕜)
warning: Gametheory/Brouwer_product.lean:18:37: `stdSimplex` has been deprecated: Use `Convexity.StdSimplex` instead

Note: The updated constant has a different type:
  (R : Type u) → [LE R] → [AddCommMonoid R] → [One R] → Type v → Type (max u v)
instead of
  (𝕜 : Type u_2) → (ι : Type u_1) → [Semiring 𝕜] → [PartialOrder 𝕜] → [Fintype ι] → Set (ι → 𝕜)
warning: Gametheory/Brouwer_product.lean:48:12: `WellFounded.min_le` has been deprecated: Use `WellFoundedLT.min_le` instead

Note: The updated constant is in a different namespace. Dot notation may need to be changed (e.g., from `x.min_le` to `WellFoundedLT.min_le x`).

Hint: Replace the deprecated name:
  WellFoundedL̲T̲.min_le
warning: Gametheory/Brouwer_product.lean:224:8: `stdSimplex` has been deprecated: Use `Convexity.StdSimplex` instead

Note: The updated constant has a different type:
  (R : Type u) → [LE R] → [AddCommMonoid R] → [One R] → Type v → Type (max u v)
instead of
  (𝕜 : Type u_2) → (ι : Type u_1) → [Semiring 𝕜] → [PartialOrder 𝕜] → [Fintype ι] → Set (ι → 𝕜)
warning: Gametheory/Brouwer_product.lean:220:17: `stdSimplex` has been deprecated: Use `Convexity.StdSimplex` instead

Note: The updated constant has a different type:
  (R : Type u) → [LE R] → [AddCommMonoid R] → [One R] → Type v → Type (max u v)
instead of
  (𝕜 : Type u_2) → (ι : Type u_1) → [Semiring 𝕜] → [PartialOrder 𝕜] → [Fintype ι] → Set (ι → 𝕜)
warning: Gametheory/Brouwer_product.lean:229:15: `stdSimplex` has been deprecated: Use `Convexity.StdSimplex` instead

Note: The updated constant has a different type:
  (R : Type u) → [LE R] → [AddCommMonoid R] → [One R] → Type v → Type (max u v)
instead of
  (𝕜 : Type u_2) → (ι : Type u_1) → [Semiring 𝕜] → [PartialOrder 𝕜] → [Fintype ι] → Set (ι → 𝕜)
warning: Gametheory/Brouwer_product.lean:253:15: `stdSimplex` has been deprecated: Use `Convexity.StdSimplex` instead

Note: The updated constant has a different type:
  (R : Type u) → [LE R] → [AddCommMonoid R] → [One R] → Type v → Type (max u v)
instead of
  (𝕜 : Type u_2) → (ι : Type u_1) → [Semiring 𝕜] → [PartialOrder 𝕜] → [Fintype ι] → Set (ι → 𝕜)
warning: Gametheory/Brouwer_product.lean:375:8: `stdSimplex` has been deprecated: Use `Convexity.StdSimplex` instead

Note: The updated constant has a different type:
  (R : Type u) → [LE R] → [AddCommMonoid R] → [One R] → Type v → Type (max u v)
instead of
  (𝕜 : Type u_2) → (ι : Type u_1) → [Semiring 𝕜] → [PartialOrder 𝕜] → [Fintype ι] → Set (ι → 𝕜)
warning: Gametheory/Brouwer_product.lean:362:17: `stdSimplex` has been deprecated: Use `Convexity.StdSimplex` instead

Note: The updated constant has a different type:
  (R : Type u) → [LE R] → [AddCommMonoid R] → [One R] → Type v → Type (max u v)
instead of
  (𝕜 : Type u_2) → (ι : Type u_1) → [Semiring 𝕜] → [PartialOrder 𝕜] → [Fintype ι] → Set (ι → 𝕜)
warning: Gametheory/Brouwer_product.lean:382:15: `stdSimplex` has been deprecated: Use `Convexity.StdSimplex` instead

Note: The updated constant has a different type:
  (R : Type u) → [LE R] → [AddCommMonoid R] → [One R] → Type v → Type (max u v)
instead of
  (𝕜 : Type u_2) → (ι : Type u_1) → [Semiring 𝕜] → [PartialOrder 𝕜] → [Fintype ι] → Set (ι → 𝕜)
✔ [9348/9695] Built QICLean.Channel.POVM (22s)
✔ [9349/9695] Built QICLean.Channel.Semigroup.LindbladForm.ChoiCCP (22s)
✔ [9350/9695] Built QICLean.Channel.BreuerHallMap (23s)
✔ [9351/9695] Built QICLean.Channel.Determinant.UnitaryCharacterization (23s)
✔ [9352/9695] Built QICLean.Channel.Schwarz.MultiplicativeDomainFull (22s)
✔ [9353/9695] Built QICLean.Algebra.StarSubalgebraBlockForm (24s)
✔ [9354/9695] Built QICLean.Channel.KrausUnitaryFreedom (19s)
✔ [9355/9695] Built QICLean.Kraus.IrreducibleAction (23s)
✔ [9356/9695] Built QICLean.Analysis.ShiftedPowerDerivative (20s)
✔ [9357/9695] Built QICLean.Channel.Irreducible.FixedPointUniqueness (21s)
✔ [9358/9695] Built QICLean.Channel.Peripheral.ClosureFixedPointKraus (21s)
✔ [9359/9695] Built QICLean.Analysis.GapPerturbation (25s)
✔ [9360/9695] Built QICLean.Channel.LorentzNormalForm.NormalForm (20s)
✔ [9361/9695] Built QICLean.Analysis.TwoProjectionAngleOrthogonality (13s)
✔ [9362/9695] Built QICLean.Channel.WolfProps (21s)
✔ [9363/9695] Built QICLean.Channel.LorentzNormalForm.SpinorAction (22s)
✔ [9364/9695] Built QICLean.Channel.RadonNikodym (16s)
✔ [9365/9695] Built QICLean.Kraus.RectangularChain (10s)
✔ [9366/9695] Built QICLean.Entropy.ProductMarginals (11s)
✔ [9367/9695] Built QICLean.Channel.PetzRecovery (12s)
✔ [9368/9695] Built QICLean.Channel.FixedPoint.DirectSumExtension (12s)
✔ [9369/9695] Built QICLean.Channel.Schwarz.TwoVariable (12s)
✔ [9370/9695] Built QICLean.Channel.Schwarz.ChoiCompression (14s)
✔ [9371/9695] Built QICLean.Channel.PositiveFunctional (15s)
✔ [9372/9695] Built QICLean.Channel.NPositiveIntegral (15s)
✔ [9373/9695] Built QICLean.Channel.LorentzNormalForm.InvertibleFilter (16s)
✔ [9374/9695] Built QICLean.Channel.DecomposablePPT (16s)
✔ [9375/9695] Built QICLean.Channel.ChoiDoeblin (16s)
✔ [9376/9695] Built QICLean.Analysis.SandwichedRenyi (16s)
✔ [9377/9695] Built QICLean.Analysis.FiniteCoordinateNowosad.Yamagami.TwoMaxima (17s)
✔ [9378/9695] Built QICLean.Analysis.SupportCompressedEntropy (17s)
✔ [9379/9695] Built QICLean.Analysis.RelativeEntropySupportLeftRightQuadratic (19s)
✔ [9380/9695] Built QICLean.Analysis.SpectralFilter.Decay (19s)
✔ [9381/9695] Built QICLean.Kraus.Wielandt.SpanGrowth.EigenvectorSpreading (15s)
✔ [9382/9695] Built QICLean.Kraus.Wielandt.SpanGrowth.AlgebraSpan (16s)
✔ [9383/9695] Built QICLean.Analysis.YamagamiCyclicMatrix (23s)
✔ [9384/9695] Built QICLean.Kraus.Wielandt.SpanGrowth.CumulativeToWordSpan (18s)
✔ [9385/9695] Built QICLean.Analysis.LiebConcavity (23s)
✔ [9386/9695] Built QICLean.Analysis.OperatorMean.FiniteTree (21s)
✔ [9387/9695] Built QICLean.Kraus.Blocking (16s)
✔ [9388/9695] Built QICLean.Kraus.CPPrimitive (17s)
✔ [9389/9695] Built QICLean.Entropy.FilterConjugation (18s)
✔ [9390/9695] Built QICLean.Entropy.GapSurprisal (20s)
✔ [9391/9695] Built QICLean.Kraus.NormalCommutant (16s)
✔ [9392/9695] Built QICLean.Kraus.Wielandt.SpanGrowth.InvertibleWordSpan (16s)
✔ [9393/9695] Built QICLean.Channel.Wigner.Upstream.PhaseNormalization (17s)
✔ [9394/9695] Built QICLean.Representation.TensorPowerAction (17s)
✔ [9395/9695] Built QICLean.Channel.OpenSystemRectangular (16s)
✔ [9396/9695] Built QICLean.Representation.IsotypicDimension (17s)
✔ [9397/9695] Built QICLean.Channel.EnvironmentDilation (17s)
✔ [9398/9695] Built QICLean.Channel.Schwarz.SchwarzSubnormal (19s)
✔ [9399/9695] Built QICLean.Channel.Peripheral.CyclicDecomposition.Primitivity (19s)
✔ [9400/9695] Built QICLean.Channel.Peripheral.CyclicDecomposition.LetterShift (21s)
✔ [9401/9695] Built QICLean.Channel.Peripheral.CyclicDecomposition.CyclicProjections (21s)
✔ [9402/9695] Built QICLean.Channel.FixedPoint.MaximalSupportBasic (22s)
✔ [9403/9695] Built QICLean.Channel.FixedPoint.MeanErgodicAdjoint (23s)
✔ [9404/9695] Built QICLean.Channel.Peripheral.JordanBlocks (24s)
✔ [9405/9695] Built QICLean.Channel.QuantumSteering (24s)
✔ [9406/9695] Built QICLean.Channel.NoInformationWithoutDisturbance (23s)
✔ [9407/9695] Built QICLean.Channel.POVM.Uniqueness (23s)
✔ [9408/9695] Built QICLean.Channel.POVM.SIC (24s)
✔ [9409/9695] Built QICLean.Channel.POVM.RankOneNaimark (25s)
✔ [9410/9695] Built QICLean.Channel.Semigroup.LindbladForm.Uniqueness (22s)
✔ [9411/9695] Built QICLean.Channel.Peripheral.CyclicDecomposition.PeripheralUnitary (22s)
✔ [9412/9695] Built QICLean.Channel.FixedPoint.Algebra (25s)
✔ [9413/9695] Built QICLean.Analysis.TwoProjectionDefectBlockSum (22s)
✔ [9414/9695] Built QICLean.Channel.Peripheral.CyclicGroupKraus (23s)
✔ [9415/9695] Built QICLean.Algebra.CommutingOverlappingDecomp (25s)
✔ [9416/9695] Built QICLean.Channel.InformationallyCompleteEffects (23s)
✔ [9417/9695] Built QICLean.Channel.Semigroup.LindbladForm.EulerStep (28s)
✔ [9418/9695] Built QICLean.Channel.EnsembleEquivalence (19s)
✔ [9419/9695] Built QICLean.Channel.Wigner.ProjectivePureState (18s)
✔ [9420/9695] Built QICLean.Channel.OpenSystem (16s)
✔ [9421/9695] Built QICLean.Channel.LorentzNormalForm.SpinorCover (19s)
✔ [9422/9695] Built QICLean.Entropy.PurificationSplitting (18s)
✔ [9423/9695] Built QICLean.Channel.OperatorSystemExtensionDirectSum (15s)
✔ [9424/9695] Built QICLean.Channel.FixedPoint.DirectSumKraus (15s)
✔ [9425/9695] Built QICLean.Channel.FixedPoint.ExtremeDensityStates (16s)
✔ [9426/9695] Built QICLean.Channel.Schwarz.TwoVariableUnconditional (15s)
✔ [9427/9695] Built QICLean.Channel.Schwarz.PositiveOnAbelian.CompletePositivity (13s)
✔ [9428/9695] Built QICLean.Channel.PetzProductReference (21s)
✔ [9429/9695] Built QICLean.Kraus.Wielandt.SpanGrowth.VectorToMatrixSpan (9.1s)
✔ [9430/9695] Built QICLean.Channel.PositiveConditionalExpectation (15s)
✔ [9431/9695] Built QICLean.Channel.ChoiResidual (14s)
✔ [9432/9695] Built QICLean.Analysis.SpectralFilter.Inversion (13s)
✔ [9433/9695] Built QICLean.Channel.BreuerHallIndecomposable (15s)
✔ [9434/9695] Built QICLean.Kraus.Wielandt.Primitivity.EasyDirections (13s)
✔ [9435/9695] Built QICLean.Channel.NPositivityChainStrict (17s)
✔ [9436/9695] Built QICLean.Channel.Schwarz.SupportRelativeModular (14s)
✔ [9437/9695] Built QICLean.Analysis.OperatorMean.PowerDerivative (16s)
✔ [9438/9695] Built QICLean.Kraus.Wielandt.Primitivity.VectorSpreadPositivity (13s)
⚠ [9439/9695] Built QICLean.Channel.ChoiTypeMap.YamagamiPositivity (11s)
warning: QICLean/Channel/ChoiTypeMap/YamagamiPositivity.lean:166:25: `stdSimplex` has been deprecated: Use `Convexity.StdSimplex` instead

Note: The updated constant has a different type:
  (R : Type u) → [LE R] → [AddCommMonoid R] → [One R] → Type v → Type (max u v)
instead of
  (𝕜 : Type u_2) → (ι : Type u_1) → [Semiring 𝕜] → [PartialOrder 𝕜] → [Fintype ι] → Set (ι → 𝕜)
warning: QICLean/Channel/ChoiTypeMap/YamagamiPositivity.lean:175:13: `stdSimplex` has been deprecated: Use `Convexity.StdSimplex` instead

Note: The updated constant has a different type:
  (R : Type u) → [LE R] → [AddCommMonoid R] → [One R] → Type v → Type (max u v)
instead of
  (𝕜 : Type u_2) → (ι : Type u_1) → [Semiring 𝕜] → [PartialOrder 𝕜] → [Fintype ι] → Set (ι → 𝕜)
warning: QICLean/Channel/ChoiTypeMap/YamagamiPositivity.lean:181:23: `stdSimplex` has been deprecated: Use `Convexity.StdSimplex` instead

Note: The updated constant has a different type:
  (R : Type u) → [LE R] → [AddCommMonoid R] → [One R] → Type v → Type (max u v)
instead of
  (𝕜 : Type u_2) → (ι : Type u_1) → [Semiring 𝕜] → [PartialOrder 𝕜] → [Fintype ι] → Set (ι → 𝕜)
warning: QICLean/Channel/ChoiTypeMap/YamagamiPositivity.lean:182:45: `isClosed_stdSimplex` has been deprecated: Use `Convexity.StdSimplex.isClosedEmbedding_toFun_comp_weights` instead

Note: The updated constant has a different type:
  ∀ (R : Type u) [inst : PartialOrder R] [inst_1 : Ring R] [inst_2 : TopologicalSpace R]
    [inst_3 : IsStrictOrderedRing R] [IsTopologicalRing R] [OrderClosedTopology R] (M : Type u_1) [Finite M],
    Topology.IsClosedEmbedding fun t ↦ ⇑t.weights
instead of
  ∀ (𝕜 : Type u_1) (ι : Type u_2) [inst : Fintype ι] [inst_1 : TopologicalSpace 𝕜] [inst_2 : Semiring 𝕜]
    [inst_3 : PartialOrder 𝕜] [OrderClosedTopology 𝕜] [ContinuousAdd 𝕜], IsClosed (stdSimplex 𝕜 ι)
warning: QICLean/Channel/ChoiTypeMap/YamagamiPositivity.lean:184:5: `isCompact_stdSimplex` has been deprecated: Use `Convexity.StdSimplex.compactSpace` instead

Note: The updated constant has a different type:
  ∀ (R : Type u_1) (M : Type u_2) [inst : Ring R] [inst_1 : TopologicalSpace R] [IsTopologicalRing R]
    [inst_3 : PartialOrder R] [inst_4 : IsStrictOrderedRing R] [CompactIccSpace R] [OrderClosedTopology R] [Finite M],
    CompactSpace (Convexity.StdSimplex R M)
instead of
  ∀ (𝕜 : Type u_1) (ι : Type u_2) [inst : Fintype ι] [inst_1 : TopologicalSpace 𝕜] [inst_2 : Semiring 𝕜]
    [inst_3 : PartialOrder 𝕜] [OrderClosedTopology 𝕜] [ContinuousAdd 𝕜] [CompactIccSpace 𝕜] [IsOrderedAddMonoid 𝕜],
    IsCompact (stdSimplex 𝕜 ι)
warning: QICLean/Channel/ChoiTypeMap/YamagamiPositivity.lean:263:48: `stdSimplex` has been deprecated: Use `Convexity.StdSimplex` instead

Note: The updated constant has a different type:
  (R : Type u) → [LE R] → [AddCommMonoid R] → [One R] → Type v → Type (max u v)
instead of
  (𝕜 : Type u_2) → (ι : Type u_1) → [Semiring 𝕜] → [PartialOrder 𝕜] → [Fintype ι] → Set (ι → 𝕜)
✔ [9440/9695] Built QICLean.Channel.Schwarz.OperatorConvexity (8.0s)
✔ [9441/9695] Built QICLean.Kraus.Wielandt.SpanGrowth.NonzeroTraceProduct (9.8s)
✔ [9442/9695] Built QICLean.Channel.Schwarz.AndoLieb (8.7s)
✔ [9443/9695] Built QICLean.Analysis.LiebSubBoundary (9.6s)
✔ [9444/9695] Built QICLean.QPF.Primitive (7.9s)
✔ [9445/9695] Built QICLean.Channel.LorentzNormalForm.CanonicalQubitChannels (32s)
✔ [9446/9695] Built QICLean.QPF.PosDef (7.7s)
✔ [9447/9695] Built QICLean.Entropy.MarginalTails (8.7s)
✔ [9448/9695] Built QICLean.Channel.Wigner.Upstream.CocycleConsistency (15s)
✔ [9449/9695] Built QICLean.Representation.SchurLabelCommutation (16s)
✔ [9450/9695] Built QICLean.Channel.Peripheral.Cycles (17s)
✔ [9451/9695] Built QICLean.Channel.FixedPoint.AbstractMaximalRank (19s)
✔ [9452/9695] Built QICLean.Representation.CommutantDimension (19s)
✔ [9453/9695] Built QICLean.Channel.Peripheral.SpectralProjection (19s)
✔ [9454/9695] Built QICLean.Channel.Peripheral.CyclicDecomposition.Decomposition (21s)
✔ [9455/9695] Built QICLean.Channel.EnvironmentInducedInstrument (21s)
✔ [9456/9695] Built QICLean.Channel.FixedPoint.StationarySupportRestriction (22s)
✔ [9457/9695] Built QICLean.Channel.FixedPoint.ConditionalExpectation (22s)
✔ [9458/9695] Built QICLean.Channel.FixedPoint.BlockForm (21s)
✔ [9459/9695] Built QICLean.Channel.FixedPoint.ChoiEffros (21s)
✔ [9460/9695] Built QICLean.Channel.KoashiImoto.CommonInvariantAlgebra (20s)
✔ [9461/9695] Built QICLean.Channel.FixedPoint.CornerFixedPoints (21s)
⚠ [9462/9695] Built QICLean.Topology.BrouwerProduct (73s)
warning: QICLean/Topology/BrouwerProduct.lean:33:36: `stdSimplexHomeomorphUnitInterval` has been deprecated: Use `Convexity.StdSimplex.homeomorphI` instead

Note: The updated constant has a different type:
  Convexity.StdSimplex ℝ (Fin 2) ≃ₜ ↑unitInterval
instead of
  ↑(stdSimplex ℝ (Fin 2)) ≃ₜ ↑unitInterval
✔ [9463/9695] Built QICLean.Channel.FixedPoint.Corollaries (22s)
✔ [9464/9695] Built QICLean.Algebra.OverlappingLiftAlgebra (22s)
✔ [9465/9695] Built QICLean.Channel.Wigner.TwoPureStateCharpoly (21s)
✔ [9466/9695] Built QICLean.Channel.FixedPoint.WedderburnDecomp (25s)
✔ [9467/9695] Built QICLean.Channel.Semigroup.LindbladForm.GKSLTheorem (22s)
✔ [9468/9695] Built QICLean.Channel.Wigner.PureStateCharpoly (15s)
✔ [9469/9695] Built QICLean.Kraus.Wielandt.Inequality.EigenvectorSpreading (14s)
✔ [9470/9695] Built QICLean.Channel.Schwarz.TwoVariableEquality (16s)
✔ [9471/9695] Built QICLean.Entropy.PhysicalBufferOverlap (17s)
✔ [9472/9695] Built QICLean.Kraus.Wielandt.RankOne.Construction (13s)
✔ [9473/9695] Built QICLean.Kraus.Wielandt.RectangularSpan.Basic (16s)
✔ [9474/9695] Built QICLean.Channel.WindowMinorization (17s)
✔ [9475/9695] Built QICLean.Channel.PositiveConditionalExpectationDirectSum (18s)
✔ [9476/9695] Built QICLean.Channel.KrausIterateChoi (19s)
✔ [9477/9695] Built QICLean.Channel.ReductionCriterion (19s)
✔ [9478/9695] Built QICLean.Channel.Schwarz.SupportSourceDefect (20s)
✔ [9479/9695] Built QICLean.Channel.Schwarz.SupportLeftRightRelativeModular (20s)
✔ [9480/9695] Built QICLean.Kraus.Wielandt.RankOne.Products (19s)
✔ [9481/9695] Built QICLean.Kraus.Wielandt.SpanGrowth (19s)
✔ [9482/9695] Built QICLean.Analysis.SpectralFilter.MatrixFilter (21s)
✔ [9483/9695] Built QICLean.QPF.Uniqueness (18s)
✔ [9484/9695] Built QICLean.Analysis.OperatorMean.MeanDerivative (21s)
✔ [9485/9695] Built QICLean.Entropy.SupportedMarginalTails (21s)
✔ [9486/9695] Built QICLean.Channel.Peripheral.MultiCycleDecomposition (14s)
✔ [9487/9695] Built QICLean.Channel.Peripheral.CyclicDecomposition (14s)
✔ [9488/9695] Built QICLean.Entropy.FilterMoment (21s)
✔ [9489/9695] Built QICLean.Channel.Peripheral.CesaroRecurrence (15s)
✔ [9490/9695] Built QICLean.Channel.Schwarz.RelativeEntropyConvexity (23s)
✔ [9491/9695] Built QICLean.Representation.SchurSurprisal (16s)
✔ [9492/9695] Built QICLean.Channel.Wigner.Upstream.ComplexReconstruction (18s)
✔ [9493/9695] Built QICLean.Channel.Irreducible.Growth.OneStep (11s)
✔ [9494/9695] Built QICLean.Channel.Peripheral.GroupStructure (13s)
✔ [9495/9695] Built QICLean.Channel.Irreducible.AdjointFamily (10s)
✔ [9496/9695] Built QICLean.Channel.RightFactorConditionalExpectation (9.6s)
✔ [9497/9695] Built QICLean.Channel.KoashiImoto.PooledKrausFamily (9.5s)
✔ [9498/9695] Built QICLean.Channel.KoashiImoto.FiniteRealization (9.4s)
✔ [9499/9695] Built QICLean.Channel.Semigroup.LindbladForm (8.3s)
✔ [9500/9695] Built QICLean.Algebra (8.9s)
✔ [9501/9695] Built QICLean.Channel.FixedPoint.CornerBlockForm (10s)
✔ [9502/9695] Built QICLean.Kraus.Wielandt.Inequality (8.7s)
✔ [9503/9695] Built QICLean.Channel.FixedPoint.WeightedCornerFixedPoints (13s)
✔ [9504/9695] Built QICLean.Kraus.Wielandt.RankOne.ExtractionFull (12s)
✔ [9505/9695] Built QICLean.Kraus.Wielandt.RectangularSpan.Growth (12s)
ℹ [9506/9695] Built QICLean.Channel.LorentzNormalForm.SpinorExponential (48s)
info: QICLean/Channel/LorentzNormalForm/SpinorExponential.lean:452:47: Try this:
  [apply] ring_nf
  
  The `ring` tactic failed to close the goal. Use `ring_nf` to obtain a normal form.
    
  Note that `ring` works primarily in *commutative* rings. If you have a noncommutative ring, abelian group or module, consider using `noncomm_ring`, `abel` or `module` instead.
info: QICLean/Channel/LorentzNormalForm/SpinorExponential.lean:454:47: Try this:
  [apply] ring_nf
  
  The `ring` tactic failed to close the goal. Use `ring_nf` to obtain a normal form.
    
  Note that `ring` works primarily in *commutative* rings. If you have a noncommutative ring, abelian group or module, consider using `noncomm_ring`, `abel` or `module` instead.
info: QICLean/Channel/LorentzNormalForm/SpinorExponential.lean:484:46: Try this:
  [apply] ring_nf
  
  The `ring` tactic failed to close the goal. Use `ring_nf` to obtain a normal form.
    
  Note that `ring` works primarily in *commutative* rings. If you have a noncommutative ring, abelian group or module, consider using `noncomm_ring`, `abel` or `module` instead.
info: QICLean/Channel/LorentzNormalForm/SpinorExponential.lean:486:46: Try this:
  [apply] ring_nf
  
  The `ring` tactic failed to close the goal. Use `ring_nf` to obtain a normal form.
    
  Note that `ring` works primarily in *commutative* rings. If you have a noncommutative ring, abelian group or module, consider using `noncomm_ring`, `abel` or `module` instead.
✔ [9507/9695] Built QICLean.Channel.FixedPoint.FullSupportBlockRetraction (18s)
✔ [9508/9695] Built QICLean.Channel.Separable (21s)
✔ [9509/9695] Built QICLean.Channel.Schwarz.SupportRelativeEntropyGap (22s)
✔ [9510/9695] Built QICLean.QPF.Assembly (23s)
✔ [9511/9695] Built QICLean.Analysis.OperatorMean.TreeDerivative (25s)
✔ [9512/9695] Built QICLean.Analysis.SpectralFilter.PositiveReplacement (26s)
✔ [9513/9695] Built QICLean.Channel.Peripheral.AsymptoticImage (27s)
✔ [9514/9695] Built QICLean.Channel.Wigner.Upstream.WignerRigidity (26s)
✔ [9515/9695] Built QICLean.Entropy.LocalLift (28s)
✔ [9516/9695] Built QICLean.Topology.CompactRetractFixedPoint (36s)
✔ [9517/9695] Built QICLean.Channel.Schwarz.RelativeEntropyDataProcessing (29s)
✔ [9518/9695] Built QICLean.Representation (28s)
✔ [9519/9695] Built QICLean.Channel.Peripheral.WeightedCesaro (29s)
✔ [9520/9695] Built QICLean.Channel.Irreducible.Growth.KernelDescent (28s)
✔ [9521/9695] Built QICLean.Channel.DirectSumConditionalExpectation (28s)
✔ [9522/9695] Built QICLean.Channel.FixedPoint.MaximalSupport (22s)
✔ [9523/9695] Built QICLean.Channel.Semigroup.ReducibleQDS.Defs (26s)
✔ [9524/9695] Built QICLean.Channel.KoashiImoto.SingleWitness (23s)
✔ [9525/9695] Built QICLean.Kraus.Wielandt.RankOne (23s)
✔ [9526/9695] Built QICLean.Channel.Semigroup.KossakowskiForm (32s)
✔ [9527/9695] Built QICLean.Kraus.Wielandt.RectangularSpan.UniversalityAux.Quantitative (21s)
✔ [9528/9695] Built QICLean.Channel.LorentzNormalForm (18s)
✔ [9529/9695] Built QICLean.Kraus.Wielandt.RectangularSpan.UniversalityAux.Basic (19s)
✔ [9530/9695] Built QICLean.Channel.Schwarz.SupportRelativeEntropyEquality (20s)
✔ [9531/9695] Built QICLean.Channel.SchmidtNumber (21s)
✔ [9532/9695] Built QICLean.Channel.FixedPoint.TraceAdjointDensityBlocks (24s)
✔ [9533/9695] Built QICLean.QPF (22s)
✔ [9534/9695] Built QICLean.Analysis.OperatorMean.LeafStates (23s)
✔ [9535/9695] Built QICLean.Channel.Wigner.Upstream (25s)
✔ [9536/9695] Built QICLean.Analysis.OperatorMean.BlockDiagonal (29s)
✔ [9537/9695] Built QICLean.Channel.Wigner.ProjectiveCarrierBridge (28s)
✔ [9538/9695] Built QICLean.Channel.Schwarz.PetzRecoverySupport (28s)
✔ [9539/9695] Built QICLean.Analysis.SpectralFilter.FilterLocality (33s)
✔ [9540/9695] Built QICLean.Channel.Schwarz.StrongSubadditivityPosDef (30s)
✔ [9541/9695] Built QICLean.Channel.Irreducible.Growth.OrthogonalTrace (30s)
✔ [9542/9695] Built QICLean.Channel.StarSubalgebraConditionalExpectation (31s)
✔ [9543/9695] Built QICLean.Channel.Semigroup.ReducibleQDS.FixedDensity (29s)
✔ [9544/9695] Built QICLean.Channel.Semigroup.ReducibleQDS.GeneratorCompression (28s)
✔ [9545/9695] Built QICLean.Channel.KoashiImoto.MeanErgodicProjection (28s)
✔ [9546/9695] Built QICLean.Channel.Semigroup.KossakowskiRank (28s)
✔ [9547/9695] Built QICLean.Channel.Peripheral.RecurrentInverse (38s)
✔ [9548/9695] Built QICLean.Kraus.Wielandt.RectangularSpan.UniversalityAux.Sharp (23s)
✔ [9549/9695] Built QICLean.Channel.ChoiTypeMap.HaTwoSimpleWitness (24s)
✔ [9550/9695] Built QICLean.Channel.SchmidtNumberFactors (25s)
✔ [9551/9695] Built QICLean.Channel.SchmidtNumberCompact (21s)
✔ [9552/9695] Built QICLean.Channel.FixedPoint.SupportCompressedDensityBlocks (21s)
✔ [9553/9695] Built QICLean.Channel.FixedPoint.DirectSumBlockRetraction (21s)
✔ [9554/9695] Built QICLean.Analysis.OperatorMean (19s)
✔ [9555/9695] Built QICLean.Channel.Wigner.Rigidity (21s)
✔ [9556/9695] Built QICLean.Analysis.SpectralFilter (22s)
✔ [9557/9695] Built QICLean.Entropy.UnnormalizedStrongSubadditivity (22s)
✔ [9558/9695] Built QICLean.Channel.TripartiteDecorrelation (23s)
✔ [9559/9695] Built QICLean.Entropy.StrongSubadditivity (24s)
✔ [9560/9695] Built QICLean.Channel.Semigroup.ReducibleQDS.Equivalence (23s)
✔ [9561/9695] Built QICLean.Channel.Schwarz.SSAEqualityDPI (24s)
✔ [9562/9695] Built QICLean.Channel.KoashiImoto.FamilyFixedPointBlockForm (23s)
✔ [9563/9695] Built QICLean.Channel.OperatorSystemExtensionStarSubalgebra (24s)
✔ [9564/9695] Built QICLean.Channel.Irreducible.Growth.Exponential (24s)
✔ [9565/9695] Built QICLean.Channel.DecomposableWitness (21s)
✔ [9566/9695] Built QICLean.Channel.FixedPoint.WolfTheorem614 (20s)
✔ [9567/9695] Built QICLean.Channel.EntanglementWitness (21s)
✔ [9568/9695] Built QICLean.Kraus.Wielandt.RectangularSpan.UniversalityAux.NilpIndex (24s)
✔ [9569/9695] Built QICLean.Channel.FixedPoint.AbstractCornerFixedPoints (21s)
✔ [9570/9695] Built QICLean.Channel.FixedPoint.BrouwerDensityMatrices (64s)
✔ [9571/9695] Built QICLean.Topology.CompactConvexFixedPoint (65s)
✔ [9572/9695] Built QICLean.Channel.ChoiTypeMap.HaBlockTranspose (26s)
✔ [9573/9695] Built QICLean.Channel.Wigner.SpectrumPreserver (17s)
✔ [9574/9695] Built QICLean.Channel.FixedPoint.TraceNonincreasingProductSpan (21s)
✔ [9575/9695] Built QICLean.Entropy.MutualInformation (13s)
✔ [9576/9695] Built QICLean.Entropy.ConditionalEntropy (16s)
✔ [9577/9695] Built QICLean.Entropy.Bipartite (14s)
✔ [9578/9695] Built QICLean.Channel.Semigroup.ReducibleQDS (13s)
✔ [9579/9695] Built QICLean.Channel.Semigroup.RelaxationConditions (20s)
✔ [9580/9695] Built QICLean.Channel.Schwarz.PetzEqualityPrerequisites (20s)
✔ [9581/9695] Built QICLean.Channel.KoashiImoto.NormalizedFamilyBlockForm (21s)
✔ [9582/9695] Built QICLean.Channel.Irreducible.Growth (21s)
✔ [9583/9695] Built QICLean.Channel.PositiveMapDetection (20s)
✔ [9584/9695] Built QICLean.Channel.Peripheral.DensityBlockCoordinates (22s)
✔ [9585/9695] Built QICLean.Kraus.Wielandt.RectangularSpan.UniversalityAux (21s)
✔ [9586/9695] Built QICLean.Channel.Wigner (20s)
✔ [9587/9695] Built QICLean.Channel.PSDConeAutomorphism.RankPreserver (21s)
✔ [9588/9695] Built QICLean.Channel.FixedPoint.TraceNonincreasingDirectSum (21s)
✔ [9589/9695] Built QICLean.Channel.ChoiTypeMap.HaNegativePairing (23s)
✔ [9590/9695] Built QICLean.Entropy.FiniteProduct (19s)
✔ [9591/9695] Built QICLean.Channel.FixedPoint.AbstractWeightedFixedPoints (26s)
✔ [9592/9695] Built QICLean.Entropy.ControlledContinuity (20s)
✔ [9593/9695] Built QICLean.Entropy.MutualInformationDataProcessing (21s)
✔ [9594/9695] Built QICLean.Channel.Semigroup.HamiltonianIndependentContractivity (13s)
✔ [9595/9695] Built QICLean.Channel.Schwarz.WeylSupportRelativeEntropyEquality (13s)
✔ [9596/9695] Built QICLean.Channel.KoashiImoto.PreservingBlockAction (13s)
✔ [9597/9695] Built QICLean.Channel.Schwarz.WeylRelativeEntropyIntegral (15s)
✔ [9598/9695] Built QICLean.Channel.Irreducible.CollatzWielandt (15s)
✔ [9599/9695] Built QICLean.Channel.PPTIndecomposable (13s)
✔ [9600/9695] Built QICLean.Kraus.Wielandt.RectangularSpan.Universality (13s)
✔ [9601/9695] Built QICLean.Channel.FixedPoint.StationaryStates (34s)
✔ [9602/9695] Built QICLean.Channel.PerronFrobenius.Existence (34s)
✔ [9603/9695] Built QICLean.Topology (33s)
✔ [9604/9695] Built QICLean.Channel.PSDConeAutomorphism.RankPreservation (13s)
✔ [9605/9695] Built QICLean.Channel.ChoiTypeMap.Indecomposable (11s)
✔ [9606/9695] Built QICLean.Channel.Peripheral.DensityBlockDynamics (12s)
✔ [9607/9695] Built QICLean.Channel.FixedPoint.DirectSumTraceAdjoint (12s)
✔ [9608/9695] Built QICLean.Entropy.TwoFamilies (12s)
✔ [9609/9695] Built QICLean.Channel.FixedPoint.MaximalRank (11s)
✔ [9610/9695] Built QICLean.Entropy.FiniteProductConditional (12s)
✔ [9611/9695] Built QICLean.Channel.Peripheral.DirectSumFacePermutation (13s)
✔ [9612/9695] Built QICLean.Channel.Schwarz.WeylSupportPetzRecovery (9.6s)
✔ [9613/9695] Built QICLean.Channel.KoashiImoto.JointSupport (8.9s)
✔ [9614/9695] Built QICLean.Kraus.Wielandt.RectangularSpan.EventualFullness (14s)
✔ [9615/9695] Built QICLean.Channel.PSDConeAutomorphism (27s)
✔ [9616/9695] Built QICLean.Channel.Determinant.PositiveExtremality (28s)
✔ [9617/9695] Built QICLean.Channel.Peripheral.DensityBlockFacePermutation (27s)
✔ [9618/9695] Built QICLean.Channel.FixedPoint.DirectSumInverseKraus (28s)
✔ [9619/9695] Built QICLean.Entropy.ConditionalTwoFamilies (28s)
✔ [9620/9695] Built QICLean.Channel.Peripheral.MatchedBlockEndomorphism (29s)
✔ [9621/9695] Built QICLean.Channel.Schwarz.SSAEqualityPetzRecovery (29s)
✔ [9622/9695] Built QICLean.Kraus.Wielandt.RectangularSpan (27s)
✔ [9623/9695] Built QICLean.Channel.Schwarz (19s)
✔ [9624/9695] Built QICLean.Channel.KoashiImoto.InvariantConditionalFamily (19s)
✔ [9625/9695] Built QICLean.Channel.Determinant.PositiveInverse (23s)
✔ [9626/9695] Built QICLean.Channel.Peripheral.DensityBlockSchwarz (22s)
✔ [9627/9695] Built QICLean.Channel.FixedPoint.DirectSumBlockPermutation (23s)
✔ [9628/9695] Built QICLean.Channel.PerronFrobenius (74s)
✔ [9629/9695] Built QICLean.Channel.Irreducible.KrausSetup (74s)
✔ [9630/9695] Built QICLean.Channel.Determinant (20s)
✔ [9631/9695] Built QICLean.Channel.KoashiImoto.InvariantConditionalBlockForm (22s)
✔ [9632/9695] Built QICLean.Channel.Peripheral.SchurAsymptoticConvergence (76s)
✔ [9633/9695] Built QICLean.Channel.Peripheral.StructureOfCycles (21s)
✔ [9634/9695] Built QICLean.Channel.Peripheral.SpectralRadius (76s)
✔ [9635/9695] Built QICLean.Channel.KoashiImoto.MarkovBipartiteBlockForm (16s)
✔ [9636/9695] Built QICLean.Channel.Irreducible.PerronFrobenius (35s)
✔ [9637/9695] Built QICLean.Channel.Peripheral.UnitalKraus (36s)
✔ [9638/9695] Built QICLean.Analysis.AsymptoticStateConvergence (37s)
✔ [9639/9695] Built QICLean.Kraus.MixedMap.SpectralRadius (37s)
✔ [9640/9695] Built QICLean.Channel.KoashiImoto.AmbientMarkovBipartiteBlockForm (21s)
✔ [9641/9695] Built QICLean.Channel.Irreducible.SpectralRadius (39s)
✔ [9642/9695] Built QICLean.Channel.KoashiImoto.MarkovDilation.Basic (21s)
✔ [9643/9695] Built QICLean.Channel.Irreducible.Ergodicity (36s)
✔ [9644/9695] Built QICLean.Channel.Peripheral.IrreducibleChannel (36s)
✔ [9645/9695] Built QICLean.Channel.KoashiImoto.MarkovDilation.SectorAction (23s)
✔ [9646/9695] Built QICLean.Channel.KoashiImoto.MarkovDilation.AmbientBlockAction (25s)
✔ [9647/9695] Built QICLean.Kraus.MixedMap.Gap (48s)
✔ [9648/9695] Built QICLean.Channel.WeightedHilbertSchmidt (50s)
✔ [9649/9695] Built QICLean.Channel.Irreducible.KrausGauge (49s)
✔ [9650/9695] Built QICLean.Kraus.PrimitiveFixedPoint.FromPeripheral (27s)
✔ [9651/9695] Built QICLean.Channel.FixedPoint.StationarySupport (28s)
✔ [9652/9695] Built QICLean.Channel.Peripheral (28s)
✔ [9653/9695] Built QICLean.Kraus.Wielandt.Primitivity.VectorSpreadToPrimitive (28s)
✔ [9654/9695] Built QICLean.Channel.KoashiImoto.MarkovDilation (14s)
✔ [9655/9695] Built QICLean.Channel.KoashiImoto.MarkovDilationBlockForm (16s)
✔ [9656/9695] Built QICLean.Channel.Irreducible.FromSpectral (31s)
✔ [9657/9695] Built QICLean.Spectral.TransferOperatorGapRectNormalized (31s)
✔ [9658/9695] Built QICLean.Spectral.GaugeConstruction (32s)
✔ [9659/9695] Built QICLean.Channel.KoashiImoto.MarkovTripartiteBlockForm (21s)
✔ [9660/9695] Built QICLean.Channel.WhitenedChoi (37s)
✔ [9661/9695] Built QICLean.Channel.FixedPoint (44s)
✔ [9662/9695] Built QICLean.Kraus.PrimitiveFixedPoint.Irreducible (41s)
✔ [9663/9695] Built QICLean.Channel.KoashiImoto (20s)
✔ [9664/9695] Built QICLean.Channel.Semigroup.Primitivity.Basic (42s)
✔ [9665/9695] Built QICLean.Analysis.EntropyMarkovForward (21s)
✔ [9666/9695] Built QICLean.Channel.Irreducible.PositiveMapSpectralCharacterization (43s)
✔ [9667/9695] Built QICLean.Spectral.TransferOperatorGapNormalized (38s)
✔ [9668/9695] Built QICLean.Entropy.SSAEqualityCharacterization (14s)
✔ [9669/9695] Built QICLean.Channel.FaithfulMarginalWhitenedChoi (38s)
✔ [9670/9695] Built QICLean.Entropy.MarkovChain (24s)
✔ [9671/9695] Built QICLean.Entropy.PositiveOverlappingProduct (9.7s)
✔ [9672/9695] Built QICLean.Analysis (51s)
✔ [9673/9695] Built QICLean.Channel.Irreducible (50s)
✔ [9674/9695] Built QICLean.Kraus.PrimitiveFixedPoint (52s)
✔ [9675/9695] Built QICLean.Spectral (39s)
✔ [9676/9695] Built QICLean.Channel.MarginalSupportWhitenedChoi (32s)
✔ [9677/9695] Built QICLean.Channel.Semigroup.Primitivity.Helpers (53s)
✔ [9678/9695] Built QICLean.Entropy.MutualInformationOperatorSchmidt (10s)
✔ [9679/9695] Built QICLean.Channel.Semigroup.Primitivity.SpectralMapping (15s)
✔ [9680/9695] Built QICLean.Entropy (9.7s)
✔ [9681/9695] Built QICLean.Channel.Semigroup.Primitivity.IrreducibleAnalysis (12s)
✔ [9682/9695] Built QICLean.Channel.Semigroup.Primitivity.MainTheorem (15s)
✔ [9683/9695] Built QICLean.Kraus.Wielandt.Primitivity.StronglyIrreducibleToFullWordSpan (16s)
✔ [9684/9695] Built QICLean.Channel.Semigroup.Primitivity (9.0s)
✔ [9685/9695] Built QICLean.Channel.Semigroup.RelaxationCorollary (9.3s)
✔ [9686/9695] Built QICLean.Kraus.Wielandt.Primitivity (10s)
✔ [9687/9695] Built QICLean.Channel.WolfTheorem68 (10s)
✔ [9688/9695] Built QICLean.Channel.Semigroup (15s)
✔ [9689/9695] Built QICLean.Kraus.Wielandt (19s)
✔ [9690/9695] Built QICLean.Channel.WielandtLowDim (19s)
✔ [9691/9695] Built QICLean.Channel.QuantumWielandt (19s)
✔ [9692/9695] Built QICLean.Kraus (10s)
✔ [9693/9695] Built QICLean.Channel (11s)
✔ [9694/9695] Built QICLean (7.8s)
Build completed successfully (9695 jobs).
