'Matrix.sourceContraction' depends on axioms: [propext, Classical.choice, Quot.sound]
'Matrix.sourceContraction_apply' depends on axioms: [propext, Classical.choice, Quot.sound]
'Matrix.sourceContraction_apply_apply' depends on axioms: [propext, Classical.choice, Quot.sound]
'Matrix.sourceContraction_piecewise_add' depends on axioms: [propext, Classical.choice, Quot.sound]
'Matrix.sourceContraction_add' depends on axioms: [propext, Classical.choice, Quot.sound]
'Matrix.sourceContraction_piecewise_sub' depends on axioms: [propext, Classical.choice, Quot.sound]
'Matrix.sourceContraction_sub' depends on axioms: [propext, Classical.choice, Quot.sound]
'Matrix.rectangularTraceNorm_sourceContraction_sub_le' depends on axioms: [propext, Classical.choice, Quot.sound]
'Matrix.garbageInventory' does not depend on any axioms
'Matrix.garbageInventoryFintype' depends on axioms: [propext, Classical.choice, Quot.sound]
'Matrix.garbageInventoryDecidableEq' does not depend on any axioms
'Matrix.euclideanTensorVector' depends on axioms: [propext, Classical.choice, Quot.sound]
'Matrix.euclideanTensorVector_apply' depends on axioms: [propext, Classical.choice, Quot.sound]
'Matrix.norm_euclideanTensorVector' depends on axioms: [propext, Classical.choice, Quot.sound]
'Matrix.euclideanOuterProduct_tensorVector' depends on axioms: [propext, Classical.choice, Quot.sound]
'Matrix.trace_euclideanOuterProduct_self' depends on axioms: [propext, Classical.choice, Quot.sound]
'Matrix.partialTraceRight_tensorVector' depends on axioms: [propext, Classical.choice, Quot.sound]
'Matrix.idleGarbageLift' depends on axioms: [propext, Classical.choice, Quot.sound]
'Matrix.appendGarbageGate' depends on axioms: [propext, Classical.choice, Quot.sound]
'Matrix.idleGarbageLift_mulVec' depends on axioms: [propext, Classical.choice, Quot.sound]
'Matrix.idleGarbageLift_append_mulVec' depends on axioms: [propext, Classical.choice, Quot.sound]
'Matrix.idleGarbageLift_eq_kronecker_submatrix' depends on axioms: [propext, Classical.choice, Quot.sound]
'Matrix.norm_idleGarbageLift_le' depends on axioms: [propext, Classical.choice, Quot.sound]
'Matrix.idleGarbageLift_sub' depends on axioms: [propext, Classical.choice, Quot.sound]
'Matrix.norm_idleGarbageLift_sub_le' depends on axioms: [propext, Classical.choice, Quot.sound]
'Matrix.appendGarbageGate_mulVec' depends on axioms: [propext, Classical.choice, Quot.sound]
'Matrix.norm_appendGarbageGate_le' depends on axioms: [propext, Classical.choice, Quot.sound]
'Matrix.kronecker_one_tensorVector' depends on axioms: [propext, Classical.choice, Quot.sound]
'Matrix.norm_kronecker_one_rectangular_le' depends on axioms: [propext, Classical.choice, Quot.sound]
'Matrix.cumulativeGarbageVector' depends on axioms: [propext, Classical.choice, Quot.sound]
'Matrix.chronologicalGarbageChain' depends on axioms: [propext, Classical.choice, Quot.sound]
'Matrix.chronologicalReplacementChain' depends on axioms: [propext, Classical.choice, Quot.sound]
'Matrix.chronologicalReplacementChain_sub_norm_le' depends on axioms: [propext, Classical.choice, Quot.sound]
'Matrix.chronologicalReplacementChain_norm_le_one' depends on axioms: [propext, Classical.choice, Quot.sound]
'Matrix.norm_cumulativeGarbageVector' depends on axioms: [propext, Classical.choice, Quot.sound]
'Matrix.chronologicalGarbageChain_prefix_vector' depends on axioms: [propext, Classical.choice, Quot.sound]
'Matrix.chronologicalGarbageChain_discard_density' depends on axioms: [propext, Classical.choice, Quot.sound]
'Matrix.chronologicalGarbageChain_norm_le_one' depends on axioms: [propext, Classical.choice, Quot.sound]
'Matrix.chronologicalGarbageReadout' depends on axioms: [propext, Classical.choice, Quot.sound]
'Matrix.chronologicalGarbageReadout_eq' depends on axioms: [propext, Classical.choice, Quot.sound]
'Matrix.chronologicalGarbageReadout_discard_density' depends on axioms: [propext, Classical.choice, Quot.sound]
'Matrix.markedChronologicalGarbageChain' depends on axioms: [propext, Classical.choice, Quot.sound]
'Matrix.chronologicalGarbageDensity' depends on axioms: [propext, Classical.choice, Quot.sound]
'Matrix.chronologicalGarbageDensity_ideal' depends on axioms: [propext, Classical.choice, Quot.sound]
'Matrix.chronologicalGarbageDensity_marked_empty' depends on axioms: [propext, Classical.choice, Quot.sound]
'Matrix.chronologicalGarbageDensity_zero' depends on axioms: [propext, Classical.choice, Quot.sound]
'Matrix.rectangularTraceNorm_chronologicalGarbageDensity_marked_sub_le' depends on axioms: [propext,
 Classical.choice,
 Quot.sound]
'Matrix.rectangularTraceNorm_chronologicalGarbageDensity_marked_sub_le_half' depends on axioms: [propext,
 Classical.choice,
 Quot.sound]
'Matrix.rectangularTraceNorm_chronologicalGarbageDensity_marked_empty' depends on axioms: [propext,
 Classical.choice,
 Quot.sound]
'QICLean.ComplexGaussian.globalBranchLaw' depends on axioms: [propext, Classical.choice, Quot.sound]
'QICLean.ComplexGaussian.globalBranchLawIsProbabilityMeasure' depends on axioms: [propext, Classical.choice, Quot.sound]
'QICLean.ComplexGaussian.selectedBranchSamples' depends on axioms: [propext, Classical.choice, Quot.sound]
'QICLean.ComplexGaussian.measurePreserving_selectedBranchSamples' depends on axioms: [propext,
 Classical.choice,
 Quot.sound]
'QICLean.ComplexGaussian.selectedBranchDensityCoefficient' depends on axioms: [propext, Classical.choice, Quot.sound]
'QICLean.ComplexGaussian.integrable_selectedBranchDensityCoefficient' depends on axioms: [propext,
 Classical.choice,
 Quot.sound]
'QICLean.ComplexGaussian.integrable_selectedBranchDensityCoefficient_mul_conj' depends on axioms: [propext,
 Classical.choice,
 Quot.sound]
'QICLean.ComplexGaussian.integral_selectedBranchDensityCoefficient_mul_conj' depends on axioms: [propext,
 Classical.choice,
 Quot.sound]
'QICLean.ComplexGaussian.integral_selectedBranchDensityCoefficient_eq_zero' depends on axioms: [propext,
 Classical.choice,
 Quot.sound]
'QICLean.ComplexGaussian.integrable_rectangularTraceNorm_selectedBranchSourceError' depends on axioms: [propext,
 Classical.choice,
 Quot.sound]
'QICLean.ComplexGaussian.integral_rectangularTraceNorm_selectedBranchSourceError_le' depends on axioms: [propext,
 Classical.choice,
 Quot.sound]
'QICLean.ComplexGaussian.exists_schmidtSourceFrames' depends on axioms: [propext, Classical.choice, Quot.sound]
'QICLean.ComplexGaussian.exists_probability_schmidtSourceFrames' depends on axioms: [propext,
 Classical.choice,
 Quot.sound]
'QICLean.ComplexGaussian.exists_schmidtSourceReplacement' depends on axioms: [propext, Classical.choice, Quot.sound]
'Matrix.isometricDomainExtension' depends on axioms: [propext, Classical.choice, Quot.sound]
'Matrix.isometricDomainExtension_mul' depends on axioms: [propext, Classical.choice, Quot.sound]
'Matrix.isometricDomainExtension_mul_rangeProjection' depends on axioms: [propext, Classical.choice, Quot.sound]
'Matrix.norm_isometricDomainExtension' depends on axioms: [propext, Classical.choice, Quot.sound]
'Matrix.norm_isometricDomainExtension_le_one' depends on axioms: [propext, Classical.choice, Quot.sound]
'Matrix.norm_toLp_mulVec_of_isometry' depends on axioms: [propext, Classical.choice, Quot.sound]
'Matrix.isometricDomainExtension_sigmaBlockInclusion_mul' depends on axioms: [propext, Classical.choice, Quot.sound]
'Matrix.isometricDomainExtension_sigmaBlockInclusion_mul_of_ne' depends on axioms: [propext,
 Classical.choice,
 Quot.sound]
'Matrix.norm_isometricDomainExtension_sigmaBlockInclusion' depends on axioms: [propext, Classical.choice, Quot.sound]
'Matrix.norm_sigmaBlockInclusion_mulVec' depends on axioms: [propext, Classical.choice, Quot.sound]
'Matrix.norm_isometricDomainExtension_sigmaBlockInclusion_kronecker_one' depends on axioms: [propext,
 Classical.choice,
 Quot.sound]
'Matrix.norm_sigmaBlockInclusion_kronecker_mulVec' depends on axioms: [propext, Classical.choice, Quot.sound]
'QICLean.ComplexGaussian.gaussianSourceContraction' depends on axioms: [propext, Classical.choice, Quot.sound]
'QICLean.ComplexGaussian.correctedGaussianSourceContraction' depends on axioms: [propext, Classical.choice, Quot.sound]
'QICLean.ComplexGaussian.corrected_source_entry_product' depends on axioms: [propext, Classical.choice, Quot.sound]
'QICLean.ComplexGaussian.correctedGaussianSourceContraction_eq_sum' depends on axioms: [propext,
 Classical.choice,
 Quot.sound]
'QICLean.ComplexGaussian.gaussianSourceContraction_sub' depends on axioms: [propext, Classical.choice, Quot.sound]
'QICLean.ComplexGaussian.integrable_correctedGaussianSourceContraction' depends on axioms: [propext,
 Classical.choice,
 Quot.sound]
'QICLean.ComplexGaussian.integral_correctedGaussianSourceContraction_eq_zero' depends on axioms: [propext,
 Classical.choice,
 Quot.sound]
'QICLean.ComplexGaussian.integrable_gaussianSourceContraction' depends on axioms: [propext,
 Classical.choice,
 Quot.sound]
'QICLean.ComplexGaussian.integral_gaussianSourceContraction' depends on axioms: [propext, Classical.choice, Quot.sound]
