Scanning Lean source tree …
  Found 7504 declarations in Lean source
Scanning blueprint .tex files …
  Found 3040 unique \lean{} references in blueprint
  Found 3066 theorem-like blueprint entries
  Updated blueprint/lean_decls with 3040 entries

======================================================================
  BLUEPRINT ↔ LEAN SYNC REPORT
======================================================================

Per-chapter formalization progress:
  Chapter                                             Done / Total       %
  --------------------------------------------------------------------
  ch01_coherent_frames.tex                               4 /     4  100.0%
  ch01_cyclic_trace_power.tex                            1 /     1  100.0%
  ch01_positive_maps.tex                                85 /    85  100.0%
  ch01_spectrum_and_wigner.tex                          39 /    39  100.0%
  ch01_states.tex                                       12 /    12  100.0%
  ch02_channels_peripheral_spectrum_and_primitivity.tex    37 /    37  100.0%
  ch02_channels_positive_map_and_channel_foundations.tex    26 /    26  100.0%
  ch02_channels_rectangular_kraus_maps.tex              61 /    61  100.0%
  ch02_channels_tensor_maps_and_controlled_trace.tex     8 /     8  100.0%
  ch02_channels_transfer_map_foundations.tex            16 /    16  100.0%
  ch03_channel_representations_choi_and_kraus.tex       71 /    71  100.0%
  ch03_channel_representations_choi_foundations.tex     13 /    13  100.0%
  ch03_channel_representations_determinant_choi_bound.tex    10 /    10  100.0%
  ch03_channel_representations_dilations_and_ordered_cp.tex   111 /   111  100.0%
  ch03_channel_representations_ensemble_equivalence.tex     9 /     9  100.0%
  ch03_channel_representations_hermitian_intertwiners.tex     7 /     7  100.0%
  ch03_channel_representations_kraus_iterate_choi.tex     8 /     8  100.0%
  ch03_channel_representations_no_information_without_disturbance.tex     5 /     5  100.0%
  ch03_channel_representations_normal_forms_and_determinant.tex   255 /   255  100.0%
  ch03_channel_representations_rectangular_choi_bounds.tex     6 /     6  100.0%
  ch03_channel_representations_self_dual.tex            24 /    24  100.0%
  ch03_channel_representations_sic_povms.tex            19 /    19  100.0%
  ch03_channel_representations_transfer_matrix_identities.tex     5 /     5  100.0%
  ch04_convex_structure.tex                             71 /    71  100.0%
  ch04_positive_not_cp_choi_and_decomposable_maps.tex   200 /   200  100.0%
  ch04_positive_not_cp_kramers_degeneracy.tex           10 /    10  100.0%
  ch04_positive_not_cp_npositivity_infimum.tex          10 /    10  100.0%
  ch04_positive_not_cp_positivity_reduction_and_breuer_hall.tex    38 /    38  100.0%
  ch04_positive_not_cp_ppt_and_separable_states.tex     21 /    21  100.0%
  ch04_positive_not_cp_schmidt_number_and_entanglement.tex    12 /    12  100.0%
  ch04_positive_not_cp_supporting_results.tex           53 /    53  100.0%
  ch04_positive_not_cp_trace_normalization_and_lorentz_cone.tex     3 /     3  100.0%
  ch04_positive_not_cp_two_positive_schmidt_and_choi.tex    50 /    50  100.0%
  ch05_schwarz_abstract_domains_and_order.tex           41 /    41  100.0%
  ch05_schwarz_douglas.tex                               6 /     6  100.0%
  ch05_schwarz_ft_core.tex                              15 /    15  100.0%
  ch05_schwarz_retractions_and_peripheral_equality.tex     5 /     5  100.0%
  ch05_schwarz_schur_complement.tex                      6 /     6  100.0%
  ch05_schwarz_supporting_results.tex                   13 /    13  100.0%
  ch06_operator_convexity_lieb_and_resolvent.tex        18 /    18  100.0%
  ch06_operator_convexity_schwarz_and_jensen.tex        33 /    33  100.0%
  ch07_qpf.tex                                          92 /    92  100.0%
  ch07_qpf_cesaro_fixed_points.tex                      46 /    46  100.0%
  ch07_qpf_irreducibility_and_ergodicity.tex            18 /    18  100.0%
  ch07_qpf_supporting_results.tex                       24 /    24  100.0%
  ch07_qpf_weighted_cesaro.tex                          13 /    13  100.0%
  ch08_spectral_ft_peripheral_cyclic.tex                 6 /     6  100.0%
  ch08_spectral_supporting_results.tex                  27 /    27  100.0%
  ch09_channel_asymptotics_corner_and_overlap_decompositions.tex    24 /    24  100.0%
  ch09_channel_asymptotics_detailed_balance.tex          5 /     5  100.0%
  ch09_channel_asymptotics_direct_sum_corners_and_maximal_support.tex    13 /    13  100.0%
  ch09_channel_asymptotics_direct_sum_schwarz_maps.tex    62 /    62  100.0%
  ch09_channel_asymptotics_fixed_point_algebras.tex     14 /    14  100.0%
  ch09_channel_asymptotics_fixed_point_structure_and_cycles.tex   128 /   128  100.0%
  ch09_channel_asymptotics_fixed_points_and_wedderburn_i.tex    53 /    53  100.0%
  ch09_channel_asymptotics_jordan_block_power.tex       10 /    10  100.0%
  ch09_channel_asymptotics_mean_ergodic.tex             20 /    20  100.0%
  ch09_channel_asymptotics_supporting_results.tex       13 /    13  100.0%
  ch09_channel_asymptotics_upper_triangular_power.tex    23 /    23  100.0%
  ch09_channel_asymptotics_wedderburn_ii.tex            48 /    48  100.0%
  ch10_wielandt_cumulative_bound.tex                    40 /    40  100.0%
  ch10_wielandt_supporting_results.tex                   9 /     9  100.0%
  ch11_semigroup_adjoint_kernel_and_reducibility.tex    53 /    53  100.0%
  ch11_semigroup_dissipation_and_primitivity.tex        68 /    68  100.0%
  ch11_semigroup_dynamics_and_gksl.tex                  82 /    82  100.0%
  ch11_semigroup_hermitian_paths.tex                    16 /    16  100.0%
  ch12_entropy_classical_operator_schmidt_and_renyi.tex    64 /    64  100.0%
  ch12_entropy_conditional_two_families.tex              4 /     4  100.0%
  ch12_entropy_corollaries.tex                           4 /     4  100.0%
  ch12_entropy_data_processing.tex                       3 /     3  100.0%
  ch12_entropy_finite_product.tex                       12 /    12  100.0%
  ch12_entropy_majorization.tex                          2 /     2  100.0%
  ch12_entropy_mutual_information.tex                   11 /    11  100.0%
  ch12_entropy_trace_norm.tex                           60 /    60  100.0%
  ch12_entropy_tripartite_and_ssa_i.tex                 58 /    58  100.0%
  ch12_entropy_tripartite_and_ssa_ii.tex               117 /   117  100.0%
  ch12_entropy_von_neumann_and_relative_i.tex           38 /    38  100.0%
  ch12_entropy_von_neumann_and_relative_ii.tex          80 /    80  100.0%
  ch12_rectangular_windows.tex                          31 /    31  100.0%
  ch13_random_sources.tex                               52 /    52  100.0%
  ch13_source_bridges.tex                               84 /    84  100.0%
  ch13_source_error.tex                                 51 /    51  100.0%
  ch13_source_reduction.tex                             51 /    51  100.0%
  --------------------------------------------------------------------
  TOTAL                                               3066 /  3066  100.0%

✓ Blueprint and Lean code are in sync.

