{
  "native_list": "docs/provenance/evidence/replicaMarginalSymmetryIntegration8750/NativeDeclarations.txt",
  "native_list_sha256": "040fc802d1db695871af62caf4146928b1113186ce0e26e0b2a970c3833fe887",
  "native_declarations": 3288,
  "active_fragments": {
    "blueprint/src/fragment/replica_defect.tex": [
      "Matrix.PosSemidef.replica_gap",
      "Matrix.posSemidef_replicaDefectCount",
      "Matrix.replicaDefectCount",
      "Matrix.replicaHamiltonian",
      "Matrix.replicaHamiltonian_mulVec_prod",
      "Matrix.replicaMeanHamiltonian_kronecker_mulVec_prod",
      "Matrix.spectralCutoff_replica_gap_mass_ge"
    ],
    "blueprint/src/fragment/replica_excitation_decomposition.tex": [
      "Matrix.cfc_replicaDefectCount_eq_sum_replicaExcitationProjection",
      "Matrix.isStarProjection_replicaExcitationProjection",
      "Matrix.replicaDefectCount_mul_replicaExcitationProjection",
      "Matrix.replicaDefectCutoff_decomposition",
      "Matrix.replicaExcitationProjection",
      "Matrix.replicaExcitationProjection_mul_of_ne",
      "Matrix.sum_replicaExcitationProjection"
    ],
    "blueprint/src/fragment/replica_excitation_symmetry.tex": [
      "Matrix.commute_replicaExcitationProjection_kronecker_of_image_eq",
      "Matrix.permOp_mul_replicaExcitationProjection",
      "Matrix.replicaExcitationProjection_kronecker_mulVec_preserves_fixed"
    ],
    "blueprint/src/fragment/replica_marginal_symmetry.tex": [
      "Matrix.commute_partialTraceLeft_replicaExcitationComponent",
      "PermutationRepresentation.commute_partialTraceLeft_vecMulVec_of_fixed_kronecker_permOp"
    ],
    "blueprint/src/fragment/replica_permutation_covariance.tex": [
      "Matrix.cfc_replicaDefectCount_kronecker_mulVec_preserves_fixed",
      "Matrix.commute_cfc_replicaDefectCount_kronecker",
      "Matrix.commute_cfc_replicaDefectCount_permOp",
      "Matrix.commute_finKronecker_const_permOp",
      "Matrix.commute_replicaHamiltonian_permOp"
    ],
    "blueprint/src/fragment/spectral_cutoff_mass.tex": [
      "Matrix.PosSemidef.smul_one_sub_spectralCutoff_le",
      "Matrix.PosSemidef.spectralCutoff_mass_ge"
    ],
    "blueprint/src/fragment/typical_pure_compression.tex": [
      "Matrix.IsHermitian.isIsometry_spectralSelectionEmbedding",
      "Matrix.IsHermitian.spectralSelectionEmbedding",
      "Matrix.IsHermitian.spectralSelectionEmbedding_mul_conjTranspose",
      "Matrix.compressedTypicalPureState",
      "Matrix.kronecker_mulVec_compressedTypicalPureState",
      "Matrix.norm_compressedTypicalPureState",
      "Matrix.partialTraceLeft_compressedTypicalPureState",
      "Matrix.partialTraceRight_compressedTypicalPureState"
    ]
  },
  "fragment_declarations": 34,
  "owned_declarations": [
    "Matrix.commute_partialTraceLeft_replicaExcitationComponent",
    "PermutationRepresentation.commute_partialTraceLeft_vecMulVec_of_fixed_kronecker_permOp"
  ],
  "contains_all_active_fragment_targets": true,
  "contains_all_two_owned": true,
  "missing": [],
  "link_scope": "content pages; dependency graph repeats excluded",
  "rendered_doc_links": {
    "Matrix.PosSemidef.spectralCutoff_mass_ge": [
      {
        "document": "blueprint/web/ch-entropy.html",
        "href": "../docs/find/#doc/Matrix.PosSemidef.spectralCutoff_mass_ge"
      }
    ],
    "Matrix.commute_cfc_replicaDefectCount_permOp": [
      {
        "document": "blueprint/web/ch-entropy.html",
        "href": "../docs/find/#doc/Matrix.commute_cfc_replicaDefectCount_permOp"
      }
    ],
    "Matrix.commute_cfc_replicaDefectCount_kronecker": [
      {
        "document": "blueprint/web/ch-entropy.html",
        "href": "../docs/find/#doc/Matrix.commute_cfc_replicaDefectCount_kronecker"
      }
    ],
    "Matrix.PosSemidef.smul_one_sub_spectralCutoff_le": [
      {
        "document": "blueprint/web/ch-entropy.html",
        "href": "../docs/find/#doc/Matrix.PosSemidef.smul_one_sub_spectralCutoff_le"
      }
    ],
    "Matrix.PosSemidef.replica_gap": [
      {
        "document": "blueprint/web/ch-entropy.html",
        "href": "../docs/find/#doc/Matrix.PosSemidef.replica_gap"
      }
    ],
    "Matrix.permOp_mul_replicaExcitationProjection": [
      {
        "document": "blueprint/web/ch-entropy.html",
        "href": "../docs/find/#doc/Matrix.permOp_mul_replicaExcitationProjection"
      }
    ],
    "Matrix.replicaDefectCount": [
      {
        "document": "blueprint/web/ch-entropy.html",
        "href": "../docs/find/#doc/Matrix.replicaDefectCount"
      }
    ],
    "Matrix.replicaExcitationProjection_mul_of_ne": [
      {
        "document": "blueprint/web/ch-entropy.html",
        "href": "../docs/find/#doc/Matrix.replicaExcitationProjection_mul_of_ne"
      }
    ],
    "Matrix.IsHermitian.isIsometry_spectralSelectionEmbedding": [
      {
        "document": "blueprint/web/ch-entropy.html",
        "href": "../docs/find/#doc/Matrix.IsHermitian.isIsometry_spectralSelectionEmbedding"
      }
    ],
    "Matrix.isStarProjection_replicaExcitationProjection": [
      {
        "document": "blueprint/web/ch-entropy.html",
        "href": "../docs/find/#doc/Matrix.isStarProjection_replicaExcitationProjection"
      }
    ],
    "Matrix.kronecker_mulVec_compressedTypicalPureState": [
      {
        "document": "blueprint/web/ch-entropy.html",
        "href": "../docs/find/#doc/Matrix.kronecker_mulVec_compressedTypicalPureState"
      }
    ],
    "Matrix.cfc_replicaDefectCount_eq_sum_replicaExcitationProjection": [
      {
        "document": "blueprint/web/ch-entropy.html",
        "href": "../docs/find/#doc/Matrix.cfc_replicaDefectCount_eq_sum_replicaExcitationProjection"
      }
    ],
    "Matrix.replicaExcitationProjection_kronecker_mulVec_preserves_fixed": [
      {
        "document": "blueprint/web/ch-entropy.html",
        "href": "../docs/find/#doc/Matrix.replicaExcitationProjection_kronecker_mulVec_preserves_fixed"
      }
    ],
    "Matrix.replicaMeanHamiltonian_kronecker_mulVec_prod": [
      {
        "document": "blueprint/web/ch-entropy.html",
        "href": "../docs/find/#doc/Matrix.replicaMeanHamiltonian_kronecker_mulVec_prod"
      }
    ],
    "Matrix.IsHermitian.spectralSelectionEmbedding_mul_conjTranspose": [
      {
        "document": "blueprint/web/ch-entropy.html",
        "href": "../docs/find/#doc/Matrix.IsHermitian.spectralSelectionEmbedding_mul_conjTranspose"
      }
    ],
    "PermutationRepresentation.commute_partialTraceLeft_vecMulVec_of_fixed_kronecker_permOp": [
      {
        "document": "blueprint/web/ch-entropy.html",
        "href": "../docs/find/#doc/PermutationRepresentation.commute_partialTraceLeft_vecMulVec_of_fixed_kronecker_permOp"
      }
    ],
    "Matrix.partialTraceLeft_compressedTypicalPureState": [
      {
        "document": "blueprint/web/ch-entropy.html",
        "href": "../docs/find/#doc/Matrix.partialTraceLeft_compressedTypicalPureState"
      }
    ],
    "Matrix.norm_compressedTypicalPureState": [
      {
        "document": "blueprint/web/ch-entropy.html",
        "href": "../docs/find/#doc/Matrix.norm_compressedTypicalPureState"
      }
    ],
    "Matrix.partialTraceRight_compressedTypicalPureState": [
      {
        "document": "blueprint/web/ch-entropy.html",
        "href": "../docs/find/#doc/Matrix.partialTraceRight_compressedTypicalPureState"
      }
    ],
    "Matrix.sum_replicaExcitationProjection": [
      {
        "document": "blueprint/web/ch-entropy.html",
        "href": "../docs/find/#doc/Matrix.sum_replicaExcitationProjection"
      }
    ],
    "Matrix.commute_partialTraceLeft_replicaExcitationComponent": [
      {
        "document": "blueprint/web/ch-entropy.html",
        "href": "../docs/find/#doc/Matrix.commute_partialTraceLeft_replicaExcitationComponent"
      }
    ],
    "Matrix.cfc_replicaDefectCount_kronecker_mulVec_preserves_fixed": [
      {
        "document": "blueprint/web/ch-entropy.html",
        "href": "../docs/find/#doc/Matrix.cfc_replicaDefectCount_kronecker_mulVec_preserves_fixed"
      }
    ],
    "Matrix.replicaExcitationProjection": [
      {
        "document": "blueprint/web/ch-entropy.html",
        "href": "../docs/find/#doc/Matrix.replicaExcitationProjection"
      }
    ],
    "Matrix.commute_replicaExcitationProjection_kronecker_of_image_eq": [
      {
        "document": "blueprint/web/ch-entropy.html",
        "href": "../docs/find/#doc/Matrix.commute_replicaExcitationProjection_kronecker_of_image_eq"
      }
    ],
    "Matrix.spectralCutoff_replica_gap_mass_ge": [
      {
        "document": "blueprint/web/ch-entropy.html",
        "href": "../docs/find/#doc/Matrix.spectralCutoff_replica_gap_mass_ge"
      }
    ],
    "Matrix.posSemidef_replicaDefectCount": [
      {
        "document": "blueprint/web/ch-entropy.html",
        "href": "../docs/find/#doc/Matrix.posSemidef_replicaDefectCount"
      }
    ],
    "Matrix.commute_replicaHamiltonian_permOp": [
      {
        "document": "blueprint/web/ch-entropy.html",
        "href": "../docs/find/#doc/Matrix.commute_replicaHamiltonian_permOp"
      }
    ],
    "Matrix.compressedTypicalPureState": [
      {
        "document": "blueprint/web/ch-entropy.html",
        "href": "../docs/find/#doc/Matrix.compressedTypicalPureState"
      }
    ],
    "Matrix.replicaDefectCount_mul_replicaExcitationProjection": [
      {
        "document": "blueprint/web/ch-entropy.html",
        "href": "../docs/find/#doc/Matrix.replicaDefectCount_mul_replicaExcitationProjection"
      }
    ],
    "Matrix.IsHermitian.spectralSelectionEmbedding": [
      {
        "document": "blueprint/web/ch-entropy.html",
        "href": "../docs/find/#doc/Matrix.IsHermitian.spectralSelectionEmbedding"
      }
    ],
    "Matrix.replicaHamiltonian": [
      {
        "document": "blueprint/web/ch-entropy.html",
        "href": "../docs/find/#doc/Matrix.replicaHamiltonian"
      }
    ],
    "Matrix.replicaHamiltonian_mulVec_prod": [
      {
        "document": "blueprint/web/ch-entropy.html",
        "href": "../docs/find/#doc/Matrix.replicaHamiltonian_mulVec_prod"
      }
    ],
    "Matrix.replicaDefectCutoff_decomposition": [
      {
        "document": "blueprint/web/ch-entropy.html",
        "href": "../docs/find/#doc/Matrix.replicaDefectCutoff_decomposition"
      }
    ],
    "Matrix.commute_finKronecker_const_permOp": [
      {
        "document": "blueprint/web/ch-entropy.html",
        "href": "../docs/find/#doc/Matrix.commute_finKronecker_const_permOp"
      }
    ]
  },
  "result": "passed"
}
