'GaussianFilter.kernel' depends on axioms: [propext, Classical.choice, Quot.sound]
`#`-commands, such as '#print', are not allowed in 'Mathlib' [linter.hashCommand]
'GaussianFilter.kernel_eq' depends on axioms: [propext, Classical.choice, Quot.sound]
`#`-commands, such as '#print', are not allowed in 'Mathlib' [linter.hashCommand]
'GaussianFilter.kernel_nonneg' depends on axioms: [propext, Classical.choice, Quot.sound]
`#`-commands, such as '#print', are not allowed in 'Mathlib' [linter.hashCommand]
'GaussianFilter.integrable_kernel' depends on axioms: [propext, Classical.choice, Quot.sound]
`#`-commands, such as '#print', are not allowed in 'Mathlib' [linter.hashCommand]
'GaussianFilter.integral_kernel' depends on axioms: [propext, Classical.choice, Quot.sound]
`#`-commands, such as '#print', are not allowed in 'Mathlib' [linter.hashCommand]
'GaussianFilter.kernel_zero' depends on axioms: [propext, Classical.choice, Quot.sound]
`#`-commands, such as '#print', are not allowed in 'Mathlib' [linter.hashCommand]
'GaussianFilter.integrable_kernel_smul_iff' depends on axioms: [propext, Classical.choice, Quot.sound]
`#`-commands, such as '#print', are not allowed in 'Mathlib' [linter.hashCommand]
'GaussianFilter.integral_kernel_smul' depends on axioms: [propext, Classical.choice, Quot.sound]
`#`-commands, such as '#print', are not allowed in 'Mathlib' [linter.hashCommand]
'GaussianFilter.setIntegral_kernel_smul' depends on axioms: [propext, Classical.choice, Quot.sound]
`#`-commands, such as '#print', are not allowed in 'Mathlib' [linter.hashCommand]
'GaussianFilter.integral_kernel_eq_measureReal' depends on axioms: [propext, Classical.choice, Quot.sound]
`#`-commands, such as '#print', are not allowed in 'Mathlib' [linter.hashCommand]
'GaussianFilter.integral_cexp' depends on axioms: [propext, Classical.choice, Quot.sound]
`#`-commands, such as '#print', are not allowed in 'Mathlib' [linter.hashCommand]
'GaussianFilter.integral_kernel_cexp' depends on axioms: [propext, Classical.choice, Quot.sound]
`#`-commands, such as '#print', are not allowed in 'Mathlib' [linter.hashCommand]
'GaussianFilter.hasSubgaussianMGF_gaussianReal' depends on axioms: [propext, Classical.choice, Quot.sound]
`#`-commands, such as '#print', are not allowed in 'Mathlib' [linter.hashCommand]
'GaussianFilter.measure_compl_Icc_le' depends on axioms: [propext, Classical.choice, Quot.sound]
`#`-commands, such as '#print', are not allowed in 'Mathlib' [linter.hashCommand]
'GaussianFilter.integral_kernel_compl_Icc_le' depends on axioms: [propext, Classical.choice, Quot.sound]
`#`-commands, such as '#print', are not allowed in 'Mathlib' [linter.hashCommand]
