'Matrix.basisRegisterInjection' depends on axioms: [propext, Classical.choice, Quot.sound]
'Matrix.basisRegisterInjection_conjTranspose_mul_self' depends on axioms: [propext, Classical.choice, Quot.sound]
'Matrix.basisRegisterInjection_sandwich_eq_single_kronecker' depends on axioms: [propext, Classical.choice, Quot.sound]
'Matrix.l2_opNorm_le_one_of_conjTranspose_mul_self' depends on axioms: [propext, Classical.choice, Quot.sound]
'Matrix.rectangularTraceNorm_add_le' depends on axioms: [propext, Classical.choice, Quot.sound]
'Matrix.rectangularTraceNorm_conjTranspose' depends on axioms: [propext, Classical.choice, Quot.sound]
'Matrix.rectangularTraceNorm_conjTranspose_le' depends on axioms: [propext, Classical.choice, Quot.sound]
'Matrix.rectangularTraceNorm_isometry_sandwich' depends on axioms: [propext, Classical.choice, Quot.sound]
'Matrix.rectangularTraceNorm_single_kronecker' depends on axioms: [propext, Classical.choice, Quot.sound]
'Matrix.rectangularTraceNorm_smul' depends on axioms: [propext, Classical.choice, Quot.sound]
'Matrix.rectangularTraceNorm_sum_le' depends on axioms: [propext, Classical.choice, Quot.sound]
'Matrix.rectangularTraceNorm_sum_smul_le' depends on axioms: [propext, Classical.choice, Quot.sound]
'Matrix.rectangularTraceNorm_zero' depends on axioms: [propext, Classical.choice, Quot.sound]
'ProbabilityTheory.aestronglyMeasurable_rectangularTraceNorm_sum' depends on axioms: [propext,
 Classical.choice,
 Quot.sound]
'ProbabilityTheory.integrable_rectangularTraceNorm_weightedSourceError' depends on axioms: [propext,
 Classical.choice,
 Quot.sound]
'ProbabilityTheory.integrable_weightedSourceQuarter_norm' depends on axioms: [propext, Classical.choice, Quot.sound]
'ProbabilityTheory.integral_frobeniusNormSq_weightedSourceQuarter_eq' depends on axioms: [propext,
 Classical.choice,
 Quot.sound]
'ProbabilityTheory.integral_rectangularTraceNorm_weightedSourceError_le' depends on axioms: [propext,
 Classical.choice,
 Quot.sound]
'ProbabilityTheory.quarterWeighted_source_sum_eq_transpose' depends on axioms: [propext, Classical.choice, Quot.sound]
'ProbabilityTheory.rectangularTraceNorm_weightedSourceError_le' depends on axioms: [propext,
 Classical.choice,
 Quot.sound]
'ProbabilityTheory.sourceBlock' depends on axioms: [propext, Classical.choice, Quot.sound]
'ProbabilityTheory.sourceProductProbability' depends on axioms: [propext, Classical.choice, Quot.sound]
'ProbabilityTheory.sum_sourceProductProbability' depends on axioms: [propext, Classical.choice, Quot.sound]
'ProbabilityTheory.weightedSourceError' depends on axioms: [propext, Classical.choice, Quot.sound]
'ProbabilityTheory.weightedSourceError_eq_halfWeighted' depends on axioms: [propext, Classical.choice, Quot.sound]
'ProbabilityTheory.weightedSourceQuarter' depends on axioms: [propext, Classical.choice, Quot.sound]
'ProbabilityTheory.weighted_source_block_aggregation' depends on axioms: [propext, Classical.choice, Quot.sound]
'ProbabilityTheory.weighted_source_block_sum_le_one' depends on axioms: [propext, Classical.choice, Quot.sound]
'QICLean.ComplexGaussian.integrable_rectangularTraceNorm_gaussianSourceError' depends on axioms: [propext,
 Classical.choice,
 Quot.sound]
'QICLean.ComplexGaussian.integrable_sampledSource' depends on axioms: [propext, Classical.choice, Quot.sound]
'QICLean.ComplexGaussian.integrable_sampledSource_entry' depends on axioms: [propext, Classical.choice, Quot.sound]
'QICLean.ComplexGaussian.integrable_sourceCorrection' depends on axioms: [propext, Classical.choice, Quot.sound]
'QICLean.ComplexGaussian.integrable_sourceCorrection_entry' depends on axioms: [propext, Classical.choice, Quot.sound]
'QICLean.ComplexGaussian.integrable_sourceCorrection_entry_mul_conj' depends on axioms: [propext,
 Classical.choice,
 Quot.sound]
'QICLean.ComplexGaussian.integral_frobeniusNormSq_gaussianSourceQuarter_eq' depends on axioms: [propext,
 Classical.choice,
 Quot.sound]
'QICLean.ComplexGaussian.integral_rectangularTraceNorm_gaussianSourceError_le' depends on axioms: [propext,
 Classical.choice,
 Quot.sound]
'QICLean.ComplexGaussian.integral_sampledSource' depends on axioms: [propext, Classical.choice, Quot.sound]
'QICLean.ComplexGaussian.integral_sampledSource_entry' depends on axioms: [propext, Classical.choice, Quot.sound]
'QICLean.ComplexGaussian.integral_sourceCorrection' depends on axioms: [propext, Classical.choice, Quot.sound]
'QICLean.ComplexGaussian.integral_sourceCorrection_entry_mul_conj' depends on axioms: [propext,
 Classical.choice,
 Quot.sound]
'QICLean.ComplexGaussian.sampleAverage_eq_average_sub_delta' depends on axioms: [propext, Classical.choice, Quot.sound]
'QICLean.ComplexGaussian.sampledSource' depends on axioms: [propext, Classical.choice, Quot.sound]
'QICLean.ComplexGaussian.sampledSource_apply' depends on axioms: [propext, Classical.choice, Quot.sound]
'QICLean.ComplexGaussian.schmidtSource' depends on axioms: [propext, Classical.choice, Quot.sound]
'QICLean.ComplexGaussian.schmidtSource_apply' depends on axioms: [propext, Classical.choice, Quot.sound]
'QICLean.ComplexGaussian.schmidtVector' depends on axioms: [propext, Classical.choice, Quot.sound]
'QICLean.ComplexGaussian.sourceCorrection' depends on axioms: [propext, Classical.choice, Quot.sound]
'QICLean.ComplexGaussian.sourceCorrection_apply' depends on axioms: [propext, Classical.choice, Quot.sound]
'QICLean.ComplexGaussian.sourceU' depends on axioms: [propext, Classical.choice, Quot.sound]
'QICLean.ComplexGaussian.sourceV' depends on axioms: [propext, Classical.choice, Quot.sound]
'QICLean.ComplexGaussian.weighted_delta_eq_schmidtSource' depends on axioms: [propext, Classical.choice, Quot.sound]
