'FiniteProduct.Configuration' depends on axioms: [propext, Classical.choice, Quot.sound]
'FiniteProduct.complementEquiv' depends on axioms: [propext, Classical.choice, Quot.sound]
'FiniteProduct.splitEquiv' depends on axioms: [propext, Classical.choice, Quot.sound]
'FiniteProduct.splitEquiv_apply_fst' depends on axioms: [propext, Classical.choice, Quot.sound]
'FiniteProduct.splitEquiv_apply_snd' depends on axioms: [propext, Classical.choice, Quot.sound]
'FiniteProduct.splitEquiv_symm_apply_of_mem' depends on axioms: [propext, Classical.choice, Quot.sound]
'FiniteProduct.splitEquiv_symm_apply_of_notMem' depends on axioms: [propext, Classical.choice, Quot.sound]
'FiniteProduct.unionEquiv' depends on axioms: [propext, Classical.choice, Quot.sound]
'FiniteProduct.complementUnionEquiv' depends on axioms: [propext, Classical.choice, Quot.sound]
'FiniteProduct.configurationCongr' depends on axioms: [propext, Classical.choice, Quot.sound]
'FiniteProduct.configurationCongr_apply' depends on axioms: [propext, Classical.choice, Quot.sound]
'FiniteProduct.split_union_symm' depends on axioms: [propext, Classical.choice, Quot.sound]
'FiniteProduct.reducedMatrix' depends on axioms: [propext, Classical.choice, Quot.sound]
'FiniteProduct.reducedMatrix_apply' depends on axioms: [propext, Classical.choice, Quot.sound]
'FiniteProduct.reducedMatrix_posSemidef' depends on axioms: [propext, Classical.choice, Quot.sound]
'FiniteProduct.trace_reducedMatrix' depends on axioms: [propext, Classical.choice, Quot.sound]
'FiniteProduct.partialTraceRight_reducedMatrix_union' depends on axioms: [propext, Classical.choice, Quot.sound]
'FiniteProduct.unionEquiv_symm_swap' depends on axioms: [propext, Classical.choice, Quot.sound]
'FiniteProduct.reducedMatrix_congr_region' depends on axioms: [propext, Classical.choice, Quot.sound]
'FiniteProduct.partialTraceLeft_reducedMatrix_union' depends on axioms: [propext, Classical.choice, Quot.sound]
'FiniteProduct.reducedPure' depends on axioms: [propext, Classical.choice, Quot.sound]
'FiniteProduct.reducedPure_posSemidef' depends on axioms: [propext, Classical.choice, Quot.sound]
'FiniteProduct.trace_reducedPure' depends on axioms: [propext, Classical.choice, Quot.sound]
'Entropy.subadditivity' depends on axioms: [propext, Classical.choice, Quot.sound]
'Entropy.mutualInformation_submatrix_prod_equiv' depends on axioms: [propext, Classical.choice, Quot.sound]
'Entropy.partialTraceLeft_vecMulVec_eq_map_conj' depends on axioms: [propext, Classical.choice, Quot.sound]
'Entropy.pure_marginal_entropy_eq' depends on axioms: [propext, Classical.choice, Quot.sound]
'FiniteProduct.entropy' depends on axioms: [propext, Classical.choice, Quot.sound]
'FiniteProduct.reducedPure_eq_partialTrace' depends on axioms: [propext, Classical.choice, Quot.sound]
'FiniteProduct.split_compl_symm' depends on axioms: [propext, Classical.choice, Quot.sound]
'FiniteProduct.reducedPure_compl_eq_partialTraceLeft' depends on axioms: [propext, Classical.choice, Quot.sound]
'FiniteProduct.entropy_compl' depends on axioms: [propext, Classical.choice, Quot.sound]
'FiniteProduct.entropy_empty' depends on axioms: [propext, Classical.choice, Quot.sound]
'FiniteProduct.entropy_univ' depends on axioms: [propext, Classical.choice, Quot.sound]
'FiniteProduct.entropy_union_le' depends on axioms: [propext, Classical.choice, Quot.sound]
'FiniteProduct.mutualInformation' depends on axioms: [propext, Classical.choice, Quot.sound]
'FiniteProduct.jointMatrix' depends on axioms: [propext, Classical.choice, Quot.sound]
'FiniteProduct.jointMatrix_posSemidef' depends on axioms: [propext, Classical.choice, Quot.sound]
'FiniteProduct.mutualInformation_eq_matrix' depends on axioms: [propext, Classical.choice, Quot.sound]
'FiniteProduct.mutualInformation_nonneg' depends on axioms: [propext, Classical.choice, Quot.sound]
'Entropy.OrderedSetFunction.union_biUnion_le_sum' depends on axioms: [propext, Classical.choice, Quot.sound]
'Entropy.OrderedSetFunction.past' depends on axioms: [propext, Classical.choice, Quot.sound]
'Entropy.OrderedSetFunction.defect' depends on axioms: [propext, Classical.choice, Quot.sound]
'Entropy.OrderedSetFunction.sum_defect' depends on axioms: [propext, Classical.choice, Quot.sound]
'Entropy.OrderedSetFunction.chain_lower' depends on axioms: [propext, Classical.choice, Quot.sound]
'Entropy.OrderedSetFunction.two_family_le_half_sum_defect' depends on axioms: [propext, Classical.choice, Quot.sound]
'Entropy.OrderedSetFunction.two_family_le_half_sum' depends on axioms: [propext, Classical.choice, Quot.sound]
'FiniteProduct.mutualInformation_past_eq_defect' depends on axioms: [propext, Classical.choice, Quot.sound]
'FiniteProduct.orderedFamily_entropy_chain_lower' depends on axioms: [propext, Classical.choice, Quot.sound]
'FiniteProduct.disjoint_exterior_past' depends on axioms: [propext, Classical.choice, Quot.sound]
'FiniteProduct.entropy_le_remainder_add_half_mutualInformation' depends on axioms: [propext,
 Classical.choice,
 Quot.sound]
'FiniteProduct.entropy_le_remainder_add_half_sum' depends on axioms: [propext, Classical.choice, Quot.sound]
'FiniteProduct.conditionalMutualInformation' depends on axioms: [propext, Classical.choice, Quot.sound]
'FiniteProduct.conditionalMutualInformation_eq_sub' depends on axioms: [propext, Classical.choice, Quot.sound]
'FiniteProduct.conditionalMutualInformation_le_mutualInformation_union' depends on axioms: [propext,
 Classical.choice,
 Quot.sound]
'FiniteProduct.sum_conditionalMutualInformation_past' depends on axioms: [propext, Classical.choice, Quot.sound]
'FiniteProduct.conditionalMutualInformation_pure_duality' depends on axioms: [propext, Classical.choice, Quot.sound]
