Actual direct Lean invocation metadata (not a Lake build):
{
  "module": "QICLean.Entropy.TwoFamilies",
  "source": "/workspace/scratch/7637e06d0fc2/QICLean-two-family-entropy/QICLean/Entropy/TwoFamilies.lean",
  "cwd": "/workspace/scratch/7637e06d0fc2/QICLean-two-family-entropy",
  "unchanged_dependency": false,
  "source_sha256": "c5645831bf583ab2dd3f5e541fecbb5cdc664cc5d74c3f9114d180ab1a48a038",
  "command": [
    "timeout",
    "--signal=INT",
    "--kill-after=5s",
    "90s",
    "lean",
    "-j1",
    "-Dpp.unicode.fun=true",
    "-DrelaxedAutoImplicit=false",
    "-DmaxSynthPendingDepth=3",
    "-Dlinter.mathlibStandardSet=true",
    "-DwarningAsError=true",
    "-o",
    "/workspace/scratch/7637e06d0fc2/two-family-entropy-validation/tmp/105629331643045/QICLean/Entropy/TwoFamilies.olean",
    "-i",
    "/workspace/scratch/7637e06d0fc2/two-family-entropy-validation/tmp/105629331643045/QICLean/Entropy/TwoFamilies.ilean",
    "/workspace/scratch/7637e06d0fc2/QICLean-two-family-entropy/QICLean/Entropy/TwoFamilies.lean"
  ],
  "lean_path": "/workspace/scratch/7637e06d0fc2/two-family-entropy-validation/lib/lean:/workspace/scratch/7637e06d0fc2/TNLean/.lake/packages/LeanSearchClient/.lake/build/lib/lean:/workspace/scratch/7637e06d0fc2/TNLean/.lake/packages/proofwidgets/.lake/build/lib/lean:/workspace/scratch/7637e06d0fc2/TNLean/.lake/packages/batteries/.lake/build/lib/lean:/workspace/scratch/7637e06d0fc2/TNLean/.lake/packages/plausible/.lake/build/lib/lean:/workspace/scratch/7637e06d0fc2/TNLean/.lake/packages/Qq/.lake/build/lib/lean:/workspace/scratch/7637e06d0fc2/TNLean/.lake/packages/mathlib/.lake/build/lib/lean:/workspace/scratch/7637e06d0fc2/TNLean/.lake/packages/aesop/.lake/build/lib/lean:/workspace/scratch/7637e06d0fc2/TNLean/.lake/packages/importGraph/.lake/build/lib/lean",
  "start": "2026-10-07T08:21:02.296453+00:00",
  "elapsed_seconds": 2.87856139599171,
  "exit_code": 0,
  "log": "/workspace/scratch/7637e06d0fc2/two-family-entropy-validation/logs/QICLean.Entropy.TwoFamilies.105629331976426.log",
  "artifact_sha256": "348c44190d7dd2dc2e5cb8d8c0ced197203e68eff78e750442d060ff64dd68cf"
}

Unmodified compiler output:
