Actual direct Lean invocation metadata (not a Lake build):
{
  "module": "QICLean.Entropy.FiniteProductConditional",
  "source": "/workspace/scratch/7637e06d0fc2/QICLean-two-family-entropy/QICLean/Entropy/FiniteProductConditional.lean",
  "cwd": "/workspace/scratch/7637e06d0fc2/QICLean-two-family-entropy",
  "unchanged_dependency": false,
  "source_sha256": "e701aa42beadb82539c1b5932b30510bd3b58a3aa495122c42e6be2888189439",
  "command": [
    "timeout",
    "--signal=INT",
    "--kill-after=5s",
    "90s",
    "lean",
    "-j1",
    "-Dpp.unicode.fun=true",
    "-DrelaxedAutoImplicit=false",
    "-DmaxSynthPendingDepth=3",
    "-Dlinter.mathlibStandardSet=true",
    "-DwarningAsError=true",
    "-o",
    "/workspace/scratch/7637e06d0fc2/two-family-entropy-validation/tmp/105658348533444/QICLean/Entropy/FiniteProductConditional.olean",
    "-i",
    "/workspace/scratch/7637e06d0fc2/two-family-entropy-validation/tmp/105658348533444/QICLean/Entropy/FiniteProductConditional.ilean",
    "/workspace/scratch/7637e06d0fc2/QICLean-two-family-entropy/QICLean/Entropy/FiniteProductConditional.lean"
  ],
  "lean_path": "/workspace/scratch/7637e06d0fc2/two-family-entropy-validation/lib/lean:/workspace/scratch/7637e06d0fc2/TNLean/.lake/packages/LeanSearchClient/.lake/build/lib/lean:/workspace/scratch/7637e06d0fc2/TNLean/.lake/packages/proofwidgets/.lake/build/lib/lean:/workspace/scratch/7637e06d0fc2/TNLean/.lake/packages/batteries/.lake/build/lib/lean:/workspace/scratch/7637e06d0fc2/TNLean/.lake/packages/plausible/.lake/build/lib/lean:/workspace/scratch/7637e06d0fc2/TNLean/.lake/packages/Qq/.lake/build/lib/lean:/workspace/scratch/7637e06d0fc2/TNLean/.lake/packages/mathlib/.lake/build/lib/lean:/workspace/scratch/7637e06d0fc2/TNLean/.lake/packages/aesop/.lake/build/lib/lean:/workspace/scratch/7637e06d0fc2/TNLean/.lake/packages/importGraph/.lake/build/lib/lean",
  "start": "2026-10-07T08:21:31.313311+00:00",
  "elapsed_seconds": 3.398840038003982,
  "exit_code": 0,
  "log": "/workspace/scratch/7637e06d0fc2/two-family-entropy-validation/logs/QICLean.Entropy.FiniteProductConditional.105658348834156.log",
  "artifact_sha256": "e87288d262e469c463471dd071d3e467719b8635bba08bc4ff254555d5104e1c"
}

Unmodified compiler output:
