Actual direct Lean invocation metadata (not a Lake build):
{
  "module": "QICLean.Channel.FiniteProduct",
  "source": "/workspace/scratch/7637e06d0fc2/QICLean-two-family-entropy/QICLean/Channel/FiniteProduct.lean",
  "cwd": "/workspace/scratch/7637e06d0fc2/QICLean-two-family-entropy",
  "unchanged_dependency": false,
  "source_sha256": "4f9d502adafc7ce4853b9973a11ff86a5a9004795b70e28cd40883a98dcdcbc6",
  "command": [
    "timeout",
    "--signal=INT",
    "--kill-after=5s",
    "90s",
    "lean",
    "-j1",
    "-Dpp.unicode.fun=true",
    "-DrelaxedAutoImplicit=false",
    "-DmaxSynthPendingDepth=3",
    "-Dlinter.mathlibStandardSet=true",
    "-DwarningAsError=true",
    "-o",
    "/workspace/scratch/7637e06d0fc2/two-family-entropy-validation/tmp/105619498738317/QICLean/Channel/FiniteProduct.olean",
    "-i",
    "/workspace/scratch/7637e06d0fc2/two-family-entropy-validation/tmp/105619498738317/QICLean/Channel/FiniteProduct.ilean",
    "/workspace/scratch/7637e06d0fc2/QICLean-two-family-entropy/QICLean/Channel/FiniteProduct.lean"
  ],
  "lean_path": "/workspace/scratch/7637e06d0fc2/two-family-entropy-validation/lib/lean:/workspace/scratch/7637e06d0fc2/TNLean/.lake/packages/LeanSearchClient/.lake/build/lib/lean:/workspace/scratch/7637e06d0fc2/TNLean/.lake/packages/proofwidgets/.lake/build/lib/lean:/workspace/scratch/7637e06d0fc2/TNLean/.lake/packages/batteries/.lake/build/lib/lean:/workspace/scratch/7637e06d0fc2/TNLean/.lake/packages/plausible/.lake/build/lib/lean:/workspace/scratch/7637e06d0fc2/TNLean/.lake/packages/Qq/.lake/build/lib/lean:/workspace/scratch/7637e06d0fc2/TNLean/.lake/packages/mathlib/.lake/build/lib/lean:/workspace/scratch/7637e06d0fc2/TNLean/.lake/packages/aesop/.lake/build/lib/lean:/workspace/scratch/7637e06d0fc2/TNLean/.lake/packages/importGraph/.lake/build/lib/lean",
  "start": "2026-10-07T08:20:52.463519+00:00",
  "elapsed_seconds": 4.108067490000394,
  "exit_code": 0,
  "log": "/workspace/scratch/7637e06d0fc2/two-family-entropy-validation/logs/QICLean.Channel.FiniteProduct.105619499043155.log",
  "artifact_sha256": "58d3aa9e7fbedf5c43f7465f8f6b7b552950aa05ad8cd5f5002a2acc34aea060"
}

Unmodified compiler output:
