Actual direct Lean invocation metadata (not a Lake build):
{
  "module": "QICLean.Entropy.Bipartite",
  "source": "/workspace/scratch/7637e06d0fc2/QICLean-two-family-entropy/QICLean/Entropy/Bipartite.lean",
  "cwd": "/workspace/scratch/7637e06d0fc2/QICLean-two-family-entropy",
  "unchanged_dependency": false,
  "source_sha256": "a7b0a9ee6ec999f82a94f81c02acf3d7b78188af41d3785d06455f7afdd1ca58",
  "command": [
    "timeout",
    "--signal=INT",
    "--kill-after=5s",
    "90s",
    "lean",
    "-j1",
    "-Dpp.unicode.fun=true",
    "-DrelaxedAutoImplicit=false",
    "-DmaxSynthPendingDepth=3",
    "-Dlinter.mathlibStandardSet=true",
    "-DwarningAsError=true",
    "-o",
    "/workspace/scratch/7637e06d0fc2/two-family-entropy-validation/tmp/105623647591795/QICLean/Entropy/Bipartite.olean",
    "-i",
    "/workspace/scratch/7637e06d0fc2/two-family-entropy-validation/tmp/105623647591795/QICLean/Entropy/Bipartite.ilean",
    "/workspace/scratch/7637e06d0fc2/QICLean-two-family-entropy/QICLean/Entropy/Bipartite.lean"
  ],
  "lean_path": "/workspace/scratch/7637e06d0fc2/two-family-entropy-validation/lib/lean:/workspace/scratch/7637e06d0fc2/TNLean/.lake/packages/LeanSearchClient/.lake/build/lib/lean:/workspace/scratch/7637e06d0fc2/TNLean/.lake/packages/proofwidgets/.lake/build/lib/lean:/workspace/scratch/7637e06d0fc2/TNLean/.lake/packages/batteries/.lake/build/lib/lean:/workspace/scratch/7637e06d0fc2/TNLean/.lake/packages/plausible/.lake/build/lib/lean:/workspace/scratch/7637e06d0fc2/TNLean/.lake/packages/Qq/.lake/build/lib/lean:/workspace/scratch/7637e06d0fc2/TNLean/.lake/packages/mathlib/.lake/build/lib/lean:/workspace/scratch/7637e06d0fc2/TNLean/.lake/packages/aesop/.lake/build/lib/lean:/workspace/scratch/7637e06d0fc2/TNLean/.lake/packages/importGraph/.lake/build/lib/lean",
  "start": "2026-10-07T08:20:56.612371+00:00",
  "elapsed_seconds": 2.647033385001123,
  "exit_code": 0,
  "log": "/workspace/scratch/7637e06d0fc2/two-family-entropy-validation/logs/QICLean.Entropy.Bipartite.105623647894730.log",
  "artifact_sha256": "6805efd3691ec91237c52c43acab71d248e108d8c5901c2c3e0be20a768dd450"
}

Unmodified compiler output:
