'Matrix.contractionPrefix' depends on axioms: [propext, Classical.choice, Quot.sound]
'Matrix.contractionPrefix_norm_le_one' depends on axioms: [propext, Classical.choice, Quot.sound]
'Matrix.contractionPrefix_sub_norm_le' depends on axioms: [propext, Classical.choice, Quot.sound]
'Matrix.contractionPrefix_sub_norm_le_supported' depends on axioms: [propext, Classical.choice, Quot.sound]
'Matrix.contractionPrefix_sub_norm_le_uniform' depends on axioms: [propext, Classical.choice, Quot.sound]
'Matrix.euclideanOuterProduct' depends on axioms: [propext, Classical.choice, Quot.sound]
'Matrix.euclideanOuterProduct_self_sub' depends on axioms: [propext, Classical.choice, Quot.sound]
'Matrix.l2_opNorm_one_le' depends on axioms: [propext, Classical.choice, Quot.sound]
'Matrix.markedRescaledGateChain' depends on axioms: [propext, Classical.choice, Quot.sound]
'Matrix.rectangularTraceNorm_euclideanOuterProduct_le' depends on axioms: [propext, Classical.choice, Quot.sound]
'Matrix.rectangularTraceNorm_partialTraceRight_pure_density_sub_le' depends on axioms: [propext,
 Classical.choice,
 Quot.sound]
'Matrix.rectangularTraceNorm_partialTraceRight_pure_density_sub_le_two' depends on axioms: [propext,
 Classical.choice,
 Quot.sound]
'Matrix.rectangularTraceNorm_pure_density_sub_le' depends on axioms: [propext, Classical.choice, Quot.sound]
'Matrix.rectangularTraceNorm_pure_density_sub_le_two' depends on axioms: [propext, Classical.choice, Quot.sound]
'Matrix.rectangularTraceNorm_sourceOnlyReadoutDensity_marked_empty' depends on axioms: [propext,
 Classical.choice,
 Quot.sound]
'Matrix.rectangularTraceNorm_sourceOnlyReadoutDensity_marked_sub_le' depends on axioms: [propext,
 Classical.choice,
 Quot.sound]
'Matrix.rectangularTraceNorm_sourceOnlyReadoutDensity_marked_sub_le_half' depends on axioms: [propext,
 Classical.choice,
 Quot.sound]
'Matrix.rectangularTraceNorm_sourceOnlyReadoutDensity_sub_le' depends on axioms: [propext, Classical.choice, Quot.sound]
'Matrix.rectangularTraceNorm_sourceOnlyReadoutDensity_sub_le_half' depends on axioms: [propext,
 Classical.choice,
 Quot.sound]
'Matrix.rectangularTraceNorm_sourceOnlyReadoutDensity_sub_le_prefix' depends on axioms: [propext,
 Classical.choice,
 Quot.sound]
'Matrix.rectangularTraceNorm_sourceOnlyReadoutDensity_sub_le_sum' depends on axioms: [propext,
 Classical.choice,
 Quot.sound]
'Matrix.rectangularTraceNorm_sourceOnlyReadoutDensity_sub_zero' depends on axioms: [propext,
 Classical.choice,
 Quot.sound]
'Matrix.rescaledGateChain' depends on axioms: [propext, Classical.choice, Quot.sound]
'Matrix.sourceOnlyReadoutDensity' depends on axioms: [propext, Classical.choice, Quot.sound]
'Matrix.sourceOnlyReadoutDensity_zero' depends on axioms: [propext, Classical.choice, Quot.sound]
'Matrix.sourceOnlyReadoutVector' depends on axioms: [propext, Classical.choice, Quot.sound]
'Matrix.sourceOnlyReadoutVector_norm_le_one' depends on axioms: [propext, Classical.choice, Quot.sound]
'Matrix.sourceOnlyReadoutVector_sub_norm_le' depends on axioms: [propext, Classical.choice, Quot.sound]
'Matrix.trace_euclideanOuterProduct_conjTranspose_mul' depends on axioms: [propext, Classical.choice, Quot.sound]
'NormedSpace.rescale_approximation' depends on axioms: [propext, Classical.choice, Quot.sound]
'QICLean.ComplexGaussian.ambientSampledSource' depends on axioms: [propext, Classical.choice, Quot.sound]
'QICLean.ComplexGaussian.ambientSampledSource_eq_transport' depends on axioms: [propext, Classical.choice, Quot.sound]
'QICLean.ComplexGaussian.ambientSchmidtSource' depends on axioms: [propext, Classical.choice, Quot.sound]
'QICLean.ComplexGaussian.ambientSchmidtVector' depends on axioms: [propext, Classical.choice, Quot.sound]
'QICLean.ComplexGaussian.ambientSchmidtVector_eq_mulVec' depends on axioms: [propext, Classical.choice, Quot.sound]
'QICLean.ComplexGaussian.ambientSourceCorrection' depends on axioms: [propext, Classical.choice, Quot.sound]
'QICLean.ComplexGaussian.ambientSourceCorrection_eq_transport' depends on axioms: [propext,
 Classical.choice,
 Quot.sound]
'QICLean.ComplexGaussian.ambientSourceU' depends on axioms: [propext, Classical.choice, Quot.sound]
'QICLean.ComplexGaussian.ambientSourceU_kronecker_ambientSourceV' depends on axioms: [propext,
 Classical.choice,
 Quot.sound]
'QICLean.ComplexGaussian.ambientSourceV' depends on axioms: [propext, Classical.choice, Quot.sound]
'QICLean.ComplexGaussian.integrable_ambientSampledSource' depends on axioms: [propext, Classical.choice, Quot.sound]
'QICLean.ComplexGaussian.integrable_ambientSampledSource_entry' depends on axioms: [propext,
 Classical.choice,
 Quot.sound]
'QICLean.ComplexGaussian.integrable_ambientSourceCorrection' depends on axioms: [propext, Classical.choice, Quot.sound]
'QICLean.ComplexGaussian.integrable_ambientSourceU' depends on axioms: [propext, Classical.choice, Quot.sound]
'QICLean.ComplexGaussian.integrable_ambientSourceV' depends on axioms: [propext, Classical.choice, Quot.sound]
'QICLean.ComplexGaussian.integral_ambientSampledSource' depends on axioms: [propext, Classical.choice, Quot.sound]
'QICLean.ComplexGaussian.integral_ambientSampledSource_entry' depends on axioms: [propext, Classical.choice, Quot.sound]
'QICLean.ComplexGaussian.integral_ambientSourceCorrection' depends on axioms: [propext, Classical.choice, Quot.sound]
'QICLean.ComplexGaussian.sourceTransport' depends on axioms: [propext, Classical.choice, Quot.sound]
'QICLean.ComplexGaussian.sourceTransport_kronecker' depends on axioms: [propext, Classical.choice, Quot.sound]
'QICLean.ComplexGaussian.sourceTransport_schmidtSource' depends on axioms: [propext, Classical.choice, Quot.sound]
