# Repeated tactic patterns (>= 3 occurrences)
# Ranked by lines x occurrences; showing top 5

## 12 occurrences x 4 lines (weight 48)
    apply Finset.sum_congr rfl
    intro i _
    apply Finset.sum_congr rfl
    intro j _
  at: QICLean/Algebra/SwapTrace.lean:61, QICLean/Algebra/SwapTrace.lean:69, QICLean/Analysis/RelativeEntropyResolventIntegral.lean:356 (+9 more)

## 13 occurrences x 3 lines (weight 39)
    apply Finset.sum_congr rfl
    intro i _
    apply Finset.sum_congr rfl
  at: QICLean/Algebra/SwapTrace.lean:61, QICLean/Algebra/SwapTrace.lean:69, QICLean/Analysis/RelativeEntropyResolventIntegral.lean:356 (+10 more)

## 5 occurrences x 7 lines (weight 35)
    · intro i
    simp
    · intro i u v
    simp [mul_assoc, mul_add]
    · intro i
    simp
    · intro i u v
  at: QICLean/Channel/Schwarz/TwoPositive.lean:422, QICLean/Channel/Schwarz/TwoPositive.lean:426, QICLean/Channel/Schwarz/TwoPositive.lean:453 (+2 more)

## 4 occurrences x 8 lines (weight 32)
    · intro i
    simp
    · intro i u v
    simp [mul_assoc, mul_add]
    · intro i
    simp
    · intro i u v
    simp [mul_assoc, mul_add]
  at: QICLean/Channel/Schwarz/TwoPositive.lean:422, QICLean/Channel/Schwarz/TwoPositive.lean:426, QICLean/Channel/Schwarz/TwoPositive.lean:453 (+1 more)

## 9 occurrences x 3 lines (weight 27)
    letI : Semiring hQ.Corner := instSemiringCorner _ hQ
    letI : Algebra ℂ hQ.Corner := MatrixCorner.instAlgebraComplexCorner hQ
    letI : Star hQ.Corner := MatrixCorner.cornerStar hQ
  at: QICLean/Channel/FixedPoint/AbstractCornerFixedPoints.lean:236, QICLean/Channel/FixedPoint/AbstractCornerFixedPoints.lean:247, QICLean/Channel/FixedPoint/AbstractCornerFixedPoints.lean:303 (+6 more)

