Direct Lean compilation with package options and warnings as errors.
Source revision: b298f3fb6439c3e149d6788249fae868e3f9ed50
No local Lake build or cache mutation was performed.

Source: QICLean/Probability/ComplexGaussian/SourceTransportExpansion.lean
Source SHA256: 9f51adfc8f787f62dbc32af366b306555103ac1eaf01519f913569500062156f
Working directory: /Users/siruilu/Local/agentFormalization/QICLean/worktrees/source-transport-expansion
Command: /Users/siruilu/.elan/toolchains/leanprover--lean4---v4.35.0-rc3/bin/lean -Dpp.unicode.fun=true -DrelaxedAutoImplicit=false -Dlinter.mathlibStandardSet=true -DmaxSynthPendingDepth=3 -DwarningAsError=true -o /private/tmp/qic-source-transport-expansion/artifacts/QICLean/Probability/ComplexGaussian/SourceTransportExpansion.olean QICLean/Probability/ComplexGaussian/SourceTransportExpansion.lean
Exit code: 0
Elapsed seconds: 33.494
Diagnostics: none.

Source: QICLean/Probability/ComplexGaussian.lean
Source SHA256: 14821d9f8eff5cbbd1c6fe4d691db6f61779898b23cab4b75f2fdc2434aacd32
Working directory: /Users/siruilu/Local/agentFormalization/QICLean/worktrees/source-transport-expansion
Command: /Users/siruilu/.elan/toolchains/leanprover--lean4---v4.35.0-rc3/bin/lean -Dpp.unicode.fun=true -DrelaxedAutoImplicit=false -Dlinter.mathlibStandardSet=true -DmaxSynthPendingDepth=3 -DwarningAsError=true -o /private/tmp/qic-source-transport-expansion/artifacts/QICLean/Probability/ComplexGaussian.olean QICLean/Probability/ComplexGaussian.lean
Exit code: 0
Elapsed seconds: 12.614
Diagnostics: none.

Source: QICLean/Probability.lean
Source SHA256: 3c8082ce196d617864de73d7a4e994d6c79c154df21ce5fab72a4f0af1716351
Working directory: /Users/siruilu/Local/agentFormalization/QICLean/worktrees/source-transport-expansion
Command: /Users/siruilu/.elan/toolchains/leanprover--lean4---v4.35.0-rc3/bin/lean -Dpp.unicode.fun=true -DrelaxedAutoImplicit=false -Dlinter.mathlibStandardSet=true -DmaxSynthPendingDepth=3 -DwarningAsError=true -o /private/tmp/qic-source-transport-expansion/artifacts/QICLean/Probability.olean QICLean/Probability.lean
Exit code: 0
Elapsed seconds: 11.971
Diagnostics: none.

Source: QICLean.lean
Source SHA256: de31f0202944898ecfbb383a9fd172cde81ea22c1dc80b266f1fe172ecf60c15
Working directory: /Users/siruilu/Local/agentFormalization/QICLean/worktrees/source-transport-expansion
Command: /Users/siruilu/.elan/toolchains/leanprover--lean4---v4.35.0-rc3/bin/lean -Dpp.unicode.fun=true -DrelaxedAutoImplicit=false -Dlinter.mathlibStandardSet=true -DmaxSynthPendingDepth=3 -DwarningAsError=true -o /private/tmp/qic-source-transport-expansion/artifacts/QICLean.olean QICLean.lean
Exit code: 0
Elapsed seconds: 29.693
Diagnostics: none.
