'CompressionSampling.binomial_error_le_exp' depends on axioms: [propext, Classical.choice, Quot.sound]
'CompressionSampling.binomial_error_le_quarter' depends on axioms: [propext, Classical.choice, Quot.sound]
'CompressionSampling.error_le_quarter_of_sample_count' depends on axioms: [propext, Classical.choice, Quot.sound]
'CompressionSampling.error_le_quarter_sampleCount' depends on axioms: [propext, Classical.choice, Quot.sound]
'CompressionSampling.exists_error_le_half_sampleCount' depends on axioms: [propext, Classical.choice, Quot.sound]
'CompressionSampling.exists_valid_error_le_half_sampleCount' depends on axioms: [propext, Classical.choice, Quot.sound]
'CompressionSampling.exists_valid_norm_sum_le_half_sampleCount' depends on axioms: [propext,
 Classical.choice,
 Quot.sound]
'CompressionSampling.exp_eighth_sub_one_le_quarter' depends on axioms: [propext, Classical.choice, Quot.sound]
'CompressionSampling.integral_error_le_binomial' depends on axioms: [propext, Classical.choice, Quot.sound]
'CompressionSampling.integral_norm_sum_le_binomial' depends on axioms: [propext, Classical.choice, Quot.sound]
'CompressionSampling.integral_norm_sum_le_sampling_error' depends on axioms: [propext, Classical.choice, Quot.sound]
'CompressionSampling.inverse_half_power' depends on axioms: [propext, Classical.choice, Quot.sound]
'CompressionSampling.ratio_le_of_sample_count' depends on axioms: [propext, Classical.choice, Quot.sound]
'CompressionSampling.sampleCount' depends on axioms: [propext, Classical.choice, Quot.sound]
'CompressionSampling.sampleCount_bounds' depends on axioms: [propext, Classical.choice, Quot.sound]
'CompressionSampling.sum_nonempty_subsets_pow' depends on axioms: [propext, Classical.choice, Quot.sound]
'CompressionSampling.sum_nonempty_subsets_rpow' depends on axioms: [propext, Classical.choice, Quot.sound]
'CompressionSampling.sum_nonempty_subsets_weight' depends on axioms: [propext, Classical.choice, Quot.sound]
'CompressionSampling.zero_slots_error' depends on axioms: [propext, Classical.choice, Quot.sound]
'IndependentCovariance.integrable_product_mul_conj' depends on axioms: [propext, Classical.choice, Quot.sound]
'IndependentCovariance.integrable_tensorCoefficient_mul_conj' depends on axioms: [propext, Classical.choice, Quot.sound]
'IndependentCovariance.integral_product_mul_conj' depends on axioms: [propext, Classical.choice, Quot.sound]
'IndependentCovariance.product_weighted_sqrt' depends on axioms: [propext, Classical.choice, Quot.sound]
'IndependentCovariance.sum_product_weights_eq_one' depends on axioms: [propext, Classical.choice, Quot.sound]
'IndependentCovariance.tensorCoefficient' depends on axioms: [propext, Classical.choice, Quot.sound]
'IndependentCovariance.tensor_covariance_of_diagonal' depends on axioms: [propext, Classical.choice, Quot.sound]
'IndependentCovariance.tensor_covariance_weighted' depends on axioms: [propext, Classical.choice, Quot.sound]
'Matrix.PosSemidef.rpow_quarter_spectral' depends on axioms: [propext, Classical.choice, Quot.sound]
'Matrix.conjTranspose_mul_apply_self_eq_inner_rectangular' depends on axioms: [propext, Classical.choice, Quot.sound]
'Matrix.exists_contraction_trace_conjTranspose_mul_eq' depends on axioms: [propext, Classical.choice, Quot.sound]
'Matrix.frobeniusNormSq_mul_unitary' depends on axioms: [propext, Classical.choice, Quot.sound]
'Matrix.frobeniusNormSq_quarterWeighted' depends on axioms: [propext, Classical.choice, Quot.sound]
'Matrix.frobeniusNormSq_quarterWeighted_le_one' depends on axioms: [propext, Classical.choice, Quot.sound]
'Matrix.frobeniusNormSq_quarterWeighted_transpose' depends on axioms: [propext, Classical.choice, Quot.sound]
'Matrix.frobeniusNormSq_rpow_quarter_mul_le_one' depends on axioms: [propext, Classical.choice, Quot.sound]
'Matrix.frobeniusNormSq_unitary_mul' depends on axioms: [propext, Classical.choice, Quot.sound]
'Matrix.halfWeighted' depends on axioms: [propext, Classical.choice, Quot.sound]
'Matrix.halfWeighted_eq_quarter_sandwich' depends on axioms: [propext, Classical.choice, Quot.sound]
'Matrix.l2_opNorm_kronecker_one_le' depends on axioms: [propext, Classical.choice, Quot.sound]
'Matrix.l2_opNorm_mul_le_one' depends on axioms: [propext, Classical.choice, Quot.sound]
'Matrix.l2_opNorm_unitary_le_one' depends on axioms: [propext, Classical.choice, Quot.sound]
'Matrix.norm_column_eq_sqrt_gram' depends on axioms: [propext, Classical.choice, Quot.sound]
'Matrix.norm_trace_conjTranspose_mul_le_rectangularTraceNorm' depends on axioms: [propext, Classical.choice, Quot.sound]
'Matrix.norm_trace_conjTranspose_mul_rectangular_le' depends on axioms: [propext, Classical.choice, Quot.sound]
'Matrix.norm_trace_conjTranspose_mul_sq_le_frobeniusNormSq' depends on axioms: [propext, Classical.choice, Quot.sound]
'Matrix.probabilityQuarter' depends on axioms: [propext, Classical.choice, Quot.sound]
'Matrix.probabilityQuarter_conjTranspose' depends on axioms: [propext, Classical.choice, Quot.sound]
'Matrix.probabilityQuarter_mul_self' depends on axioms: [propext, Classical.choice, Quot.sound]
'Matrix.quarterWeighted' depends on axioms: [propext, Classical.choice, Quot.sound]
'Matrix.quarterWeighted_apply' depends on axioms: [propext, Classical.choice, Quot.sound]
'Matrix.quarterWeighted_transpose' depends on axioms: [propext, Classical.choice, Quot.sound]
'Matrix.rectangularTraceNorm' depends on axioms: [propext, Classical.choice, Quot.sound]
'Matrix.rectangularTraceNorm_eq_sum_fin' depends on axioms: [propext, Classical.choice, Quot.sound]
'Matrix.rectangularTraceNorm_eq_sum_sqrt_eigenvalues' depends on axioms: [propext, Classical.choice, Quot.sound]
'Matrix.rectangularTraceNorm_halfWeighted_le' depends on axioms: [propext, Classical.choice, Quot.sound]
'Matrix.rectangularTraceNorm_le_of_forall_contraction' depends on axioms: [propext, Classical.choice, Quot.sound]
'Matrix.rectangularTraceNorm_mul_conjTranspose_le' depends on axioms: [propext, Classical.choice, Quot.sound]
'Matrix.rectangularTraceNorm_nonneg' depends on axioms: [propext, Classical.choice, Quot.sound]
'Matrix.rectangularTraceNorm_partialTraceRight_le' depends on axioms: [propext, Classical.choice, Quot.sound]
'Matrix.rectangularTraceNorm_partialTraceRight_mul_conjTranspose_le' depends on axioms: [propext,
 Classical.choice,
 Quot.sound]
'Matrix.rectangularTraceNorm_square' depends on axioms: [propext, Classical.choice, Quot.sound]
'Matrix.sqrt_frobeniusNormSq_quarterWeighted_le_one' depends on axioms: [propext, Classical.choice, Quot.sound]
'Matrix.sum_norm_sq_column_le_one' depends on axioms: [propext, Classical.choice, Quot.sound]
'Matrix.sum_norm_sq_row_le_one' depends on axioms: [propext, Classical.choice, Quot.sound]
'Matrix.sum_sqrt_probability_mul_le_one' depends on axioms: [propext, Classical.choice, Quot.sound]
'Matrix.trace_halfWeighted_conjTranspose_mul' depends on axioms: [propext, Classical.choice, Quot.sound]
'Matrix.trace_partialTraceRight_conjTranspose_mul' depends on axioms: [propext, Classical.choice, Quot.sound]
'ProbabilityTheory.integrable_frobenius_norm_sq_sum' depends on axioms: [propext, Classical.choice, Quot.sound]
'ProbabilityTheory.integrable_normSq_sum' depends on axioms: [propext, Classical.choice, Quot.sound]
'ProbabilityTheory.integral_frobenius_norm_sq_sum_eq_sum' depends on axioms: [propext, Classical.choice, Quot.sound]
'ProbabilityTheory.integral_frobenius_norm_sum_le_sqrt' depends on axioms: [propext, Classical.choice, Quot.sound]
'ProbabilityTheory.integral_normSq_sum_eq_sum' depends on axioms: [propext, Classical.choice, Quot.sound]
'QICLean.ComplexGaussian.DensityIndex' does not depend on any axioms
'QICLean.ComplexGaussian.Sample' depends on axioms: [propext, Classical.choice, Quot.sound]
'QICLean.ComplexGaussian.centered' depends on axioms: [propext, Classical.choice, Quot.sound]
'QICLean.ComplexGaussian.coefficientWeight' depends on axioms: [propext, Classical.choice, Quot.sound]
'QICLean.ComplexGaussian.coefficientWeight_eq_product_quarter' depends on axioms: [propext,
 Classical.choice,
 Quot.sound]
'QICLean.ComplexGaussian.conj_coordinate' depends on axioms: [propext, Classical.choice, Quot.sound]
'QICLean.ComplexGaussian.conj_delta' depends on axioms: [propext, Classical.choice, Quot.sound]
'QICLean.ComplexGaussian.coordinate' depends on axioms: [propext, Classical.choice, Quot.sound]
'QICLean.ComplexGaussian.coordinateCoefficients' depends on axioms: [propext, Classical.choice, Quot.sound]
'QICLean.ComplexGaussian.coordinateVectors' depends on axioms: [propext, Classical.choice, Quot.sound]
'QICLean.ComplexGaussian.coordinate_apply' depends on axioms: [propext, Classical.choice, Quot.sound]
'QICLean.ComplexGaussian.delta' depends on axioms: [propext, Classical.choice, Quot.sound]
'QICLean.ComplexGaussian.delta_comm' depends on axioms: [propext, Classical.choice, Quot.sound]
'QICLean.ComplexGaussian.densityCoefficient' depends on axioms: [propext, Classical.choice, Quot.sound]
'QICLean.ComplexGaussian.independentDensityCoefficient' depends on axioms: [propext, Classical.choice, Quot.sound]
'QICLean.ComplexGaussian.independentDensityLaw' depends on axioms: [propext, Classical.choice, Quot.sound]
'QICLean.ComplexGaussian.independentDensityLawIsProbabilityMeasure' depends on axioms: [propext,
 Classical.choice,
 Quot.sound]
'QICLean.ComplexGaussian.integrable_centered' depends on axioms: [propext, Classical.choice, Quot.sound]
'QICLean.ComplexGaussian.integrable_centered_mul_conj' depends on axioms: [propext, Classical.choice, Quot.sound]
'QICLean.ComplexGaussian.integrable_coordinate_four' depends on axioms: [propext, Classical.choice, Quot.sound]
'QICLean.ComplexGaussian.integrable_densityCoefficient_mul_conj' depends on axioms: [propext,
 Classical.choice,
 Quot.sound]
'QICLean.ComplexGaussian.integrable_independentDensityCoefficient' depends on axioms: [propext,
 Classical.choice,
 Quot.sound]
'QICLean.ComplexGaussian.integrable_independentDensityCoefficient_mul_conj' depends on axioms: [propext,
 Classical.choice,
 Quot.sound]
'QICLean.ComplexGaussian.integrable_realField_four' depends on axioms: [propext, Classical.choice, Quot.sound]
'QICLean.ComplexGaussian.integrable_realField_pow' depends on axioms: [propext, Classical.choice, Quot.sound]
'QICLean.ComplexGaussian.integrable_sampleAverage_mul_conj' depends on axioms: [propext, Classical.choice, Quot.sound]
'QICLean.ComplexGaussian.integral_centered' depends on axioms: [propext, Classical.choice, Quot.sound]
'QICLean.ComplexGaussian.integral_centered_mul_conj' depends on axioms: [propext, Classical.choice, Quot.sound]
'QICLean.ComplexGaussian.integral_coordinate_four_eq_pairings' depends on axioms: [propext,
 Classical.choice,
 Quot.sound]
'QICLean.ComplexGaussian.integral_coordinate_mul' depends on axioms: [propext, Classical.choice, Quot.sound]
'QICLean.ComplexGaussian.integral_coordinate_mul_conj' depends on axioms: [propext, Classical.choice, Quot.sound]
'QICLean.ComplexGaussian.integral_coordinate_norm_four' depends on axioms: [propext, Classical.choice, Quot.sound]
'QICLean.ComplexGaussian.integral_coordinate_norm_sq' depends on axioms: [propext, Classical.choice, Quot.sound]
'QICLean.ComplexGaussian.integral_densityCoefficient' depends on axioms: [propext, Classical.choice, Quot.sound]
'QICLean.ComplexGaussian.integral_densityCoefficient_mul_conj' depends on axioms: [propext,
 Classical.choice,
 Quot.sound]
'QICLean.ComplexGaussian.integral_independentDensityCoefficient_eq_zero' depends on axioms: [propext,
 Classical.choice,
 Quot.sound]
'QICLean.ComplexGaussian.integral_independentDensityCoefficient_mul_conj' depends on axioms: [propext,
 Classical.choice,
 Quot.sound]
'QICLean.ComplexGaussian.integral_linearField_four' depends on axioms: [propext, Classical.choice, Quot.sound]
'QICLean.ComplexGaussian.integral_linearField_mul' depends on axioms: [propext, Classical.choice, Quot.sound]
'QICLean.ComplexGaussian.integral_realField_four_eq_pairings' depends on axioms: [propext, Classical.choice, Quot.sound]
'QICLean.ComplexGaussian.integral_realField_fourth' depends on axioms: [propext, Classical.choice, Quot.sound]
'QICLean.ComplexGaussian.integral_realField_mul' depends on axioms: [propext, Classical.choice, Quot.sound]
'QICLean.ComplexGaussian.integral_sampleAverage' depends on axioms: [propext, Classical.choice, Quot.sound]
'QICLean.ComplexGaussian.integral_sampleAverage_mul_conj' depends on axioms: [propext, Classical.choice, Quot.sound]
'QICLean.ComplexGaussian.integral_standard_real_fourth' depends on axioms: [propext, Classical.choice, Quot.sound]
'QICLean.ComplexGaussian.law' depends on axioms: [propext, Classical.choice, Quot.sound]
'QICLean.ComplexGaussian.linearField' depends on axioms: [propext, Classical.choice, Quot.sound]
'QICLean.ComplexGaussian.memLp_centered' depends on axioms: [propext, Classical.choice, Quot.sound]
'QICLean.ComplexGaussian.memLp_conj_centered' depends on axioms: [propext, Classical.choice, Quot.sound]
'QICLean.ComplexGaussian.memLp_conj_coordinate' depends on axioms: [propext, Classical.choice, Quot.sound]
'QICLean.ComplexGaussian.memLp_coordinate' depends on axioms: [propext, Classical.choice, Quot.sound]
'QICLean.ComplexGaussian.memLp_coordinate_mul_conj' depends on axioms: [propext, Classical.choice, Quot.sound]
'QICLean.ComplexGaussian.memLp_densityCoefficient' depends on axioms: [propext, Classical.choice, Quot.sound]
'QICLean.ComplexGaussian.memLp_linearField' depends on axioms: [propext, Classical.choice, Quot.sound]
'QICLean.ComplexGaussian.memLp_linearField_mul' depends on axioms: [propext, Classical.choice, Quot.sound]
'QICLean.ComplexGaussian.memLp_realField' depends on axioms: [propext, Classical.choice, Quot.sound]
'QICLean.ComplexGaussian.memLp_realField_mul' depends on axioms: [propext, Classical.choice, Quot.sound]
'QICLean.ComplexGaussian.memLp_sampleAverage' depends on axioms: [propext, Classical.choice, Quot.sound]
'QICLean.ComplexGaussian.norm_four_eq_inner_self_sq' depends on axioms: [propext, Classical.choice, Quot.sound]
'QICLean.ComplexGaussian.pairedProductProbability' depends on axioms: [propext, Classical.choice, Quot.sound]
'QICLean.ComplexGaussian.pairedProductProbability_nonneg' depends on axioms: [propext, Classical.choice, Quot.sound]
'QICLean.ComplexGaussian.pairing' depends on axioms: [propext, Classical.choice, Quot.sound]
'QICLean.ComplexGaussian.realField' depends on axioms: [propext, Classical.choice, Quot.sound]
'QICLean.ComplexGaussian.realField_law' depends on axioms: [propext, Classical.choice, Quot.sound]
'QICLean.ComplexGaussian.real_fourth_polarization' depends on axioms: [propext, Classical.choice, Quot.sound]
'QICLean.ComplexGaussian.sampleAverage' depends on axioms: [propext, Classical.choice, Quot.sound]
'QICLean.ComplexGaussian.sum_pairedProductProbability_eq_one' depends on axioms: [propext, Classical.choice, Quot.sound]
