/tmp/qic-schmidt-bell-prototype-8753/Pin.lean:56:0: warning: automatically included section variable(s) unused in theorem `SchmidtBellPrototype.pre_fin`:
  [Fintype A]
  [Fintype B]
  [DecidableEq A]
  [DecidableEq B]
consider restructuring your `variable` declarations so that the variables are not in scope or explicitly omit them:
  omit [Fintype A] [Fintype B] [DecidableEq A] [DecidableEq B] in theorem ...

Note: This linter can be disabled with `set_option linter.unusedSectionVars false`
/tmp/qic-schmidt-bell-prototype-8753/Pin.lean:65:0: warning: automatically included section variable(s) unused in theorem `SchmidtBellPrototype.pin_transport`:
  [Fintype B]
consider restructuring your `variable` declarations so that the variables are not in scope or explicitly omit them:
  omit [Fintype B] in theorem ...

Note: This linter can be disabled with `set_option linter.unusedSectionVars false`
/tmp/qic-schmidt-bell-prototype-8753/Pin.lean:89:0: warning: automatically included section variable(s) unused in theorem `SchmidtBellPrototype.label_pullback`:
  [Fintype B]
consider restructuring your `variable` declarations so that the variables are not in scope or explicitly omit them:
  omit [Fintype B] in theorem ...

Note: This linter can be disabled with `set_option linter.unusedSectionVars false`
/tmp/qic-schmidt-bell-prototype-8753/Pin.lean:181:58: warning: This simp argument is unused:
  mul_assoc

Hint: Omit it from the simp argument list.
  [apply] simp [Matrix.vec, Matrix.mul_apply, Matrix.kroneckerMap_apply, Matrix.one_apply, Fintype.sum_prod_type,
    Finset.mul_sum, mul_left_comm, mul_ite]

Note: This linter can be disabled with `set_option linter.unusedSimpArgs false`
/tmp/qic-schmidt-bell-prototype-8753/Pin.lean:220:2: error: Type mismatch: After simplification, term
  pinFinite Ω E k hz (PermutationRepresentation.labelProj (TensorPower.copyPerm (Fin E.card) k) l)
 has type
  WithLp.toLp 2
      (Matrix.kroneckerMap (fun x1 x2 => x1 * x2)
          (Matrix.finKronecker fun x =>
            Matrix.vecMulVec (fun x => (Matrix.selectedBellVector Ω E).ofLp (x.1, E.equivFin.symm x.2))
              (star fun x => (Matrix.selectedBellVector Ω E).ofLp (x.1, E.equivFin.symm x.2)))
          1 *ᵥ
        Matrix.kroneckerMap (fun x1 x2 => x1 * x2) 1
            (Matrix.kroneckerMap (fun x1 x2 => x1 * x2)
              (PermutationRepresentation.labelProj (TensorPower.copyPerm (Fin E.card) k) l) 1) *ᵥ
          fun x => ∏ x_1, Ω.ofLp ((x.1 x_1).1, x.2.2 x_1) * Matrix.omegaVec E.card ((x.1 x_1).2, x.2.1 x_1)) =
    (↑√(⋯.spectralRestrictionMass E) / ↑E.card) ^ k •
      WithLp.toLp 2
        (Matrix.kroneckerMap (fun x1 x2 => x1 * x2) 1
            (Matrix.kroneckerMap (fun x1 x2 => x1 * x2)
              (PermutationRepresentation.labelProj (TensorPower.copyPerm (Fin E.card) k) l) 1) *ᵥ
          fun x =>
          (∏ x_1, (Matrix.selectedBellVector Ω E).ofLp ((x.1 x_1).1, E.equivFin.symm (x.1 x_1).2)) *
            ∏ x_1, (Matrix.compressedTypicalPureState Ω E).ofLp (E.equivFin.symm (x.2.1 x_1), x.2.2 x_1))
but is expected to have type
  WithLp.toLp 2 (Pk *ᵥ TensorPower.replicaPrevector Ω.ofLp E.card k l ∘ ⇑r) =
    (↑√(⋯.spectralRestrictionMass E) / ↑E.card) ^ k •
      WithLp.toLp 2 (ΛR *ᵥ fun x => (∏ j, β (x.1 j)) * ∏ j, χ (x.2.1 j, x.2.2 j))
