{
  "native_list": "docs/provenance/evidence/replicaGoodCopyDensityIntegration8750/NativeDeclarations.txt",
  "native_list_sha256": "49e64633e511a6bd41adcb3f057b24930168b0ed0c95c7ef71aed7e5acd961ea",
  "native_declarations": 3143,
  "active_fragments": {
    "blueprint/src/fragment/replica_defect.tex": [
      "Matrix.PosSemidef.replica_gap",
      "Matrix.posSemidef_replicaDefectCount",
      "Matrix.replicaDefectCount",
      "Matrix.replicaHamiltonian",
      "Matrix.replicaHamiltonian_mulVec_prod",
      "Matrix.replicaMeanHamiltonian_kronecker_mulVec_prod",
      "Matrix.spectralCutoff_replica_gap_mass_ge"
    ],
    "blueprint/src/fragment/replica_excitation_decomposition.tex": [
      "Matrix.cfc_replicaDefectCount_eq_sum_replicaExcitationProjection",
      "Matrix.isStarProjection_replicaExcitationProjection",
      "Matrix.replicaDefectCount_mul_replicaExcitationProjection",
      "Matrix.replicaDefectCutoff_decomposition",
      "Matrix.replicaExcitationProjection",
      "Matrix.replicaExcitationProjection_mul_of_ne",
      "Matrix.sum_replicaExcitationProjection"
    ],
    "blueprint/src/fragment/replica_good_copy_density.tex": [
      "Matrix.partialTraceLeft_replicaExcitationComponent_eq_remainder",
      "Matrix.partialTraceRight_replicaExcitationComponent_goodAuxiliary_density"
    ],
    "blueprint/src/fragment/replica_good_copy_factorization.tex": [
      "Matrix.norm_replicaGoodCopyRemainder_of_fixed",
      "Matrix.replicaExcitationProjection_mulVec_factorization",
      "Matrix.replicaGoodCopyRemainder",
      "Matrix.replicaGoodCopy_factorization_of_fixed"
    ],
    "blueprint/src/fragment/spectral_cutoff_mass.tex": [
      "Matrix.PosSemidef.smul_one_sub_spectralCutoff_le",
      "Matrix.PosSemidef.spectralCutoff_mass_ge"
    ],
    "blueprint/src/fragment/typical_pure_compression.tex": [
      "Matrix.IsHermitian.isIsometry_spectralSelectionEmbedding",
      "Matrix.IsHermitian.spectralSelectionEmbedding",
      "Matrix.IsHermitian.spectralSelectionEmbedding_mul_conjTranspose",
      "Matrix.compressedTypicalPureState",
      "Matrix.kronecker_mulVec_compressedTypicalPureState",
      "Matrix.norm_compressedTypicalPureState",
      "Matrix.partialTraceLeft_compressedTypicalPureState",
      "Matrix.partialTraceRight_compressedTypicalPureState"
    ]
  },
  "fragment_declarations": 30,
  "owned_declarations": [
    "Matrix.partialTraceLeft_replicaExcitationComponent_eq_remainder",
    "Matrix.partialTraceRight_replicaExcitationComponent_goodAuxiliary_density"
  ],
  "contains_all_active_fragment_targets": true,
  "contains_all_two_owned": true,
  "missing": [],
  "link_scope": "content pages; dependency graph repeats excluded",
  "rendered_doc_links": {
    "Matrix.replicaGoodCopyRemainder": [
      {
        "document": "blueprint/web/ch-entropy.html",
        "href": "../docs/find/#doc/Matrix.replicaGoodCopyRemainder"
      }
    ],
    "Matrix.partialTraceRight_compressedTypicalPureState": [
      {
        "document": "blueprint/web/ch-entropy.html",
        "href": "../docs/find/#doc/Matrix.partialTraceRight_compressedTypicalPureState"
      }
    ],
    "Matrix.replicaExcitationProjection_mulVec_factorization": [
      {
        "document": "blueprint/web/ch-entropy.html",
        "href": "../docs/find/#doc/Matrix.replicaExcitationProjection_mulVec_factorization"
      }
    ],
    "Matrix.partialTraceLeft_compressedTypicalPureState": [
      {
        "document": "blueprint/web/ch-entropy.html",
        "href": "../docs/find/#doc/Matrix.partialTraceLeft_compressedTypicalPureState"
      }
    ],
    "Matrix.norm_compressedTypicalPureState": [
      {
        "document": "blueprint/web/ch-entropy.html",
        "href": "../docs/find/#doc/Matrix.norm_compressedTypicalPureState"
      }
    ],
    "Matrix.posSemidef_replicaDefectCount": [
      {
        "document": "blueprint/web/ch-entropy.html",
        "href": "../docs/find/#doc/Matrix.posSemidef_replicaDefectCount"
      }
    ],
    "Matrix.replicaDefectCount_mul_replicaExcitationProjection": [
      {
        "document": "blueprint/web/ch-entropy.html",
        "href": "../docs/find/#doc/Matrix.replicaDefectCount_mul_replicaExcitationProjection"
      }
    ],
    "Matrix.partialTraceLeft_replicaExcitationComponent_eq_remainder": [
      {
        "document": "blueprint/web/ch-entropy.html",
        "href": "../docs/find/#doc/Matrix.partialTraceLeft_replicaExcitationComponent_eq_remainder"
      }
    ],
    "Matrix.PosSemidef.spectralCutoff_mass_ge": [
      {
        "document": "blueprint/web/ch-entropy.html",
        "href": "../docs/find/#doc/Matrix.PosSemidef.spectralCutoff_mass_ge"
      }
    ],
    "Matrix.replicaExcitationProjection_mul_of_ne": [
      {
        "document": "blueprint/web/ch-entropy.html",
        "href": "../docs/find/#doc/Matrix.replicaExcitationProjection_mul_of_ne"
      }
    ],
    "Matrix.replicaGoodCopy_factorization_of_fixed": [
      {
        "document": "blueprint/web/ch-entropy.html",
        "href": "../docs/find/#doc/Matrix.replicaGoodCopy_factorization_of_fixed"
      }
    ],
    "Matrix.IsHermitian.spectralSelectionEmbedding": [
      {
        "document": "blueprint/web/ch-entropy.html",
        "href": "../docs/find/#doc/Matrix.IsHermitian.spectralSelectionEmbedding"
      }
    ],
    "Matrix.PosSemidef.smul_one_sub_spectralCutoff_le": [
      {
        "document": "blueprint/web/ch-entropy.html",
        "href": "../docs/find/#doc/Matrix.PosSemidef.smul_one_sub_spectralCutoff_le"
      }
    ],
    "Matrix.compressedTypicalPureState": [
      {
        "document": "blueprint/web/ch-entropy.html",
        "href": "../docs/find/#doc/Matrix.compressedTypicalPureState"
      }
    ],
    "Matrix.IsHermitian.spectralSelectionEmbedding_mul_conjTranspose": [
      {
        "document": "blueprint/web/ch-entropy.html",
        "href": "../docs/find/#doc/Matrix.IsHermitian.spectralSelectionEmbedding_mul_conjTranspose"
      }
    ],
    "Matrix.replicaExcitationProjection": [
      {
        "document": "blueprint/web/ch-entropy.html",
        "href": "../docs/find/#doc/Matrix.replicaExcitationProjection"
      }
    ],
    "Matrix.spectralCutoff_replica_gap_mass_ge": [
      {
        "document": "blueprint/web/ch-entropy.html",
        "href": "../docs/find/#doc/Matrix.spectralCutoff_replica_gap_mass_ge"
      }
    ],
    "Matrix.PosSemidef.replica_gap": [
      {
        "document": "blueprint/web/ch-entropy.html",
        "href": "../docs/find/#doc/Matrix.PosSemidef.replica_gap"
      }
    ],
    "Matrix.replicaHamiltonian": [
      {
        "document": "blueprint/web/ch-entropy.html",
        "href": "../docs/find/#doc/Matrix.replicaHamiltonian"
      }
    ],
    "Matrix.replicaDefectCount": [
      {
        "document": "blueprint/web/ch-entropy.html",
        "href": "../docs/find/#doc/Matrix.replicaDefectCount"
      }
    ],
    "Matrix.IsHermitian.isIsometry_spectralSelectionEmbedding": [
      {
        "document": "blueprint/web/ch-entropy.html",
        "href": "../docs/find/#doc/Matrix.IsHermitian.isIsometry_spectralSelectionEmbedding"
      }
    ],
    "Matrix.kronecker_mulVec_compressedTypicalPureState": [
      {
        "document": "blueprint/web/ch-entropy.html",
        "href": "../docs/find/#doc/Matrix.kronecker_mulVec_compressedTypicalPureState"
      }
    ],
    "Matrix.replicaHamiltonian_mulVec_prod": [
      {
        "document": "blueprint/web/ch-entropy.html",
        "href": "../docs/find/#doc/Matrix.replicaHamiltonian_mulVec_prod"
      }
    ],
    "Matrix.replicaMeanHamiltonian_kronecker_mulVec_prod": [
      {
        "document": "blueprint/web/ch-entropy.html",
        "href": "../docs/find/#doc/Matrix.replicaMeanHamiltonian_kronecker_mulVec_prod"
      }
    ],
    "Matrix.partialTraceRight_replicaExcitationComponent_goodAuxiliary_density": [
      {
        "document": "blueprint/web/ch-entropy.html",
        "href": "../docs/find/#doc/Matrix.partialTraceRight_replicaExcitationComponent_goodAuxiliary_density"
      }
    ],
    "Matrix.norm_replicaGoodCopyRemainder_of_fixed": [
      {
        "document": "blueprint/web/ch-entropy.html",
        "href": "../docs/find/#doc/Matrix.norm_replicaGoodCopyRemainder_of_fixed"
      }
    ],
    "Matrix.sum_replicaExcitationProjection": [
      {
        "document": "blueprint/web/ch-entropy.html",
        "href": "../docs/find/#doc/Matrix.sum_replicaExcitationProjection"
      }
    ],
    "Matrix.replicaDefectCutoff_decomposition": [
      {
        "document": "blueprint/web/ch-entropy.html",
        "href": "../docs/find/#doc/Matrix.replicaDefectCutoff_decomposition"
      }
    ],
    "Matrix.isStarProjection_replicaExcitationProjection": [
      {
        "document": "blueprint/web/ch-entropy.html",
        "href": "../docs/find/#doc/Matrix.isStarProjection_replicaExcitationProjection"
      }
    ],
    "Matrix.cfc_replicaDefectCount_eq_sum_replicaExcitationProjection": [
      {
        "document": "blueprint/web/ch-entropy.html",
        "href": "../docs/find/#doc/Matrix.cfc_replicaDefectCount_eq_sum_replicaExcitationProjection"
      }
    ]
  },
  "result": "passed"
}
