'Matrix.doubledVector' depends on axioms: [propext, Classical.choice, Quot.sound]
`#`-commands, such as '#print', are not allowed in 'Mathlib' [linter.hashCommand]
'Matrix.doubledHamiltonian' depends on axioms: [propext, Classical.choice, Quot.sound]
`#`-commands, such as '#print', are not allowed in 'Mathlib' [linter.hashCommand]
'Matrix.vecMulVec_doubledVector' depends on axioms: [propext, Classical.choice, Quot.sound]
`#`-commands, such as '#print', are not allowed in 'Mathlib' [linter.hashCommand]
'Matrix.sum_normSq_doubledVector' depends on axioms: [propext, Classical.choice, Quot.sound]
`#`-commands, such as '#print', are not allowed in 'Mathlib' [linter.hashCommand]
'Matrix.norm_doubledVector' depends on axioms: [propext, Classical.choice, Quot.sound]
`#`-commands, such as '#print', are not allowed in 'Mathlib' [linter.hashCommand]
'Matrix.doubledHamiltonian_mulVec' depends on axioms: [propext, Classical.choice, Quot.sound]
`#`-commands, such as '#print', are not allowed in 'Mathlib' [linter.hashCommand]
'Matrix.doubledHamiltonian_gap_eq' depends on axioms: [propext, Classical.choice, Quot.sound]
`#`-commands, such as '#print', are not allowed in 'Mathlib' [linter.hashCommand]
'Matrix.PosSemidef.doubled_gap' depends on axioms: [propext, Classical.choice, Quot.sound]
`#`-commands, such as '#print', are not allowed in 'Mathlib' [linter.hashCommand]
'Matrix.norm_toLp_mulVec_of_unitary' depends on axioms: [propext, Classical.choice, Quot.sound]
`#`-commands, such as '#print', are not allowed in 'Mathlib' [linter.hashCommand]
'Matrix.gap_unitary_conj_eq' depends on axioms: [propext, Classical.choice, Quot.sound]
`#`-commands, such as '#print', are not allowed in 'Mathlib' [linter.hashCommand]
'Matrix.PosSemidef.gap_unitary_conj' depends on axioms: [propext, Classical.choice, Quot.sound]
`#`-commands, such as '#print', are not allowed in 'Mathlib' [linter.hashCommand]
'Matrix.mulVec_unitary_conj_eigenvector' depends on axioms: [propext, Classical.choice, Quot.sound]
`#`-commands, such as '#print', are not allowed in 'Mathlib' [linter.hashCommand]
'Matrix.doubled_gap_partialSwap' depends on axioms: [propext, Classical.choice, Quot.sound]
`#`-commands, such as '#print', are not allowed in 'Mathlib' [linter.hashCommand]
