import took 1.73s
cumulative profiling times:
	attribute application 0.173ms
	compilation (IR) 0.246ms
	compilation (LCNF base) 2.31ms
	compilation (LCNF impure) 0.986ms
	compilation (LCNF mono) 1.97ms
	congr simp thm 6.22ms
	dsimp 2.13ms
	elaboration 123ms
	fix level params 2.7ms
	import 1.73s
	initialization 49.2ms
	instantiate metavars 4.06ms
	interpretation 717ms
	let-to-have transformation 4.65ms
	linting 32.9ms
	module linting 0.00151ms
	norm_num 7.19ms
	overlappingInstancesLinter 8.24ms
	parsing 14.4ms
	process pre-definitions 15ms
	ring 56.3ms
	share common exprs 19.1ms
	simp 277ms
	tactic execution 141ms
	tacticAnalysis 39.1ms
	type checking 96.5ms
	typeclass inference 803ms
