import took 1.69s
'Equiv.partialSwap' does not depend on any axioms
`#`-commands, such as '#print', are not allowed in 'Mathlib' [linter.hashCommand]
'Equiv.partialSwap_apply' depends on axioms: [Quot.sound]
`#`-commands, such as '#print', are not allowed in 'Mathlib' [linter.hashCommand]
'Equiv.partialSwap_symm' does not depend on any axioms
`#`-commands, such as '#print', are not allowed in 'Mathlib' [linter.hashCommand]
'Equiv.partialSwap_mul_self' depends on axioms: [Quot.sound]
`#`-commands, such as '#print', are not allowed in 'Mathlib' [linter.hashCommand]
'Matrix.partialSwap' depends on axioms: [propext, Classical.choice, Quot.sound]
`#`-commands, such as '#print', are not allowed in 'Mathlib' [linter.hashCommand]
'Matrix.partialSwap_apply' depends on axioms: [propext, Classical.choice, Quot.sound]
`#`-commands, such as '#print', are not allowed in 'Mathlib' [linter.hashCommand]
'Matrix.partialSwap_mulVec' depends on axioms: [propext, Classical.choice, Quot.sound]
`#`-commands, such as '#print', are not allowed in 'Mathlib' [linter.hashCommand]
'Matrix.partialSwap_isHermitian' depends on axioms: [propext, Classical.choice, Quot.sound]
`#`-commands, such as '#print', are not allowed in 'Mathlib' [linter.hashCommand]
'Matrix.partialSwap_mul_self' depends on axioms: [propext, Classical.choice, Quot.sound]
`#`-commands, such as '#print', are not allowed in 'Mathlib' [linter.hashCommand]
'Matrix.partialSwap_mem_unitaryGroup' depends on axioms: [propext, Classical.choice, Quot.sound]
`#`-commands, such as '#print', are not allowed in 'Mathlib' [linter.hashCommand]
'Matrix.norm_partialSwap_le_one' depends on axioms: [propext, Classical.choice, Quot.sound]
`#`-commands, such as '#print', are not allowed in 'Mathlib' [linter.hashCommand]
'Matrix.partialSwap_kronecker_mulVec' depends on axioms: [propext, Classical.choice, Quot.sound]
`#`-commands, such as '#print', are not allowed in 'Mathlib' [linter.hashCommand]
'Matrix.partialSwap_one_mulVec' depends on axioms: [propext, Classical.choice, Quot.sound]
`#`-commands, such as '#print', are not allowed in 'Mathlib' [linter.hashCommand]
'Matrix.kronecker_self_conjTranspose_mul_self' depends on axioms: [propext, Classical.choice, Quot.sound]
`#`-commands, such as '#print', are not allowed in 'Mathlib' [linter.hashCommand]
'Matrix.compressedPartialSwap' depends on axioms: [propext, Classical.choice, Quot.sound]
`#`-commands, such as '#print', are not allowed in 'Mathlib' [linter.hashCommand]
'Matrix.compressedPartialSwap_isHermitian' depends on axioms: [propext, Classical.choice, Quot.sound]
`#`-commands, such as '#print', are not allowed in 'Mathlib' [linter.hashCommand]
'Matrix.norm_conjTranspose_mul_mul_le_of_isometry' depends on axioms: [propext, Classical.choice, Quot.sound]
`#`-commands, such as '#print', are not allowed in 'Mathlib' [linter.hashCommand]
'Matrix.norm_compressedPartialSwap_le_one' depends on axioms: [propext, Classical.choice, Quot.sound]
`#`-commands, such as '#print', are not allowed in 'Mathlib' [linter.hashCommand]
'Matrix.star_dotProduct_compression' depends on axioms: [propext, Classical.choice, Quot.sound]
`#`-commands, such as '#print', are not allowed in 'Mathlib' [linter.hashCommand]
'Matrix.star_dotProduct_kronecker_compression' depends on axioms: [propext, Classical.choice, Quot.sound]
`#`-commands, such as '#print', are not allowed in 'Mathlib' [linter.hashCommand]
'Matrix.compressedPartialSwap_overlap' depends on axioms: [propext, Classical.choice, Quot.sound]
`#`-commands, such as '#print', are not allowed in 'Mathlib' [linter.hashCommand]
'Matrix.compressedPartialSwap_left_overlap' depends on axioms: [propext, Classical.choice, Quot.sound]
`#`-commands, such as '#print', are not allowed in 'Mathlib' [linter.hashCommand]
cumulative profiling times:
	elaboration 1.52ms
	import 1.69s
	initialization 28ms
	interpretation 406ms
	linting 4.61ms
	module linting 0.0015ms
	overlappingInstancesLinter 4.47ms
	parsing 0.652ms
	tacticAnalysis 18.3ms
