import took 1.73s
typeclass inference of Nonempty took 113ms
cumulative profiling times:
	attribute application 2.42ms
	blocked (unaccounted) 0.445ms
	compilation (IR) 0.418ms
	compilation (LCNF base) 2.95ms
	compilation (LCNF impure) 1.63ms
	compilation (LCNF mono) 3.08ms
	congr simp thm 7.81ms
	elaboration 237ms
	fix level params 2.33ms
	import 1.73s
	initialization 32.3ms
	instantiate metavars 1.71ms
	interpretation 724ms
	let-to-have transformation 0.383ms
	linting 27.1ms
	module linting 0.00205ms
	norm_num 1.02ms
	overlappingInstancesLinter 17.6ms
	parsing 16.2ms
	process pre-definitions 17.1ms
	share common exprs 7.5ms
	simp 229ms
	tactic execution 203ms
	tacticAnalysis 59.4ms
	type checking 114ms
	typeclass inference 1.56s
