Local QIC source validation
Executed revision: e3df85307bbc99b776f396d367eacdeb37bed292
Verified module/test bytes at: c849b612e6e7c37c4c38263316681ff92b7ed5de
Command: lake env lean --profile -DautoImplicit=false -DrelaxedAutoImplicit=false -Dpp.unicode.fun=true -DmaxSynthPendingDepth=3 -Dlinter.mathlibStandardSet=true -DwarningAsError=true QICLeanTest/PolarUnitaryCorrection.lean
Exit code: 0
Wall seconds: 3.562859550002031
Warnings were errors; successful output contains no warnings.
Output:

import took 1.92s
cumulative profiling times:
	attribute application 0.0457ms
	elaboration 72.7ms
	fix level params 0.948ms
	import 1.92s
	initialization 28.2ms
	instantiate metavars 1.14ms
	interpretation 318ms
	linting 5.79ms
	module linting 0.002ms
	overlappingInstancesLinter 3.3ms
	parsing 3.02ms
	process pre-definitions 12.2ms
	share common exprs 5.52ms
	tactic execution 194ms
	tacticAnalysis 8.88ms
	type checking 170ms
	typeclass inference 186ms
