Local QIC source validation
Executed revision: c849b612e6e7c37c4c38263316681ff92b7ed5de
Verified module/test bytes at: c849b612e6e7c37c4c38263316681ff92b7ed5de
Command: lake env lean --profile -DautoImplicit=false -DrelaxedAutoImplicit=false -Dpp.unicode.fun=true -DmaxSynthPendingDepth=3 -Dlinter.mathlibStandardSet=true -DwarningAsError=true QICLeanTest/PolarUnitaryCorrectionKronecker.lean
Exit code: 0
Wall seconds: 3.472426271997392
Warnings were errors; successful output contains no warnings.
Output:

import took 1.95s
type checking took 111ms
cumulative profiling times:
	attribute application 0.0302ms
	dsimp 2.7ms
	elaboration 41ms
	fix level params 2.15ms
	import 1.95s
	initialization 29.1ms
	instantiate metavars 1ms
	interpretation 287ms
	linting 3.6ms
	module linting 0.0024ms
	overlappingInstancesLinter 4.32ms
	parsing 1.89ms
	process pre-definitions 10.5ms
	share common exprs 4.88ms
	tactic execution 129ms
	tacticAnalysis 7.71ms
	type checking 155ms
	typeclass inference 120ms
