docs/provenance/evidence/replicaDefect8750/Axioms.lean:3:0: error: The module doc-string for a file should be the first command after the imports.
Please, add a module doc-string (`/-! ... -/`) before `set_option linter.hashCommand false`.

Hint: Type `m(odule docstring) + [tab]` to insert a template via snippet.

Note: This linter can be disabled with `set_option linter.style.header false`
'Matrix.replicaHamiltonian' depends on axioms: [propext, Classical.choice, Quot.sound]
'Matrix.replicaDefectCount' depends on axioms: [propext, Classical.choice, Quot.sound]
'Matrix.replicaHamiltonian_mulVec_prod' depends on axioms: [propext, Classical.choice, Quot.sound]
'Matrix.replicaMeanHamiltonian_kronecker_mulVec_prod' depends on axioms: [propext, Classical.choice, Quot.sound]
'Matrix.PosSemidef.replica_gap' depends on axioms: [propext, Classical.choice, Quot.sound]
'Matrix.posSemidef_replicaDefectCount' depends on axioms: [propext, Classical.choice, Quot.sound]
'Matrix.spectralCutoff_replica_gap_mass_ge' depends on axioms: [propext, Classical.choice, Quot.sound]
'Matrix.replicaExcitationProjection' depends on axioms: [propext, Classical.choice, Quot.sound]
'Matrix.isStarProjection_replicaExcitationProjection' depends on axioms: [propext, Classical.choice, Quot.sound]
'Matrix.sum_replicaExcitationProjection' depends on axioms: [propext, Classical.choice, Quot.sound]
'Matrix.replicaDefectCount_mul_replicaExcitationProjection' depends on axioms: [propext, Classical.choice, Quot.sound]
'Matrix.cfc_replicaDefectCount_eq_sum_replicaExcitationProjection' depends on axioms: [propext,
 Classical.choice,
 Quot.sound]
'Matrix.replicaExcitationProjection_mul_of_ne' depends on axioms: [propext, Classical.choice, Quot.sound]
'Matrix.replicaDefectCutoff_decomposition' depends on axioms: [propext, Classical.choice, Quot.sound]
