Actual direct Lean invocation metadata (not a Lake build):
{
  "module": "QICLean.Entropy.ConditionalTwoFamilies",
  "source": "/workspace/scratch/7637e06d0fc2/QICLean-conditional-two-family-entropy/QICLean/Entropy/ConditionalTwoFamilies.lean",
  "cwd": "/workspace/scratch/7637e06d0fc2/QICLean-conditional-two-family-entropy",
  "unchanged_dependency": false,
  "source_sha256": "61681a1bcf3dc0b7576c336f8748f2402308dac7df5a1f15b014d91d1edb996d",
  "command": [
    "timeout",
    "--signal=INT",
    "--kill-after=5s",
    "90s",
    "lean",
    "-j1",
    "-Dpp.unicode.fun=true",
    "-DrelaxedAutoImplicit=false",
    "-DmaxSynthPendingDepth=3",
    "-Dlinter.mathlibStandardSet=true",
    "-DwarningAsError=true",
    "-o",
    "/workspace/scratch/7637e06d0fc2/conditional-two-family-validation/tmp/108564907015742/QICLean/Entropy/ConditionalTwoFamilies.olean",
    "-i",
    "/workspace/scratch/7637e06d0fc2/conditional-two-family-validation/tmp/108564907015742/QICLean/Entropy/ConditionalTwoFamilies.ilean",
    "/workspace/scratch/7637e06d0fc2/QICLean-conditional-two-family-entropy/QICLean/Entropy/ConditionalTwoFamilies.lean"
  ],
  "lean_path": "/workspace/scratch/7637e06d0fc2/conditional-two-family-validation/lib/lean:/workspace/scratch/7637e06d0fc2/TNLean/.lake/packages/LeanSearchClient/.lake/build/lib/lean:/workspace/scratch/7637e06d0fc2/TNLean/.lake/packages/proofwidgets/.lake/build/lib/lean:/workspace/scratch/7637e06d0fc2/TNLean/.lake/packages/batteries/.lake/build/lib/lean:/workspace/scratch/7637e06d0fc2/TNLean/.lake/packages/plausible/.lake/build/lib/lean:/workspace/scratch/7637e06d0fc2/TNLean/.lake/packages/Qq/.lake/build/lib/lean:/workspace/scratch/7637e06d0fc2/TNLean/.lake/packages/mathlib/.lake/build/lib/lean:/workspace/scratch/7637e06d0fc2/TNLean/.lake/packages/aesop/.lake/build/lib/lean:/workspace/scratch/7637e06d0fc2/TNLean/.lake/packages/importGraph/.lake/build/lib/lean",
  "start": "2026-10-07T09:09:57.871966+00:00",
  "elapsed_seconds": 3.5197997120121727,
  "exit_code": 0,
  "log": "/workspace/scratch/7637e06d0fc2/conditional-two-family-validation/logs/QICLean.Entropy.ConditionalTwoFamilies.108564907487019.log",
  "artifact_sha256": "91cb25dd1536c2e9a9ffd8462e8c6fc82d0a634dcfad4f05ec01dd19aca99e5d"
}

Unmodified compiler output:
