⚠ [3264/3318] Built QICLean.Algebra.PartialTraceDomination (12s)
warning: QICLean/Algebra/PartialTraceDomination.lean:63:0: `PosSemidef.le_card_smul_one_kronecker_partialTraceLeft` does not use the following hypothesis in its type:
  • [DecidableEq Y] (#6)

Consider removing this hypothesis and using `classical` in the proof instead. For terms, consider using `open scoped Classical in` at the term level (not the command level).

Note: This linter can be disabled with `set_option linter.unusedDecidableInType false`
warning: QICLean/Algebra/PartialTraceDomination.lean:63:0: `PosSemidef.le_card_smul_one_kronecker_partialTraceLeft` does not use the following hypothesis in its type:
  • [Fintype Y] (#5)

Consider replacing this hypothesis with the corresponding instance of `Finite` and using `Fintype.ofFinite` in the proof, or removing it entirely.

Note: This linter can be disabled with `set_option linter.unusedFintypeInType false`
✔ [3321/3343] Built QICLean.Algebra (5.2s)
✔ [9110/9821] Built QICLean.Analysis.ContractionChain (18s)
✔ [9111/9821] Built QICLean.Analysis.RectangularTraceNorm (11s)
✔ [9114/9821] Built QICLean.Analysis.CommutingHermitian (6.5s)
⚠ [9116/9821] Replayed QICLean.Analysis.ConvexHullCompact
warning: QICLean/Analysis/ConvexHullCompact.lean:65:4: `stdSimplex` has been deprecated: Use `Convexity.StdSimplex` instead

Note: The updated constant has a different type:
  (R : Type u) → [LE R] → [AddCommMonoid R] → [One R] → Type v → Type (max u v)
instead of
  (𝕜 : Type u_2) → (ι : Type u_1) → [Semiring 𝕜] → [PartialOrder 𝕜] → [Fintype ι] → Set (ι → 𝕜)
warning: QICLean/Analysis/ConvexHullCompact.lean:70:12: `isCompact_stdSimplex` has been deprecated: Use `Convexity.StdSimplex.compactSpace` instead

Note: The updated constant has a different type:
  ∀ (R : Type u_1) (M : Type u_2) [inst : Ring R] [inst_1 : TopologicalSpace R] [IsTopologicalRing R]
    [inst_3 : PartialOrder R] [inst_4 : IsStrictOrderedRing R] [CompactIccSpace R] [OrderClosedTopology R] [Finite M],
    CompactSpace (Convexity.StdSimplex R M)
instead of
  ∀ (𝕜 : Type u_1) (ι : Type u_2) [inst : Fintype ι] [inst_1 : TopologicalSpace 𝕜] [inst_2 : Semiring 𝕜]
    [inst_3 : PartialOrder 𝕜] [OrderClosedTopology 𝕜] [ContinuousAdd 𝕜] [CompactIccSpace 𝕜] [IsOrderedAddMonoid 𝕜],
    IsCompact (stdSimplex 𝕜 ι)
warning: QICLean/Analysis/ConvexHullCompact.lean:99:23: `stdSimplex` has been deprecated: Use `Convexity.StdSimplex` instead

Note: The updated constant has a different type:
  (R : Type u) → [LE R] → [AddCommMonoid R] → [One R] → Type v → Type (max u v)
instead of
  (𝕜 : Type u_2) → (ι : Type u_1) → [Semiring 𝕜] → [PartialOrder 𝕜] → [Fintype ι] → Set (ι → 𝕜)
⚠ [9117/9821] Replayed QICLean.Analysis.CyclicReciprocal
warning: QICLean/Analysis/CyclicReciprocal.lean:103:44: `stdSimplex` has been deprecated: Use `Convexity.StdSimplex` instead

Note: The updated constant has a different type:
  (R : Type u) → [LE R] → [AddCommMonoid R] → [One R] → Type v → Type (max u v)
instead of
  (𝕜 : Type u_2) → (ι : Type u_1) → [Semiring 𝕜] → [PartialOrder 𝕜] → [Fintype ι] → Set (ι → 𝕜)
✔ [9134/9821] Built QICLean.Analysis.FloorKKT (3.4s)
⚠ [9142/9821] Built QICLean.Analysis.KernelCompletion (5.3s)
warning: QICLean/Analysis/KernelCompletion.lean:91:100: This line exceeds the 100 character limit, please shorten it!

Note: This linter can be disabled with `set_option linter.style.longLine false`
✔ [9153/9821] Built QICLean.Analysis.ResolventDefect (4.4s)
✔ [9154/9821] Built QICLean.Analysis.ResolventMellin (6.1s)
✔ [9200/9821] Built QICLean.Entropy.ConditionalMovement.SpectralPowers (4.5s)
✔ [9201/9821] Built QICLean.Entropy.ConditionalMovement.LogMoments (7.8s)
⚠ [9202/9821] Built QICLean.Entropy.ConditionalMovement.LogCompression (8.0s)
warning: QICLean/Entropy/ConditionalMovement/LogCompression.lean:95:0: `compression_mono` does not use the following hypothesis in its type:
  • [Fintype n] (#4)

Consider replacing this hypothesis with the corresponding instance of `Finite` and using `Fintype.ofFinite` in the proof, or removing it entirely.

Note: This linter can be disabled with `set_option linter.unusedFintypeInType false`
warning: QICLean/Entropy/ConditionalMovement/LogCompression.lean:281:0: `sqrt_posDef` does not use the following hypothesis in its type outside of proofs:
  • [DecidableEq m] (#3) (used in type, but only in a proof)

Consider removing this hypothesis and using `classical` in the proof instead. For terms, consider using `open scoped Classical in` at the term level (not the command level).

Note: This linter can be disabled with `set_option linter.unusedDecidableInType false`
warning: QICLean/Entropy/ConditionalMovement/LogCompression.lean:284:0: `sqrt_square` does not use the following hypothesis in its type outside of proofs:
  • [DecidableEq m] (#3) (used in type, but only in a proof)

Consider removing this hypothesis and using `classical` in the proof instead. For terms, consider using `open scoped Classical in` at the term level (not the command level).

Note: This linter can be disabled with `set_option linter.unusedDecidableInType false`
warning: QICLean/Entropy/ConditionalMovement/LogCompression.lean:296:0: `eq_of_vec_pairing` does not use the following hypothesis in its type:
  • [DecidableEq m] (#3)

Consider removing this hypothesis and using `classical` in the proof instead. For terms, consider using `open scoped Classical in` at the term level (not the command level).

Note: This linter can be disabled with `set_option linter.unusedDecidableInType false`
✔ [9203/9821] Built QICLean.Entropy.ConditionalMovement.OptimizerStability (4.3s)
✔ [9204/9821] Built QICLean.Entropy.ConditionalMovement.MoveBounds (5.7s)
✔ [9205/9821] Built QICLean.Entropy.ConditionalMovement.ThreeLines (4.6s)
✔ [9209/9821] Built QICLean.Probability.ComplexGaussian.Basic (6.1s)
✔ [9210/9821] Built QICLean.Probability.IndependentCovariance (4.3s)
✔ [9211/9821] Built QICLean.Probability.MatrixSecondMoment (5.3s)
✔ [9212/9821] Built QICLean.Probability.CompressionSampling (16s)
✔ [9213/9821] Built QICLean.Representation.PartitionCount (3.2s)
ℹ [9214/9821] Replayed Gametheory.Scarf
info: Gametheory/Scarf.lean:241:33: Try this:
  [apply] rwa [h1.2] at hd

Note: This linter can be disabled with `set_option linter.tacticAnalysis.rwaSuggestion false`
info: Gametheory/Scarf.lean:246:33: Try this:
  [apply] rwa [h1.2] at hd

Note: This linter can be disabled with `set_option linter.tacticAnalysis.rwaSuggestion false`
✔ [9220/9821] Built QICLean.Representation.HookFormula (6.4s)
✔ [9221/9821] Built QICLean.Analysis.WeightedRectangular (4.3s)
✔ [9222/9821] Built QICLean.Analysis.RectangularTraceNormAlgebra (4.2s)
✔ [9223/9821] Built QICLean.Channel.RectangularTraceNormContraction (3.5s)
⚠ [9259/9821] Built QICLean.Analysis.SpectralKronecker (4.1s)
warning: QICLean/Analysis/SpectralKronecker.lean:115:0: `ext_star_dotProduct_mulVec` does not use the following hypotheses in its type:
  • [DecidableEq n] (#4)
  • [DecidableEq m] (#6)

Consider removing these hypotheses and using `classical` in the proof instead. For terms, consider using `open scoped Classical in` at the term level (not the command level).

Note: This linter can be disabled with `set_option linter.unusedDecidableInType false`
warning: QICLean/Analysis/SpectralKronecker.lean:122:0: `ext_star_vec_dotProduct_mulVec_vec` does not use the following hypotheses in its type:
  • [DecidableEq l] (#4)
  • [DecidableEq k] (#6)

Consider removing these hypotheses and using `classical` in the proof instead. For terms, consider using `open scoped Classical in` at the term level (not the command level).

Note: This linter can be disabled with `set_option linter.unusedDecidableInType false`
✔ [9260/9821] Built QICLean.Analysis.ResolventDefectIntegral (10s)
✔ [9289/9821] Built QICLean.Entropy.ConditionalMovement.Interpolation (14s)
⚠ [9290/9821] Built QICLean.Entropy.ConditionalMovement.PartialTrace (8.5s)
warning: QICLean/Entropy/ConditionalMovement/PartialTrace.lean:55:0: `ptrR_posSemidef` does not use the following hypotheses in its type:
  • [DecidableEq m] (#5)
  • [DecidableEq n] (#6)

Consider removing these hypotheses and using `classical` in the proof instead. For terms, consider using `open scoped Classical in` at the term level (not the command level).

Note: This linter can be disabled with `set_option linter.unusedDecidableInType false`
warning: QICLean/Entropy/ConditionalMovement/PartialTrace.lean:55:0: `ptrR_posSemidef` does not use the following hypothesis in its type:
  • [Fintype m] (#3)

Consider replacing this hypothesis with the corresponding instance of `Finite` and using `Fintype.ofFinite` in the proof, or removing it entirely.

Note: This linter can be disabled with `set_option linter.unusedFintypeInType false`
warning: QICLean/Entropy/ConditionalMovement/PartialTrace.lean:60:0: `ptrR_posDef` does not use the following hypotheses in its type:
  • [DecidableEq m] (#5)
  • [DecidableEq n] (#6)

Consider removing these hypotheses and using `classical` in the proof instead. For terms, consider using `open scoped Classical in` at the term level (not the command level).

Note: This linter can be disabled with `set_option linter.unusedDecidableInType false`
warning: QICLean/Entropy/ConditionalMovement/PartialTrace.lean:60:0: `ptrR_posDef` does not use the following hypothesis in its type:
  • [Fintype m] (#3)

Consider replacing this hypothesis with the corresponding instance of `Finite` and using `Fintype.ofFinite` in the proof, or removing it entirely.

Note: This linter can be disabled with `set_option linter.unusedFintypeInType false`
warning: QICLean/Entropy/ConditionalMovement/PartialTrace.lean:72:2: `simp [tensorLeftHom, Matrix.trace, Matrix.mul_apply, Matrix.kroneckerMap,
    Fintype.sum_prod_type, ptrR, Matrix.one_apply, Finset.sum_mul]` is a flexible tactic modifying `⊢`. Try `simp?` and use the suggested `simp only [...]`. Alternatively, use `suffices` to explicitly state the simplified form.

Note: This linter can be disabled with `set_option linter.flexible false`
info: QICLean/Entropy/ConditionalMovement/PartialTrace.lean:74:2: `exact Finset.sum_congr rfl fun x _ => Finset.sum_comm`
modifies the current goal, which was modified by the flexible tactic `simp` on line 72!
warning: QICLean/Entropy/ConditionalMovement/PartialTrace.lean:78:2: `simp [tensorRightHom, Matrix.trace, Matrix.mul_apply, Matrix.kroneckerMap,
    Fintype.sum_prod_type, ptrL, Matrix.one_apply, Finset.sum_mul]` is a flexible tactic modifying `⊢`. Try `simp?` and use the suggested `simp only [...]`. Alternatively, use `suffices` to explicitly state the simplified form.

Note: This linter can be disabled with `set_option linter.flexible false`
info: QICLean/Entropy/ConditionalMovement/PartialTrace.lean:80:2: `rw [Finset.sum_comm]`
modifies the current goal, which was modified by the flexible tactic `simp` on line 78!
warning: QICLean/Entropy/ConditionalMovement/PartialTrace.lean:78:2: `simp [tensorRightHom, Matrix.trace, Matrix.mul_apply, Matrix.kroneckerMap,
    Fintype.sum_prod_type, ptrL, Matrix.one_apply, Finset.sum_mul]` is a flexible tactic modifying `⊢`. Try `simp?` and use the suggested `simp only [...]`. Alternatively, use `suffices` to explicitly state the simplified form.

Note: This linter can be disabled with `set_option linter.flexible false`
info: QICLean/Entropy/ConditionalMovement/PartialTrace.lean:81:2: `apply Finset.sum_congr rfl`
modifies the current goal, which was modified by the flexible tactic `simp` on line 78!
warning: QICLean/Entropy/ConditionalMovement/PartialTrace.lean:78:2: `simp [tensorRightHom, Matrix.trace, Matrix.mul_apply, Matrix.kroneckerMap,
    Fintype.sum_prod_type, ptrL, Matrix.one_apply, Finset.sum_mul]` is a flexible tactic modifying `⊢`. Try `simp?` and use the suggested `simp only [...]`. Alternatively, use `suffices` to explicitly state the simplified form.

Note: This linter can be disabled with `set_option linter.flexible false`
info: QICLean/Entropy/ConditionalMovement/PartialTrace.lean:82:2: `intro i hi`
modifies the current goal, which was modified by the flexible tactic `simp` on line 78!
warning: QICLean/Entropy/ConditionalMovement/PartialTrace.lean:78:2: `simp [tensorRightHom, Matrix.trace, Matrix.mul_apply, Matrix.kroneckerMap,
    Fintype.sum_prod_type, ptrL, Matrix.one_apply, Finset.sum_mul]` is a flexible tactic modifying `⊢`. Try `simp?` and use the suggested `simp only [...]`. Alternatively, use `suffices` to explicitly state the simplified form.

Note: This linter can be disabled with `set_option linter.flexible false`
info: QICLean/Entropy/ConditionalMovement/PartialTrace.lean:83:2: `exact Finset.sum_comm`
modifies the current goal, which was modified by the flexible tactic `simp` on line 78!
warning: QICLean/Entropy/ConditionalMovement/PartialTrace.lean:192:0: `ptrL_posSemidef` does not use the following hypotheses in its type:
  • [DecidableEq m] (#5)
  • [DecidableEq n] (#6)

Consider removing these hypotheses and using `classical` in the proof instead. For terms, consider using `open scoped Classical in` at the term level (not the command level).

Note: This linter can be disabled with `set_option linter.unusedDecidableInType false`
warning: QICLean/Entropy/ConditionalMovement/PartialTrace.lean:192:0: `ptrL_posSemidef` does not use the following hypothesis in its type:
  • [Fintype n] (#4)

Consider replacing this hypothesis with the corresponding instance of `Finite` and using `Fintype.ofFinite` in the proof, or removing it entirely.

Note: This linter can be disabled with `set_option linter.unusedFintypeInType false`
warning: QICLean/Entropy/ConditionalMovement/PartialTrace.lean:197:0: `ptrL_posDef` does not use the following hypotheses in its type:
  • [DecidableEq m] (#5)
  • [DecidableEq n] (#6)

Consider removing these hypotheses and using `classical` in the proof instead. For terms, consider using `open scoped Classical in` at the term level (not the command level).

Note: This linter can be disabled with `set_option linter.unusedDecidableInType false`
warning: QICLean/Entropy/ConditionalMovement/PartialTrace.lean:197:0: `ptrL_posDef` does not use the following hypothesis in its type:
  • [Fintype n] (#4)

Consider replacing this hypothesis with the corresponding instance of `Finite` and using `Fintype.ofFinite` in the proof, or removing it entirely.

Note: This linter can be disabled with `set_option linter.unusedFintypeInType false`
⚠ [9293/9821] Replayed Gametheory.Brouwer
warning: Gametheory/Brouwer.lean:39:34: `stdSimplex` has been deprecated: Use `Convexity.StdSimplex` instead

Note: The updated constant has a different type:
  (R : Type u) → [LE R] → [AddCommMonoid R] → [One R] → Type v → Type (max u v)
instead of
  (𝕜 : Type u_2) → (ι : Type u_1) → [Semiring 𝕜] → [PartialOrder 𝕜] → [Fintype ι] → Set (ι → 𝕜)
warning: Gametheory/Brouwer.lean:49:45: `stdSimplex` has been deprecated: Use `Convexity.StdSimplex` instead

Note: The updated constant has a different type:
  (R : Type u) → [LE R] → [AddCommMonoid R] → [One R] → Type v → Type (max u v)
instead of
  (𝕜 : Type u_2) → (ι : Type u_1) → [Semiring 𝕜] → [PartialOrder 𝕜] → [Fintype ι] → Set (ι → 𝕜)
warning: Gametheory/Brouwer.lean:370:14: `stdSimplex` has been deprecated: Use `Convexity.StdSimplex` instead

Note: The updated constant has a different type:
  (R : Type u) → [LE R] → [AddCommMonoid R] → [One R] → Type v → Type (max u v)
instead of
  (𝕜 : Type u_2) → (ι : Type u_1) → [Semiring 𝕜] → [PartialOrder 𝕜] → [Fintype ι] → Set (ι → 𝕜)
warning: Gametheory/Brouwer.lean:370:37: `stdSimplex` has been deprecated: Use `Convexity.StdSimplex` instead

Note: The updated constant has a different type:
  (R : Type u) → [LE R] → [AddCommMonoid R] → [One R] → Type v → Type (max u v)
instead of
  (𝕜 : Type u_2) → (ι : Type u_1) → [Semiring 𝕜] → [PartialOrder 𝕜] → [Fintype ι] → Set (ι → 𝕜)
warning: Gametheory/Brouwer.lean:374:33: `stdSimplex` has been deprecated: Use `Convexity.StdSimplex` instead

Note: The updated constant has a different type:
  (R : Type u) → [LE R] → [AddCommMonoid R] → [One R] → Type v → Type (max u v)
instead of
  (𝕜 : Type u_2) → (ι : Type u_1) → [Semiring 𝕜] → [PartialOrder 𝕜] → [Fintype ι] → Set (ι → 𝕜)
warning: Gametheory/Brouwer.lean:374:33: `stdSimplex` has been deprecated: Use `Convexity.StdSimplex` instead

Note: The updated constant has a different type:
  (R : Type u) → [LE R] → [AddCommMonoid R] → [One R] → Type v → Type (max u v)
instead of
  (𝕜 : Type u_2) → (ι : Type u_1) → [Semiring 𝕜] → [PartialOrder 𝕜] → [Fintype ι] → Set (ι → 𝕜)
warning: Gametheory/Brouwer.lean:391:42: `stdSimplex` has been deprecated: Use `Convexity.StdSimplex` instead

Note: The updated constant has a different type:
  (R : Type u) → [LE R] → [AddCommMonoid R] → [One R] → Type v → Type (max u v)
instead of
  (𝕜 : Type u_2) → (ι : Type u_1) → [Semiring 𝕜] → [PartialOrder 𝕜] → [Fintype ι] → Set (ι → 𝕜)
warning: Gametheory/Brouwer.lean:391:42: `stdSimplex` has been deprecated: Use `Convexity.StdSimplex` instead

Note: The updated constant has a different type:
  (R : Type u) → [LE R] → [AddCommMonoid R] → [One R] → Type v → Type (max u v)
instead of
  (𝕜 : Type u_2) → (ι : Type u_1) → [Semiring 𝕜] → [PartialOrder 𝕜] → [Fintype ι] → Set (ι → 𝕜)
warning: Gametheory/Brouwer.lean:403:32: `stdSimplex` has been deprecated: Use `Convexity.StdSimplex` instead

Note: The updated constant has a different type:
  (R : Type u) → [LE R] → [AddCommMonoid R] → [One R] → Type v → Type (max u v)
instead of
  (𝕜 : Type u_2) → (ι : Type u_1) → [Semiring 𝕜] → [PartialOrder 𝕜] → [Fintype ι] → Set (ι → 𝕜)
warning: Gametheory/Brouwer.lean:506:40: `stdSimplex` has been deprecated: Use `Convexity.StdSimplex` instead

Note: The updated constant has a different type:
  (R : Type u) → [LE R] → [AddCommMonoid R] → [One R] → Type v → Type (max u v)
instead of
  (𝕜 : Type u_2) → (ι : Type u_1) → [Semiring 𝕜] → [PartialOrder 𝕜] → [Fintype ι] → Set (ι → 𝕜)
warning: Gametheory/Brouwer.lean:506:63: `stdSimplex` has been deprecated: Use `Convexity.StdSimplex` instead

Note: The updated constant has a different type:
  (R : Type u) → [LE R] → [AddCommMonoid R] → [One R] → Type v → Type (max u v)
instead of
  (𝕜 : Type u_2) → (ι : Type u_1) → [Semiring 𝕜] → [PartialOrder 𝕜] → [Fintype ι] → Set (ι → 𝕜)
warning: Gametheory/Brouwer.lean:507:65: `stdSimplex` has been deprecated: Use `Convexity.StdSimplex` instead

Note: The updated constant has a different type:
  (R : Type u) → [LE R] → [AddCommMonoid R] → [One R] → Type v → Type (max u v)
instead of
  (𝕜 : Type u_2) → (ι : Type u_1) → [Semiring 𝕜] → [PartialOrder 𝕜] → [Fintype ι] → Set (ι → 𝕜)
warning: Gametheory/Brouwer.lean:525:38: `stdSimplex` has been deprecated: Use `Convexity.StdSimplex` instead

Note: The updated constant has a different type:
  (R : Type u) → [LE R] → [AddCommMonoid R] → [One R] → Type v → Type (max u v)
instead of
  (𝕜 : Type u_2) → (ι : Type u_1) → [Semiring 𝕜] → [PartialOrder 𝕜] → [Fintype ι] → Set (ι → 𝕜)
warning: Gametheory/Brouwer.lean:548:23: `stdSimplex` has been deprecated: Use `Convexity.StdSimplex` instead

Note: The updated constant has a different type:
  (R : Type u) → [LE R] → [AddCommMonoid R] → [One R] → Type v → Type (max u v)
instead of
  (𝕜 : Type u_2) → (ι : Type u_1) → [Semiring 𝕜] → [PartialOrder 𝕜] → [Fintype ι] → Set (ι → 𝕜)
warning: Gametheory/Brouwer.lean:549:46: `stdSimplex` has been deprecated: Use `Convexity.StdSimplex` instead

Note: The updated constant has a different type:
  (R : Type u) → [LE R] → [AddCommMonoid R] → [One R] → Type v → Type (max u v)
instead of
  (𝕜 : Type u_2) → (ι : Type u_1) → [Semiring 𝕜] → [PartialOrder 𝕜] → [Fintype ι] → Set (ι → 𝕜)
warning: Gametheory/Brouwer.lean:551:55: `stdSimplex` has been deprecated: Use `Convexity.StdSimplex` instead

Note: The updated constant has a different type:
  (R : Type u) → [LE R] → [AddCommMonoid R] → [One R] → Type v → Type (max u v)
instead of
  (𝕜 : Type u_2) → (ι : Type u_1) → [Semiring 𝕜] → [PartialOrder 𝕜] → [Fintype ι] → Set (ι → 𝕜)
warning: Gametheory/Brouwer.lean:552:46: `stdSimplex` has been deprecated: Use `Convexity.StdSimplex` instead

Note: The updated constant has a different type:
  (R : Type u) → [LE R] → [AddCommMonoid R] → [One R] → Type v → Type (max u v)
instead of
  (𝕜 : Type u_2) → (ι : Type u_1) → [Semiring 𝕜] → [PartialOrder 𝕜] → [Fintype ι] → Set (ι → 𝕜)
warning: Gametheory/Brouwer.lean:566:34: `stdSimplex` has been deprecated: Use `Convexity.StdSimplex` instead

Note: The updated constant has a different type:
  (R : Type u) → [LE R] → [AddCommMonoid R] → [One R] → Type v → Type (max u v)
instead of
  (𝕜 : Type u_2) → (ι : Type u_1) → [Semiring 𝕜] → [PartialOrder 𝕜] → [Fintype ι] → Set (ι → 𝕜)
warning: Gametheory/Brouwer.lean:566:57: `stdSimplex` has been deprecated: Use `Convexity.StdSimplex` instead

Note: The updated constant has a different type:
  (R : Type u) → [LE R] → [AddCommMonoid R] → [One R] → Type v → Type (max u v)
instead of
  (𝕜 : Type u_2) → (ι : Type u_1) → [Semiring 𝕜] → [PartialOrder 𝕜] → [Fintype ι] → Set (ι → 𝕜)
warning: Gametheory/Brouwer.lean:626:34: `stdSimplex` has been deprecated: Use `Convexity.StdSimplex` instead

Note: The updated constant has a different type:
  (R : Type u) → [LE R] → [AddCommMonoid R] → [One R] → Type v → Type (max u v)
instead of
  (𝕜 : Type u_2) → (ι : Type u_1) → [Semiring 𝕜] → [PartialOrder 𝕜] → [Fintype ι] → Set (ι → 𝕜)
warning: Gametheory/Brouwer.lean:626:57: `stdSimplex` has been deprecated: Use `Convexity.StdSimplex` instead

Note: The updated constant has a different type:
  (R : Type u) → [LE R] → [AddCommMonoid R] → [One R] → Type v → Type (max u v)
instead of
  (𝕜 : Type u_2) → (ι : Type u_1) → [Semiring 𝕜] → [PartialOrder 𝕜] → [Fintype ι] → Set (ι → 𝕜)
warning: Gametheory/Brouwer.lean:631:87: `stdSimplex` has been deprecated: Use `Convexity.StdSimplex` instead

Note: The updated constant has a different type:
  (R : Type u) → [LE R] → [AddCommMonoid R] → [One R] → Type v → Type (max u v)
instead of
  (𝕜 : Type u_2) → (ι : Type u_1) → [Semiring 𝕜] → [PartialOrder 𝕜] → [Fintype ι] → Set (ι → 𝕜)
warning: Gametheory/Brouwer.lean:685:122: `stdSimplex` has been deprecated: Use `Convexity.StdSimplex` instead

Note: The updated constant has a different type:
  (R : Type u) → [LE R] → [AddCommMonoid R] → [One R] → Type v → Type (max u v)
instead of
  (𝕜 : Type u_2) → (ι : Type u_1) → [Semiring 𝕜] → [PartialOrder 𝕜] → [Fintype ι] → Set (ι → 𝕜)
warning: Gametheory/Brouwer.lean:686:83: `stdSimplex` has been deprecated: Use `Convexity.StdSimplex` instead

Note: The updated constant has a different type:
  (R : Type u) → [LE R] → [AddCommMonoid R] → [One R] → Type v → Type (max u v)
instead of
  (𝕜 : Type u_2) → (ι : Type u_1) → [Semiring 𝕜] → [PartialOrder 𝕜] → [Fintype ι] → Set (ι → 𝕜)
warning: Gametheory/Brouwer.lean:705:65: `stdSimplex` has been deprecated: Use `Convexity.StdSimplex` instead

Note: The updated constant has a different type:
  (R : Type u) → [LE R] → [AddCommMonoid R] → [One R] → Type v → Type (max u v)
instead of
  (𝕜 : Type u_2) → (ι : Type u_1) → [Semiring 𝕜] → [PartialOrder 𝕜] → [Fintype ι] → Set (ι → 𝕜)
warning: Gametheory/Brouwer.lean:706:53: `stdSimplex` has been deprecated: Use `Convexity.StdSimplex` instead

Note: The updated constant has a different type:
  (R : Type u) → [LE R] → [AddCommMonoid R] → [One R] → Type v → Type (max u v)
instead of
  (𝕜 : Type u_2) → (ι : Type u_1) → [Semiring 𝕜] → [PartialOrder 𝕜] → [Fintype ι] → Set (ι → 𝕜)
warning: Gametheory/Brouwer.lean:713:48: `stdSimplex` has been deprecated: Use `Convexity.StdSimplex` instead

Note: The updated constant has a different type:
  (R : Type u) → [LE R] → [AddCommMonoid R] → [One R] → Type v → Type (max u v)
instead of
  (𝕜 : Type u_2) → (ι : Type u_1) → [Semiring 𝕜] → [PartialOrder 𝕜] → [Fintype ι] → Set (ι → 𝕜)
warning: Gametheory/Brouwer.lean:717:48: `stdSimplex` has been deprecated: Use `Convexity.StdSimplex` instead

Note: The updated constant has a different type:
  (R : Type u) → [LE R] → [AddCommMonoid R] → [One R] → Type v → Type (max u v)
instead of
  (𝕜 : Type u_2) → (ι : Type u_1) → [Semiring 𝕜] → [PartialOrder 𝕜] → [Fintype ι] → Set (ι → 𝕜)
warning: Gametheory/Brouwer.lean:732:83: `stdSimplex` has been deprecated: Use `Convexity.StdSimplex` instead

Note: The updated constant has a different type:
  (R : Type u) → [LE R] → [AddCommMonoid R] → [One R] → Type v → Type (max u v)
instead of
  (𝕜 : Type u_2) → (ι : Type u_1) → [Semiring 𝕜] → [PartialOrder 𝕜] → [Fintype ι] → Set (ι → 𝕜)
warning: Gametheory/Brouwer.lean:740:81: `stdSimplex` has been deprecated: Use `Convexity.StdSimplex` instead

Note: The updated constant has a different type:
  (R : Type u) → [LE R] → [AddCommMonoid R] → [One R] → Type v → Type (max u v)
instead of
  (𝕜 : Type u_2) → (ι : Type u_1) → [Semiring 𝕜] → [PartialOrder 𝕜] → [Fintype ι] → Set (ι → 𝕜)
warning: Gametheory/Brouwer.lean:742:81: `stdSimplex` has been deprecated: Use `Convexity.StdSimplex` instead

Note: The updated constant has a different type:
  (R : Type u) → [LE R] → [AddCommMonoid R] → [One R] → Type v → Type (max u v)
instead of
  (𝕜 : Type u_2) → (ι : Type u_1) → [Semiring 𝕜] → [PartialOrder 𝕜] → [Fintype ι] → Set (ι → 𝕜)
warning: Gametheory/Brouwer.lean:743:46: `stdSimplex` has been deprecated: Use `Convexity.StdSimplex` instead

Note: The updated constant has a different type:
  (R : Type u) → [LE R] → [AddCommMonoid R] → [One R] → Type v → Type (max u v)
instead of
  (𝕜 : Type u_2) → (ι : Type u_1) → [Semiring 𝕜] → [PartialOrder 𝕜] → [Fintype ι] → Set (ι → 𝕜)
warning: Gametheory/Brouwer.lean:746:83: `stdSimplex` has been deprecated: Use `Convexity.StdSimplex` instead

Note: The updated constant has a different type:
  (R : Type u) → [LE R] → [AddCommMonoid R] → [One R] → Type v → Type (max u v)
instead of
  (𝕜 : Type u_2) → (ι : Type u_1) → [Semiring 𝕜] → [PartialOrder 𝕜] → [Fintype ι] → Set (ι → 𝕜)
✔ [9294/9821] Built QICLean.Probability.ComplexGaussian.Covariance (7.2s)
✔ [9297/9821] Built QICLean.Entropy.MarginalPhaseSetup (3.8s)
✔ [9298/9821] Built QICLean.Probability.WeightedSourceError (6.0s)
✔ [9299/9821] Built QICLean.Analysis.SourceContraction (4.9s)
✔ [9301/9821] Built QICLean.Analysis.IsometricDomainExtension (4.4s)
✔ [9302/9821] Built QICLean.Analysis.SubnormalizedPureStateError (8.5s)
✔ [9330/9821] Built QICLean.Analysis.ResolventPhaseGap (6.3s)
✔ [9355/9821] Built QICLean.Entropy.ConditionalMovement.NormalizedRows (6.2s)
✔ [9356/9821] Built QICLean.Entropy.ConditionalMovement.StrongSubadditivity (5.6s)
✔ [9357/9821] Built QICLean.Probability.ComplexGaussian.ProductSource (8.6s)
⚠ [9358/9821] Replayed Gametheory.Brouwer_product
warning: Gametheory/Brouwer_product.lean:15:21: `stdSimplex` has been deprecated: Use `Convexity.StdSimplex` instead

Note: The updated constant has a different type:
  (R : Type u) → [LE R] → [AddCommMonoid R] → [One R] → Type v → Type (max u v)
instead of
  (𝕜 : Type u_2) → (ι : Type u_1) → [Semiring 𝕜] → [PartialOrder 𝕜] → [Fintype ι] → Set (ι → 𝕜)
warning: Gametheory/Brouwer_product.lean:18:37: `stdSimplex` has been deprecated: Use `Convexity.StdSimplex` instead

Note: The updated constant has a different type:
  (R : Type u) → [LE R] → [AddCommMonoid R] → [One R] → Type v → Type (max u v)
instead of
  (𝕜 : Type u_2) → (ι : Type u_1) → [Semiring 𝕜] → [PartialOrder 𝕜] → [Fintype ι] → Set (ι → 𝕜)
warning: Gametheory/Brouwer_product.lean:48:12: `WellFounded.min_le` has been deprecated: Use `WellFoundedLT.min_le` instead

Note: The updated constant is in a different namespace. Dot notation may need to be changed (e.g., from `x.min_le` to `WellFoundedLT.min_le x`).

Hint: Replace the deprecated name:
  WellFoundedL̲T̲.min_le
warning: Gametheory/Brouwer_product.lean:224:8: `stdSimplex` has been deprecated: Use `Convexity.StdSimplex` instead

Note: The updated constant has a different type:
  (R : Type u) → [LE R] → [AddCommMonoid R] → [One R] → Type v → Type (max u v)
instead of
  (𝕜 : Type u_2) → (ι : Type u_1) → [Semiring 𝕜] → [PartialOrder 𝕜] → [Fintype ι] → Set (ι → 𝕜)
warning: Gametheory/Brouwer_product.lean:220:17: `stdSimplex` has been deprecated: Use `Convexity.StdSimplex` instead

Note: The updated constant has a different type:
  (R : Type u) → [LE R] → [AddCommMonoid R] → [One R] → Type v → Type (max u v)
instead of
  (𝕜 : Type u_2) → (ι : Type u_1) → [Semiring 𝕜] → [PartialOrder 𝕜] → [Fintype ι] → Set (ι → 𝕜)
warning: Gametheory/Brouwer_product.lean:229:15: `stdSimplex` has been deprecated: Use `Convexity.StdSimplex` instead

Note: The updated constant has a different type:
  (R : Type u) → [LE R] → [AddCommMonoid R] → [One R] → Type v → Type (max u v)
instead of
  (𝕜 : Type u_2) → (ι : Type u_1) → [Semiring 𝕜] → [PartialOrder 𝕜] → [Fintype ι] → Set (ι → 𝕜)
warning: Gametheory/Brouwer_product.lean:253:15: `stdSimplex` has been deprecated: Use `Convexity.StdSimplex` instead

Note: The updated constant has a different type:
  (R : Type u) → [LE R] → [AddCommMonoid R] → [One R] → Type v → Type (max u v)
instead of
  (𝕜 : Type u_2) → (ι : Type u_1) → [Semiring 𝕜] → [PartialOrder 𝕜] → [Fintype ι] → Set (ι → 𝕜)
warning: Gametheory/Brouwer_product.lean:375:8: `stdSimplex` has been deprecated: Use `Convexity.StdSimplex` instead

Note: The updated constant has a different type:
  (R : Type u) → [LE R] → [AddCommMonoid R] → [One R] → Type v → Type (max u v)
instead of
  (𝕜 : Type u_2) → (ι : Type u_1) → [Semiring 𝕜] → [PartialOrder 𝕜] → [Fintype ι] → Set (ι → 𝕜)
warning: Gametheory/Brouwer_product.lean:362:17: `stdSimplex` has been deprecated: Use `Convexity.StdSimplex` instead

Note: The updated constant has a different type:
  (R : Type u) → [LE R] → [AddCommMonoid R] → [One R] → Type v → Type (max u v)
instead of
  (𝕜 : Type u_2) → (ι : Type u_1) → [Semiring 𝕜] → [PartialOrder 𝕜] → [Fintype ι] → Set (ι → 𝕜)
warning: Gametheory/Brouwer_product.lean:382:15: `stdSimplex` has been deprecated: Use `Convexity.StdSimplex` instead

Note: The updated constant has a different type:
  (R : Type u) → [LE R] → [AddCommMonoid R] → [One R] → Type v → Type (max u v)
instead of
  (𝕜 : Type u_2) → (ι : Type u_1) → [Semiring 𝕜] → [PartialOrder 𝕜] → [Fintype ι] → Set (ι → 𝕜)
✔ [9382/9821] Built QICLean.Probability.ComplexGaussian.IndependentSlots (4.2s)
✔ [9383/9821] Built QICLean.Analysis.ChronologicalGarbage (4.8s)
✔ [9384/9821] Built QICLean.Analysis.SourceOnlyDensityError (9.9s)
⚠ [9407/9821] Built QICLean.Analysis.ResolventPhaseBound (6.9s)
warning: QICLean/Analysis/ResolventPhaseBound.lean:290:19: `if_pos` has been deprecated: Use `ite_eq_left` instead

Hint: Replace the deprecated name:
  i̵f̵_̵p̵o̵s̵i̲t̲e̲_̲e̲q̲_̲l̲e̲f̲t̲
warning: QICLean/Analysis/ResolventPhaseBound.lean:305:57: `if_neg` has been deprecated: Use `ite_eq_right` instead

Hint: Replace the deprecated name:
  i̵f̵_̵n̵e̵g̵i̲t̲e̲_̲e̲q̲_̲r̲i̲g̲h̲t̲
✔ [9422/9821] Built QICLean.Entropy.ConditionalMovement.EntropyHolder (4.2s)
⚠ [9423/9821] Built QICLean.Entropy.ConditionalMovement.EntropyBounds (4.4s)
warning: QICLean/Entropy/ConditionalMovement/EntropyBounds.lean:39:0: `block_posSemidef` does not use the following hypotheses in its type:
  • [DecidableEq m] (#5)
  • [DecidableEq n] (#6)

Consider removing these hypotheses and using `classical` in the proof instead. For terms, consider using `open scoped Classical in` at the term level (not the command level).

Note: This linter can be disabled with `set_option linter.unusedDecidableInType false`
warning: QICLean/Entropy/ConditionalMovement/EntropyBounds.lean:39:0: `block_posSemidef` does not use the following hypotheses in its type:
  • [Fintype m] (#3)
  • [Fintype n] (#4)

Consider replacing these hypotheses with the corresponding instances of `Finite` and using `Fintype.ofFinite` in the proof, or removing them entirely.

Note: This linter can be disabled with `set_option linter.unusedFintypeInType false`
warning: QICLean/Entropy/ConditionalMovement/EntropyBounds.lean:135:0: `trace_mul_mono_right` does not use the following hypothesis in its type:
  • [DecidableEq n] (#3)

Consider removing this hypothesis and using `classical` in the proof instead. For terms, consider using `open scoped Classical in` at the term level (not the command level).

Note: This linter can be disabled with `set_option linter.unusedDecidableInType false`
✔ [9424/9821] Built QICLean.Probability.ComplexGaussian.ProductSourceTransport (5.7s)
⚠ [9425/9821] Replayed QICLean.Topology.BrouwerProduct
warning: QICLean/Topology/BrouwerProduct.lean:33:36: `stdSimplexHomeomorphUnitInterval` has been deprecated: Use `Convexity.StdSimplex.homeomorphI` instead

Note: The updated constant has a different type:
  Convexity.StdSimplex ℝ (Fin 2) ≃ₜ ↑unitInterval
instead of
  ↑(stdSimplex ℝ (Fin 2)) ≃ₜ ↑unitInterval
✔ [9448/9821] Built QICLean.Probability.ComplexGaussian.SourceError (4.1s)
✔ [9449/9821] Built QICLean.Analysis.ChronologicalGarbageError (4.2s)
⚠ [9457/9821] Replayed QICLean.Channel.ChoiTypeMap.YamagamiPositivity
warning: QICLean/Channel/ChoiTypeMap/YamagamiPositivity.lean:166:25: `stdSimplex` has been deprecated: Use `Convexity.StdSimplex` instead

Note: The updated constant has a different type:
  (R : Type u) → [LE R] → [AddCommMonoid R] → [One R] → Type v → Type (max u v)
instead of
  (𝕜 : Type u_2) → (ι : Type u_1) → [Semiring 𝕜] → [PartialOrder 𝕜] → [Fintype ι] → Set (ι → 𝕜)
warning: QICLean/Channel/ChoiTypeMap/YamagamiPositivity.lean:175:13: `stdSimplex` has been deprecated: Use `Convexity.StdSimplex` instead

Note: The updated constant has a different type:
  (R : Type u) → [LE R] → [AddCommMonoid R] → [One R] → Type v → Type (max u v)
instead of
  (𝕜 : Type u_2) → (ι : Type u_1) → [Semiring 𝕜] → [PartialOrder 𝕜] → [Fintype ι] → Set (ι → 𝕜)
warning: QICLean/Channel/ChoiTypeMap/YamagamiPositivity.lean:181:23: `stdSimplex` has been deprecated: Use `Convexity.StdSimplex` instead

Note: The updated constant has a different type:
  (R : Type u) → [LE R] → [AddCommMonoid R] → [One R] → Type v → Type (max u v)
instead of
  (𝕜 : Type u_2) → (ι : Type u_1) → [Semiring 𝕜] → [PartialOrder 𝕜] → [Fintype ι] → Set (ι → 𝕜)
warning: QICLean/Channel/ChoiTypeMap/YamagamiPositivity.lean:182:45: `isClosed_stdSimplex` has been deprecated: Use `Convexity.StdSimplex.isClosedEmbedding_toFun_comp_weights` instead

Note: The updated constant has a different type:
  ∀ (R : Type u) [inst : PartialOrder R] [inst_1 : Ring R] [inst_2 : TopologicalSpace R]
    [inst_3 : IsStrictOrderedRing R] [IsTopologicalRing R] [OrderClosedTopology R] (M : Type u_1) [Finite M],
    Topology.IsClosedEmbedding fun t ↦ ⇑t.weights
instead of
  ∀ (𝕜 : Type u_1) (ι : Type u_2) [inst : Fintype ι] [inst_1 : TopologicalSpace 𝕜] [inst_2 : Semiring 𝕜]
    [inst_3 : PartialOrder 𝕜] [OrderClosedTopology 𝕜] [ContinuousAdd 𝕜], IsClosed (stdSimplex 𝕜 ι)
warning: QICLean/Channel/ChoiTypeMap/YamagamiPositivity.lean:184:5: `isCompact_stdSimplex` has been deprecated: Use `Convexity.StdSimplex.compactSpace` instead

Note: The updated constant has a different type:
  ∀ (R : Type u_1) (M : Type u_2) [inst : Ring R] [inst_1 : TopologicalSpace R] [IsTopologicalRing R]
    [inst_3 : PartialOrder R] [inst_4 : IsStrictOrderedRing R] [CompactIccSpace R] [OrderClosedTopology R] [Finite M],
    CompactSpace (Convexity.StdSimplex R M)
instead of
  ∀ (𝕜 : Type u_1) (ι : Type u_2) [inst : Fintype ι] [inst_1 : TopologicalSpace 𝕜] [inst_2 : Semiring 𝕜]
    [inst_3 : PartialOrder 𝕜] [OrderClosedTopology 𝕜] [ContinuousAdd 𝕜] [CompactIccSpace 𝕜] [IsOrderedAddMonoid 𝕜],
    IsCompact (stdSimplex 𝕜 ι)
warning: QICLean/Channel/ChoiTypeMap/YamagamiPositivity.lean:263:48: `stdSimplex` has been deprecated: Use `Convexity.StdSimplex` instead

Note: The updated constant has a different type:
  (R : Type u) → [LE R] → [AddCommMonoid R] → [One R] → Type v → Type (max u v)
instead of
  (𝕜 : Type u_2) → (ι : Type u_1) → [Semiring 𝕜] → [PartialOrder 𝕜] → [Fintype ι] → Set (ι → 𝕜)
✔ [9467/9821] Built QICLean.Representation.IrrepLabelCount (3.9s)
⚠ [9472/9821] Built QICLean.Entropy.MarginalPhaseFaithful (4.5s)
warning: QICLean/Entropy/MarginalPhaseFaithful.lean:50:0: `posDef_marginalUF` does not use the following hypotheses in its type:
  • [Fintype U] (#5)
  • [Fintype F] (#6)

Consider replacing these hypotheses with the corresponding instances of `Finite` and using `Fintype.ofFinite` in the proof, or removing them entirely.

Note: This linter can be disabled with `set_option linter.unusedFintypeInType false`
warning: QICLean/Entropy/MarginalPhaseFaithful.lean:54:0: `posDef_marginalXU` does not use the following hypotheses in its type:
  • [Fintype X] (#4)
  • [Fintype U] (#5)

Consider replacing these hypotheses with the corresponding instances of `Finite` and using `Fintype.ofFinite` in the proof, or removing them entirely.

Note: This linter can be disabled with `set_option linter.unusedFintypeInType false`
warning: QICLean/Entropy/MarginalPhaseFaithful.lean:58:0: automatically included section variable(s) unused in theorem `Entropy.MarginalPhase.posDef_marginalU`:
  [DecidableEq X]
  [DecidableEq U]
  [DecidableEq F]
consider restructuring your `variable` declarations so that the variables are not in scope or explicitly omit them:
  omit [DecidableEq X] [DecidableEq U] [DecidableEq F] in theorem ...

Note: This linter can be disabled with `set_option linter.unusedSectionVars false`
warning: QICLean/Entropy/MarginalPhaseFaithful.lean:58:0: `posDef_marginalU` does not use the following hypotheses in its type:
  • [DecidableEq X] (#5)
  • [DecidableEq U] (#7)
  • [DecidableEq F] (#9)

Consider removing these hypotheses and using `classical` in the proof instead. For terms, consider using `open scoped Classical in` at the term level (not the command level).

Note: This linter can be disabled with `set_option linter.unusedDecidableInType false`
warning: QICLean/Entropy/MarginalPhaseFaithful.lean:58:0: `posDef_marginalU` does not use the following hypothesis in its type:
  • [Fintype U] (#6)

Consider replacing this hypothesis with the corresponding instance of `Finite` and using `Fintype.ofFinite` in the proof, or removing it entirely.

Note: This linter can be disabled with `set_option linter.unusedFintypeInType false`
warning: QICLean/Entropy/MarginalPhaseFaithful.lean:147:4: Overlapping instance parameters in `isoMap`:

⚠️ There are 2 `[Nonempty X]` instances; one is sufficient.
⚠️ There are 2 `[Nonempty F]` instances; one is sufficient.

Note: This linter can be disabled with `set_option linter.overlappingInstances false`
✔ [9480/9821] Built QICLean.Entropy.ConditionalMovement.SpectralPhase (3.5s)
⚠ [9481/9821] Built QICLean.Entropy.ConditionalMovement.ConditionalCollision (3.9s)
warning: QICLean/Entropy/ConditionalMovement/ConditionalCollision.lean:67:0: `collision_le` does not use the following hypotheses in its type:
  • [DecidableEq X] (#7)
  • [DecidableEq F] (#9)

Consider removing these hypotheses and using `classical` in the proof instead. For terms, consider using `open scoped Classical in` at the term level (not the command level).

Note: This linter can be disabled with `set_option linter.unusedDecidableInType false`
warning: QICLean/Entropy/ConditionalMovement/ConditionalCollision.lean:129:0: `density_pos` does not use the following hypotheses in its type:
  • [Fintype X] (#4)
  • [Fintype P] (#5)

Consider replacing these hypotheses with the corresponding instances of `Finite` and using `Fintype.ofFinite` in the proof, or removing them entirely.

Note: This linter can be disabled with `set_option linter.unusedFintypeInType false`
warning: QICLean/Entropy/ConditionalMovement/ConditionalCollision.lean:141:0: `conditional_spectral_mgf` does not use the following hypothesis in its type:
  • [DecidableEq F] (#9)

Consider removing this hypothesis and using `classical` in the proof instead. For terms, consider using `open scoped Classical in` at the term level (not the command level).

Note: This linter can be disabled with `set_option linter.unusedDecidableInType false`
✔ [9482/9821] Built QICLean.Entropy.ConditionalMovement.PureEntropy (3.7s)
✔ [9484/9821] Built QICLean.Probability.ComplexGaussian.SchmidtSource (3.9s)
✔ [9520/9821] Built QICLean.Probability.ComplexGaussian.GlobalBranchLaw (4.1s)
✔ [9523/9821] Built QICLean.Representation.SchurWeylCommutant (4.5s)
⚠ [9525/9821] Built QICLean.Entropy.MarginalPhaseQuantities (4.5s)
warning: QICLean/Entropy/MarginalPhaseQuantities.lean:58:0: automatically included section variable(s) unused in theorem `Entropy.MarginalPhase.trace_marginalU`:
  [DecidableEq X]
  [DecidableEq U]
  [DecidableEq F]
consider restructuring your `variable` declarations so that the variables are not in scope or explicitly omit them:
  omit [DecidableEq X] [DecidableEq U] [DecidableEq F] in theorem ...

Note: This linter can be disabled with `set_option linter.unusedSectionVars false`
warning: QICLean/Entropy/MarginalPhaseQuantities.lean:58:0: `trace_marginalU` does not use the following hypotheses in its type:
  • [DecidableEq X] (#5)
  • [DecidableEq U] (#7)
  • [DecidableEq F] (#9)

Consider removing these hypotheses and using `classical` in the proof instead. For terms, consider using `open scoped Classical in` at the term level (not the command level).

Note: This linter can be disabled with `set_option linter.unusedDecidableInType false`
warning: QICLean/Entropy/MarginalPhaseQuantities.lean:62:0: `trace_sigmaS` does not use the following hypotheses in its type:
  • [DecidableEq U] (#7)
  • [DecidableEq F] (#9)

Consider removing these hypotheses and using `classical` in the proof instead. For terms, consider using `open scoped Classical in` at the term level (not the command level).

Note: This linter can be disabled with `set_option linter.unusedDecidableInType false`
warning: QICLean/Entropy/MarginalPhaseQuantities.lean:100:29: This simp argument is unused:
  Complex.zero_re

Hint: Omit it from the simp argument list.
  [apply] simp only [Complex.sub_re] at this

Note: This linter can be disabled with `set_option linter.unusedSimpArgs false`
warning: QICLean/Entropy/MarginalPhaseQuantities.lean:92:0: `re_trace_mul_mul_mono` does not use the following hypothesis in its type:
  • [DecidableEq n] (#3)

Consider removing this hypothesis and using `classical` in the proof instead. For terms, consider using `open scoped Classical in` at the term level (not the command level).

Note: This linter can be disabled with `set_option linter.unusedDecidableInType false`
warning: QICLean/Entropy/MarginalPhaseQuantities.lean:112:0: `posDef_sigmaF` does not use the following hypotheses in its type:
  • [Fintype U] (#6)
  • [Fintype F] (#7)

Consider replacing these hypotheses with the corresponding instances of `Finite` and using `Fintype.ofFinite` in the proof, or removing them entirely.

Note: This linter can be disabled with `set_option linter.unusedFintypeInType false`
✔ [9526/9821] Built QICLean.Entropy.FilterEnergy (4.9s)
✔ [9527/9821] Built QICLean.Entropy.FilterMoment (4.2s)
✔ [9533/9821] Built QICLean.Entropy.SupportedMarginalTails (4.8s)
✔ [9538/9821] Built QICLean.Entropy.ConditionalMovement.RenyiSlack (4.7s)
⚠ [9539/9821] Built QICLean.Entropy.ConditionalMovement.FilterEntropy (4.2s)
warning: QICLean/Entropy/ConditionalMovement/FilterEntropy.lean:177:0: `one_filter_entropy_bound` does not use the following hypothesis in its type:
  • [DecidableEq F] (#9)

Consider removing this hypothesis and using `classical` in the proof instead. For terms, consider using `open scoped Classical in` at the term level (not the command level).

Note: This linter can be disabled with `set_option linter.unusedDecidableInType false`
⚠ [9540/9821] Built QICLean.Entropy.ConditionalMovement.ConditionalPhase (4.2s)
warning: QICLean/Entropy/ConditionalMovement/ConditionalPhase.lean:107:0: `conditional_spectral_second_moment` does not use the following hypothesis in its type:
  • [DecidableEq F] (#9)

Consider removing this hypothesis and using `classical` in the proof instead. For terms, consider using `open scoped Classical in` at the term level (not the command level).

Note: This linter can be disabled with `set_option linter.unusedDecidableInType false`
warning: QICLean/Entropy/ConditionalMovement/ConditionalPhase.lean:202:0: `conditional_phase_continuity` does not use the following hypothesis in its type:
  • [DecidableEq F] (#9)

Consider removing this hypothesis and using `classical` in the proof instead. For terms, consider using `open scoped Classical in` at the term level (not the command level).

Note: This linter can be disabled with `set_option linter.unusedDecidableInType false`
⚠ [9542/9821] Built QICLean.Entropy.ConditionalMovement.EntropyContinuity (5.7s)
warning: QICLean/Entropy/ConditionalMovement/EntropyContinuity.lean:39:0: `posSemidef_zero_of_trace_re_zero` does not use the following hypothesis in its type:
  • [DecidableEq n] (#3)

Consider removing this hypothesis and using `classical` in the proof instead. For terms, consider using `open scoped Classical in` at the term level (not the command level).

Note: This linter can be disabled with `set_option linter.unusedDecidableInType false`
✔ [9571/9821] Built QICLean.Probability.ComplexGaussian.GaussianContraction (6.3s)
✔ [9573/9821] Built QICLean.Representation.HighestWeight (4.4s)
✔ [9574/9821] Built QICLean.Representation.GroupedLabelEntropy (4.2s)
✔ [9576/9821] Built QICLean.Representation.BadCopyLabelDimension (3.7s)
✔ [9579/9821] Built QICLean.Entropy.MarginalPhaseComparison (3.8s)
✔ [9583/9821] Built QICLean.Entropy.LocalLift (4.4s)
✔ [9587/9821] Built QICLean.Entropy.ConditionalMovement.PhaseContinuity (3.5s)
⚠ [9589/9821] Built QICLean.Entropy.ConditionalMovement.Optimizer (12s)
warning: QICLean/Entropy/ConditionalMovement/Optimizer.lean:419:0: `conditional_optimizer_root_stability` does not use the following hypothesis in its type:
  • [DecidableEq F] (#9)

Consider removing this hypothesis and using `classical` in the proof instead. For terms, consider using `open scoped Classical in` at the term level (not the command level).

Note: This linter can be disabled with `set_option linter.unusedDecidableInType false`
ℹ [9605/9821] Replayed QICLean.Channel.LorentzNormalForm.SpinorExponential
info: QICLean/Channel/LorentzNormalForm/SpinorExponential.lean:452:47: Try this:
  [apply] ring_nf
  
  The `ring` tactic failed to close the goal. Use `ring_nf` to obtain a normal form.
    
  Note that `ring` works primarily in *commutative* rings. If you have a noncommutative ring, abelian group or module, consider using `noncomm_ring`, `abel` or `module` instead.
info: QICLean/Channel/LorentzNormalForm/SpinorExponential.lean:454:47: Try this:
  [apply] ring_nf
  
  The `ring` tactic failed to close the goal. Use `ring_nf` to obtain a normal form.
    
  Note that `ring` works primarily in *commutative* rings. If you have a noncommutative ring, abelian group or module, consider using `noncomm_ring`, `abel` or `module` instead.
info: QICLean/Channel/LorentzNormalForm/SpinorExponential.lean:484:46: Try this:
  [apply] ring_nf
  
  The `ring` tactic failed to close the goal. Use `ring_nf` to obtain a normal form.
    
  Note that `ring` works primarily in *commutative* rings. If you have a noncommutative ring, abelian group or module, consider using `noncomm_ring`, `abel` or `module` instead.
info: QICLean/Channel/LorentzNormalForm/SpinorExponential.lean:486:46: Try this:
  [apply] ring_nf
  
  The `ring` tactic failed to close the goal. Use `ring_nf` to obtain a normal form.
    
  Note that `ring` works primarily in *commutative* rings. If you have a noncommutative ring, abelian group or module, consider using `noncomm_ring`, `abel` or `module` instead.
✔ [9609/9821] Built QICLean.Probability.ComplexGaussian (3.8s)
✔ [9610/9821] Built QICLean.Representation.ColumnAntisymmetrizer (3.6s)
✔ [9612/9821] Built QICLean.Representation.GoodAuxiliaryLabelEntropy (3.5s)
✔ [9621/9821] Built QICLean.Entropy.FilterStationarity (5.1s)
✔ [9625/9821] Built QICLean.Entropy.ConditionalMovement.PhaseTransfer (9.9s)
✔ [9641/9821] Built QICLean.Probability (3.8s)
✔ [9642/9821] Built QICLean.Representation.SchurWeylLabels (4.2s)
✔ [9644/9821] Built QICLean.Representation.GoodAuxiliaryLabelCompression (10s)
✔ [9650/9821] Built QICLean.Entropy.FilterClipping (6.7s)
✔ [9666/9821] Built QICLean.Entropy.ConditionalMovement.ModularDistance (4.7s)
✔ [9668/9821] Built QICLean.Representation.SchurWeylLift (3.0s)
✔ [9669/9821] Built QICLean.Analysis.ReplicaGoodAuxiliaryLabelBound (3.8s)
✔ [9674/9821] Built QICLean.Entropy.FilterOptimizer (5.5s)
⚠ [9689/9821] Built QICLean.Entropy.ConditionalMovement.FilterSlack (9.9s)
warning: QICLean/Entropy/ConditionalMovement/FilterSlack.lean:159:0: `conditional_optimizer_deficit` does not use the following hypothesis in its type:
  • [DecidableEq F] (#9)

Consider removing this hypothesis and using `classical` in the proof instead. For terms, consider using `open scoped Classical in` at the term level (not the command level).

Note: This linter can be disabled with `set_option linter.unusedDecidableInType false`
warning: QICLean/Entropy/ConditionalMovement/FilterSlack.lean:205:0: `coefficient_energy` does not use the following hypothesis in its type:
  • [DecidableEq X] (#7)

Consider removing this hypothesis and using `classical` in the proof instead. For terms, consider using `open scoped Classical in` at the term level (not the command level).

Note: This linter can be disabled with `set_option linter.unusedDecidableInType false`
warning: QICLean/Entropy/ConditionalMovement/FilterSlack.lean:219:0: `conditional_modular_distance` does not use the following hypothesis in its type:
  • [DecidableEq F] (#9)

Consider removing this hypothesis and using `classical` in the proof instead. For terms, consider using `open scoped Classical in` at the term level (not the command level).

Note: This linter can be disabled with `set_option linter.unusedDecidableInType false`
✔ [9698/9821] Built QICLean.Representation (3.4s)
✔ [9699/9821] Built QICLean.Entropy.RegionUnion (5.0s)
✔ [9701/9821] Built QICLean.Entropy.FilterChain (4.5s)
⚠ [9713/9821] Built QICLean.Entropy.ConditionalMovement.Purification (4.6s)
warning: QICLean/Entropy/ConditionalMovement/Purification.lean:75:0: `opposite_entropy_absorbed` does not use the following hypothesis in its type:
  • [DecidableEq F] (#12)

Consider removing this hypothesis and using `classical` in the proof instead. For terms, consider using `open scoped Classical in` at the term level (not the command level).

Note: This linter can be disabled with `set_option linter.unusedDecidableInType false`
warning: QICLean/Entropy/ConditionalMovement/Purification.lean:219:0: `one_filter_purification_bound` does not use the following hypothesis in its type:
  • [DecidableEq F] (#9)

Consider removing this hypothesis and using `classical` in the proof instead. For terms, consider using `open scoped Classical in` at the term level (not the command level).

Note: This linter can be disabled with `set_option linter.unusedDecidableInType false`
✔ [9724/9821] Built QICLean.Entropy.SchmidtPinning (4.5s)
✔ [9725/9821] Built QICLean.Entropy.FilterMaximizer (3.6s)
⚠ [9740/9821] Built QICLean.Entropy.ConditionalMovement.BoundaryEnergy (9.9s)
warning: QICLean/Entropy/ConditionalMovement/BoundaryEnergy.lean:135:0: `paired_entropy_boundary` does not use the following hypothesis in its type:
  • [DecidableEq F] (#12)

Consider removing this hypothesis and using `classical` in the proof instead. For terms, consider using `open scoped Classical in` at the term level (not the command level).

Note: This linter can be disabled with `set_option linter.unusedDecidableInType false`
warning: QICLean/Entropy/ConditionalMovement/BoundaryEnergy.lean:234:0: `coefficient_kernel` does not use the following hypothesis in its type:
  • [Fintype Y] (#5)

Consider replacing this hypothesis with the corresponding instance of `Finite` and using `Fintype.ofFinite` in the proof, or removing it entirely.

Note: This linter can be disabled with `set_option linter.unusedFintypeInType false`
warning: QICLean/Entropy/ConditionalMovement/BoundaryEnergy.lean:265:0: `one_filter_with_marginal_phase` does not use the following hypothesis in its type:
  • [DecidableEq F] (#9)

Consider removing this hypothesis and using `classical` in the proof instead. For terms, consider using `open scoped Classical in` at the term level (not the command level).

Note: This linter can be disabled with `set_option linter.unusedDecidableInType false`
warning: QICLean/Entropy/ConditionalMovement/BoundaryEnergy.lean:337:0: `right_boundary_entropy` does not use the following hypothesis in its type:
  • [DecidableEq F] (#12)

Consider removing this hypothesis and using `classical` in the proof instead. For terms, consider using `open scoped Classical in` at the term level (not the command level).

Note: This linter can be disabled with `set_option linter.unusedDecidableInType false`
warning: QICLean/Entropy/ConditionalMovement/BoundaryEnergy.lean:375:0: `boundary_pair_energy` does not use the following hypothesis in its type:
  • [DecidableEq F] (#12)

Consider removing this hypothesis and using `classical` in the proof instead. For terms, consider using `open scoped Classical in` at the term level (not the command level).

Note: This linter can be disabled with `set_option linter.unusedDecidableInType false`
✔ [9746/9821] Built QICLean.Entropy.RegionEntropy (3.0s)
✔ [9747/9821] Built QICLean.Entropy.FilterChainEnergy (4.7s)
⚠ [9761/9821] Built QICLean.Entropy.ConditionalMovement.DoubleCurve (5.4s)
warning: QICLean/Entropy/ConditionalMovement/DoubleCurve.lean:56:0: `matrixMul_differentiable` does not use the following hypotheses in its type:
  • [DecidableEq κ] (#7)
  • [DecidableEq ζ] (#8)

Consider removing these hypotheses and using `classical` in the proof instead. For terms, consider using `open scoped Classical in` at the term level (not the command level).

Note: This linter can be disabled with `set_option linter.unusedDecidableInType false`
warning: QICLean/Entropy/ConditionalMovement/DoubleCurve.lean:56:0: `matrixMul_differentiable` does not use the following hypotheses in its type:
  • [Fintype ι] (#4)
  • [Fintype ζ] (#6)

Consider replacing these hypotheses with the corresponding instances of `Finite` and using `Fintype.ofFinite` in the proof, or removing them entirely.

Note: This linter can be disabled with `set_option linter.unusedFintypeInType false`
warning: QICLean/Entropy/ConditionalMovement/DoubleCurve.lean:92:0: `doubleCurve_differentiable` does not use the following hypothesis in its type:
  • [DecidableEq F] (#12)

Consider removing this hypothesis and using `classical` in the proof instead. For terms, consider using `open scoped Classical in` at the term level (not the command level).

Note: This linter can be disabled with `set_option linter.unusedDecidableInType false`
warning: QICLean/Entropy/ConditionalMovement/DoubleCurve.lean:112:0: `doubleCurve_bounded` does not use the following hypothesis in its type:
  • [DecidableEq F] (#12)

Consider removing this hypothesis and using `classical` in the proof instead. For terms, consider using `open scoped Classical in` at the term level (not the command level).

Note: This linter can be disabled with `set_option linter.unusedDecidableInType false`
warning: QICLean/Entropy/ConditionalMovement/DoubleCurve.lean:201:0: `one_copy_interpolation_fullrank` does not use the following hypothesis in its type:
  • [DecidableEq F] (#12)

Consider removing this hypothesis and using `classical` in the proof instead. For terms, consider using `open scoped Classical in` at the term level (not the command level).

Note: This linter can be disabled with `set_option linter.unusedDecidableInType false`
✔ [9764/9821] Built QICLean.Entropy.FilterPrefix (4.9s)
⚠ [9773/9821] Built QICLean.Entropy.ConditionalMovement.SingularInterpolation (4.8s)
warning: QICLean/Entropy/ConditionalMovement/SingularInterpolation.lean:100:0: `one_copy_interpolation` does not use the following hypothesis in its type:
  • [DecidableEq F] (#12)

Consider removing this hypothesis and using `classical` in the proof instead. For terms, consider using `open scoped Classical in` at the term level (not the command level).

Note: This linter can be disabled with `set_option linter.unusedDecidableInType false`
warning: QICLean/Entropy/ConditionalMovement/SingularInterpolation.lean:157:0: `one_copy_move_schmidt` does not use the following hypothesis in its type:
  • [DecidableEq F] (#12)

Consider removing this hypothesis and using `classical` in the proof instead. For terms, consider using `open scoped Classical in` at the term level (not the command level).

Note: This linter can be disabled with `set_option linter.unusedDecidableInType false`
✔ [9776/9821] Built QICLean.Entropy.FilterZeroFloor (4.1s)
✔ [9777/9821] Built QICLean.Entropy.FilterPower (5.4s)
⚠ [9783/9821] Built QICLean.Entropy.ConditionalMovement.UnitaryCovariance (5.5s)
warning: QICLean/Entropy/ConditionalMovement/UnitaryCovariance.lean:49:2: `simp [reshuffle, Matrix.mul_apply, Matrix.kroneckerMap,
    Fintype.sum_prod_type, Matrix.one_apply, Finset.sum_mul]` is a flexible tactic modifying `⊢`. Try `simp?` and use the suggested `simp only [...]`. Alternatively, use `suffices` to explicitly state the simplified form.

Note: This linter can be disabled with `set_option linter.flexible false`
info: QICLean/Entropy/ConditionalMovement/UnitaryCovariance.lean:51:2: `rw [Finset.sum_comm]`
modifies the current goal, which was modified by the flexible tactic `simp` on line 49!
warning: QICLean/Entropy/ConditionalMovement/UnitaryCovariance.lean:49:2: `simp [reshuffle, Matrix.mul_apply, Matrix.kroneckerMap,
    Fintype.sum_prod_type, Matrix.one_apply, Finset.sum_mul]` is a flexible tactic modifying `⊢`. Try `simp?` and use the suggested `simp only [...]`. Alternatively, use `suffices` to explicitly state the simplified form.

Note: This linter can be disabled with `set_option linter.flexible false`
info: QICLean/Entropy/ConditionalMovement/UnitaryCovariance.lean:52:2: `apply Finset.sum_congr rfl`
modifies the current goal, which was modified by the flexible tactic `simp` on line 49!
warning: QICLean/Entropy/ConditionalMovement/UnitaryCovariance.lean:49:2: `simp [reshuffle, Matrix.mul_apply, Matrix.kroneckerMap,
    Fintype.sum_prod_type, Matrix.one_apply, Finset.sum_mul]` is a flexible tactic modifying `⊢`. Try `simp?` and use the suggested `simp only [...]`. Alternatively, use `suffices` to explicitly state the simplified form.

Note: This linter can be disabled with `set_option linter.flexible false`
info: QICLean/Entropy/ConditionalMovement/UnitaryCovariance.lean:53:2: `intro y' hy'`
modifies the current goal, which was modified by the flexible tactic `simp` on line 49!
warning: QICLean/Entropy/ConditionalMovement/UnitaryCovariance.lean:49:2: `simp [reshuffle, Matrix.mul_apply, Matrix.kroneckerMap,
    Fintype.sum_prod_type, Matrix.one_apply, Finset.sum_mul]` is a flexible tactic modifying `⊢`. Try `simp?` and use the suggested `simp only [...]`. Alternatively, use `suffices` to explicitly state the simplified form.

Note: This linter can be disabled with `set_option linter.flexible false`
info: QICLean/Entropy/ConditionalMovement/UnitaryCovariance.lean:54:2: `apply Finset.sum_congr rfl`
modifies the current goal, which was modified by the flexible tactic `simp` on line 49!
warning: QICLean/Entropy/ConditionalMovement/UnitaryCovariance.lean:49:2: `simp [reshuffle, Matrix.mul_apply, Matrix.kroneckerMap,
    Fintype.sum_prod_type, Matrix.one_apply, Finset.sum_mul]` is a flexible tactic modifying `⊢`. Try `simp?` and use the suggested `simp only [...]`. Alternatively, use `suffices` to explicitly state the simplified form.

Note: This linter can be disabled with `set_option linter.flexible false`
info: QICLean/Entropy/ConditionalMovement/UnitaryCovariance.lean:55:2: `intro p' hp'`
modifies the current goal, which was modified by the flexible tactic `simp` on line 49!
warning: QICLean/Entropy/ConditionalMovement/UnitaryCovariance.lean:348:0: `one_copy_move_cfc` does not use the following hypothesis in its type:
  • [DecidableEq F] (#12)

Consider removing this hypothesis and using `classical` in the proof instead. For terms, consider using `open scoped Classical in` at the term level (not the command level).

Note: This linter can be disabled with `set_option linter.unusedDecidableInType false`
✔ [9786/9821] Built QICLean.Entropy.BufferDiscount (4.9s)
✔ [9787/9821] Built QICLean.Entropy.ConditionalMovement (4.4s)
⚠ [9802/9821] Built QICLean.Entropy.ConditionalMovementEstimate (5.2s)
warning: QICLean/Entropy/ConditionalMovementEstimate.lean:158:0: `movementMarginalXU_posSemidef` does not use the following hypotheses in its type:
  • [Fintype X] (#5)
  • [Fintype U] (#6)

Consider replacing these hypotheses with the corresponding instances of `Finite` and using `Fintype.ofFinite` in the proof, or removing them entirely.

Note: This linter can be disabled with `set_option linter.unusedFintypeInType false`
warning: QICLean/Entropy/ConditionalMovementEstimate.lean:163:0: `movementMarginalXP_posSemidef` does not use the following hypotheses in its type:
  • [Fintype X] (#5)
  • [Fintype P] (#7)

Consider replacing these hypotheses with the corresponding instances of `Finite` and using `Fintype.ofFinite` in the proof, or removing them entirely.

Note: This linter can be disabled with `set_option linter.unusedFintypeInType false`
✔ [9814/9821] Built QICLean.Channel (22s)
✔ [9815/9821] Built QICLean.Analysis (7.3s)
✔ [9819/9821] Built QICLean.Entropy (6.0s)
✔ [9820/9821] Built QICLean (8.8s)
Build completed successfully (9821 jobs).
